[0;33m> data/1-leg-bish-knight.txt[0m

[37m[1m	     a   b   c   d   e   f   g   h  
	   ┌───┬───┬───┬───┬───┬───┬───┬───┐
	8  │ ♜ │ ♞ │ ♝ │ ♛ │ ♚ │ ♝ │ ♞ │ ♜ │
	   ├───┼───┼───┼───┼───┼───┼───┼───┤
	7  │ ♟ │ ♟ │ ♟ │ ♟ │ ♟ │ ♟ │ ♟ │ ♟ │
	   ├───┼───┼───┼───┼───┼───┼───┼───┤
	6  │   │   │   │   │   │   │   │   │
	   ├───┼───┼───┼───┼───┼───┼───┼───┤
	5  │   │   │   │   │   │   │   │   │
	   ├───┼───┼───┼───┼───┼───┼───┼───┤
	4  │   │   │   │   │   │   │   │   │
	   ├───┼───┼───┼───┼───┼───┼───┼───┤
	3  │   │   │   │   │   │   │   │   │
	   ├───┼───┼───┼───┼───┼───┼───┼───┤
	2  │ ♙ │ ♙ │ ♙ │ ♙ │ ♙ │ ♙ │ ♙ │ ♙ │
	   ├───┼───┼───┼───┼───┼───┼───┼───┤
	1  │ ♖ │ ♘ │ ♗ │ ♕ │ ♔ │ ♗ │ ♘ │ ♖ │
	   └───┴───┴───┴───┴───┴───┴───┴───┘
	     a   b   c   d   e   f   g   h  


[34m[1mAux blancs de jouer.
[37m[1m🕹️  Entrez votre coup: [33m[0m
✅ Mouvement e2e4 effectué.
[0m
[37m[1m	     a   b   c   d   e   f   g   h  
	   ┌───┬───┬───┬───┬───┬───┬───┬───┐
	8  │ ♜ │ ♞ │ ♝ │ ♛ │ ♚ │ ♝ │ ♞ │ ♜ │
	   ├───┼───┼───┼───┼───┼───┼───┼───┤
	7  │ ♟ │ ♟ │ ♟ │ ♟ │ ♟ │ ♟ │ ♟ │ ♟ │
	   ├───┼───┼───┼───┼───┼───┼───┼───┤
	6  │   │   │   │   │   │   │   │   │
	   ├───┼───┼───┼───┼───┼───┼───┼───┤
	5  │   │   │   │   │   │   │   │   │
	   ├───┼───┼───┼───┼───┼───┼───┼───┤
	4  │   │   │   │   │ ♙ │   │   │   │
	   ├───┼───┼───┼───┼───┼───┼───┼───┤
	3  │   │   │   │   │   │   │   │   │
	   ├───┼───┼───┼───┼───┼───┼───┼───┤
	2  │ ♙ │ ♙ │ ♙ │ ♙ │   │ ♙ │ ♙ │ ♙ │
	   ├───┼───┼───┼───┼───┼───┼───┼───┤
	1  │ ♖ │ ♘ │ ♗ │ ♕ │ ♔ │ ♗ │ ♘ │ ♖ │
	   └───┴───┴───┴───┴───┴───┴───┴───┘
	     a   b   c   d   e   f   g   h  


[34m[1mAux noirs de jouer.
[37m[1m🕹️  Entrez votre coup: [33m[0m
✅ Mouvement e7e5 effectué.
[0m
[37m[1m	     a   b   c   d   e   f   g   h  
	   ┌───┬───┬───┬───┬───┬───┬───┬───┐
	8  │ ♜ │ ♞ │ ♝ │ ♛ │ ♚ │ ♝ │ ♞ │ ♜ │
	   ├───┼───┼───┼───┼───┼───┼───┼───┤
	7  │ ♟ │ ♟ │ ♟ │ ♟ │   │ ♟ │ ♟ │ ♟ │
	   ├───┼───┼───┼───┼───┼───┼───┼───┤
	6  │   │   │   │   │   │   │   │   │
	   ├───┼───┼───┼───┼───┼───┼───┼───┤
	5  │   │   │   │   │ ♟ │   │   │   │
	   ├───┼───┼───┼───┼───┼───┼───┼───┤
	4  │   │   │   │   │ ♙ │   │   │   │
	   ├───┼───┼───┼───┼───┼───┼───┼───┤
	3  │   │   │   │   │   │   │   │   │
	   ├───┼───┼───┼───┼───┼───┼───┼───┤
	2  │ ♙ │ ♙ │ ♙ │ ♙ │   │ ♙ │ ♙ │ ♙ │
	   ├───┼───┼───┼───┼───┼───┼───┼───┤
	1  │ ♖ │ ♘ │ ♗ │ ♕ │ ♔ │ ♗ │ ♘ │ ♖ │
	   └───┴───┴───┴───┴───┴───┴───┴───┘
	     a   b   c   d   e   f   g   h  


[34m[1mAux blancs de jouer.
[37m[1m🕹️  Entrez votre coup: [33m[0m
✅ Mouvement g1f3 effectué.
[0m
[37m[1m	     a   b   c   d   e   f   g   h  
	   ┌───┬───┬───┬───┬───┬───┬───┬───┐
	8  │ ♜ │ ♞ │ ♝ │ ♛ │ ♚ │ ♝ │ ♞ │ ♜ │
	   ├───┼───┼───┼───┼───┼───┼───┼───┤
	7  │ ♟ │ ♟ │ ♟ │ ♟ │   │ ♟ │ ♟ │ ♟ │
	   ├───┼───┼───┼───┼───┼───┼───┼───┤
	6  │   │   │   │   │   │   │   │   │
	   ├───┼───┼───┼───┼───┼───┼───┼───┤
	5  │   │   │   │   │ ♟ │   │   │   │
	   ├───┼───┼───┼───┼───┼───┼───┼───┤
	4  │   │   │   │   │ ♙ │   │   │   │
	   ├───┼───┼───┼───┼───┼───┼───┼───┤
	3  │   │   │   │   │   │ ♘ │   │   │
	   ├───┼───┼───┼───┼───┼───┼───┼───┤
	2  │ ♙ │ ♙ │ ♙ │ ♙ │   │ ♙ │ ♙ │ ♙ │
	   ├───┼───┼───┼───┼───┼───┼───┼───┤
	1  │ ♖ │ ♘ │ ♗ │ ♕ │ ♔ │ ♗ │   │ ♖ │
	   └───┴───┴───┴───┴───┴───┴───┴───┘
	     a   b   c   d   e   f   g   h  


[34m[1mAux noirs de jouer.
[37m[1m🕹️  Entrez votre coup: [33m[0m
✅ Mouvement b8c6 effectué.
[0m
[37m[1m	     a   b   c   d   e   f   g   h  
	   ┌───┬───┬───┬───┬───┬───┬───┬───┐
	8  │ ♜ │   │ ♝ │ ♛ │ ♚ │ ♝ │ ♞ │ ♜ │
	   ├───┼───┼───┼───┼───┼───┼───┼───┤
	7  │ ♟ │ ♟ │ ♟ │ ♟ │   │ ♟ │ ♟ │ ♟ │
	   ├───┼───┼───┼───┼───┼───┼───┼───┤
	6  │   │   │ ♞ │   │   │   │   │   │
	   ├───┼───┼───┼───┼───┼───┼───┼───┤
	5  │   │   │   │   │ ♟ │   │   │   │
	   ├───┼───┼───┼───┼───┼───┼───┼───┤
	4  │   │   │   │   │ ♙ │   │   │   │
	   ├───┼───┼───┼───┼───┼───┼───┼───┤
	3  │   │   │   │   │   │ ♘ │   │   │
	   ├───┼───┼───┼───┼───┼───┼───┼───┤
	2  │ ♙ │ ♙ │ ♙ │ ♙ │   │ ♙ │ ♙ │ ♙ │
	   ├───┼───┼───┼───┼───┼───┼───┼───┤
	1  │ ♖ │ ♘ │ ♗ │ ♕ │ ♔ │ ♗ │   │ ♖ │
	   └───┴───┴───┴───┴───┴───┴───┴───┘
	     a   b   c   d   e   f   g   h  


[34m[1mAux blancs de jouer.
[37m[1m🕹️  Entrez votre coup: [33m[0m
✅ Mouvement d2d3 effectué.
[0m
[37m[1m	     a   b   c   d   e   f   g   h  
	   ┌───┬───┬───┬───┬───┬───┬───┬───┐
	8  │ ♜ │   │ ♝ │ ♛ │ ♚ │ ♝ │ ♞ │ ♜ │
	   ├───┼───┼───┼───┼───┼───┼───┼───┤
	7  │ ♟ │ ♟ │ ♟ │ ♟ │   │ ♟ │ ♟ │ ♟ │
	   ├───┼───┼───┼───┼───┼───┼───┼───┤
	6  │   │   │ ♞ │   │   │   │   │   │
	   ├───┼───┼───┼───┼───┼───┼───┼───┤
	5  │   │   │   │   │ ♟ │   │   │   │
	   ├───┼───┼───┼───┼───┼───┼───┼───┤
	4  │   │   │   │   │ ♙ │   │   │   │
	   ├───┼───┼───┼───┼───┼───┼───┼───┤
	3  │   │   │   │ ♙ │   │ ♘ │   │   │
	   ├───┼───┼───┼───┼───┼───┼───┼───┤
	2  │ ♙ │ ♙ │ ♙ │   │   │ ♙ │ ♙ │ ♙ │
	   ├───┼───┼───┼───┼───┼───┼───┼───┤
	1  │ ♖ │ ♘ │ ♗ │ ♕ │ ♔ │ ♗ │   │ ♖ │
	   └───┴───┴───┴───┴───┴───┴───┴───┘
	     a   b   c   d   e   f   g   h  


[34m[1mAux noirs de jouer.
[37m[1m🕹️  Entrez votre coup: [33m[0m
✅ Mouvement g8f6 effectué.
[0m
[37m[1m	     a   b   c   d   e   f   g   h  
	   ┌───┬───┬───┬───┬───┬───┬───┬───┐
	8  │ ♜ │   │ ♝ │ ♛ │ ♚ │ ♝ │   │ ♜ │
	   ├───┼───┼───┼───┼───┼───┼───┼───┤
	7  │ ♟ │ ♟ │ ♟ │ ♟ │   │ ♟ │ ♟ │ ♟ │
	   ├───┼───┼───┼───┼───┼───┼───┼───┤
	6  │   │   │ ♞ │   │   │ ♞ │   │   │
	   ├───┼───┼───┼───┼───┼───┼───┼───┤
	5  │   │   │   │   │ ♟ │   │   │   │
	   ├───┼───┼───┼───┼───┼───┼───┼───┤
	4  │   │   │   │   │ ♙ │   │   │   │
	   ├───┼───┼───┼───┼───┼───┼───┼───┤
	3  │   │   │   │ ♙ │   │ ♘ │   │   │
	   ├───┼───┼───┼───┼───┼───┼───┼───┤
	2  │ ♙ │ ♙ │ ♙ │   │   │ ♙ │ ♙ │ ♙ │
	   ├───┼───┼───┼───┼───┼───┼───┼───┤
	1  │ ♖ │ ♘ │ ♗ │ ♕ │ ♔ │ ♗ │   │ ♖ │
	   └───┴───┴───┴───┴───┴───┴───┴───┘
	     a   b   c   d   e   f   g   h  


[34m[1mAux blancs de jouer.
[37m[1m🕹️  Entrez votre coup: [33m[0m
✅ Mouvement c1g5 effectué.
[0m
[37m[1m	     a   b   c   d   e   f   g   h  
	   ┌───┬───┬───┬───┬───┬───┬───┬───┐
	8  │ ♜ │   │ ♝ │ ♛ │ ♚ │ ♝ │   │ ♜ │
	   ├───┼───┼───┼───┼───┼───┼───┼───┤
	7  │ ♟ │ ♟ │ ♟ │ ♟ │   │ ♟ │ ♟ │ ♟ │
	   ├───┼───┼───┼───┼───┼───┼───┼───┤
	6  │   │   │ ♞ │   │   │ ♞ │   │   │
	   ├───┼───┼───┼───┼───┼───┼───┼───┤
	5  │   │   │   │   │ ♟ │   │ ♗ │   │
	   ├───┼───┼───┼───┼───┼───┼───┼───┤
	4  │   │   │   │   │ ♙ │   │   │   │
	   ├───┼───┼───┼───┼───┼───┼───┼───┤
	3  │   │   │   │ ♙ │   │ ♘ │   │   │
	   ├───┼───┼───┼───┼───┼───┼───┼───┤
	2  │ ♙ │ ♙ │ ♙ │   │   │ ♙ │ ♙ │ ♙ │
	   ├───┼───┼───┼───┼───┼───┼───┼───┤
	1  │ ♖ │ ♘ │   │ ♕ │ ♔ │ ♗ │   │ ♖ │
	   └───┴───┴───┴───┴───┴───┴───┴───┘
	     a   b   c   d   e   f   g   h  


[34m[1mAux noirs de jouer.
[37m[1m🕹️  Entrez votre coup: [33m[0m
✅ Mouvement f8e7 effectué.
[0m
[37m[1m	     a   b   c   d   e   f   g   h  
	   ┌───┬───┬───┬───┬───┬───┬───┬───┐
	8  │ ♜ │   │ ♝ │ ♛ │ ♚ │   │   │ ♜ │
	   ├───┼───┼───┼───┼───┼───┼───┼───┤
	7  │ ♟ │ ♟ │ ♟ │ ♟ │ ♝ │ ♟ │ ♟ │ ♟ │
	   ├───┼───┼───┼───┼───┼───┼───┼───┤
	6  │   │   │ ♞ │   │   │ ♞ │   │   │
	   ├───┼───┼───┼───┼───┼───┼───┼───┤
	5  │   │   │   │   │ ♟ │   │ ♗ │   │
	   ├───┼───┼───┼───┼───┼───┼───┼───┤
	4  │   │   │   │   │ ♙ │   │   │   │
	   ├───┼───┼───┼───┼───┼───┼───┼───┤
	3  │   │   │   │ ♙ │   │ ♘ │   │   │
	   ├───┼───┼───┼───┼───┼───┼───┼───┤
	2  │ ♙ │ ♙ │ ♙ │   │   │ ♙ │ ♙ │ ♙ │
	   ├───┼───┼───┼───┼───┼───┼───┼───┤
	1  │ ♖ │ ♘ │   │ ♕ │ ♔ │ ♗ │   │ ♖ │
	   └───┴───┴───┴───┴───┴───┴───┴───┘
	     a   b   c   d   e   f   g   h  


[34m[1mAux blancs de jouer.
[37m[1m🕹️  Entrez votre coup: [33m[0m
[1m[37m

		┌───────────────────┐
		│ 🚪 Quitter le jeu │
		└───────────────────┘

[0m[1m	👋 Merci d'avoir joué, à bientôt !

wR,wN,,wQ,wK,wB,,wR,wP,wP,wP,,,wP,wP,wP,,,,wP,,wN,,,,,,,wP,,,,,,,,bP,,wB,,,,bN,,,bN,,,bP,bP,bP,bP,bB,bP,bP,bP,bR,,bB,bQ,bK,,,bR, ?-?
  -> [0;32mreference position: OK[0m
  -> [0;32mreference result: OK[0m
  -> [0m(exit code=0)
[0;33m> data/1-leg-bishop-1.txt[0m

[37m[1m	     a   b   c   d   e   f   g   h  
	   ┌───┬───┬───┬───┬───┬───┬───┬───┐
	8  │ ♜ │ ♞ │ ♝ │ ♛ │ ♚ │ ♝ │ ♞ │ ♜ │
	   ├───┼───┼───┼───┼───┼───┼───┼───┤
	7  │ ♟ │ ♟ │ ♟ │ ♟ │ ♟ │ ♟ │ ♟ │ ♟ │
	   ├───┼───┼───┼───┼───┼───┼───┼───┤
	6  │   │   │   │   │   │   │   │   │
	   ├───┼───┼───┼───┼───┼───┼───┼───┤
	5  │   │   │   │   │   │   │   │   │
	   ├───┼───┼───┼───┼───┼───┼───┼───┤
	4  │   │   │   │   │   │   │   │   │
	   ├───┼───┼───┼───┼───┼───┼───┼───┤
	3  │   │   │   │   │   │   │   │   │
	   ├───┼───┼───┼───┼───┼───┼───┼───┤
	2  │ ♙ │ ♙ │ ♙ │ ♙ │ ♙ │ ♙ │ ♙ │ ♙ │
	   ├───┼───┼───┼───┼───┼───┼───┼───┤
	1  │ ♖ │ ♘ │ ♗ │ ♕ │ ♔ │ ♗ │ ♘ │ ♖ │
	   └───┴───┴───┴───┴───┴───┴───┴───┘
	     a   b   c   d   e   f   g   h  


[34m[1mAux blancs de jouer.
[37m[1m🕹️  Entrez votre coup: [33m[0m
✅ Mouvement d2d4 effectué.
[0m
[37m[1m	     a   b   c   d   e   f   g   h  
	   ┌───┬───┬───┬───┬───┬───┬───┬───┐
	8  │ ♜ │ ♞ │ ♝ │ ♛ │ ♚ │ ♝ │ ♞ │ ♜ │
	   ├───┼───┼───┼───┼───┼───┼───┼───┤
	7  │ ♟ │ ♟ │ ♟ │ ♟ │ ♟ │ ♟ │ ♟ │ ♟ │
	   ├───┼───┼───┼───┼───┼───┼───┼───┤
	6  │   │   │   │   │   │   │   │   │
	   ├───┼───┼───┼───┼───┼───┼───┼───┤
	5  │   │   │   │   │   │   │   │   │
	   ├───┼───┼───┼───┼───┼───┼───┼───┤
	4  │   │   │   │ ♙ │   │   │   │   │
	   ├───┼───┼───┼───┼───┼───┼───┼───┤
	3  │   │   │   │   │   │   │   │   │
	   ├───┼───┼───┼───┼───┼───┼───┼───┤
	2  │ ♙ │ ♙ │ ♙ │   │ ♙ │ ♙ │ ♙ │ ♙ │
	   ├───┼───┼───┼───┼───┼───┼───┼───┤
	1  │ ♖ │ ♘ │ ♗ │ ♕ │ ♔ │ ♗ │ ♘ │ ♖ │
	   └───┴───┴───┴───┴───┴───┴───┴───┘
	     a   b   c   d   e   f   g   h  


[34m[1mAux noirs de jouer.
[37m[1m🕹️  Entrez votre coup: [33m[0m
✅ Mouvement d7d5 effectué.
[0m
[37m[1m	     a   b   c   d   e   f   g   h  
	   ┌───┬───┬───┬───┬───┬───┬───┬───┐
	8  │ ♜ │ ♞ │ ♝ │ ♛ │ ♚ │ ♝ │ ♞ │ ♜ │
	   ├───┼───┼───┼───┼───┼───┼───┼───┤
	7  │ ♟ │ ♟ │ ♟ │   │ ♟ │ ♟ │ ♟ │ ♟ │
	   ├───┼───┼───┼───┼───┼───┼───┼───┤
	6  │   │   │   │   │   │   │   │   │
	   ├───┼───┼───┼───┼───┼───┼───┼───┤
	5  │   │   │   │ ♟ │   │   │   │   │
	   ├───┼───┼───┼───┼───┼───┼───┼───┤
	4  │   │   │   │ ♙ │   │   │   │   │
	   ├───┼───┼───┼───┼───┼───┼───┼───┤
	3  │   │   │   │   │   │   │   │   │
	   ├───┼───┼───┼───┼───┼───┼───┼───┤
	2  │ ♙ │ ♙ │ ♙ │   │ ♙ │ ♙ │ ♙ │ ♙ │
	   ├───┼───┼───┼───┼───┼───┼───┼───┤
	1  │ ♖ │ ♘ │ ♗ │ ♕ │ ♔ │ ♗ │ ♘ │ ♖ │
	   └───┴───┴───┴───┴───┴───┴───┴───┘
	     a   b   c   d   e   f   g   h  


[34m[1mAux blancs de jouer.
[37m[1m🕹️  Entrez votre coup: [33m[0m
✅ Mouvement c1g5 effectué.
[0m
[37m[1m	     a   b   c   d   e   f   g   h  
	   ┌───┬───┬───┬───┬───┬───┬───┬───┐
	8  │ ♜ │ ♞ │ ♝ │ ♛ │ ♚ │ ♝ │ ♞ │ ♜ │
	   ├───┼───┼───┼───┼───┼───┼───┼───┤
	7  │ ♟ │ ♟ │ ♟ │   │ ♟ │ ♟ │ ♟ │ ♟ │
	   ├───┼───┼───┼───┼───┼───┼───┼───┤
	6  │   │   │   │   │   │   │   │   │
	   ├───┼───┼───┼───┼───┼───┼───┼───┤
	5  │   │   │   │ ♟ │   │   │ ♗ │   │
	   ├───┼───┼───┼───┼───┼───┼───┼───┤
	4  │   │   │   │ ♙ │   │   │   │   │
	   ├───┼───┼───┼───┼───┼───┼───┼───┤
	3  │   │   │   │   │   │   │   │   │
	   ├───┼───┼───┼───┼───┼───┼───┼───┤
	2  │ ♙ │ ♙ │ ♙ │   │ ♙ │ ♙ │ ♙ │ ♙ │
	   ├───┼───┼───┼───┼───┼───┼───┼───┤
	1  │ ♖ │ ♘ │   │ ♕ │ ♔ │ ♗ │ ♘ │ ♖ │
	   └───┴───┴───┴───┴───┴───┴───┴───┘
	     a   b   c   d   e   f   g   h  


[34m[1mAux noirs de jouer.
[37m[1m🕹️  Entrez votre coup: [33m[0m
✅ Mouvement g8f6 effectué.
[0m
[37m[1m	     a   b   c   d   e   f   g   h  
	   ┌───┬───┬───┬───┬───┬───┬───┬───┐
	8  │ ♜ │ ♞ │ ♝ │ ♛ │ ♚ │ ♝ │   │ ♜ │
	   ├───┼───┼───┼───┼───┼───┼───┼───┤
	7  │ ♟ │ ♟ │ ♟ │   │ ♟ │ ♟ │ ♟ │ ♟ │
	   ├───┼───┼───┼───┼───┼───┼───┼───┤
	6  │   │   │   │   │   │ ♞ │   │   │
	   ├───┼───┼───┼───┼───┼───┼───┼───┤
	5  │   │   │   │ ♟ │   │   │ ♗ │   │
	   ├───┼───┼───┼───┼───┼───┼───┼───┤
	4  │   │   │   │ ♙ │   │   │   │   │
	   ├───┼───┼───┼───┼───┼───┼───┼───┤
	3  │   │   │   │   │   │   │   │   │
	   ├───┼───┼───┼───┼───┼───┼───┼───┤
	2  │ ♙ │ ♙ │ ♙ │   │ ♙ │ ♙ │ ♙ │ ♙ │
	   ├───┼───┼───┼───┼───┼───┼───┼───┤
	1  │ ♖ │ ♘ │   │ ♕ │ ♔ │ ♗ │ ♘ │ ♖ │
	   └───┴───┴───┴───┴───┴───┴───┴───┘
	     a   b   c   d   e   f   g   h  


[34m[1mAux blancs de jouer.
[37m[1m🕹️  Entrez votre coup: [33m[0m
✅ Mouvement g5f6 effectué.
[0m
[37m[1m	     a   b   c   d   e   f   g   h  
	   ┌───┬───┬───┬───┬───┬───┬───┬───┐
	8  │ ♜ │ ♞ │ ♝ │ ♛ │ ♚ │ ♝ │   │ ♜ │
	   ├───┼───┼───┼───┼───┼───┼───┼───┤
	7  │ ♟ │ ♟ │ ♟ │   │ ♟ │ ♟ │ ♟ │ ♟ │
	   ├───┼───┼───┼───┼───┼───┼───┼───┤
	6  │   │   │   │   │   │ ♗ │   │   │
	   ├───┼───┼───┼───┼───┼───┼───┼───┤
	5  │   │   │   │ ♟ │   │   │   │   │
	   ├───┼───┼───┼───┼───┼───┼───┼───┤
	4  │   │   │   │ ♙ │   │   │   │   │
	   ├───┼───┼───┼───┼───┼───┼───┼───┤
	3  │   │   │   │   │   │   │   │   │
	   ├───┼───┼───┼───┼───┼───┼───┼───┤
	2  │ ♙ │ ♙ │ ♙ │   │ ♙ │ ♙ │ ♙ │ ♙ │
	   ├───┼───┼───┼───┼───┼───┼───┼───┤
	1  │ ♖ │ ♘ │   │ ♕ │ ♔ │ ♗ │ ♘ │ ♖ │
	   └───┴───┴───┴───┴───┴───┴───┴───┘
	     a   b   c   d   e   f   g   h  


[34m[1mAux noirs de jouer.
[37m[1m🕹️  Entrez votre coup: [33m[0m
✅ Mouvement g7f6 effectué.
[0m
[37m[1m	     a   b   c   d   e   f   g   h  
	   ┌───┬───┬───┬───┬───┬───┬───┬───┐
	8  │ ♜ │ ♞ │ ♝ │ ♛ │ ♚ │ ♝ │   │ ♜ │
	   ├───┼───┼───┼───┼───┼───┼───┼───┤
	7  │ ♟ │ ♟ │ ♟ │   │ ♟ │ ♟ │   │ ♟ │
	   ├───┼───┼───┼───┼───┼───┼───┼───┤
	6  │   │   │   │   │   │ ♟ │   │   │
	   ├───┼───┼───┼───┼───┼───┼───┼───┤
	5  │   │   │   │ ♟ │   │   │   │   │
	   ├───┼───┼───┼───┼───┼───┼───┼───┤
	4  │   │   │   │ ♙ │   │   │   │   │
	   ├───┼───┼───┼───┼───┼───┼───┼───┤
	3  │   │   │   │   │   │   │   │   │
	   ├───┼───┼───┼───┼───┼───┼───┼───┤
	2  │ ♙ │ ♙ │ ♙ │   │ ♙ │ ♙ │ ♙ │ ♙ │
	   ├───┼───┼───┼───┼───┼───┼───┼───┤
	1  │ ♖ │ ♘ │   │ ♕ │ ♔ │ ♗ │ ♘ │ ♖ │
	   └───┴───┴───┴───┴───┴───┴───┴───┘
	     a   b   c   d   e   f   g   h  


[34m[1mAux blancs de jouer.
[37m[1m🕹️  Entrez votre coup: [33m[0m
✅ Mouvement e2e3 effectué.
[0m
[37m[1m	     a   b   c   d   e   f   g   h  
	   ┌───┬───┬───┬───┬───┬───┬───┬───┐
	8  │ ♜ │ ♞ │ ♝ │ ♛ │ ♚ │ ♝ │   │ ♜ │
	   ├───┼───┼───┼───┼───┼───┼───┼───┤
	7  │ ♟ │ ♟ │ ♟ │   │ ♟ │ ♟ │   │ ♟ │
	   ├───┼───┼───┼───┼───┼───┼───┼───┤
	6  │   │   │   │   │   │ ♟ │   │   │
	   ├───┼───┼───┼───┼───┼───┼───┼───┤
	5  │   │   │   │ ♟ │   │   │   │   │
	   ├───┼───┼───┼───┼───┼───┼───┼───┤
	4  │   │   │   │ ♙ │   │   │   │   │
	   ├───┼───┼───┼───┼───┼───┼───┼───┤
	3  │   │   │   │   │ ♙ │   │   │   │
	   ├───┼───┼───┼───┼───┼───┼───┼───┤
	2  │ ♙ │ ♙ │ ♙ │   │   │ ♙ │ ♙ │ ♙ │
	   ├───┼───┼───┼───┼───┼───┼───┼───┤
	1  │ ♖ │ ♘ │   │ ♕ │ ♔ │ ♗ │ ♘ │ ♖ │
	   └───┴───┴───┴───┴───┴───┴───┴───┘
	     a   b   c   d   e   f   g   h  


[34m[1mAux noirs de jouer.
[37m[1m🕹️  Entrez votre coup: [33m[0m
✅ Mouvement f8h6 effectué.
[0m
[37m[1m	     a   b   c   d   e   f   g   h  
	   ┌───┬───┬───┬───┬───┬───┬───┬───┐
	8  │ ♜ │ ♞ │ ♝ │ ♛ │ ♚ │   │   │ ♜ │
	   ├───┼───┼───┼───┼───┼───┼───┼───┤
	7  │ ♟ │ ♟ │ ♟ │   │ ♟ │ ♟ │   │ ♟ │
	   ├───┼───┼───┼───┼───┼───┼───┼───┤
	6  │   │   │   │   │   │ ♟ │   │ ♝ │
	   ├───┼───┼───┼───┼───┼───┼───┼───┤
	5  │   │   │   │ ♟ │   │   │   │   │
	   ├───┼───┼───┼───┼───┼───┼───┼───┤
	4  │   │   │   │ ♙ │   │   │   │   │
	   ├───┼───┼───┼───┼───┼───┼───┼───┤
	3  │   │   │   │   │ ♙ │   │   │   │
	   ├───┼───┼───┼───┼───┼───┼───┼───┤
	2  │ ♙ │ ♙ │ ♙ │   │   │ ♙ │ ♙ │ ♙ │
	   ├───┼───┼───┼───┼───┼───┼───┼───┤
	1  │ ♖ │ ♘ │   │ ♕ │ ♔ │ ♗ │ ♘ │ ♖ │
	   └───┴───┴───┴───┴───┴───┴───┴───┘
	     a   b   c   d   e   f   g   h  


[34m[1mAux blancs de jouer.
[37m[1m🕹️  Entrez votre coup: [33m[0m
✅ Mouvement f1e2 effectué.
[0m
[37m[1m	     a   b   c   d   e   f   g   h  
	   ┌───┬───┬───┬───┬───┬───┬───┬───┐
	8  │ ♜ │ ♞ │ ♝ │ ♛ │ ♚ │   │   │ ♜ │
	   ├───┼───┼───┼───┼───┼───┼───┼───┤
	7  │ ♟ │ ♟ │ ♟ │   │ ♟ │ ♟ │   │ ♟ │
	   ├───┼───┼───┼───┼───┼───┼───┼───┤
	6  │   │   │   │   │   │ ♟ │   │ ♝ │
	   ├───┼───┼───┼───┼───┼───┼───┼───┤
	5  │   │   │   │ ♟ │   │   │   │   │
	   ├───┼───┼───┼───┼───┼───┼───┼───┤
	4  │   │   │   │ ♙ │   │   │   │   │
	   ├───┼───┼───┼───┼───┼───┼───┼───┤
	3  │   │   │   │   │ ♙ │   │   │   │
	   ├───┼───┼───┼───┼───┼───┼───┼───┤
	2  │ ♙ │ ♙ │ ♙ │   │ ♗ │ ♙ │ ♙ │ ♙ │
	   ├───┼───┼───┼───┼───┼───┼───┼───┤
	1  │ ♖ │ ♘ │   │ ♕ │ ♔ │   │ ♘ │ ♖ │
	   └───┴───┴───┴───┴───┴───┴───┴───┘
	     a   b   c   d   e   f   g   h  


[34m[1mAux noirs de jouer.
[37m[1m🕹️  Entrez votre coup: [33m[0m
✅ Mouvement c8d7 effectué.
[0m
[37m[1m	     a   b   c   d   e   f   g   h  
	   ┌───┬───┬───┬───┬───┬───┬───┬───┐
	8  │ ♜ │ ♞ │   │ ♛ │ ♚ │   │   │ ♜ │
	   ├───┼───┼───┼───┼───┼───┼───┼───┤
	7  │ ♟ │ ♟ │ ♟ │ ♝ │ ♟ │ ♟ │   │ ♟ │
	   ├───┼───┼───┼───┼───┼───┼───┼───┤
	6  │   │   │   │   │   │ ♟ │   │ ♝ │
	   ├───┼───┼───┼───┼───┼───┼───┼───┤
	5  │   │   │   │ ♟ │   │   │   │   │
	   ├───┼───┼───┼───┼───┼───┼───┼───┤
	4  │   │   │   │ ♙ │   │   │   │   │
	   ├───┼───┼───┼───┼───┼───┼───┼───┤
	3  │   │   │   │   │ ♙ │   │   │   │
	   ├───┼───┼───┼───┼───┼───┼───┼───┤
	2  │ ♙ │ ♙ │ ♙ │   │ ♗ │ ♙ │ ♙ │ ♙ │
	   ├───┼───┼───┼───┼───┼───┼───┼───┤
	1  │ ♖ │ ♘ │   │ ♕ │ ♔ │   │ ♘ │ ♖ │
	   └───┴───┴───┴───┴───┴───┴───┴───┘
	     a   b   c   d   e   f   g   h  


[34m[1mAux blancs de jouer.
[37m[1m🕹️  Entrez votre coup: [33m[0m
[1m[37m

		┌───────────────────┐
		│ 🚪 Quitter le jeu │
		└───────────────────┘

[0m[1m	👋 Merci d'avoir joué, à bientôt !

wR,wN,,wQ,wK,,wN,wR,wP,wP,wP,,wB,wP,wP,wP,,,,,wP,,,,,,,wP,,,,,,,,bP,,,,,,,,,,bP,,bB,bP,bP,bP,bB,bP,bP,,bP,bR,bN,,bQ,bK,,,bR, ?-?
  -> [0;32mreference position: OK[0m
  -> [0;32mreference result: OK[0m
  -> [0m(exit code=0)
[0;33m> data/1-leg-knight-1.txt[0m

[37m[1m	     a   b   c   d   e   f   g   h  
	   ┌───┬───┬───┬───┬───┬───┬───┬───┐
	8  │ ♜ │ ♞ │ ♝ │ ♛ │ ♚ │ ♝ │ ♞ │ ♜ │
	   ├───┼───┼───┼───┼───┼───┼───┼───┤
	7  │ ♟ │ ♟ │ ♟ │ ♟ │ ♟ │ ♟ │ ♟ │ ♟ │
	   ├───┼───┼───┼───┼───┼───┼───┼───┤
	6  │   │   │   │   │   │   │   │   │
	   ├───┼───┼───┼───┼───┼───┼───┼───┤
	5  │   │   │   │   │   │   │   │   │
	   ├───┼───┼───┼───┼───┼───┼───┼───┤
	4  │   │   │   │   │   │   │   │   │
	   ├───┼───┼───┼───┼───┼───┼───┼───┤
	3  │   │   │   │   │   │   │   │   │
	   ├───┼───┼───┼───┼───┼───┼───┼───┤
	2  │ ♙ │ ♙ │ ♙ │ ♙ │ ♙ │ ♙ │ ♙ │ ♙ │
	   ├───┼───┼───┼───┼───┼───┼───┼───┤
	1  │ ♖ │ ♘ │ ♗ │ ♕ │ ♔ │ ♗ │ ♘ │ ♖ │
	   └───┴───┴───┴───┴───┴───┴───┴───┘
	     a   b   c   d   e   f   g   h  


[34m[1mAux blancs de jouer.
[37m[1m🕹️  Entrez votre coup: [33m[0m
✅ Mouvement b1c3 effectué.
[0m
[37m[1m	     a   b   c   d   e   f   g   h  
	   ┌───┬───┬───┬───┬───┬───┬───┬───┐
	8  │ ♜ │ ♞ │ ♝ │ ♛ │ ♚ │ ♝ │ ♞ │ ♜ │
	   ├───┼───┼───┼───┼───┼───┼───┼───┤
	7  │ ♟ │ ♟ │ ♟ │ ♟ │ ♟ │ ♟ │ ♟ │ ♟ │
	   ├───┼───┼───┼───┼───┼───┼───┼───┤
	6  │   │   │   │   │   │   │   │   │
	   ├───┼───┼───┼───┼───┼───┼───┼───┤
	5  │   │   │   │   │   │   │   │   │
	   ├───┼───┼───┼───┼───┼───┼───┼───┤
	4  │   │   │   │   │   │   │   │   │
	   ├───┼───┼───┼───┼───┼───┼───┼───┤
	3  │   │   │ ♘ │   │   │   │   │   │
	   ├───┼───┼───┼───┼───┼───┼───┼───┤
	2  │ ♙ │ ♙ │ ♙ │ ♙ │ ♙ │ ♙ │ ♙ │ ♙ │
	   ├───┼───┼───┼───┼───┼───┼───┼───┤
	1  │ ♖ │   │ ♗ │ ♕ │ ♔ │ ♗ │ ♘ │ ♖ │
	   └───┴───┴───┴───┴───┴───┴───┴───┘
	     a   b   c   d   e   f   g   h  


[34m[1mAux noirs de jouer.
[37m[1m🕹️  Entrez votre coup: [33m[0m
✅ Mouvement d7d5 effectué.
[0m
[37m[1m	     a   b   c   d   e   f   g   h  
	   ┌───┬───┬───┬───┬───┬───┬───┬───┐
	8  │ ♜ │ ♞ │ ♝ │ ♛ │ ♚ │ ♝ │ ♞ │ ♜ │
	   ├───┼───┼───┼───┼───┼───┼───┼───┤
	7  │ ♟ │ ♟ │ ♟ │   │ ♟ │ ♟ │ ♟ │ ♟ │
	   ├───┼───┼───┼───┼───┼───┼───┼───┤
	6  │   │   │   │   │   │   │   │   │
	   ├───┼───┼───┼───┼───┼───┼───┼───┤
	5  │   │   │   │ ♟ │   │   │   │   │
	   ├───┼───┼───┼───┼───┼───┼───┼───┤
	4  │   │   │   │   │   │   │   │   │
	   ├───┼───┼───┼───┼───┼───┼───┼───┤
	3  │   │   │ ♘ │   │   │   │   │   │
	   ├───┼───┼───┼───┼───┼───┼───┼───┤
	2  │ ♙ │ ♙ │ ♙ │ ♙ │ ♙ │ ♙ │ ♙ │ ♙ │
	   ├───┼───┼───┼───┼───┼───┼───┼───┤
	1  │ ♖ │   │ ♗ │ ♕ │ ♔ │ ♗ │ ♘ │ ♖ │
	   └───┴───┴───┴───┴───┴───┴───┴───┘
	     a   b   c   d   e   f   g   h  


[34m[1mAux blancs de jouer.
[37m[1m🕹️  Entrez votre coup: [33m[0m
✅ Mouvement c3d5 effectué.
[0m
[37m[1m	     a   b   c   d   e   f   g   h  
	   ┌───┬───┬───┬───┬───┬───┬───┬───┐
	8  │ ♜ │ ♞ │ ♝ │ ♛ │ ♚ │ ♝ │ ♞ │ ♜ │
	   ├───┼───┼───┼───┼───┼───┼───┼───┤
	7  │ ♟ │ ♟ │ ♟ │   │ ♟ │ ♟ │ ♟ │ ♟ │
	   ├───┼───┼───┼───┼───┼───┼───┼───┤
	6  │   │   │   │   │   │   │   │   │
	   ├───┼───┼───┼───┼───┼───┼───┼───┤
	5  │   │   │   │ ♘ │   │   │   │   │
	   ├───┼───┼───┼───┼───┼───┼───┼───┤
	4  │   │   │   │   │   │   │   │   │
	   ├───┼───┼───┼───┼───┼───┼───┼───┤
	3  │   │   │   │   │   │   │   │   │
	   ├───┼───┼───┼───┼───┼───┼───┼───┤
	2  │ ♙ │ ♙ │ ♙ │ ♙ │ ♙ │ ♙ │ ♙ │ ♙ │
	   ├───┼───┼───┼───┼───┼───┼───┼───┤
	1  │ ♖ │   │ ♗ │ ♕ │ ♔ │ ♗ │ ♘ │ ♖ │
	   └───┴───┴───┴───┴───┴───┴───┴───┘
	     a   b   c   d   e   f   g   h  


[34m[1mAux noirs de jouer.
[37m[1m🕹️  Entrez votre coup: [33m[0m
✅ Mouvement g8f6 effectué.
[0m
[37m[1m	     a   b   c   d   e   f   g   h  
	   ┌───┬───┬───┬───┬───┬───┬───┬───┐
	8  │ ♜ │ ♞ │ ♝ │ ♛ │ ♚ │ ♝ │   │ ♜ │
	   ├───┼───┼───┼───┼───┼───┼───┼───┤
	7  │ ♟ │ ♟ │ ♟ │   │ ♟ │ ♟ │ ♟ │ ♟ │
	   ├───┼───┼───┼───┼───┼───┼───┼───┤
	6  │   │   │   │   │   │ ♞ │   │   │
	   ├───┼───┼───┼───┼───┼───┼───┼───┤
	5  │   │   │   │ ♘ │   │   │   │   │
	   ├───┼───┼───┼───┼───┼───┼───┼───┤
	4  │   │   │   │   │   │   │   │   │
	   ├───┼───┼───┼───┼───┼───┼───┼───┤
	3  │   │   │   │   │   │   │   │   │
	   ├───┼───┼───┼───┼───┼───┼───┼───┤
	2  │ ♙ │ ♙ │ ♙ │ ♙ │ ♙ │ ♙ │ ♙ │ ♙ │
	   ├───┼───┼───┼───┼───┼───┼───┼───┤
	1  │ ♖ │   │ ♗ │ ♕ │ ♔ │ ♗ │ ♘ │ ♖ │
	   └───┴───┴───┴───┴───┴───┴───┴───┘
	     a   b   c   d   e   f   g   h  


[34m[1mAux blancs de jouer.
[37m[1m🕹️  Entrez votre coup: [33m[0m
✅ Mouvement g1f3 effectué.
[0m
[37m[1m	     a   b   c   d   e   f   g   h  
	   ┌───┬───┬───┬───┬───┬───┬───┬───┐
	8  │ ♜ │ ♞ │ ♝ │ ♛ │ ♚ │ ♝ │   │ ♜ │
	   ├───┼───┼───┼───┼───┼───┼───┼───┤
	7  │ ♟ │ ♟ │ ♟ │   │ ♟ │ ♟ │ ♟ │ ♟ │
	   ├───┼───┼───┼───┼───┼───┼───┼───┤
	6  │   │   │   │   │   │ ♞ │   │   │
	   ├───┼───┼───┼───┼───┼───┼───┼───┤
	5  │   │   │   │ ♘ │   │   │   │   │
	   ├───┼───┼───┼───┼───┼───┼───┼───┤
	4  │   │   │   │   │   │   │   │   │
	   ├───┼───┼───┼───┼───┼───┼───┼───┤
	3  │   │   │   │   │   │ ♘ │   │   │
	   ├───┼───┼───┼───┼───┼───┼───┼───┤
	2  │ ♙ │ ♙ │ ♙ │ ♙ │ ♙ │ ♙ │ ♙ │ ♙ │
	   ├───┼───┼───┼───┼───┼───┼───┼───┤
	1  │ ♖ │   │ ♗ │ ♕ │ ♔ │ ♗ │   │ ♖ │
	   └───┴───┴───┴───┴───┴───┴───┴───┘
	     a   b   c   d   e   f   g   h  


[34m[1mAux noirs de jouer.
[37m[1m🕹️  Entrez votre coup: [33m[0m
✅ Mouvement b8c6 effectué.
[0m
[37m[1m	     a   b   c   d   e   f   g   h  
	   ┌───┬───┬───┬───┬───┬───┬───┬───┐
	8  │ ♜ │   │ ♝ │ ♛ │ ♚ │ ♝ │   │ ♜ │
	   ├───┼───┼───┼───┼───┼───┼───┼───┤
	7  │ ♟ │ ♟ │ ♟ │   │ ♟ │ ♟ │ ♟ │ ♟ │
	   ├───┼───┼───┼───┼───┼───┼───┼───┤
	6  │   │   │ ♞ │   │   │ ♞ │   │   │
	   ├───┼───┼───┼───┼───┼───┼───┼───┤
	5  │   │   │   │ ♘ │   │   │   │   │
	   ├───┼───┼───┼───┼───┼───┼───┼───┤
	4  │   │   │   │   │   │   │   │   │
	   ├───┼───┼───┼───┼───┼───┼───┼───┤
	3  │   │   │   │   │   │ ♘ │   │   │
	   ├───┼───┼───┼───┼───┼───┼───┼───┤
	2  │ ♙ │ ♙ │ ♙ │ ♙ │ ♙ │ ♙ │ ♙ │ ♙ │
	   ├───┼───┼───┼───┼───┼───┼───┼───┤
	1  │ ♖ │   │ ♗ │ ♕ │ ♔ │ ♗ │   │ ♖ │
	   └───┴───┴───┴───┴───┴───┴───┴───┘
	     a   b   c   d   e   f   g   h  


[34m[1mAux blancs de jouer.
[37m[1m🕹️  Entrez votre coup: [33m[0m
✅ Mouvement d5f6 effectué.
[0m[31m[1m👑 Ce mouvement met le roi noir en échec.
[0m
[37m[1m	     a   b   c   d   e   f   g   h  
	   ┌───┬───┬───┬───┬───┬───┬───┬───┐
	8  │ ♜ │   │ ♝ │ ♛ │ ♚ │ ♝ │   │ ♜ │
	   ├───┼───┼───┼───┼───┼───┼───┼───┤
	7  │ ♟ │ ♟ │ ♟ │   │ ♟ │ ♟ │ ♟ │ ♟ │
	   ├───┼───┼───┼───┼───┼───┼───┼───┤
	6  │   │   │ ♞ │   │   │ ♘ │   │   │
	   ├───┼───┼───┼───┼───┼───┼───┼───┤
	5  │   │   │   │   │   │   │   │   │
	   ├───┼───┼───┼───┼───┼───┼───┼───┤
	4  │   │   │   │   │   │   │   │   │
	   ├───┼───┼───┼───┼───┼───┼───┼───┤
	3  │   │   │   │   │   │ ♘ │   │   │
	   ├───┼───┼───┼───┼───┼───┼───┼───┤
	2  │ ♙ │ ♙ │ ♙ │ ♙ │ ♙ │ ♙ │ ♙ │ ♙ │
	   ├───┼───┼───┼───┼───┼───┼───┼───┤
	1  │ ♖ │   │ ♗ │ ♕ │ ♔ │ ♗ │   │ ♖ │
	   └───┴───┴───┴───┴───┴───┴───┴───┘
	     a   b   c   d   e   f   g   h  


[34m[1mAux noirs de jouer.
[37m[1m🕹️  Entrez votre coup: [33m[0m
✅ Mouvement e7f6 effectué.
[0m
[37m[1m	     a   b   c   d   e   f   g   h  
	   ┌───┬───┬───┬───┬───┬───┬───┬───┐
	8  │ ♜ │   │ ♝ │ ♛ │ ♚ │ ♝ │   │ ♜ │
	   ├───┼───┼───┼───┼───┼───┼───┼───┤
	7  │ ♟ │ ♟ │ ♟ │   │   │ ♟ │ ♟ │ ♟ │
	   ├───┼───┼───┼───┼───┼───┼───┼───┤
	6  │   │   │ ♞ │   │   │ ♟ │   │   │
	   ├───┼───┼───┼───┼───┼───┼───┼───┤
	5  │   │   │   │   │   │   │   │   │
	   ├───┼───┼───┼───┼───┼───┼───┼───┤
	4  │   │   │   │   │   │   │   │   │
	   ├───┼───┼───┼───┼───┼───┼───┼───┤
	3  │   │   │   │   │   │ ♘ │   │   │
	   ├───┼───┼───┼───┼───┼───┼───┼───┤
	2  │ ♙ │ ♙ │ ♙ │ ♙ │ ♙ │ ♙ │ ♙ │ ♙ │
	   ├───┼───┼───┼───┼───┼───┼───┼───┤
	1  │ ♖ │   │ ♗ │ ♕ │ ♔ │ ♗ │   │ ♖ │
	   └───┴───┴───┴───┴───┴───┴───┴───┘
	     a   b   c   d   e   f   g   h  


[34m[1mAux blancs de jouer.
[37m[1m🕹️  Entrez votre coup: [33m[0m
✅ Mouvement e2e4 effectué.
[0m
[37m[1m	     a   b   c   d   e   f   g   h  
	   ┌───┬───┬───┬───┬───┬───┬───┬───┐
	8  │ ♜ │   │ ♝ │ ♛ │ ♚ │ ♝ │   │ ♜ │
	   ├───┼───┼───┼───┼───┼───┼───┼───┤
	7  │ ♟ │ ♟ │ ♟ │   │   │ ♟ │ ♟ │ ♟ │
	   ├───┼───┼───┼───┼───┼───┼───┼───┤
	6  │   │   │ ♞ │   │   │ ♟ │   │   │
	   ├───┼───┼───┼───┼───┼───┼───┼───┤
	5  │   │   │   │   │   │   │   │   │
	   ├───┼───┼───┼───┼───┼───┼───┼───┤
	4  │   │   │   │   │ ♙ │   │   │   │
	   ├───┼───┼───┼───┼───┼───┼───┼───┤
	3  │   │   │   │   │   │ ♘ │   │   │
	   ├───┼───┼───┼───┼───┼───┼───┼───┤
	2  │ ♙ │ ♙ │ ♙ │ ♙ │   │ ♙ │ ♙ │ ♙ │
	   ├───┼───┼───┼───┼───┼───┼───┼───┤
	1  │ ♖ │   │ ♗ │ ♕ │ ♔ │ ♗ │   │ ♖ │
	   └───┴───┴───┴───┴───┴───┴───┴───┘
	     a   b   c   d   e   f   g   h  


[34m[1mAux noirs de jouer.
[37m[1m🕹️  Entrez votre coup: [33m[0m
[1m[37m

		┌───────────────────┐
		│ 🚪 Quitter le jeu │
		└───────────────────┘

[0m[1m	👋 Merci d'avoir joué, à bientôt !

wR,,wB,wQ,wK,wB,,wR,wP,wP,wP,wP,,wP,wP,wP,,,,,,wN,,,,,,,wP,,,,,,,,,,,,,,bN,,,bP,,,bP,bP,bP,,,bP,bP,bP,bR,,bB,bQ,bK,bB,,bR, ?-?
  -> [0;32mreference position: OK[0m
  -> [0;32mreference result: OK[0m
  -> [0m(exit code=0)
[0;33m> data/1-leg-obstacle.txt[0m

[37m[1m	     a   b   c   d   e   f   g   h  
	   ┌───┬───┬───┬───┬───┬───┬───┬───┐
	8  │ ♜ │ ♞ │ ♝ │ ♛ │ ♚ │ ♝ │ ♞ │ ♜ │
	   ├───┼───┼───┼───┼───┼───┼───┼───┤
	7  │ ♟ │ ♟ │ ♟ │ ♟ │ ♟ │ ♟ │ ♟ │ ♟ │
	   ├───┼───┼───┼───┼───┼───┼───┼───┤
	6  │   │   │   │   │   │   │   │   │
	   ├───┼───┼───┼───┼───┼───┼───┼───┤
	5  │   │   │   │   │   │   │   │   │
	   ├───┼───┼───┼───┼───┼───┼───┼───┤
	4  │   │   │   │   │   │   │   │   │
	   ├───┼───┼───┼───┼───┼───┼───┼───┤
	3  │   │   │   │   │   │   │   │   │
	   ├───┼───┼───┼───┼───┼───┼───┼───┤
	2  │ ♙ │ ♙ │ ♙ │ ♙ │ ♙ │ ♙ │ ♙ │ ♙ │
	   ├───┼───┼───┼───┼───┼───┼───┼───┤
	1  │ ♖ │ ♘ │ ♗ │ ♕ │ ♔ │ ♗ │ ♘ │ ♖ │
	   └───┴───┴───┴───┴───┴───┴───┴───┘
	     a   b   c   d   e   f   g   h  


[34m[1mAux blancs de jouer.
[37m[1m🕹️  Entrez votre coup: [33m[0m
✅ Mouvement e2e3 effectué.
[0m
[37m[1m	     a   b   c   d   e   f   g   h  
	   ┌───┬───┬───┬───┬───┬───┬───┬───┐
	8  │ ♜ │ ♞ │ ♝ │ ♛ │ ♚ │ ♝ │ ♞ │ ♜ │
	   ├───┼───┼───┼───┼───┼───┼───┼───┤
	7  │ ♟ │ ♟ │ ♟ │ ♟ │ ♟ │ ♟ │ ♟ │ ♟ │
	   ├───┼───┼───┼───┼───┼───┼───┼───┤
	6  │   │   │   │   │   │   │   │   │
	   ├───┼───┼───┼───┼───┼───┼───┼───┤
	5  │   │   │   │   │   │   │   │   │
	   ├───┼───┼───┼───┼───┼───┼───┼───┤
	4  │   │   │   │   │   │   │   │   │
	   ├───┼───┼───┼───┼───┼───┼───┼───┤
	3  │   │   │   │   │ ♙ │   │   │   │
	   ├───┼───┼───┼───┼───┼───┼───┼───┤
	2  │ ♙ │ ♙ │ ♙ │ ♙ │   │ ♙ │ ♙ │ ♙ │
	   ├───┼───┼───┼───┼───┼───┼───┼───┤
	1  │ ♖ │ ♘ │ ♗ │ ♕ │ ♔ │ ♗ │ ♘ │ ♖ │
	   └───┴───┴───┴───┴───┴───┴───┴───┘
	     a   b   c   d   e   f   g   h  


[34m[1mAux noirs de jouer.
[37m[1m🕹️  Entrez votre coup: [33m[0m
✅ Mouvement d7d5 effectué.
[0m
[37m[1m	     a   b   c   d   e   f   g   h  
	   ┌───┬───┬───┬───┬───┬───┬───┬───┐
	8  │ ♜ │ ♞ │ ♝ │ ♛ │ ♚ │ ♝ │ ♞ │ ♜ │
	   ├───┼───┼───┼───┼───┼───┼───┼───┤
	7  │ ♟ │ ♟ │ ♟ │   │ ♟ │ ♟ │ ♟ │ ♟ │
	   ├───┼───┼───┼───┼───┼───┼───┼───┤
	6  │   │   │   │   │   │   │   │   │
	   ├───┼───┼───┼───┼───┼───┼───┼───┤
	5  │   │   │   │ ♟ │   │   │   │   │
	   ├───┼───┼───┼───┼───┼───┼───┼───┤
	4  │   │   │   │   │   │   │   │   │
	   ├───┼───┼───┼───┼───┼───┼───┼───┤
	3  │   │   │   │   │ ♙ │   │   │   │
	   ├───┼───┼───┼───┼───┼───┼───┼───┤
	2  │ ♙ │ ♙ │ ♙ │ ♙ │   │ ♙ │ ♙ │ ♙ │
	   ├───┼───┼───┼───┼───┼───┼───┼───┤
	1  │ ♖ │ ♘ │ ♗ │ ♕ │ ♔ │ ♗ │ ♘ │ ♖ │
	   └───┴───┴───┴───┴───┴───┴───┴───┘
	     a   b   c   d   e   f   g   h  


[34m[1mAux blancs de jouer.
[37m[1m🕹️  Entrez votre coup: [33m[0m
✅ Mouvement g1f3 effectué.
[0m
[37m[1m	     a   b   c   d   e   f   g   h  
	   ┌───┬───┬───┬───┬───┬───┬───┬───┐
	8  │ ♜ │ ♞ │ ♝ │ ♛ │ ♚ │ ♝ │ ♞ │ ♜ │
	   ├───┼───┼───┼───┼───┼───┼───┼───┤
	7  │ ♟ │ ♟ │ ♟ │   │ ♟ │ ♟ │ ♟ │ ♟ │
	   ├───┼───┼───┼───┼───┼───┼───┼───┤
	6  │   │   │   │   │   │   │   │   │
	   ├───┼───┼───┼───┼───┼───┼───┼───┤
	5  │   │   │   │ ♟ │   │   │   │   │
	   ├───┼───┼───┼───┼───┼───┼───┼───┤
	4  │   │   │   │   │   │   │   │   │
	   ├───┼───┼───┼───┼───┼───┼───┼───┤
	3  │   │   │   │   │ ♙ │ ♘ │   │   │
	   ├───┼───┼───┼───┼───┼───┼───┼───┤
	2  │ ♙ │ ♙ │ ♙ │ ♙ │   │ ♙ │ ♙ │ ♙ │
	   ├───┼───┼───┼───┼───┼───┼───┼───┤
	1  │ ♖ │ ♘ │ ♗ │ ♕ │ ♔ │ ♗ │   │ ♖ │
	   └───┴───┴───┴───┴───┴───┴───┴───┘
	     a   b   c   d   e   f   g   h  


[34m[1mAux noirs de jouer.
[37m[1m🕹️  Entrez votre coup: [33m[0m
✅ Mouvement g8f6 effectué.
[0m
[37m[1m	     a   b   c   d   e   f   g   h  
	   ┌───┬───┬───┬───┬───┬───┬───┬───┐
	8  │ ♜ │ ♞ │ ♝ │ ♛ │ ♚ │ ♝ │   │ ♜ │
	   ├───┼───┼───┼───┼───┼───┼───┼───┤
	7  │ ♟ │ ♟ │ ♟ │   │ ♟ │ ♟ │ ♟ │ ♟ │
	   ├───┼───┼───┼───┼───┼───┼───┼───┤
	6  │   │   │   │   │   │ ♞ │   │   │
	   ├───┼───┼───┼───┼───┼───┼───┼───┤
	5  │   │   │   │ ♟ │   │   │   │   │
	   ├───┼───┼───┼───┼───┼───┼───┼───┤
	4  │   │   │   │   │   │   │   │   │
	   ├───┼───┼───┼───┼───┼───┼───┼───┤
	3  │   │   │   │   │ ♙ │ ♘ │   │   │
	   ├───┼───┼───┼───┼───┼───┼───┼───┤
	2  │ ♙ │ ♙ │ ♙ │ ♙ │   │ ♙ │ ♙ │ ♙ │
	   ├───┼───┼───┼───┼───┼───┼───┼───┤
	1  │ ♖ │ ♘ │ ♗ │ ♕ │ ♔ │ ♗ │   │ ♖ │
	   └───┴───┴───┴───┴───┴───┴───┴───┘
	     a   b   c   d   e   f   g   h  


[34m[1mAux blancs de jouer.
[37m[1m🕹️  Entrez votre coup: [33m[0m
[1m[37m

		┌───────────────────┐
		│ 🚪 Quitter le jeu │
		└───────────────────┘

[0m[1m	👋 Merci d'avoir joué, à bientôt !

wR,wN,wB,wQ,wK,wB,,wR,wP,wP,wP,wP,,wP,wP,wP,,,,,wP,wN,,,,,,,,,,,,,,bP,,,,,,,,,,bN,,,bP,bP,bP,,bP,bP,bP,bP,bR,bN,bB,bQ,bK,bB,,bR, ?-?
  -> [0;32mreference position: OK[0m
  -> [0;32mreference result: OK[0m
  -> [0m(exit code=0)
[0;33m> data/1-leg-pawn-1.txt[0m

[37m[1m	     a   b   c   d   e   f   g   h  
	   ┌───┬───┬───┬───┬───┬───┬───┬───┐
	8  │ ♜ │ ♞ │ ♝ │ ♛ │ ♚ │ ♝ │ ♞ │ ♜ │
	   ├───┼───┼───┼───┼───┼───┼───┼───┤
	7  │ ♟ │ ♟ │ ♟ │ ♟ │ ♟ │ ♟ │ ♟ │ ♟ │
	   ├───┼───┼───┼───┼───┼───┼───┼───┤
	6  │   │   │   │   │   │   │   │   │
	   ├───┼───┼───┼───┼───┼───┼───┼───┤
	5  │   │   │   │   │   │   │   │   │
	   ├───┼───┼───┼───┼───┼───┼───┼───┤
	4  │   │   │   │   │   │   │   │   │
	   ├───┼───┼───┼───┼───┼───┼───┼───┤
	3  │   │   │   │   │   │   │   │   │
	   ├───┼───┼───┼───┼───┼───┼───┼───┤
	2  │ ♙ │ ♙ │ ♙ │ ♙ │ ♙ │ ♙ │ ♙ │ ♙ │
	   ├───┼───┼───┼───┼───┼───┼───┼───┤
	1  │ ♖ │ ♘ │ ♗ │ ♕ │ ♔ │ ♗ │ ♘ │ ♖ │
	   └───┴───┴───┴───┴───┴───┴───┴───┘
	     a   b   c   d   e   f   g   h  


[34m[1mAux blancs de jouer.
[37m[1m🕹️  Entrez votre coup: [33m[0m
✅ Mouvement e2e4 effectué.
[0m
[37m[1m	     a   b   c   d   e   f   g   h  
	   ┌───┬───┬───┬───┬───┬───┬───┬───┐
	8  │ ♜ │ ♞ │ ♝ │ ♛ │ ♚ │ ♝ │ ♞ │ ♜ │
	   ├───┼───┼───┼───┼───┼───┼───┼───┤
	7  │ ♟ │ ♟ │ ♟ │ ♟ │ ♟ │ ♟ │ ♟ │ ♟ │
	   ├───┼───┼───┼───┼───┼───┼───┼───┤
	6  │   │   │   │   │   │   │   │   │
	   ├───┼───┼───┼───┼───┼───┼───┼───┤
	5  │   │   │   │   │   │   │   │   │
	   ├───┼───┼───┼───┼───┼───┼───┼───┤
	4  │   │   │   │   │ ♙ │   │   │   │
	   ├───┼───┼───┼───┼───┼───┼───┼───┤
	3  │   │   │   │   │   │   │   │   │
	   ├───┼───┼───┼───┼───┼───┼───┼───┤
	2  │ ♙ │ ♙ │ ♙ │ ♙ │   │ ♙ │ ♙ │ ♙ │
	   ├───┼───┼───┼───┼───┼───┼───┼───┤
	1  │ ♖ │ ♘ │ ♗ │ ♕ │ ♔ │ ♗ │ ♘ │ ♖ │
	   └───┴───┴───┴───┴───┴───┴───┴───┘
	     a   b   c   d   e   f   g   h  


[34m[1mAux noirs de jouer.
[37m[1m🕹️  Entrez votre coup: [33m[0m
✅ Mouvement e7e5 effectué.
[0m
[37m[1m	     a   b   c   d   e   f   g   h  
	   ┌───┬───┬───┬───┬───┬───┬───┬───┐
	8  │ ♜ │ ♞ │ ♝ │ ♛ │ ♚ │ ♝ │ ♞ │ ♜ │
	   ├───┼───┼───┼───┼───┼───┼───┼───┤
	7  │ ♟ │ ♟ │ ♟ │ ♟ │   │ ♟ │ ♟ │ ♟ │
	   ├───┼───┼───┼───┼───┼───┼───┼───┤
	6  │   │   │   │   │   │   │   │   │
	   ├───┼───┼───┼───┼───┼───┼───┼───┤
	5  │   │   │   │   │ ♟ │   │   │   │
	   ├───┼───┼───┼───┼───┼───┼───┼───┤
	4  │   │   │   │   │ ♙ │   │   │   │
	   ├───┼───┼───┼───┼───┼───┼───┼───┤
	3  │   │   │   │   │   │   │   │   │
	   ├───┼───┼───┼───┼───┼───┼───┼───┤
	2  │ ♙ │ ♙ │ ♙ │ ♙ │   │ ♙ │ ♙ │ ♙ │
	   ├───┼───┼───┼───┼───┼───┼───┼───┤
	1  │ ♖ │ ♘ │ ♗ │ ♕ │ ♔ │ ♗ │ ♘ │ ♖ │
	   └───┴───┴───┴───┴───┴───┴───┴───┘
	     a   b   c   d   e   f   g   h  


[34m[1mAux blancs de jouer.
[37m[1m🕹️  Entrez votre coup: [33m[0m
✅ Mouvement d2d4 effectué.
[0m
[37m[1m	     a   b   c   d   e   f   g   h  
	   ┌───┬───┬───┬───┬───┬───┬───┬───┐
	8  │ ♜ │ ♞ │ ♝ │ ♛ │ ♚ │ ♝ │ ♞ │ ♜ │
	   ├───┼───┼───┼───┼───┼───┼───┼───┤
	7  │ ♟ │ ♟ │ ♟ │ ♟ │   │ ♟ │ ♟ │ ♟ │
	   ├───┼───┼───┼───┼───┼───┼───┼───┤
	6  │   │   │   │   │   │   │   │   │
	   ├───┼───┼───┼───┼───┼───┼───┼───┤
	5  │   │   │   │   │ ♟ │   │   │   │
	   ├───┼───┼───┼───┼───┼───┼───┼───┤
	4  │   │   │   │ ♙ │ ♙ │   │   │   │
	   ├───┼───┼───┼───┼───┼───┼───┼───┤
	3  │   │   │   │   │   │   │   │   │
	   ├───┼───┼───┼───┼───┼───┼───┼───┤
	2  │ ♙ │ ♙ │ ♙ │   │   │ ♙ │ ♙ │ ♙ │
	   ├───┼───┼───┼───┼───┼───┼───┼───┤
	1  │ ♖ │ ♘ │ ♗ │ ♕ │ ♔ │ ♗ │ ♘ │ ♖ │
	   └───┴───┴───┴───┴───┴───┴───┴───┘
	     a   b   c   d   e   f   g   h  


[34m[1mAux noirs de jouer.
[37m[1m🕹️  Entrez votre coup: [33m[0m
✅ Mouvement e5d4 effectué.
[0m
[37m[1m	     a   b   c   d   e   f   g   h  
	   ┌───┬───┬───┬───┬───┬───┬───┬───┐
	8  │ ♜ │ ♞ │ ♝ │ ♛ │ ♚ │ ♝ │ ♞ │ ♜ │
	   ├───┼───┼───┼───┼───┼───┼───┼───┤
	7  │ ♟ │ ♟ │ ♟ │ ♟ │   │ ♟ │ ♟ │ ♟ │
	   ├───┼───┼───┼───┼───┼───┼───┼───┤
	6  │   │   │   │   │   │   │   │   │
	   ├───┼───┼───┼───┼───┼───┼───┼───┤
	5  │   │   │   │   │   │   │   │   │
	   ├───┼───┼───┼───┼───┼───┼───┼───┤
	4  │   │   │   │ ♟ │ ♙ │   │   │   │
	   ├───┼───┼───┼───┼───┼───┼───┼───┤
	3  │   │   │   │   │   │   │   │   │
	   ├───┼───┼───┼───┼───┼───┼───┼───┤
	2  │ ♙ │ ♙ │ ♙ │   │   │ ♙ │ ♙ │ ♙ │
	   ├───┼───┼───┼───┼───┼───┼───┼───┤
	1  │ ♖ │ ♘ │ ♗ │ ♕ │ ♔ │ ♗ │ ♘ │ ♖ │
	   └───┴───┴───┴───┴───┴───┴───┴───┘
	     a   b   c   d   e   f   g   h  


[34m[1mAux blancs de jouer.
[37m[1m🕹️  Entrez votre coup: [33m[0m
✅ Mouvement f2f3 effectué.
[0m
[37m[1m	     a   b   c   d   e   f   g   h  
	   ┌───┬───┬───┬───┬───┬───┬───┬───┐
	8  │ ♜ │ ♞ │ ♝ │ ♛ │ ♚ │ ♝ │ ♞ │ ♜ │
	   ├───┼───┼───┼───┼───┼───┼───┼───┤
	7  │ ♟ │ ♟ │ ♟ │ ♟ │   │ ♟ │ ♟ │ ♟ │
	   ├───┼───┼───┼───┼───┼───┼───┼───┤
	6  │   │   │   │   │   │   │   │   │
	   ├───┼───┼───┼───┼───┼───┼───┼───┤
	5  │   │   │   │   │   │   │   │   │
	   ├───┼───┼───┼───┼───┼───┼───┼───┤
	4  │   │   │   │ ♟ │ ♙ │   │   │   │
	   ├───┼───┼───┼───┼───┼───┼───┼───┤
	3  │   │   │   │   │   │ ♙ │   │   │
	   ├───┼───┼───┼───┼───┼───┼───┼───┤
	2  │ ♙ │ ♙ │ ♙ │   │   │   │ ♙ │ ♙ │
	   ├───┼───┼───┼───┼───┼───┼───┼───┤
	1  │ ♖ │ ♘ │ ♗ │ ♕ │ ♔ │ ♗ │ ♘ │ ♖ │
	   └───┴───┴───┴───┴───┴───┴───┴───┘
	     a   b   c   d   e   f   g   h  


[34m[1mAux noirs de jouer.
[37m[1m🕹️  Entrez votre coup: [33m[0m
✅ Mouvement d4d3 effectué.
[0m
[37m[1m	     a   b   c   d   e   f   g   h  
	   ┌───┬───┬───┬───┬───┬───┬───┬───┐
	8  │ ♜ │ ♞ │ ♝ │ ♛ │ ♚ │ ♝ │ ♞ │ ♜ │
	   ├───┼───┼───┼───┼───┼───┼───┼───┤
	7  │ ♟ │ ♟ │ ♟ │ ♟ │   │ ♟ │ ♟ │ ♟ │
	   ├───┼───┼───┼───┼───┼───┼───┼───┤
	6  │   │   │   │   │   │   │   │   │
	   ├───┼───┼───┼───┼───┼───┼───┼───┤
	5  │   │   │   │   │   │   │   │   │
	   ├───┼───┼───┼───┼───┼───┼───┼───┤
	4  │   │   │   │   │ ♙ │   │   │   │
	   ├───┼───┼───┼───┼───┼───┼───┼───┤
	3  │   │   │   │ ♟ │   │ ♙ │   │   │
	   ├───┼───┼───┼───┼───┼───┼───┼───┤
	2  │ ♙ │ ♙ │ ♙ │   │   │   │ ♙ │ ♙ │
	   ├───┼───┼───┼───┼───┼───┼───┼───┤
	1  │ ♖ │ ♘ │ ♗ │ ♕ │ ♔ │ ♗ │ ♘ │ ♖ │
	   └───┴───┴───┴───┴───┴───┴───┴───┘
	     a   b   c   d   e   f   g   h  


[34m[1mAux blancs de jouer.
[37m[1m🕹️  Entrez votre coup: [33m[0m
✅ Mouvement c2d3 effectué.
[0m
[37m[1m	     a   b   c   d   e   f   g   h  
	   ┌───┬───┬───┬───┬───┬───┬───┬───┐
	8  │ ♜ │ ♞ │ ♝ │ ♛ │ ♚ │ ♝ │ ♞ │ ♜ │
	   ├───┼───┼───┼───┼───┼───┼───┼───┤
	7  │ ♟ │ ♟ │ ♟ │ ♟ │   │ ♟ │ ♟ │ ♟ │
	   ├───┼───┼───┼───┼───┼───┼───┼───┤
	6  │   │   │   │   │   │   │   │   │
	   ├───┼───┼───┼───┼───┼───┼───┼───┤
	5  │   │   │   │   │   │   │   │   │
	   ├───┼───┼───┼───┼───┼───┼───┼───┤
	4  │   │   │   │   │ ♙ │   │   │   │
	   ├───┼───┼───┼───┼───┼───┼───┼───┤
	3  │   │   │   │ ♙ │   │ ♙ │   │   │
	   ├───┼───┼───┼───┼───┼───┼───┼───┤
	2  │ ♙ │ ♙ │   │   │   │   │ ♙ │ ♙ │
	   ├───┼───┼───┼───┼───┼───┼───┼───┤
	1  │ ♖ │ ♘ │ ♗ │ ♕ │ ♔ │ ♗ │ ♘ │ ♖ │
	   └───┴───┴───┴───┴───┴───┴───┴───┘
	     a   b   c   d   e   f   g   h  


[34m[1mAux noirs de jouer.
[37m[1m🕹️  Entrez votre coup: [33m[0m
✅ Mouvement d7d5 effectué.
[0m
[37m[1m	     a   b   c   d   e   f   g   h  
	   ┌───┬───┬───┬───┬───┬───┬───┬───┐
	8  │ ♜ │ ♞ │ ♝ │ ♛ │ ♚ │ ♝ │ ♞ │ ♜ │
	   ├───┼───┼───┼───┼───┼───┼───┼───┤
	7  │ ♟ │ ♟ │ ♟ │   │   │ ♟ │ ♟ │ ♟ │
	   ├───┼───┼───┼───┼───┼───┼───┼───┤
	6  │   │   │   │   │   │   │   │   │
	   ├───┼───┼───┼───┼───┼───┼───┼───┤
	5  │   │   │   │ ♟ │   │   │   │   │
	   ├───┼───┼───┼───┼───┼───┼───┼───┤
	4  │   │   │   │   │ ♙ │   │   │   │
	   ├───┼───┼───┼───┼───┼───┼───┼───┤
	3  │   │   │   │ ♙ │   │ ♙ │   │   │
	   ├───┼───┼───┼───┼───┼───┼───┼───┤
	2  │ ♙ │ ♙ │   │   │   │   │ ♙ │ ♙ │
	   ├───┼───┼───┼───┼───┼───┼───┼───┤
	1  │ ♖ │ ♘ │ ♗ │ ♕ │ ♔ │ ♗ │ ♘ │ ♖ │
	   └───┴───┴───┴───┴───┴───┴───┴───┘
	     a   b   c   d   e   f   g   h  


[34m[1mAux blancs de jouer.
[37m[1m🕹️  Entrez votre coup: [33m[0m
✅ Mouvement e4e5 effectué.
[0m
[37m[1m	     a   b   c   d   e   f   g   h  
	   ┌───┬───┬───┬───┬───┬───┬───┬───┐
	8  │ ♜ │ ♞ │ ♝ │ ♛ │ ♚ │ ♝ │ ♞ │ ♜ │
	   ├───┼───┼───┼───┼───┼───┼───┼───┤
	7  │ ♟ │ ♟ │ ♟ │   │   │ ♟ │ ♟ │ ♟ │
	   ├───┼───┼───┼───┼───┼───┼───┼───┤
	6  │   │   │   │   │   │   │   │   │
	   ├───┼───┼───┼───┼───┼───┼───┼───┤
	5  │   │   │   │ ♟ │ ♙ │   │   │   │
	   ├───┼───┼───┼───┼───┼───┼───┼───┤
	4  │   │   │   │   │   │   │   │   │
	   ├───┼───┼───┼───┼───┼───┼───┼───┤
	3  │   │   │   │ ♙ │   │ ♙ │   │   │
	   ├───┼───┼───┼───┼───┼───┼───┼───┤
	2  │ ♙ │ ♙ │   │   │   │   │ ♙ │ ♙ │
	   ├───┼───┼───┼───┼───┼───┼───┼───┤
	1  │ ♖ │ ♘ │ ♗ │ ♕ │ ♔ │ ♗ │ ♘ │ ♖ │
	   └───┴───┴───┴───┴───┴───┴───┴───┘
	     a   b   c   d   e   f   g   h  


[34m[1mAux noirs de jouer.
[37m[1m🕹️  Entrez votre coup: [33m[0m
✅ Mouvement d5d4 effectué.
[0m
[37m[1m	     a   b   c   d   e   f   g   h  
	   ┌───┬───┬───┬───┬───┬───┬───┬───┐
	8  │ ♜ │ ♞ │ ♝ │ ♛ │ ♚ │ ♝ │ ♞ │ ♜ │
	   ├───┼───┼───┼───┼───┼───┼───┼───┤
	7  │ ♟ │ ♟ │ ♟ │   │   │ ♟ │ ♟ │ ♟ │
	   ├───┼───┼───┼───┼───┼───┼───┼───┤
	6  │   │   │   │   │   │   │   │   │
	   ├───┼───┼───┼───┼───┼───┼───┼───┤
	5  │   │   │   │   │ ♙ │   │   │   │
	   ├───┼───┼───┼───┼───┼───┼───┼───┤
	4  │   │   │   │ ♟ │   │   │   │   │
	   ├───┼───┼───┼───┼───┼───┼───┼───┤
	3  │   │   │   │ ♙ │   │ ♙ │   │   │
	   ├───┼───┼───┼───┼───┼───┼───┼───┤
	2  │ ♙ │ ♙ │   │   │   │   │ ♙ │ ♙ │
	   ├───┼───┼───┼───┼───┼───┼───┼───┤
	1  │ ♖ │ ♘ │ ♗ │ ♕ │ ♔ │ ♗ │ ♘ │ ♖ │
	   └───┴───┴───┴───┴───┴───┴───┴───┘
	     a   b   c   d   e   f   g   h  


[34m[1mAux blancs de jouer.
[37m[1m🕹️  Entrez votre coup: [33m[0m
[1m[37m

		┌───────────────────┐
		│ 🚪 Quitter le jeu │
		└───────────────────┘

[0m[1m	👋 Merci d'avoir joué, à bientôt !

wR,wN,wB,wQ,wK,wB,wN,wR,wP,wP,,,,,wP,wP,,,,wP,,wP,,,,,,bP,,,,,,,,,wP,,,,,,,,,,,,bP,bP,bP,,,bP,bP,bP,bR,bN,bB,bQ,bK,bB,bN,bR, ?-?
  -> [0;32mreference position: OK[0m
  -> [0;32mreference result: OK[0m
  -> [0m(exit code=0)
[0;33m> data/1-ill-bishop-1.txt[0m

[37m[1m	     a   b   c   d   e   f   g   h  
	   ┌───┬───┬───┬───┬───┬───┬───┬───┐
	8  │ ♜ │ ♞ │ ♝ │ ♛ │ ♚ │ ♝ │ ♞ │ ♜ │
	   ├───┼───┼───┼───┼───┼───┼───┼───┤
	7  │ ♟ │ ♟ │ ♟ │ ♟ │ ♟ │ ♟ │ ♟ │ ♟ │
	   ├───┼───┼───┼───┼───┼───┼───┼───┤
	6  │   │   │   │   │   │   │   │   │
	   ├───┼───┼───┼───┼───┼───┼───┼───┤
	5  │   │   │   │   │   │   │   │   │
	   ├───┼───┼───┼───┼───┼───┼───┼───┤
	4  │   │   │   │   │   │   │   │   │
	   ├───┼───┼───┼───┼───┼───┼───┼───┤
	3  │   │   │   │   │   │   │   │   │
	   ├───┼───┼───┼───┼───┼───┼───┼───┤
	2  │ ♙ │ ♙ │ ♙ │ ♙ │ ♙ │ ♙ │ ♙ │ ♙ │
	   ├───┼───┼───┼───┼───┼───┼───┼───┤
	1  │ ♖ │ ♘ │ ♗ │ ♕ │ ♔ │ ♗ │ ♘ │ ♖ │
	   └───┴───┴───┴───┴───┴───┴───┴───┘
	     a   b   c   d   e   f   g   h  


[34m[1mAux blancs de jouer.
[37m[1m🕹️  Entrez votre coup: [33m[0m
✅ Mouvement d2d4 effectué.
[0m
[37m[1m	     a   b   c   d   e   f   g   h  
	   ┌───┬───┬───┬───┬───┬───┬───┬───┐
	8  │ ♜ │ ♞ │ ♝ │ ♛ │ ♚ │ ♝ │ ♞ │ ♜ │
	   ├───┼───┼───┼───┼───┼───┼───┼───┤
	7  │ ♟ │ ♟ │ ♟ │ ♟ │ ♟ │ ♟ │ ♟ │ ♟ │
	   ├───┼───┼───┼───┼───┼───┼───┼───┤
	6  │   │   │   │   │   │   │   │   │
	   ├───┼───┼───┼───┼───┼───┼───┼───┤
	5  │   │   │   │   │   │   │   │   │
	   ├───┼───┼───┼───┼───┼───┼───┼───┤
	4  │   │   │   │ ♙ │   │   │   │   │
	   ├───┼───┼───┼───┼───┼───┼───┼───┤
	3  │   │   │   │   │   │   │   │   │
	   ├───┼───┼───┼───┼───┼───┼───┼───┤
	2  │ ♙ │ ♙ │ ♙ │   │ ♙ │ ♙ │ ♙ │ ♙ │
	   ├───┼───┼───┼───┼───┼───┼───┼───┤
	1  │ ♖ │ ♘ │ ♗ │ ♕ │ ♔ │ ♗ │ ♘ │ ♖ │
	   └───┴───┴───┴───┴───┴───┴───┴───┘
	     a   b   c   d   e   f   g   h  


[34m[1mAux noirs de jouer.
[37m[1m🕹️  Entrez votre coup: [33m[0m
✅ Mouvement d7d5 effectué.
[0m
[37m[1m	     a   b   c   d   e   f   g   h  
	   ┌───┬───┬───┬───┬───┬───┬───┬───┐
	8  │ ♜ │ ♞ │ ♝ │ ♛ │ ♚ │ ♝ │ ♞ │ ♜ │
	   ├───┼───┼───┼───┼───┼───┼───┼───┤
	7  │ ♟ │ ♟ │ ♟ │   │ ♟ │ ♟ │ ♟ │ ♟ │
	   ├───┼───┼───┼───┼───┼───┼───┼───┤
	6  │   │   │   │   │   │   │   │   │
	   ├───┼───┼───┼───┼───┼───┼───┼───┤
	5  │   │   │   │ ♟ │   │   │   │   │
	   ├───┼───┼───┼───┼───┼───┼───┼───┤
	4  │   │   │   │ ♙ │   │   │   │   │
	   ├───┼───┼───┼───┼───┼───┼───┼───┤
	3  │   │   │   │   │   │   │   │   │
	   ├───┼───┼───┼───┼───┼───┼───┼───┤
	2  │ ♙ │ ♙ │ ♙ │   │ ♙ │ ♙ │ ♙ │ ♙ │
	   ├───┼───┼───┼───┼───┼───┼───┼───┤
	1  │ ♖ │ ♘ │ ♗ │ ♕ │ ♔ │ ♗ │ ♘ │ ♖ │
	   └───┴───┴───┴───┴───┴───┴───┴───┘
	     a   b   c   d   e   f   g   h  


[34m[1mAux blancs de jouer.
[37m[1m🕹️  Entrez votre coup: [33m[0m
✅ Mouvement c1g5 effectué.
[0m
[37m[1m	     a   b   c   d   e   f   g   h  
	   ┌───┬───┬───┬───┬───┬───┬───┬───┐
	8  │ ♜ │ ♞ │ ♝ │ ♛ │ ♚ │ ♝ │ ♞ │ ♜ │
	   ├───┼───┼───┼───┼───┼───┼───┼───┤
	7  │ ♟ │ ♟ │ ♟ │   │ ♟ │ ♟ │ ♟ │ ♟ │
	   ├───┼───┼───┼───┼───┼───┼───┼───┤
	6  │   │   │   │   │   │   │   │   │
	   ├───┼───┼───┼───┼───┼───┼───┼───┤
	5  │   │   │   │ ♟ │   │   │ ♗ │   │
	   ├───┼───┼───┼───┼───┼───┼───┼───┤
	4  │   │   │   │ ♙ │   │   │   │   │
	   ├───┼───┼───┼───┼───┼───┼───┼───┤
	3  │   │   │   │   │   │   │   │   │
	   ├───┼───┼───┼───┼───┼───┼───┼───┤
	2  │ ♙ │ ♙ │ ♙ │   │ ♙ │ ♙ │ ♙ │ ♙ │
	   ├───┼───┼───┼───┼───┼───┼───┼───┤
	1  │ ♖ │ ♘ │   │ ♕ │ ♔ │ ♗ │ ♘ │ ♖ │
	   └───┴───┴───┴───┴───┴───┴───┴───┘
	     a   b   c   d   e   f   g   h  


[34m[1mAux noirs de jouer.
[37m[1m🕹️  Entrez votre coup: [33m[0m
[31m[1m🚫 Ce mouvement n'est pas valide.
[0m
[37m[1m	     a   b   c   d   e   f   g   h  
	   ┌───┬───┬───┬───┬───┬───┬───┬───┐
	8  │ ♜ │ ♞ │ ♝ │ ♛ │ ♚ │ ♝ │ ♞ │ ♜ │
	   ├───┼───┼───┼───┼───┼───┼───┼───┤
	7  │ ♟ │ ♟ │ ♟ │   │ ♟ │ ♟ │ ♟ │ ♟ │
	   ├───┼───┼───┼───┼───┼───┼───┼───┤
	6  │   │   │   │   │   │   │   │   │
	   ├───┼───┼───┼───┼───┼───┼───┼───┤
	5  │   │   │   │ ♟ │   │   │ ♗ │   │
	   ├───┼───┼───┼───┼───┼───┼───┼───┤
	4  │   │   │   │ ♙ │   │   │   │   │
	   ├───┼───┼───┼───┼───┼───┼───┼───┤
	3  │   │   │   │   │   │   │   │   │
	   ├───┼───┼───┼───┼───┼───┼───┼───┤
	2  │ ♙ │ ♙ │ ♙ │   │ ♙ │ ♙ │ ♙ │ ♙ │
	   ├───┼───┼───┼───┼───┼───┼───┼───┤
	1  │ ♖ │ ♘ │   │ ♕ │ ♔ │ ♗ │ ♘ │ ♖ │
	   └───┴───┴───┴───┴───┴───┴───┴───┘
	     a   b   c   d   e   f   g   h  


[34m[1mAux noirs de jouer.
[37m[1m🕹️  Entrez votre coup: [33m[0m
✅ Mouvement f7f6 effectué.
[0m
[37m[1m	     a   b   c   d   e   f   g   h  
	   ┌───┬───┬───┬───┬───┬───┬───┬───┐
	8  │ ♜ │ ♞ │ ♝ │ ♛ │ ♚ │ ♝ │ ♞ │ ♜ │
	   ├───┼───┼───┼───┼───┼───┼───┼───┤
	7  │ ♟ │ ♟ │ ♟ │   │ ♟ │   │ ♟ │ ♟ │
	   ├───┼───┼───┼───┼───┼───┼───┼───┤
	6  │   │   │   │   │   │ ♟ │   │   │
	   ├───┼───┼───┼───┼───┼───┼───┼───┤
	5  │   │   │   │ ♟ │   │   │ ♗ │   │
	   ├───┼───┼───┼───┼───┼───┼───┼───┤
	4  │   │   │   │ ♙ │   │   │   │   │
	   ├───┼───┼───┼───┼───┼───┼───┼───┤
	3  │   │   │   │   │   │   │   │   │
	   ├───┼───┼───┼───┼───┼───┼───┼───┤
	2  │ ♙ │ ♙ │ ♙ │   │ ♙ │ ♙ │ ♙ │ ♙ │
	   ├───┼───┼───┼───┼───┼───┼───┼───┤
	1  │ ♖ │ ♘ │   │ ♕ │ ♔ │ ♗ │ ♘ │ ♖ │
	   └───┴───┴───┴───┴───┴───┴───┴───┘
	     a   b   c   d   e   f   g   h  


[34m[1mAux blancs de jouer.
[37m[1m🕹️  Entrez votre coup: [33m[0m
[31m[1m🚫 Ce mouvement n'est pas valide.
[0m
[37m[1m	     a   b   c   d   e   f   g   h  
	   ┌───┬───┬───┬───┬───┬───┬───┬───┐
	8  │ ♜ │ ♞ │ ♝ │ ♛ │ ♚ │ ♝ │ ♞ │ ♜ │
	   ├───┼───┼───┼───┼───┼───┼───┼───┤
	7  │ ♟ │ ♟ │ ♟ │   │ ♟ │   │ ♟ │ ♟ │
	   ├───┼───┼───┼───┼───┼───┼───┼───┤
	6  │   │   │   │   │   │ ♟ │   │   │
	   ├───┼───┼───┼───┼───┼───┼───┼───┤
	5  │   │   │   │ ♟ │   │   │ ♗ │   │
	   ├───┼───┼───┼───┼───┼───┼───┼───┤
	4  │   │   │   │ ♙ │   │   │   │   │
	   ├───┼───┼───┼───┼───┼───┼───┼───┤
	3  │   │   │   │   │   │   │   │   │
	   ├───┼───┼───┼───┼───┼───┼───┼───┤
	2  │ ♙ │ ♙ │ ♙ │   │ ♙ │ ♙ │ ♙ │ ♙ │
	   ├───┼───┼───┼───┼───┼───┼───┼───┤
	1  │ ♖ │ ♘ │   │ ♕ │ ♔ │ ♗ │ ♘ │ ♖ │
	   └───┴───┴───┴───┴───┴───┴───┴───┘
	     a   b   c   d   e   f   g   h  


[34m[1mAux blancs de jouer.
[37m[1m🕹️  Entrez votre coup: [33m[0m
✅ Mouvement g5h4 effectué.
[0m
[37m[1m	     a   b   c   d   e   f   g   h  
	   ┌───┬───┬───┬───┬───┬───┬───┬───┐
	8  │ ♜ │ ♞ │ ♝ │ ♛ │ ♚ │ ♝ │ ♞ │ ♜ │
	   ├───┼───┼───┼───┼───┼───┼───┼───┤
	7  │ ♟ │ ♟ │ ♟ │   │ ♟ │   │ ♟ │ ♟ │
	   ├───┼───┼───┼───┼───┼───┼───┼───┤
	6  │   │   │   │   │   │ ♟ │   │   │
	   ├───┼───┼───┼───┼───┼───┼───┼───┤
	5  │   │   │   │ ♟ │   │   │   │   │
	   ├───┼───┼───┼───┼───┼───┼───┼───┤
	4  │   │   │   │ ♙ │   │   │   │ ♗ │
	   ├───┼───┼───┼───┼───┼───┼───┼───┤
	3  │   │   │   │   │   │   │   │   │
	   ├───┼───┼───┼───┼───┼───┼───┼───┤
	2  │ ♙ │ ♙ │ ♙ │   │ ♙ │ ♙ │ ♙ │ ♙ │
	   ├───┼───┼───┼───┼───┼───┼───┼───┤
	1  │ ♖ │ ♘ │   │ ♕ │ ♔ │ ♗ │ ♘ │ ♖ │
	   └───┴───┴───┴───┴───┴───┴───┴───┘
	     a   b   c   d   e   f   g   h  


[34m[1mAux noirs de jouer.
[37m[1m🕹️  Entrez votre coup: [33m[0m
[31m[1m🚫 Ce mouvement n'est pas valide.
[0m
[37m[1m	     a   b   c   d   e   f   g   h  
	   ┌───┬───┬───┬───┬───┬───┬───┬───┐
	8  │ ♜ │ ♞ │ ♝ │ ♛ │ ♚ │ ♝ │ ♞ │ ♜ │
	   ├───┼───┼───┼───┼───┼───┼───┼───┤
	7  │ ♟ │ ♟ │ ♟ │   │ ♟ │   │ ♟ │ ♟ │
	   ├───┼───┼───┼───┼───┼───┼───┼───┤
	6  │   │   │   │   │   │ ♟ │   │   │
	   ├───┼───┼───┼───┼───┼───┼───┼───┤
	5  │   │   │   │ ♟ │   │   │   │   │
	   ├───┼───┼───┼───┼───┼───┼───┼───┤
	4  │   │   │   │ ♙ │   │   │   │ ♗ │
	   ├───┼───┼───┼───┼───┼───┼───┼───┤
	3  │   │   │   │   │   │   │   │   │
	   ├───┼───┼───┼───┼───┼───┼───┼───┤
	2  │ ♙ │ ♙ │ ♙ │   │ ♙ │ ♙ │ ♙ │ ♙ │
	   ├───┼───┼───┼───┼───┼───┼───┼───┤
	1  │ ♖ │ ♘ │   │ ♕ │ ♔ │ ♗ │ ♘ │ ♖ │
	   └───┴───┴───┴───┴───┴───┴───┴───┘
	     a   b   c   d   e   f   g   h  


[34m[1mAux noirs de jouer.
[37m[1m🕹️  Entrez votre coup: [33m[0m
[31m[1m🚫 Ce mouvement n'est pas valide.
[0m
[37m[1m	     a   b   c   d   e   f   g   h  
	   ┌───┬───┬───┬───┬───┬───┬───┬───┐
	8  │ ♜ │ ♞ │ ♝ │ ♛ │ ♚ │ ♝ │ ♞ │ ♜ │
	   ├───┼───┼───┼───┼───┼───┼───┼───┤
	7  │ ♟ │ ♟ │ ♟ │   │ ♟ │   │ ♟ │ ♟ │
	   ├───┼───┼───┼───┼───┼───┼───┼───┤
	6  │   │   │   │   │   │ ♟ │   │   │
	   ├───┼───┼───┼───┼───┼───┼───┼───┤
	5  │   │   │   │ ♟ │   │   │   │   │
	   ├───┼───┼───┼───┼───┼───┼───┼───┤
	4  │   │   │   │ ♙ │   │   │   │ ♗ │
	   ├───┼───┼───┼───┼───┼───┼───┼───┤
	3  │   │   │   │   │   │   │   │   │
	   ├───┼───┼───┼───┼───┼───┼───┼───┤
	2  │ ♙ │ ♙ │ ♙ │   │ ♙ │ ♙ │ ♙ │ ♙ │
	   ├───┼───┼───┼───┼───┼───┼───┼───┤
	1  │ ♖ │ ♘ │   │ ♕ │ ♔ │ ♗ │ ♘ │ ♖ │
	   └───┴───┴───┴───┴───┴───┴───┴───┘
	     a   b   c   d   e   f   g   h  


[34m[1mAux noirs de jouer.
[37m[1m🕹️  Entrez votre coup: [33m[0m
✅ Mouvement c8f5 effectué.
[0m
[37m[1m	     a   b   c   d   e   f   g   h  
	   ┌───┬───┬───┬───┬───┬───┬───┬───┐
	8  │ ♜ │ ♞ │   │ ♛ │ ♚ │ ♝ │ ♞ │ ♜ │
	   ├───┼───┼───┼───┼───┼───┼───┼───┤
	7  │ ♟ │ ♟ │ ♟ │   │ ♟ │   │ ♟ │ ♟ │
	   ├───┼───┼───┼───┼───┼───┼───┼───┤
	6  │   │   │   │   │   │ ♟ │   │   │
	   ├───┼───┼───┼───┼───┼───┼───┼───┤
	5  │   │   │   │ ♟ │   │ ♝ │   │   │
	   ├───┼───┼───┼───┼───┼───┼───┼───┤
	4  │   │   │   │ ♙ │   │   │   │ ♗ │
	   ├───┼───┼───┼───┼───┼───┼───┼───┤
	3  │   │   │   │   │   │   │   │   │
	   ├───┼───┼───┼───┼───┼───┼───┼───┤
	2  │ ♙ │ ♙ │ ♙ │   │ ♙ │ ♙ │ ♙ │ ♙ │
	   ├───┼───┼───┼───┼───┼───┼───┼───┤
	1  │ ♖ │ ♘ │   │ ♕ │ ♔ │ ♗ │ ♘ │ ♖ │
	   └───┴───┴───┴───┴───┴───┴───┴───┘
	     a   b   c   d   e   f   g   h  


[34m[1mAux blancs de jouer.
[37m[1m🕹️  Entrez votre coup: [33m[0m
[1m[37m

		┌───────────────────┐
		│ 🚪 Quitter le jeu │
		└───────────────────┘

[0m[1m	👋 Merci d'avoir joué, à bientôt !

wR,wN,,wQ,wK,wB,wN,wR,wP,wP,wP,,wP,wP,wP,wP,,,,,,,,,,,,wP,,,,wB,,,,bP,,bB,,,,,,,,bP,,,bP,bP,bP,,bP,,bP,bP,bR,bN,,bQ,bK,bB,bN,bR, ?-?
  -> [0;32mreference position: OK[0m
  -> [0;32mreference result: OK[0m
  -> [0m(exit code=0)
[0;33m> data/1-ill-diagonal-obstacle.txt[0m

[37m[1m	     a   b   c   d   e   f   g   h  
	   ┌───┬───┬───┬───┬───┬───┬───┬───┐
	8  │ ♜ │ ♞ │ ♝ │ ♛ │ ♚ │ ♝ │ ♞ │ ♜ │
	   ├───┼───┼───┼───┼───┼───┼───┼───┤
	7  │ ♟ │ ♟ │ ♟ │ ♟ │ ♟ │ ♟ │ ♟ │ ♟ │
	   ├───┼───┼───┼───┼───┼───┼───┼───┤
	6  │   │   │   │   │   │   │   │   │
	   ├───┼───┼───┼───┼───┼───┼───┼───┤
	5  │   │   │   │   │   │   │   │   │
	   ├───┼───┼───┼───┼───┼───┼───┼───┤
	4  │   │   │   │   │   │   │   │   │
	   ├───┼───┼───┼───┼───┼───┼───┼───┤
	3  │   │   │   │   │   │   │   │   │
	   ├───┼───┼───┼───┼───┼───┼───┼───┤
	2  │ ♙ │ ♙ │ ♙ │ ♙ │ ♙ │ ♙ │ ♙ │ ♙ │
	   ├───┼───┼───┼───┼───┼───┼───┼───┤
	1  │ ♖ │ ♘ │ ♗ │ ♕ │ ♔ │ ♗ │ ♘ │ ♖ │
	   └───┴───┴───┴───┴───┴───┴───┴───┘
	     a   b   c   d   e   f   g   h  


[34m[1mAux blancs de jouer.
[37m[1m🕹️  Entrez votre coup: [33m[0m
[31m[1m🚫 Ce mouvement n'est pas valide.
[0m
[37m[1m	     a   b   c   d   e   f   g   h  
	   ┌───┬───┬───┬───┬───┬───┬───┬───┐
	8  │ ♜ │ ♞ │ ♝ │ ♛ │ ♚ │ ♝ │ ♞ │ ♜ │
	   ├───┼───┼───┼───┼───┼───┼───┼───┤
	7  │ ♟ │ ♟ │ ♟ │ ♟ │ ♟ │ ♟ │ ♟ │ ♟ │
	   ├───┼───┼───┼───┼───┼───┼───┼───┤
	6  │   │   │   │   │   │   │   │   │
	   ├───┼───┼───┼───┼───┼───┼───┼───┤
	5  │   │   │   │   │   │   │   │   │
	   ├───┼───┼───┼───┼───┼───┼───┼───┤
	4  │   │   │   │   │   │   │   │   │
	   ├───┼───┼───┼───┼───┼───┼───┼───┤
	3  │   │   │   │   │   │   │   │   │
	   ├───┼───┼───┼───┼───┼───┼───┼───┤
	2  │ ♙ │ ♙ │ ♙ │ ♙ │ ♙ │ ♙ │ ♙ │ ♙ │
	   ├───┼───┼───┼───┼───┼───┼───┼───┤
	1  │ ♖ │ ♘ │ ♗ │ ♕ │ ♔ │ ♗ │ ♘ │ ♖ │
	   └───┴───┴───┴───┴───┴───┴───┴───┘
	     a   b   c   d   e   f   g   h  


[34m[1mAux blancs de jouer.
[37m[1m🕹️  Entrez votre coup: [33m[0m
[31m[1m🚫 Ce mouvement n'est pas valide.
[0m
[37m[1m	     a   b   c   d   e   f   g   h  
	   ┌───┬───┬───┬───┬───┬───┬───┬───┐
	8  │ ♜ │ ♞ │ ♝ │ ♛ │ ♚ │ ♝ │ ♞ │ ♜ │
	   ├───┼───┼───┼───┼───┼───┼───┼───┤
	7  │ ♟ │ ♟ │ ♟ │ ♟ │ ♟ │ ♟ │ ♟ │ ♟ │
	   ├───┼───┼───┼───┼───┼───┼───┼───┤
	6  │   │   │   │   │   │   │   │   │
	   ├───┼───┼───┼───┼───┼───┼───┼───┤
	5  │   │   │   │   │   │   │   │   │
	   ├───┼───┼───┼───┼───┼───┼───┼───┤
	4  │   │   │   │   │   │   │   │   │
	   ├───┼───┼───┼───┼───┼───┼───┼───┤
	3  │   │   │   │   │   │   │   │   │
	   ├───┼───┼───┼───┼───┼───┼───┼───┤
	2  │ ♙ │ ♙ │ ♙ │ ♙ │ ♙ │ ♙ │ ♙ │ ♙ │
	   ├───┼───┼───┼───┼───┼───┼───┼───┤
	1  │ ♖ │ ♘ │ ♗ │ ♕ │ ♔ │ ♗ │ ♘ │ ♖ │
	   └───┴───┴───┴───┴───┴───┴───┴───┘
	     a   b   c   d   e   f   g   h  


[34m[1mAux blancs de jouer.
[37m[1m🕹️  Entrez votre coup: [33m[0m
✅ Mouvement d2d3 effectué.
[0m
[37m[1m	     a   b   c   d   e   f   g   h  
	   ┌───┬───┬───┬───┬───┬───┬───┬───┐
	8  │ ♜ │ ♞ │ ♝ │ ♛ │ ♚ │ ♝ │ ♞ │ ♜ │
	   ├───┼───┼───┼───┼───┼───┼───┼───┤
	7  │ ♟ │ ♟ │ ♟ │ ♟ │ ♟ │ ♟ │ ♟ │ ♟ │
	   ├───┼───┼───┼───┼───┼───┼───┼───┤
	6  │   │   │   │   │   │   │   │   │
	   ├───┼───┼───┼───┼───┼───┼───┼───┤
	5  │   │   │   │   │   │   │   │   │
	   ├───┼───┼───┼───┼───┼───┼───┼───┤
	4  │   │   │   │   │   │   │   │   │
	   ├───┼───┼───┼───┼───┼───┼───┼───┤
	3  │   │   │   │ ♙ │   │   │   │   │
	   ├───┼───┼───┼───┼───┼───┼───┼───┤
	2  │ ♙ │ ♙ │ ♙ │   │ ♙ │ ♙ │ ♙ │ ♙ │
	   ├───┼───┼───┼───┼───┼───┼───┼───┤
	1  │ ♖ │ ♘ │ ♗ │ ♕ │ ♔ │ ♗ │ ♘ │ ♖ │
	   └───┴───┴───┴───┴───┴───┴───┴───┘
	     a   b   c   d   e   f   g   h  


[34m[1mAux noirs de jouer.
[37m[1m🕹️  Entrez votre coup: [33m[0m
[31m[1m🚫 Ce mouvement n'est pas valide.
[0m
[37m[1m	     a   b   c   d   e   f   g   h  
	   ┌───┬───┬───┬───┬───┬───┬───┬───┐
	8  │ ♜ │ ♞ │ ♝ │ ♛ │ ♚ │ ♝ │ ♞ │ ♜ │
	   ├───┼───┼───┼───┼───┼───┼───┼───┤
	7  │ ♟ │ ♟ │ ♟ │ ♟ │ ♟ │ ♟ │ ♟ │ ♟ │
	   ├───┼───┼───┼───┼───┼───┼───┼───┤
	6  │   │   │   │   │   │   │   │   │
	   ├───┼───┼───┼───┼───┼───┼───┼───┤
	5  │   │   │   │   │   │   │   │   │
	   ├───┼───┼───┼───┼───┼───┼───┼───┤
	4  │   │   │   │   │   │   │   │   │
	   ├───┼───┼───┼───┼───┼───┼───┼───┤
	3  │   │   │   │ ♙ │   │   │   │   │
	   ├───┼───┼───┼───┼───┼───┼───┼───┤
	2  │ ♙ │ ♙ │ ♙ │   │ ♙ │ ♙ │ ♙ │ ♙ │
	   ├───┼───┼───┼───┼───┼───┼───┼───┤
	1  │ ♖ │ ♘ │ ♗ │ ♕ │ ♔ │ ♗ │ ♘ │ ♖ │
	   └───┴───┴───┴───┴───┴───┴───┴───┘
	     a   b   c   d   e   f   g   h  


[34m[1mAux noirs de jouer.
[37m[1m🕹️  Entrez votre coup: [33m[0m
[31m[1m🚫 Ce mouvement n'est pas valide.
[0m
[37m[1m	     a   b   c   d   e   f   g   h  
	   ┌───┬───┬───┬───┬───┬───┬───┬───┐
	8  │ ♜ │ ♞ │ ♝ │ ♛ │ ♚ │ ♝ │ ♞ │ ♜ │
	   ├───┼───┼───┼───┼───┼───┼───┼───┤
	7  │ ♟ │ ♟ │ ♟ │ ♟ │ ♟ │ ♟ │ ♟ │ ♟ │
	   ├───┼───┼───┼───┼───┼───┼───┼───┤
	6  │   │   │   │   │   │   │   │   │
	   ├───┼───┼───┼───┼───┼───┼───┼───┤
	5  │   │   │   │   │   │   │   │   │
	   ├───┼───┼───┼───┼───┼───┼───┼───┤
	4  │   │   │   │   │   │   │   │   │
	   ├───┼───┼───┼───┼───┼───┼───┼───┤
	3  │   │   │   │ ♙ │   │   │   │   │
	   ├───┼───┼───┼───┼───┼───┼───┼───┤
	2  │ ♙ │ ♙ │ ♙ │   │ ♙ │ ♙ │ ♙ │ ♙ │
	   ├───┼───┼───┼───┼───┼───┼───┼───┤
	1  │ ♖ │ ♘ │ ♗ │ ♕ │ ♔ │ ♗ │ ♘ │ ♖ │
	   └───┴───┴───┴───┴───┴───┴───┴───┘
	     a   b   c   d   e   f   g   h  


[34m[1mAux noirs de jouer.
[37m[1m🕹️  Entrez votre coup: [33m[0m
✅ Mouvement d7d6 effectué.
[0m
[37m[1m	     a   b   c   d   e   f   g   h  
	   ┌───┬───┬───┬───┬───┬───┬───┬───┐
	8  │ ♜ │ ♞ │ ♝ │ ♛ │ ♚ │ ♝ │ ♞ │ ♜ │
	   ├───┼───┼───┼───┼───┼───┼───┼───┤
	7  │ ♟ │ ♟ │ ♟ │   │ ♟ │ ♟ │ ♟ │ ♟ │
	   ├───┼───┼───┼───┼───┼───┼───┼───┤
	6  │   │   │   │ ♟ │   │   │   │   │
	   ├───┼───┼───┼───┼───┼───┼───┼───┤
	5  │   │   │   │   │   │   │   │   │
	   ├───┼───┼───┼───┼───┼───┼───┼───┤
	4  │   │   │   │   │   │   │   │   │
	   ├───┼───┼───┼───┼───┼───┼───┼───┤
	3  │   │   │   │ ♙ │   │   │   │   │
	   ├───┼───┼───┼───┼───┼───┼───┼───┤
	2  │ ♙ │ ♙ │ ♙ │   │ ♙ │ ♙ │ ♙ │ ♙ │
	   ├───┼───┼───┼───┼───┼───┼───┼───┤
	1  │ ♖ │ ♘ │ ♗ │ ♕ │ ♔ │ ♗ │ ♘ │ ♖ │
	   └───┴───┴───┴───┴───┴───┴───┴───┘
	     a   b   c   d   e   f   g   h  


[34m[1mAux blancs de jouer.
[37m[1m🕹️  Entrez votre coup: [33m[0m
✅ Mouvement c1f4 effectué.
[0m
[37m[1m	     a   b   c   d   e   f   g   h  
	   ┌───┬───┬───┬───┬───┬───┬───┬───┐
	8  │ ♜ │ ♞ │ ♝ │ ♛ │ ♚ │ ♝ │ ♞ │ ♜ │
	   ├───┼───┼───┼───┼───┼───┼───┼───┤
	7  │ ♟ │ ♟ │ ♟ │   │ ♟ │ ♟ │ ♟ │ ♟ │
	   ├───┼───┼───┼───┼───┼───┼───┼───┤
	6  │   │   │   │ ♟ │   │   │   │   │
	   ├───┼───┼───┼───┼───┼───┼───┼───┤
	5  │   │   │   │   │   │   │   │   │
	   ├───┼───┼───┼───┼───┼───┼───┼───┤
	4  │   │   │   │   │   │ ♗ │   │   │
	   ├───┼───┼───┼───┼───┼───┼───┼───┤
	3  │   │   │   │ ♙ │   │   │   │   │
	   ├───┼───┼───┼───┼───┼───┼───┼───┤
	2  │ ♙ │ ♙ │ ♙ │   │ ♙ │ ♙ │ ♙ │ ♙ │
	   ├───┼───┼───┼───┼───┼───┼───┼───┤
	1  │ ♖ │ ♘ │   │ ♕ │ ♔ │ ♗ │ ♘ │ ♖ │
	   └───┴───┴───┴───┴───┴───┴───┴───┘
	     a   b   c   d   e   f   g   h  


[34m[1mAux noirs de jouer.
[37m[1m🕹️  Entrez votre coup: [33m[0m
✅ Mouvement c8f5 effectué.
[0m
[37m[1m	     a   b   c   d   e   f   g   h  
	   ┌───┬───┬───┬───┬───┬───┬───┬───┐
	8  │ ♜ │ ♞ │   │ ♛ │ ♚ │ ♝ │ ♞ │ ♜ │
	   ├───┼───┼───┼───┼───┼───┼───┼───┤
	7  │ ♟ │ ♟ │ ♟ │   │ ♟ │ ♟ │ ♟ │ ♟ │
	   ├───┼───┼───┼───┼───┼───┼───┼───┤
	6  │   │   │   │ ♟ │   │   │   │   │
	   ├───┼───┼───┼───┼───┼───┼───┼───┤
	5  │   │   │   │   │   │ ♝ │   │   │
	   ├───┼───┼───┼───┼───┼───┼───┼───┤
	4  │   │   │   │   │   │ ♗ │   │   │
	   ├───┼───┼───┼───┼───┼───┼───┼───┤
	3  │   │   │   │ ♙ │   │   │   │   │
	   ├───┼───┼───┼───┼───┼───┼───┼───┤
	2  │ ♙ │ ♙ │ ♙ │   │ ♙ │ ♙ │ ♙ │ ♙ │
	   ├───┼───┼───┼───┼───┼───┼───┼───┤
	1  │ ♖ │ ♘ │   │ ♕ │ ♔ │ ♗ │ ♘ │ ♖ │
	   └───┴───┴───┴───┴───┴───┴───┴───┘
	     a   b   c   d   e   f   g   h  


[34m[1mAux blancs de jouer.
[37m[1m🕹️  Entrez votre coup: [33m[0m
✅ Mouvement c2c3 effectué.
[0m
[37m[1m	     a   b   c   d   e   f   g   h  
	   ┌───┬───┬───┬───┬───┬───┬───┬───┐
	8  │ ♜ │ ♞ │   │ ♛ │ ♚ │ ♝ │ ♞ │ ♜ │
	   ├───┼───┼───┼───┼───┼───┼───┼───┤
	7  │ ♟ │ ♟ │ ♟ │   │ ♟ │ ♟ │ ♟ │ ♟ │
	   ├───┼───┼───┼───┼───┼───┼───┼───┤
	6  │   │   │   │ ♟ │   │   │   │   │
	   ├───┼───┼───┼───┼───┼───┼───┼───┤
	5  │   │   │   │   │   │ ♝ │   │   │
	   ├───┼───┼───┼───┼───┼───┼───┼───┤
	4  │   │   │   │   │   │ ♗ │   │   │
	   ├───┼───┼───┼───┼───┼───┼───┼───┤
	3  │   │   │ ♙ │ ♙ │   │   │   │   │
	   ├───┼───┼───┼───┼───┼───┼───┼───┤
	2  │ ♙ │ ♙ │   │   │ ♙ │ ♙ │ ♙ │ ♙ │
	   ├───┼───┼───┼───┼───┼───┼───┼───┤
	1  │ ♖ │ ♘ │   │ ♕ │ ♔ │ ♗ │ ♘ │ ♖ │
	   └───┴───┴───┴───┴───┴───┴───┴───┘
	     a   b   c   d   e   f   g   h  


[34m[1mAux noirs de jouer.
[37m[1m🕹️  Entrez votre coup: [33m[0m
✅ Mouvement c7c6 effectué.
[0m
[37m[1m	     a   b   c   d   e   f   g   h  
	   ┌───┬───┬───┬───┬───┬───┬───┬───┐
	8  │ ♜ │ ♞ │   │ ♛ │ ♚ │ ♝ │ ♞ │ ♜ │
	   ├───┼───┼───┼───┼───┼───┼───┼───┤
	7  │ ♟ │ ♟ │   │   │ ♟ │ ♟ │ ♟ │ ♟ │
	   ├───┼───┼───┼───┼───┼───┼───┼───┤
	6  │   │   │ ♟ │ ♟ │   │   │   │   │
	   ├───┼───┼───┼───┼───┼───┼───┼───┤
	5  │   │   │   │   │   │ ♝ │   │   │
	   ├───┼───┼───┼───┼───┼───┼───┼───┤
	4  │   │   │   │   │   │ ♗ │   │   │
	   ├───┼───┼───┼───┼───┼───┼───┼───┤
	3  │   │   │ ♙ │ ♙ │   │   │   │   │
	   ├───┼───┼───┼───┼───┼───┼───┼───┤
	2  │ ♙ │ ♙ │   │   │ ♙ │ ♙ │ ♙ │ ♙ │
	   ├───┼───┼───┼───┼───┼───┼───┼───┤
	1  │ ♖ │ ♘ │   │ ♕ │ ♔ │ ♗ │ ♘ │ ♖ │
	   └───┴───┴───┴───┴───┴───┴───┴───┘
	     a   b   c   d   e   f   g   h  


[34m[1mAux blancs de jouer.
[37m[1m🕹️  Entrez votre coup: [33m[0m
✅ Mouvement d1a4 effectué.
[0m
[37m[1m	     a   b   c   d   e   f   g   h  
	   ┌───┬───┬───┬───┬───┬───┬───┬───┐
	8  │ ♜ │ ♞ │   │ ♛ │ ♚ │ ♝ │ ♞ │ ♜ │
	   ├───┼───┼───┼───┼───┼───┼───┼───┤
	7  │ ♟ │ ♟ │   │   │ ♟ │ ♟ │ ♟ │ ♟ │
	   ├───┼───┼───┼───┼───┼───┼───┼───┤
	6  │   │   │ ♟ │ ♟ │   │   │   │   │
	   ├───┼───┼───┼───┼───┼───┼───┼───┤
	5  │   │   │   │   │   │ ♝ │   │   │
	   ├───┼───┼───┼───┼───┼───┼───┼───┤
	4  │ ♕ │   │   │   │   │ ♗ │   │   │
	   ├───┼───┼───┼───┼───┼───┼───┼───┤
	3  │   │   │ ♙ │ ♙ │   │   │   │   │
	   ├───┼───┼───┼───┼───┼───┼───┼───┤
	2  │ ♙ │ ♙ │   │   │ ♙ │ ♙ │ ♙ │ ♙ │
	   ├───┼───┼───┼───┼───┼───┼───┼───┤
	1  │ ♖ │ ♘ │   │   │ ♔ │ ♗ │ ♘ │ ♖ │
	   └───┴───┴───┴───┴───┴───┴───┴───┘
	     a   b   c   d   e   f   g   h  


[34m[1mAux noirs de jouer.
[37m[1m🕹️  Entrez votre coup: [33m[0m
✅ Mouvement d8a5 effectué.
[0m
[37m[1m	     a   b   c   d   e   f   g   h  
	   ┌───┬───┬───┬───┬───┬───┬───┬───┐
	8  │ ♜ │ ♞ │   │   │ ♚ │ ♝ │ ♞ │ ♜ │
	   ├───┼───┼───┼───┼───┼───┼───┼───┤
	7  │ ♟ │ ♟ │   │   │ ♟ │ ♟ │ ♟ │ ♟ │
	   ├───┼───┼───┼───┼───┼───┼───┼───┤
	6  │   │   │ ♟ │ ♟ │   │   │   │   │
	   ├───┼───┼───┼───┼───┼───┼───┼───┤
	5  │ ♛ │   │   │   │   │ ♝ │   │   │
	   ├───┼───┼───┼───┼───┼───┼───┼───┤
	4  │ ♕ │   │   │   │   │ ♗ │   │   │
	   ├───┼───┼───┼───┼───┼───┼───┼───┤
	3  │   │   │ ♙ │ ♙ │   │   │   │   │
	   ├───┼───┼───┼───┼───┼───┼───┼───┤
	2  │ ♙ │ ♙ │   │   │ ♙ │ ♙ │ ♙ │ ♙ │
	   ├───┼───┼───┼───┼───┼───┼───┼───┤
	1  │ ♖ │ ♘ │   │   │ ♔ │ ♗ │ ♘ │ ♖ │
	   └───┴───┴───┴───┴───┴───┴───┴───┘
	     a   b   c   d   e   f   g   h  


[34m[1mAux blancs de jouer.
[37m[1m🕹️  Entrez votre coup: [33m[0m
[1m[37m

		┌───────────────────┐
		│ 🚪 Quitter le jeu │
		└───────────────────┘

[0m[1m	👋 Merci d'avoir joué, à bientôt !

wR,wN,,,wK,wB,wN,wR,wP,wP,,,wP,wP,wP,wP,,,wP,wP,,,,,wQ,,,,,wB,,,bQ,,,,,bB,,,,,bP,bP,,,,,bP,bP,,,bP,bP,bP,bP,bR,bN,,,bK,bB,bN,bR, ?-?
  -> [0;32mreference position: OK[0m
  -> [0;32mreference result: OK[0m
  -> [0m(exit code=0)
[0;33m> data/1-ill-knight-1.txt[0m

[37m[1m	     a   b   c   d   e   f   g   h  
	   ┌───┬───┬───┬───┬───┬───┬───┬───┐
	8  │ ♜ │ ♞ │ ♝ │ ♛ │ ♚ │ ♝ │ ♞ │ ♜ │
	   ├───┼───┼───┼───┼───┼───┼───┼───┤
	7  │ ♟ │ ♟ │ ♟ │ ♟ │ ♟ │ ♟ │ ♟ │ ♟ │
	   ├───┼───┼───┼───┼───┼───┼───┼───┤
	6  │   │   │   │   │   │   │   │   │
	   ├───┼───┼───┼───┼───┼───┼───┼───┤
	5  │   │   │   │   │   │   │   │   │
	   ├───┼───┼───┼───┼───┼───┼───┼───┤
	4  │   │   │   │   │   │   │   │   │
	   ├───┼───┼───┼───┼───┼───┼───┼───┤
	3  │   │   │   │   │   │   │   │   │
	   ├───┼───┼───┼───┼───┼───┼───┼───┤
	2  │ ♙ │ ♙ │ ♙ │ ♙ │ ♙ │ ♙ │ ♙ │ ♙ │
	   ├───┼───┼───┼───┼───┼───┼───┼───┤
	1  │ ♖ │ ♘ │ ♗ │ ♕ │ ♔ │ ♗ │ ♘ │ ♖ │
	   └───┴───┴───┴───┴───┴───┴───┴───┘
	     a   b   c   d   e   f   g   h  


[34m[1mAux blancs de jouer.
[37m[1m🕹️  Entrez votre coup: [33m[0m
[31m[1m🚫 Ce mouvement n'est pas valide.
[0m
[37m[1m	     a   b   c   d   e   f   g   h  
	   ┌───┬───┬───┬───┬───┬───┬───┬───┐
	8  │ ♜ │ ♞ │ ♝ │ ♛ │ ♚ │ ♝ │ ♞ │ ♜ │
	   ├───┼───┼───┼───┼───┼───┼───┼───┤
	7  │ ♟ │ ♟ │ ♟ │ ♟ │ ♟ │ ♟ │ ♟ │ ♟ │
	   ├───┼───┼───┼───┼───┼───┼───┼───┤
	6  │   │   │   │   │   │   │   │   │
	   ├───┼───┼───┼───┼───┼───┼───┼───┤
	5  │   │   │   │   │   │   │   │   │
	   ├───┼───┼───┼───┼───┼───┼───┼───┤
	4  │   │   │   │   │   │   │   │   │
	   ├───┼───┼───┼───┼───┼───┼───┼───┤
	3  │   │   │   │   │   │   │   │   │
	   ├───┼───┼───┼───┼───┼───┼───┼───┤
	2  │ ♙ │ ♙ │ ♙ │ ♙ │ ♙ │ ♙ │ ♙ │ ♙ │
	   ├───┼───┼───┼───┼───┼───┼───┼───┤
	1  │ ♖ │ ♘ │ ♗ │ ♕ │ ♔ │ ♗ │ ♘ │ ♖ │
	   └───┴───┴───┴───┴───┴───┴───┴───┘
	     a   b   c   d   e   f   g   h  


[34m[1mAux blancs de jouer.
[37m[1m🕹️  Entrez votre coup: [33m[0m
✅ Mouvement b1c3 effectué.
[0m
[37m[1m	     a   b   c   d   e   f   g   h  
	   ┌───┬───┬───┬───┬───┬───┬───┬───┐
	8  │ ♜ │ ♞ │ ♝ │ ♛ │ ♚ │ ♝ │ ♞ │ ♜ │
	   ├───┼───┼───┼───┼───┼───┼───┼───┤
	7  │ ♟ │ ♟ │ ♟ │ ♟ │ ♟ │ ♟ │ ♟ │ ♟ │
	   ├───┼───┼───┼───┼───┼───┼───┼───┤
	6  │   │   │   │   │   │   │   │   │
	   ├───┼───┼───┼───┼───┼───┼───┼───┤
	5  │   │   │   │   │   │   │   │   │
	   ├───┼───┼───┼───┼───┼───┼───┼───┤
	4  │   │   │   │   │   │   │   │   │
	   ├───┼───┼───┼───┼───┼───┼───┼───┤
	3  │   │   │ ♘ │   │   │   │   │   │
	   ├───┼───┼───┼───┼───┼───┼───┼───┤
	2  │ ♙ │ ♙ │ ♙ │ ♙ │ ♙ │ ♙ │ ♙ │ ♙ │
	   ├───┼───┼───┼───┼───┼───┼───┼───┤
	1  │ ♖ │   │ ♗ │ ♕ │ ♔ │ ♗ │ ♘ │ ♖ │
	   └───┴───┴───┴───┴───┴───┴───┴───┘
	     a   b   c   d   e   f   g   h  


[34m[1mAux noirs de jouer.
[37m[1m🕹️  Entrez votre coup: [33m[0m
[31m[1m🚫 Ce mouvement n'est pas valide.
[0m
[37m[1m	     a   b   c   d   e   f   g   h  
	   ┌───┬───┬───┬───┬───┬───┬───┬───┐
	8  │ ♜ │ ♞ │ ♝ │ ♛ │ ♚ │ ♝ │ ♞ │ ♜ │
	   ├───┼───┼───┼───┼───┼───┼───┼───┤
	7  │ ♟ │ ♟ │ ♟ │ ♟ │ ♟ │ ♟ │ ♟ │ ♟ │
	   ├───┼───┼───┼───┼───┼───┼───┼───┤
	6  │   │   │   │   │   │   │   │   │
	   ├───┼───┼───┼───┼───┼───┼───┼───┤
	5  │   │   │   │   │   │   │   │   │
	   ├───┼───┼───┼───┼───┼───┼───┼───┤
	4  │   │   │   │   │   │   │   │   │
	   ├───┼───┼───┼───┼───┼───┼───┼───┤
	3  │   │   │ ♘ │   │   │   │   │   │
	   ├───┼───┼───┼───┼───┼───┼───┼───┤
	2  │ ♙ │ ♙ │ ♙ │ ♙ │ ♙ │ ♙ │ ♙ │ ♙ │
	   ├───┼───┼───┼───┼───┼───┼───┼───┤
	1  │ ♖ │   │ ♗ │ ♕ │ ♔ │ ♗ │ ♘ │ ♖ │
	   └───┴───┴───┴───┴───┴───┴───┴───┘
	     a   b   c   d   e   f   g   h  


[34m[1mAux noirs de jouer.
[37m[1m🕹️  Entrez votre coup: [33m[0m
✅ Mouvement g8f6 effectué.
[0m
[37m[1m	     a   b   c   d   e   f   g   h  
	   ┌───┬───┬───┬───┬───┬───┬───┬───┐
	8  │ ♜ │ ♞ │ ♝ │ ♛ │ ♚ │ ♝ │   │ ♜ │
	   ├───┼───┼───┼───┼───┼───┼───┼───┤
	7  │ ♟ │ ♟ │ ♟ │ ♟ │ ♟ │ ♟ │ ♟ │ ♟ │
	   ├───┼───┼───┼───┼───┼───┼───┼───┤
	6  │   │   │   │   │   │ ♞ │   │   │
	   ├───┼───┼───┼───┼───┼───┼───┼───┤
	5  │   │   │   │   │   │   │   │   │
	   ├───┼───┼───┼───┼───┼───┼───┼───┤
	4  │   │   │   │   │   │   │   │   │
	   ├───┼───┼───┼───┼───┼───┼───┼───┤
	3  │   │   │ ♘ │   │   │   │   │   │
	   ├───┼───┼───┼───┼───┼───┼───┼───┤
	2  │ ♙ │ ♙ │ ♙ │ ♙ │ ♙ │ ♙ │ ♙ │ ♙ │
	   ├───┼───┼───┼───┼───┼───┼───┼───┤
	1  │ ♖ │   │ ♗ │ ♕ │ ♔ │ ♗ │ ♘ │ ♖ │
	   └───┴───┴───┴───┴───┴───┴───┴───┘
	     a   b   c   d   e   f   g   h  


[34m[1mAux blancs de jouer.
[37m[1m🕹️  Entrez votre coup: [33m[0m
[31m[1m🚫 Ce mouvement n'est pas valide.
[0m
[37m[1m	     a   b   c   d   e   f   g   h  
	   ┌───┬───┬───┬───┬───┬───┬───┬───┐
	8  │ ♜ │ ♞ │ ♝ │ ♛ │ ♚ │ ♝ │   │ ♜ │
	   ├───┼───┼───┼───┼───┼───┼───┼───┤
	7  │ ♟ │ ♟ │ ♟ │ ♟ │ ♟ │ ♟ │ ♟ │ ♟ │
	   ├───┼───┼───┼───┼───┼───┼───┼───┤
	6  │   │   │   │   │   │ ♞ │   │   │
	   ├───┼───┼───┼───┼───┼───┼───┼───┤
	5  │   │   │   │   │   │   │   │   │
	   ├───┼───┼───┼───┼───┼───┼───┼───┤
	4  │   │   │   │   │   │   │   │   │
	   ├───┼───┼───┼───┼───┼───┼───┼───┤
	3  │   │   │ ♘ │   │   │   │   │   │
	   ├───┼───┼───┼───┼───┼───┼───┼───┤
	2  │ ♙ │ ♙ │ ♙ │ ♙ │ ♙ │ ♙ │ ♙ │ ♙ │
	   ├───┼───┼───┼───┼───┼───┼───┼───┤
	1  │ ♖ │   │ ♗ │ ♕ │ ♔ │ ♗ │ ♘ │ ♖ │
	   └───┴───┴───┴───┴───┴───┴───┴───┘
	     a   b   c   d   e   f   g   h  


[34m[1mAux blancs de jouer.
[37m[1m🕹️  Entrez votre coup: [33m[0m
✅ Mouvement c3e4 effectué.
[0m
[37m[1m	     a   b   c   d   e   f   g   h  
	   ┌───┬───┬───┬───┬───┬───┬───┬───┐
	8  │ ♜ │ ♞ │ ♝ │ ♛ │ ♚ │ ♝ │   │ ♜ │
	   ├───┼───┼───┼───┼───┼───┼───┼───┤
	7  │ ♟ │ ♟ │ ♟ │ ♟ │ ♟ │ ♟ │ ♟ │ ♟ │
	   ├───┼───┼───┼───┼───┼───┼───┼───┤
	6  │   │   │   │   │   │ ♞ │   │   │
	   ├───┼───┼───┼───┼───┼───┼───┼───┤
	5  │   │   │   │   │   │   │   │   │
	   ├───┼───┼───┼───┼───┼───┼───┼───┤
	4  │   │   │   │   │ ♘ │   │   │   │
	   ├───┼───┼───┼───┼───┼───┼───┼───┤
	3  │   │   │   │   │   │   │   │   │
	   ├───┼───┼───┼───┼───┼───┼───┼───┤
	2  │ ♙ │ ♙ │ ♙ │ ♙ │ ♙ │ ♙ │ ♙ │ ♙ │
	   ├───┼───┼───┼───┼───┼───┼───┼───┤
	1  │ ♖ │   │ ♗ │ ♕ │ ♔ │ ♗ │ ♘ │ ♖ │
	   └───┴───┴───┴───┴───┴───┴───┴───┘
	     a   b   c   d   e   f   g   h  


[34m[1mAux noirs de jouer.
[37m[1m🕹️  Entrez votre coup: [33m[0m
[1m[37m

		┌───────────────────┐
		│ 🚪 Quitter le jeu │
		└───────────────────┘

[0m[1m	👋 Merci d'avoir joué, à bientôt !

wR,,wB,wQ,wK,wB,wN,wR,wP,wP,wP,wP,wP,wP,wP,wP,,,,,,,,,,,,,wN,,,,,,,,,,,,,,,,,bN,,,bP,bP,bP,bP,bP,bP,bP,bP,bR,bN,bB,bQ,bK,bB,,bR, ?-?
  -> [0;32mreference position: OK[0m
  -> [0;32mreference result: OK[0m
  -> [0m(exit code=0)
[0;33m> data/1-ill-line-obstacle.txt[0m

[37m[1m	     a   b   c   d   e   f   g   h  
	   ┌───┬───┬───┬───┬───┬───┬───┬───┐
	8  │ ♜ │ ♞ │ ♝ │ ♛ │ ♚ │ ♝ │ ♞ │ ♜ │
	   ├───┼───┼───┼───┼───┼───┼───┼───┤
	7  │ ♟ │ ♟ │ ♟ │ ♟ │ ♟ │ ♟ │ ♟ │ ♟ │
	   ├───┼───┼───┼───┼───┼───┼───┼───┤
	6  │   │   │   │   │   │   │   │   │
	   ├───┼───┼───┼───┼───┼───┼───┼───┤
	5  │   │   │   │   │   │   │   │   │
	   ├───┼───┼───┼───┼───┼───┼───┼───┤
	4  │   │   │   │   │   │   │   │   │
	   ├───┼───┼───┼───┼───┼───┼───┼───┤
	3  │   │   │   │   │   │   │   │   │
	   ├───┼───┼───┼───┼───┼───┼───┼───┤
	2  │ ♙ │ ♙ │ ♙ │ ♙ │ ♙ │ ♙ │ ♙ │ ♙ │
	   ├───┼───┼───┼───┼───┼───┼───┼───┤
	1  │ ♖ │ ♘ │ ♗ │ ♕ │ ♔ │ ♗ │ ♘ │ ♖ │
	   └───┴───┴───┴───┴───┴───┴───┴───┘
	     a   b   c   d   e   f   g   h  


[34m[1mAux blancs de jouer.
[37m[1m🕹️  Entrez votre coup: [33m[0m
[31m[1m🚫 Ce mouvement n'est pas valide.
[0m
[37m[1m	     a   b   c   d   e   f   g   h  
	   ┌───┬───┬───┬───┬───┬───┬───┬───┐
	8  │ ♜ │ ♞ │ ♝ │ ♛ │ ♚ │ ♝ │ ♞ │ ♜ │
	   ├───┼───┼───┼───┼───┼───┼───┼───┤
	7  │ ♟ │ ♟ │ ♟ │ ♟ │ ♟ │ ♟ │ ♟ │ ♟ │
	   ├───┼───┼───┼───┼───┼───┼───┼───┤
	6  │   │   │   │   │   │   │   │   │
	   ├───┼───┼───┼───┼───┼───┼───┼───┤
	5  │   │   │   │   │   │   │   │   │
	   ├───┼───┼───┼───┼───┼───┼───┼───┤
	4  │   │   │   │   │   │   │   │   │
	   ├───┼───┼───┼───┼───┼───┼───┼───┤
	3  │   │   │   │   │   │   │   │   │
	   ├───┼───┼───┼───┼───┼───┼───┼───┤
	2  │ ♙ │ ♙ │ ♙ │ ♙ │ ♙ │ ♙ │ ♙ │ ♙ │
	   ├───┼───┼───┼───┼───┼───┼───┼───┤
	1  │ ♖ │ ♘ │ ♗ │ ♕ │ ♔ │ ♗ │ ♘ │ ♖ │
	   └───┴───┴───┴───┴───┴───┴───┴───┘
	     a   b   c   d   e   f   g   h  


[34m[1mAux blancs de jouer.
[37m[1m🕹️  Entrez votre coup: [33m[0m
✅ Mouvement a2a4 effectué.
[0m
[37m[1m	     a   b   c   d   e   f   g   h  
	   ┌───┬───┬───┬───┬───┬───┬───┬───┐
	8  │ ♜ │ ♞ │ ♝ │ ♛ │ ♚ │ ♝ │ ♞ │ ♜ │
	   ├───┼───┼───┼───┼───┼───┼───┼───┤
	7  │ ♟ │ ♟ │ ♟ │ ♟ │ ♟ │ ♟ │ ♟ │ ♟ │
	   ├───┼───┼───┼───┼───┼───┼───┼───┤
	6  │   │   │   │   │   │   │   │   │
	   ├───┼───┼───┼───┼───┼───┼───┼───┤
	5  │   │   │   │   │   │   │   │   │
	   ├───┼───┼───┼───┼───┼───┼───┼───┤
	4  │ ♙ │   │   │   │   │   │   │   │
	   ├───┼───┼───┼───┼───┼───┼───┼───┤
	3  │   │   │   │   │   │   │   │   │
	   ├───┼───┼───┼───┼───┼───┼───┼───┤
	2  │   │ ♙ │ ♙ │ ♙ │ ♙ │ ♙ │ ♙ │ ♙ │
	   ├───┼───┼───┼───┼───┼───┼───┼───┤
	1  │ ♖ │ ♘ │ ♗ │ ♕ │ ♔ │ ♗ │ ♘ │ ♖ │
	   └───┴───┴───┴───┴───┴───┴───┴───┘
	     a   b   c   d   e   f   g   h  


[34m[1mAux noirs de jouer.
[37m[1m🕹️  Entrez votre coup: [33m[0m
[31m[1m🚫 Ce mouvement n'est pas valide.
[0m
[37m[1m	     a   b   c   d   e   f   g   h  
	   ┌───┬───┬───┬───┬───┬───┬───┬───┐
	8  │ ♜ │ ♞ │ ♝ │ ♛ │ ♚ │ ♝ │ ♞ │ ♜ │
	   ├───┼───┼───┼───┼───┼───┼───┼───┤
	7  │ ♟ │ ♟ │ ♟ │ ♟ │ ♟ │ ♟ │ ♟ │ ♟ │
	   ├───┼───┼───┼───┼───┼───┼───┼───┤
	6  │   │   │   │   │   │   │   │   │
	   ├───┼───┼───┼───┼───┼───┼───┼───┤
	5  │   │   │   │   │   │   │   │   │
	   ├───┼───┼───┼───┼───┼───┼───┼───┤
	4  │ ♙ │   │   │   │   │   │   │   │
	   ├───┼───┼───┼───┼───┼───┼───┼───┤
	3  │   │   │   │   │   │   │   │   │
	   ├───┼───┼───┼───┼───┼───┼───┼───┤
	2  │   │ ♙ │ ♙ │ ♙ │ ♙ │ ♙ │ ♙ │ ♙ │
	   ├───┼───┼───┼───┼───┼───┼───┼───┤
	1  │ ♖ │ ♘ │ ♗ │ ♕ │ ♔ │ ♗ │ ♘ │ ♖ │
	   └───┴───┴───┴───┴───┴───┴───┴───┘
	     a   b   c   d   e   f   g   h  


[34m[1mAux noirs de jouer.
[37m[1m🕹️  Entrez votre coup: [33m[0m
✅ Mouvement a7a5 effectué.
[0m
[37m[1m	     a   b   c   d   e   f   g   h  
	   ┌───┬───┬───┬───┬───┬───┬───┬───┐
	8  │ ♜ │ ♞ │ ♝ │ ♛ │ ♚ │ ♝ │ ♞ │ ♜ │
	   ├───┼───┼───┼───┼───┼───┼───┼───┤
	7  │   │ ♟ │ ♟ │ ♟ │ ♟ │ ♟ │ ♟ │ ♟ │
	   ├───┼───┼───┼───┼───┼───┼───┼───┤
	6  │   │   │   │   │   │   │   │   │
	   ├───┼───┼───┼───┼───┼───┼───┼───┤
	5  │ ♟ │   │   │   │   │   │   │   │
	   ├───┼───┼───┼───┼───┼───┼───┼───┤
	4  │ ♙ │   │   │   │   │   │   │   │
	   ├───┼───┼───┼───┼───┼───┼───┼───┤
	3  │   │   │   │   │   │   │   │   │
	   ├───┼───┼───┼───┼───┼───┼───┼───┤
	2  │   │ ♙ │ ♙ │ ♙ │ ♙ │ ♙ │ ♙ │ ♙ │
	   ├───┼───┼───┼───┼───┼───┼───┼───┤
	1  │ ♖ │ ♘ │ ♗ │ ♕ │ ♔ │ ♗ │ ♘ │ ♖ │
	   └───┴───┴───┴───┴───┴───┴───┴───┘
	     a   b   c   d   e   f   g   h  


[34m[1mAux blancs de jouer.
[37m[1m🕹️  Entrez votre coup: [33m[0m
✅ Mouvement a1a3 effectué.
[0m
[37m[1m	     a   b   c   d   e   f   g   h  
	   ┌───┬───┬───┬───┬───┬───┬───┬───┐
	8  │ ♜ │ ♞ │ ♝ │ ♛ │ ♚ │ ♝ │ ♞ │ ♜ │
	   ├───┼───┼───┼───┼───┼───┼───┼───┤
	7  │   │ ♟ │ ♟ │ ♟ │ ♟ │ ♟ │ ♟ │ ♟ │
	   ├───┼───┼───┼───┼───┼───┼───┼───┤
	6  │   │   │   │   │   │   │   │   │
	   ├───┼───┼───┼───┼───┼───┼───┼───┤
	5  │ ♟ │   │   │   │   │   │   │   │
	   ├───┼───┼───┼───┼───┼───┼───┼───┤
	4  │ ♙ │   │   │   │   │   │   │   │
	   ├───┼───┼───┼───┼───┼───┼───┼───┤
	3  │ ♖ │   │   │   │   │   │   │   │
	   ├───┼───┼───┼───┼───┼───┼───┼───┤
	2  │   │ ♙ │ ♙ │ ♙ │ ♙ │ ♙ │ ♙ │ ♙ │
	   ├───┼───┼───┼───┼───┼───┼───┼───┤
	1  │   │ ♘ │ ♗ │ ♕ │ ♔ │ ♗ │ ♘ │ ♖ │
	   └───┴───┴───┴───┴───┴───┴───┴───┘
	     a   b   c   d   e   f   g   h  


[34m[1mAux noirs de jouer.
[37m[1m🕹️  Entrez votre coup: [33m[0m
✅ Mouvement a8a6 effectué.
[0m
[37m[1m	     a   b   c   d   e   f   g   h  
	   ┌───┬───┬───┬───┬───┬───┬───┬───┐
	8  │   │ ♞ │ ♝ │ ♛ │ ♚ │ ♝ │ ♞ │ ♜ │
	   ├───┼───┼───┼───┼───┼───┼───┼───┤
	7  │   │ ♟ │ ♟ │ ♟ │ ♟ │ ♟ │ ♟ │ ♟ │
	   ├───┼───┼───┼───┼───┼───┼───┼───┤
	6  │ ♜ │   │   │   │   │   │   │   │
	   ├───┼───┼───┼───┼───┼───┼───┼───┤
	5  │ ♟ │   │   │   │   │   │   │   │
	   ├───┼───┼───┼───┼───┼───┼───┼───┤
	4  │ ♙ │   │   │   │   │   │   │   │
	   ├───┼───┼───┼───┼───┼───┼───┼───┤
	3  │ ♖ │   │   │   │   │   │   │   │
	   ├───┼───┼───┼───┼───┼───┼───┼───┤
	2  │   │ ♙ │ ♙ │ ♙ │ ♙ │ ♙ │ ♙ │ ♙ │
	   ├───┼───┼───┼───┼───┼───┼───┼───┤
	1  │   │ ♘ │ ♗ │ ♕ │ ♔ │ ♗ │ ♘ │ ♖ │
	   └───┴───┴───┴───┴───┴───┴───┴───┘
	     a   b   c   d   e   f   g   h  


[34m[1mAux blancs de jouer.
[37m[1m🕹️  Entrez votre coup: [33m[0m
✅ Mouvement a3h3 effectué.
[0m
[37m[1m	     a   b   c   d   e   f   g   h  
	   ┌───┬───┬───┬───┬───┬───┬───┬───┐
	8  │   │ ♞ │ ♝ │ ♛ │ ♚ │ ♝ │ ♞ │ ♜ │
	   ├───┼───┼───┼───┼───┼───┼───┼───┤
	7  │   │ ♟ │ ♟ │ ♟ │ ♟ │ ♟ │ ♟ │ ♟ │
	   ├───┼───┼───┼───┼───┼───┼───┼───┤
	6  │ ♜ │   │   │   │   │   │   │   │
	   ├───┼───┼───┼───┼───┼───┼───┼───┤
	5  │ ♟ │   │   │   │   │   │   │   │
	   ├───┼───┼───┼───┼───┼───┼───┼───┤
	4  │ ♙ │   │   │   │   │   │   │   │
	   ├───┼───┼───┼───┼───┼───┼───┼───┤
	3  │   │   │   │   │   │   │   │ ♖ │
	   ├───┼───┼───┼───┼───┼───┼───┼───┤
	2  │   │ ♙ │ ♙ │ ♙ │ ♙ │ ♙ │ ♙ │ ♙ │
	   ├───┼───┼───┼───┼───┼───┼───┼───┤
	1  │   │ ♘ │ ♗ │ ♕ │ ♔ │ ♗ │ ♘ │ ♖ │
	   └───┴───┴───┴───┴───┴───┴───┴───┘
	     a   b   c   d   e   f   g   h  


[34m[1mAux noirs de jouer.
[37m[1m🕹️  Entrez votre coup: [33m[0m
✅ Mouvement a6h6 effectué.
[0m
[37m[1m	     a   b   c   d   e   f   g   h  
	   ┌───┬───┬───┬───┬───┬───┬───┬───┐
	8  │   │ ♞ │ ♝ │ ♛ │ ♚ │ ♝ │ ♞ │ ♜ │
	   ├───┼───┼───┼───┼───┼───┼───┼───┤
	7  │   │ ♟ │ ♟ │ ♟ │ ♟ │ ♟ │ ♟ │ ♟ │
	   ├───┼───┼───┼───┼───┼───┼───┼───┤
	6  │   │   │   │   │   │   │   │ ♜ │
	   ├───┼───┼───┼───┼───┼───┼───┼───┤
	5  │ ♟ │   │   │   │   │   │   │   │
	   ├───┼───┼───┼───┼───┼───┼───┼───┤
	4  │ ♙ │   │   │   │   │   │   │   │
	   ├───┼───┼───┼───┼───┼───┼───┼───┤
	3  │   │   │   │   │   │   │   │ ♖ │
	   ├───┼───┼───┼───┼───┼───┼───┼───┤
	2  │   │ ♙ │ ♙ │ ♙ │ ♙ │ ♙ │ ♙ │ ♙ │
	   ├───┼───┼───┼───┼───┼───┼───┼───┤
	1  │   │ ♘ │ ♗ │ ♕ │ ♔ │ ♗ │ ♘ │ ♖ │
	   └───┴───┴───┴───┴───┴───┴───┴───┘
	     a   b   c   d   e   f   g   h  


[34m[1mAux blancs de jouer.
[37m[1m🕹️  Entrez votre coup: [33m[0m
✅ Mouvement h3e3 effectué.
[0m
[37m[1m	     a   b   c   d   e   f   g   h  
	   ┌───┬───┬───┬───┬───┬───┬───┬───┐
	8  │   │ ♞ │ ♝ │ ♛ │ ♚ │ ♝ │ ♞ │ ♜ │
	   ├───┼───┼───┼───┼───┼───┼───┼───┤
	7  │   │ ♟ │ ♟ │ ♟ │ ♟ │ ♟ │ ♟ │ ♟ │
	   ├───┼───┼───┼───┼───┼───┼───┼───┤
	6  │   │   │   │   │   │   │   │ ♜ │
	   ├───┼───┼───┼───┼───┼───┼───┼───┤
	5  │ ♟ │   │   │   │   │   │   │   │
	   ├───┼───┼───┼───┼───┼───┼───┼───┤
	4  │ ♙ │   │   │   │   │   │   │   │
	   ├───┼───┼───┼───┼───┼───┼───┼───┤
	3  │   │   │   │   │ ♖ │   │   │   │
	   ├───┼───┼───┼───┼───┼───┼───┼───┤
	2  │   │ ♙ │ ♙ │ ♙ │ ♙ │ ♙ │ ♙ │ ♙ │
	   ├───┼───┼───┼───┼───┼───┼───┼───┤
	1  │   │ ♘ │ ♗ │ ♕ │ ♔ │ ♗ │ ♘ │ ♖ │
	   └───┴───┴───┴───┴───┴───┴───┴───┘
	     a   b   c   d   e   f   g   h  


[34m[1mAux noirs de jouer.
[37m[1m🕹️  Entrez votre coup: [33m[0m
✅ Mouvement h6e6 effectué.
[0m
[37m[1m	     a   b   c   d   e   f   g   h  
	   ┌───┬───┬───┬───┬───┬───┬───┬───┐
	8  │   │ ♞ │ ♝ │ ♛ │ ♚ │ ♝ │ ♞ │ ♜ │
	   ├───┼───┼───┼───┼───┼───┼───┼───┤
	7  │   │ ♟ │ ♟ │ ♟ │ ♟ │ ♟ │ ♟ │ ♟ │
	   ├───┼───┼───┼───┼───┼───┼───┼───┤
	6  │   │   │   │   │ ♜ │   │   │   │
	   ├───┼───┼───┼───┼───┼───┼───┼───┤
	5  │ ♟ │   │   │   │   │   │   │   │
	   ├───┼───┼───┼───┼───┼───┼───┼───┤
	4  │ ♙ │   │   │   │   │   │   │   │
	   ├───┼───┼───┼───┼───┼───┼───┼───┤
	3  │   │   │   │   │ ♖ │   │   │   │
	   ├───┼───┼───┼───┼───┼───┼───┼───┤
	2  │   │ ♙ │ ♙ │ ♙ │ ♙ │ ♙ │ ♙ │ ♙ │
	   ├───┼───┼───┼───┼───┼───┼───┼───┤
	1  │   │ ♘ │ ♗ │ ♕ │ ♔ │ ♗ │ ♘ │ ♖ │
	   └───┴───┴───┴───┴───┴───┴───┴───┘
	     a   b   c   d   e   f   g   h  


[34m[1mAux blancs de jouer.
[37m[1m🕹️  Entrez votre coup: [33m[0m
✅ Mouvement d2d3 effectué.
[0m
[37m[1m	     a   b   c   d   e   f   g   h  
	   ┌───┬───┬───┬───┬───┬───┬───┬───┐
	8  │   │ ♞ │ ♝ │ ♛ │ ♚ │ ♝ │ ♞ │ ♜ │
	   ├───┼───┼───┼───┼───┼───┼───┼───┤
	7  │   │ ♟ │ ♟ │ ♟ │ ♟ │ ♟ │ ♟ │ ♟ │
	   ├───┼───┼───┼───┼───┼───┼───┼───┤
	6  │   │   │   │   │ ♜ │   │   │   │
	   ├───┼───┼───┼───┼───┼───┼───┼───┤
	5  │ ♟ │   │   │   │   │   │   │   │
	   ├───┼───┼───┼───┼───┼───┼───┼───┤
	4  │ ♙ │   │   │   │   │   │   │   │
	   ├───┼───┼───┼───┼───┼───┼───┼───┤
	3  │   │   │   │ ♙ │ ♖ │   │   │   │
	   ├───┼───┼───┼───┼───┼───┼───┼───┤
	2  │   │ ♙ │ ♙ │   │ ♙ │ ♙ │ ♙ │ ♙ │
	   ├───┼───┼───┼───┼───┼───┼───┼───┤
	1  │   │ ♘ │ ♗ │ ♕ │ ♔ │ ♗ │ ♘ │ ♖ │
	   └───┴───┴───┴───┴───┴───┴───┴───┘
	     a   b   c   d   e   f   g   h  


[34m[1mAux noirs de jouer.
[37m[1m🕹️  Entrez votre coup: [33m[0m
✅ Mouvement d7d6 effectué.
[0m
[37m[1m	     a   b   c   d   e   f   g   h  
	   ┌───┬───┬───┬───┬───┬───┬───┬───┐
	8  │   │ ♞ │ ♝ │ ♛ │ ♚ │ ♝ │ ♞ │ ♜ │
	   ├───┼───┼───┼───┼───┼───┼───┼───┤
	7  │   │ ♟ │ ♟ │   │ ♟ │ ♟ │ ♟ │ ♟ │
	   ├───┼───┼───┼───┼───┼───┼───┼───┤
	6  │   │   │   │ ♟ │ ♜ │   │   │   │
	   ├───┼───┼───┼───┼───┼───┼───┼───┤
	5  │ ♟ │   │   │   │   │   │   │   │
	   ├───┼───┼───┼───┼───┼───┼───┼───┤
	4  │ ♙ │   │   │   │   │   │   │   │
	   ├───┼───┼───┼───┼───┼───┼───┼───┤
	3  │   │   │   │ ♙ │ ♖ │   │   │   │
	   ├───┼───┼───┼───┼───┼───┼───┼───┤
	2  │   │ ♙ │ ♙ │   │ ♙ │ ♙ │ ♙ │ ♙ │
	   ├───┼───┼───┼───┼───┼───┼───┼───┤
	1  │   │ ♘ │ ♗ │ ♕ │ ♔ │ ♗ │ ♘ │ ♖ │
	   └───┴───┴───┴───┴───┴───┴───┴───┘
	     a   b   c   d   e   f   g   h  


[34m[1mAux blancs de jouer.
[37m[1m🕹️  Entrez votre coup: [33m[0m
✅ Mouvement f2f3 effectué.
[0m
[37m[1m	     a   b   c   d   e   f   g   h  
	   ┌───┬───┬───┬───┬───┬───┬───┬───┐
	8  │   │ ♞ │ ♝ │ ♛ │ ♚ │ ♝ │ ♞ │ ♜ │
	   ├───┼───┼───┼───┼───┼───┼───┼───┤
	7  │   │ ♟ │ ♟ │   │ ♟ │ ♟ │ ♟ │ ♟ │
	   ├───┼───┼───┼───┼───┼───┼───┼───┤
	6  │   │   │   │ ♟ │ ♜ │   │   │   │
	   ├───┼───┼───┼───┼───┼───┼───┼───┤
	5  │ ♟ │   │   │   │   │   │   │   │
	   ├───┼───┼───┼───┼───┼───┼───┼───┤
	4  │ ♙ │   │   │   │   │   │   │   │
	   ├───┼───┼───┼───┼───┼───┼───┼───┤
	3  │   │   │   │ ♙ │ ♖ │ ♙ │   │   │
	   ├───┼───┼───┼───┼───┼───┼───┼───┤
	2  │   │ ♙ │ ♙ │   │ ♙ │   │ ♙ │ ♙ │
	   ├───┼───┼───┼───┼───┼───┼───┼───┤
	1  │   │ ♘ │ ♗ │ ♕ │ ♔ │ ♗ │ ♘ │ ♖ │
	   └───┴───┴───┴───┴───┴───┴───┴───┘
	     a   b   c   d   e   f   g   h  


[34m[1mAux noirs de jouer.
[37m[1m🕹️  Entrez votre coup: [33m[0m
✅ Mouvement f7f6 effectué.
[0m
[37m[1m	     a   b   c   d   e   f   g   h  
	   ┌───┬───┬───┬───┬───┬───┬───┬───┐
	8  │   │ ♞ │ ♝ │ ♛ │ ♚ │ ♝ │ ♞ │ ♜ │
	   ├───┼───┼───┼───┼───┼───┼───┼───┤
	7  │   │ ♟ │ ♟ │   │ ♟ │   │ ♟ │ ♟ │
	   ├───┼───┼───┼───┼───┼───┼───┼───┤
	6  │   │   │   │ ♟ │ ♜ │ ♟ │   │   │
	   ├───┼───┼───┼───┼───┼───┼───┼───┤
	5  │ ♟ │   │   │   │   │   │   │   │
	   ├───┼───┼───┼───┼───┼───┼───┼───┤
	4  │ ♙ │   │   │   │   │   │   │   │
	   ├───┼───┼───┼───┼───┼───┼───┼───┤
	3  │   │   │   │ ♙ │ ♖ │ ♙ │   │   │
	   ├───┼───┼───┼───┼───┼───┼───┼───┤
	2  │   │ ♙ │ ♙ │   │ ♙ │   │ ♙ │ ♙ │
	   ├───┼───┼───┼───┼───┼───┼───┼───┤
	1  │   │ ♘ │ ♗ │ ♕ │ ♔ │ ♗ │ ♘ │ ♖ │
	   └───┴───┴───┴───┴───┴───┴───┴───┘
	     a   b   c   d   e   f   g   h  


[34m[1mAux blancs de jouer.
[37m[1m🕹️  Entrez votre coup: [33m[0m
[31m[1m🚫 Ce mouvement n'est pas valide.
[0m
[37m[1m	     a   b   c   d   e   f   g   h  
	   ┌───┬───┬───┬───┬───┬───┬───┬───┐
	8  │   │ ♞ │ ♝ │ ♛ │ ♚ │ ♝ │ ♞ │ ♜ │
	   ├───┼───┼───┼───┼───┼───┼───┼───┤
	7  │   │ ♟ │ ♟ │   │ ♟ │   │ ♟ │ ♟ │
	   ├───┼───┼───┼───┼───┼───┼───┼───┤
	6  │   │   │   │ ♟ │ ♜ │ ♟ │   │   │
	   ├───┼───┼───┼───┼───┼───┼───┼───┤
	5  │ ♟ │   │   │   │   │   │   │   │
	   ├───┼───┼───┼───┼───┼───┼───┼───┤
	4  │ ♙ │   │   │   │   │   │   │   │
	   ├───┼───┼───┼───┼───┼───┼───┼───┤
	3  │   │   │   │ ♙ │ ♖ │ ♙ │   │   │
	   ├───┼───┼───┼───┼───┼───┼───┼───┤
	2  │   │ ♙ │ ♙ │   │ ♙ │   │ ♙ │ ♙ │
	   ├───┼───┼───┼───┼───┼───┼───┼───┤
	1  │   │ ♘ │ ♗ │ ♕ │ ♔ │ ♗ │ ♘ │ ♖ │
	   └───┴───┴───┴───┴───┴───┴───┴───┘
	     a   b   c   d   e   f   g   h  


[34m[1mAux blancs de jouer.
[37m[1m🕹️  Entrez votre coup: [33m[0m
[31m[1m🚫 Ce mouvement n'est pas valide.
[0m
[37m[1m	     a   b   c   d   e   f   g   h  
	   ┌───┬───┬───┬───┬───┬───┬───┬───┐
	8  │   │ ♞ │ ♝ │ ♛ │ ♚ │ ♝ │ ♞ │ ♜ │
	   ├───┼───┼───┼───┼───┼───┼───┼───┤
	7  │   │ ♟ │ ♟ │   │ ♟ │   │ ♟ │ ♟ │
	   ├───┼───┼───┼───┼───┼───┼───┼───┤
	6  │   │   │   │ ♟ │ ♜ │ ♟ │   │   │
	   ├───┼───┼───┼───┼───┼───┼───┼───┤
	5  │ ♟ │   │   │   │   │   │   │   │
	   ├───┼───┼───┼───┼───┼───┼───┼───┤
	4  │ ♙ │   │   │   │   │   │   │   │
	   ├───┼───┼───┼───┼───┼───┼───┼───┤
	3  │   │   │   │ ♙ │ ♖ │ ♙ │   │   │
	   ├───┼───┼───┼───┼───┼───┼───┼───┤
	2  │   │ ♙ │ ♙ │   │ ♙ │   │ ♙ │ ♙ │
	   ├───┼───┼───┼───┼───┼───┼───┼───┤
	1  │   │ ♘ │ ♗ │ ♕ │ ♔ │ ♗ │ ♘ │ ♖ │
	   └───┴───┴───┴───┴───┴───┴───┴───┘
	     a   b   c   d   e   f   g   h  


[34m[1mAux blancs de jouer.
[37m[1m🕹️  Entrez votre coup: [33m[0m
✅ Mouvement b2b3 effectué.
[0m
[37m[1m	     a   b   c   d   e   f   g   h  
	   ┌───┬───┬───┬───┬───┬───┬───┬───┐
	8  │   │ ♞ │ ♝ │ ♛ │ ♚ │ ♝ │ ♞ │ ♜ │
	   ├───┼───┼───┼───┼───┼───┼───┼───┤
	7  │   │ ♟ │ ♟ │   │ ♟ │   │ ♟ │ ♟ │
	   ├───┼───┼───┼───┼───┼───┼───┼───┤
	6  │   │   │   │ ♟ │ ♜ │ ♟ │   │   │
	   ├───┼───┼───┼───┼───┼───┼───┼───┤
	5  │ ♟ │   │   │   │   │   │   │   │
	   ├───┼───┼───┼───┼───┼───┼───┼───┤
	4  │ ♙ │   │   │   │   │   │   │   │
	   ├───┼───┼───┼───┼───┼───┼───┼───┤
	3  │   │ ♙ │   │ ♙ │ ♖ │ ♙ │   │   │
	   ├───┼───┼───┼───┼───┼───┼───┼───┤
	2  │   │   │ ♙ │   │ ♙ │   │ ♙ │ ♙ │
	   ├───┼───┼───┼───┼───┼───┼───┼───┤
	1  │   │ ♘ │ ♗ │ ♕ │ ♔ │ ♗ │ ♘ │ ♖ │
	   └───┴───┴───┴───┴───┴───┴───┴───┘
	     a   b   c   d   e   f   g   h  


[34m[1mAux noirs de jouer.
[37m[1m🕹️  Entrez votre coup: [33m[0m
[31m[1m🚫 Ce mouvement n'est pas valide.
[0m
[37m[1m	     a   b   c   d   e   f   g   h  
	   ┌───┬───┬───┬───┬───┬───┬───┬───┐
	8  │   │ ♞ │ ♝ │ ♛ │ ♚ │ ♝ │ ♞ │ ♜ │
	   ├───┼───┼───┼───┼───┼───┼───┼───┤
	7  │   │ ♟ │ ♟ │   │ ♟ │   │ ♟ │ ♟ │
	   ├───┼───┼───┼───┼───┼───┼───┼───┤
	6  │   │   │   │ ♟ │ ♜ │ ♟ │   │   │
	   ├───┼───┼───┼───┼───┼───┼───┼───┤
	5  │ ♟ │   │   │   │   │   │   │   │
	   ├───┼───┼───┼───┼───┼───┼───┼───┤
	4  │ ♙ │   │   │   │   │   │   │   │
	   ├───┼───┼───┼───┼───┼───┼───┼───┤
	3  │   │ ♙ │   │ ♙ │ ♖ │ ♙ │   │   │
	   ├───┼───┼───┼───┼───┼───┼───┼───┤
	2  │   │   │ ♙ │   │ ♙ │   │ ♙ │ ♙ │
	   ├───┼───┼───┼───┼───┼───┼───┼───┤
	1  │   │ ♘ │ ♗ │ ♕ │ ♔ │ ♗ │ ♘ │ ♖ │
	   └───┴───┴───┴───┴───┴───┴───┴───┘
	     a   b   c   d   e   f   g   h  


[34m[1mAux noirs de jouer.
[37m[1m🕹️  Entrez votre coup: [33m[0m
[31m[1m🚫 Ce mouvement n'est pas valide.
[0m
[37m[1m	     a   b   c   d   e   f   g   h  
	   ┌───┬───┬───┬───┬───┬───┬───┬───┐
	8  │   │ ♞ │ ♝ │ ♛ │ ♚ │ ♝ │ ♞ │ ♜ │
	   ├───┼───┼───┼───┼───┼───┼───┼───┤
	7  │   │ ♟ │ ♟ │   │ ♟ │   │ ♟ │ ♟ │
	   ├───┼───┼───┼───┼───┼───┼───┼───┤
	6  │   │   │   │ ♟ │ ♜ │ ♟ │   │   │
	   ├───┼───┼───┼───┼───┼───┼───┼───┤
	5  │ ♟ │   │   │   │   │   │   │   │
	   ├───┼───┼───┼───┼───┼───┼───┼───┤
	4  │ ♙ │   │   │   │   │   │   │   │
	   ├───┼───┼───┼───┼───┼───┼───┼───┤
	3  │   │ ♙ │   │ ♙ │ ♖ │ ♙ │   │   │
	   ├───┼───┼───┼───┼───┼───┼───┼───┤
	2  │   │   │ ♙ │   │ ♙ │   │ ♙ │ ♙ │
	   ├───┼───┼───┼───┼───┼───┼───┼───┤
	1  │   │ ♘ │ ♗ │ ♕ │ ♔ │ ♗ │ ♘ │ ♖ │
	   └───┴───┴───┴───┴───┴───┴───┴───┘
	     a   b   c   d   e   f   g   h  


[34m[1mAux noirs de jouer.
[37m[1m🕹️  Entrez votre coup: [33m[0m
[1m[37m

		┌───────────────────┐
		│ 🚪 Quitter le jeu │
		└───────────────────┘

[0m[1m	👋 Merci d'avoir joué, à bientôt !

,wN,wB,wQ,wK,wB,wN,wR,,,wP,,wP,,wP,wP,,wP,,wP,wR,wP,,,wP,,,,,,,,bP,,,,,,,,,,,bP,bR,bP,,,,bP,bP,,bP,,bP,bP,,bN,bB,bQ,bK,bB,bN,bR, ?-?
  -> [0;32mreference position: OK[0m
  -> [0;32mreference result: OK[0m
  -> [0m(exit code=0)
[0;33m> data/1-ill-pawn-1.txt[0m

[37m[1m	     a   b   c   d   e   f   g   h  
	   ┌───┬───┬───┬───┬───┬───┬───┬───┐
	8  │ ♜ │ ♞ │ ♝ │ ♛ │ ♚ │ ♝ │ ♞ │ ♜ │
	   ├───┼───┼───┼───┼───┼───┼───┼───┤
	7  │ ♟ │ ♟ │ ♟ │ ♟ │ ♟ │ ♟ │ ♟ │ ♟ │
	   ├───┼───┼───┼───┼───┼───┼───┼───┤
	6  │   │   │   │   │   │   │   │   │
	   ├───┼───┼───┼───┼───┼───┼───┼───┤
	5  │   │   │   │   │   │   │   │   │
	   ├───┼───┼───┼───┼───┼───┼───┼───┤
	4  │   │   │   │   │   │   │   │   │
	   ├───┼───┼───┼───┼───┼───┼───┼───┤
	3  │   │   │   │   │   │   │   │   │
	   ├───┼───┼───┼───┼───┼───┼───┼───┤
	2  │ ♙ │ ♙ │ ♙ │ ♙ │ ♙ │ ♙ │ ♙ │ ♙ │
	   ├───┼───┼───┼───┼───┼───┼───┼───┤
	1  │ ♖ │ ♘ │ ♗ │ ♕ │ ♔ │ ♗ │ ♘ │ ♖ │
	   └───┴───┴───┴───┴───┴───┴───┴───┘
	     a   b   c   d   e   f   g   h  


[34m[1mAux blancs de jouer.
[37m[1m🕹️  Entrez votre coup: [33m[0m
✅ Mouvement e2e4 effectué.
[0m
[37m[1m	     a   b   c   d   e   f   g   h  
	   ┌───┬───┬───┬───┬───┬───┬───┬───┐
	8  │ ♜ │ ♞ │ ♝ │ ♛ │ ♚ │ ♝ │ ♞ │ ♜ │
	   ├───┼───┼───┼───┼───┼───┼───┼───┤
	7  │ ♟ │ ♟ │ ♟ │ ♟ │ ♟ │ ♟ │ ♟ │ ♟ │
	   ├───┼───┼───┼───┼───┼───┼───┼───┤
	6  │   │   │   │   │   │   │   │   │
	   ├───┼───┼───┼───┼───┼───┼───┼───┤
	5  │   │   │   │   │   │   │   │   │
	   ├───┼───┼───┼───┼───┼───┼───┼───┤
	4  │   │   │   │   │ ♙ │   │   │   │
	   ├───┼───┼───┼───┼───┼───┼───┼───┤
	3  │   │   │   │   │   │   │   │   │
	   ├───┼───┼───┼───┼───┼───┼───┼───┤
	2  │ ♙ │ ♙ │ ♙ │ ♙ │   │ ♙ │ ♙ │ ♙ │
	   ├───┼───┼───┼───┼───┼───┼───┼───┤
	1  │ ♖ │ ♘ │ ♗ │ ♕ │ ♔ │ ♗ │ ♘ │ ♖ │
	   └───┴───┴───┴───┴───┴───┴───┴───┘
	     a   b   c   d   e   f   g   h  


[34m[1mAux noirs de jouer.
[37m[1m🕹️  Entrez votre coup: [33m[0m
✅ Mouvement e7e5 effectué.
[0m
[37m[1m	     a   b   c   d   e   f   g   h  
	   ┌───┬───┬───┬───┬───┬───┬───┬───┐
	8  │ ♜ │ ♞ │ ♝ │ ♛ │ ♚ │ ♝ │ ♞ │ ♜ │
	   ├───┼───┼───┼───┼───┼───┼───┼───┤
	7  │ ♟ │ ♟ │ ♟ │ ♟ │   │ ♟ │ ♟ │ ♟ │
	   ├───┼───┼───┼───┼───┼───┼───┼───┤
	6  │   │   │   │   │   │   │   │   │
	   ├───┼───┼───┼───┼───┼───┼───┼───┤
	5  │   │   │   │   │ ♟ │   │   │   │
	   ├───┼───┼───┼───┼───┼───┼───┼───┤
	4  │   │   │   │   │ ♙ │   │   │   │
	   ├───┼───┼───┼───┼───┼───┼───┼───┤
	3  │   │   │   │   │   │   │   │   │
	   ├───┼───┼───┼───┼───┼───┼───┼───┤
	2  │ ♙ │ ♙ │ ♙ │ ♙ │   │ ♙ │ ♙ │ ♙ │
	   ├───┼───┼───┼───┼───┼───┼───┼───┤
	1  │ ♖ │ ♘ │ ♗ │ ♕ │ ♔ │ ♗ │ ♘ │ ♖ │
	   └───┴───┴───┴───┴───┴───┴───┴───┘
	     a   b   c   d   e   f   g   h  


[34m[1mAux blancs de jouer.
[37m[1m🕹️  Entrez votre coup: [33m[0m
[31m[1m🚫 Ce mouvement n'est pas valide.
[0m
[37m[1m	     a   b   c   d   e   f   g   h  
	   ┌───┬───┬───┬───┬───┬───┬───┬───┐
	8  │ ♜ │ ♞ │ ♝ │ ♛ │ ♚ │ ♝ │ ♞ │ ♜ │
	   ├───┼───┼───┼───┼───┼───┼───┼───┤
	7  │ ♟ │ ♟ │ ♟ │ ♟ │   │ ♟ │ ♟ │ ♟ │
	   ├───┼───┼───┼───┼───┼───┼───┼───┤
	6  │   │   │   │   │   │   │   │   │
	   ├───┼───┼───┼───┼───┼───┼───┼───┤
	5  │   │   │   │   │ ♟ │   │   │   │
	   ├───┼───┼───┼───┼───┼───┼───┼───┤
	4  │   │   │   │   │ ♙ │   │   │   │
	   ├───┼───┼───┼───┼───┼───┼───┼───┤
	3  │   │   │   │   │   │   │   │   │
	   ├───┼───┼───┼───┼───┼───┼───┼───┤
	2  │ ♙ │ ♙ │ ♙ │ ♙ │   │ ♙ │ ♙ │ ♙ │
	   ├───┼───┼───┼───┼───┼───┼───┼───┤
	1  │ ♖ │ ♘ │ ♗ │ ♕ │ ♔ │ ♗ │ ♘ │ ♖ │
	   └───┴───┴───┴───┴───┴───┴───┴───┘
	     a   b   c   d   e   f   g   h  


[34m[1mAux blancs de jouer.
[37m[1m🕹️  Entrez votre coup: [33m[0m
✅ Mouvement d2d4 effectué.
[0m
[37m[1m	     a   b   c   d   e   f   g   h  
	   ┌───┬───┬───┬───┬───┬───┬───┬───┐
	8  │ ♜ │ ♞ │ ♝ │ ♛ │ ♚ │ ♝ │ ♞ │ ♜ │
	   ├───┼───┼───┼───┼───┼───┼───┼───┤
	7  │ ♟ │ ♟ │ ♟ │ ♟ │   │ ♟ │ ♟ │ ♟ │
	   ├───┼───┼───┼───┼───┼───┼───┼───┤
	6  │   │   │   │   │   │   │   │   │
	   ├───┼───┼───┼───┼───┼───┼───┼───┤
	5  │   │   │   │   │ ♟ │   │   │   │
	   ├───┼───┼───┼───┼───┼───┼───┼───┤
	4  │   │   │   │ ♙ │ ♙ │   │   │   │
	   ├───┼───┼───┼───┼───┼───┼───┼───┤
	3  │   │   │   │   │   │   │   │   │
	   ├───┼───┼───┼───┼───┼───┼───┼───┤
	2  │ ♙ │ ♙ │ ♙ │   │   │ ♙ │ ♙ │ ♙ │
	   ├───┼───┼───┼───┼───┼───┼───┼───┤
	1  │ ♖ │ ♘ │ ♗ │ ♕ │ ♔ │ ♗ │ ♘ │ ♖ │
	   └───┴───┴───┴───┴───┴───┴───┴───┘
	     a   b   c   d   e   f   g   h  


[34m[1mAux noirs de jouer.
[37m[1m🕹️  Entrez votre coup: [33m[0m
[31m[1m🚫 Ce mouvement n'est pas valide.
[0m
[37m[1m	     a   b   c   d   e   f   g   h  
	   ┌───┬───┬───┬───┬───┬───┬───┬───┐
	8  │ ♜ │ ♞ │ ♝ │ ♛ │ ♚ │ ♝ │ ♞ │ ♜ │
	   ├───┼───┼───┼───┼───┼───┼───┼───┤
	7  │ ♟ │ ♟ │ ♟ │ ♟ │   │ ♟ │ ♟ │ ♟ │
	   ├───┼───┼───┼───┼───┼───┼───┼───┤
	6  │   │   │   │   │   │   │   │   │
	   ├───┼───┼───┼───┼───┼───┼───┼───┤
	5  │   │   │   │   │ ♟ │   │   │   │
	   ├───┼───┼───┼───┼───┼───┼───┼───┤
	4  │   │   │   │ ♙ │ ♙ │   │   │   │
	   ├───┼───┼───┼───┼───┼───┼───┼───┤
	3  │   │   │   │   │   │   │   │   │
	   ├───┼───┼───┼───┼───┼───┼───┼───┤
	2  │ ♙ │ ♙ │ ♙ │   │   │ ♙ │ ♙ │ ♙ │
	   ├───┼───┼───┼───┼───┼───┼───┼───┤
	1  │ ♖ │ ♘ │ ♗ │ ♕ │ ♔ │ ♗ │ ♘ │ ♖ │
	   └───┴───┴───┴───┴───┴───┴───┴───┘
	     a   b   c   d   e   f   g   h  


[34m[1mAux noirs de jouer.
[37m[1m🕹️  Entrez votre coup: [33m[0m
✅ Mouvement f7f5 effectué.
[0m
[37m[1m	     a   b   c   d   e   f   g   h  
	   ┌───┬───┬───┬───┬───┬───┬───┬───┐
	8  │ ♜ │ ♞ │ ♝ │ ♛ │ ♚ │ ♝ │ ♞ │ ♜ │
	   ├───┼───┼───┼───┼───┼───┼───┼───┤
	7  │ ♟ │ ♟ │ ♟ │ ♟ │   │   │ ♟ │ ♟ │
	   ├───┼───┼───┼───┼───┼───┼───┼───┤
	6  │   │   │   │   │   │   │   │   │
	   ├───┼───┼───┼───┼───┼───┼───┼───┤
	5  │   │   │   │   │ ♟ │ ♟ │   │   │
	   ├───┼───┼───┼───┼───┼───┼───┼───┤
	4  │   │   │   │ ♙ │ ♙ │   │   │   │
	   ├───┼───┼───┼───┼───┼───┼───┼───┤
	3  │   │   │   │   │   │   │   │   │
	   ├───┼───┼───┼───┼───┼───┼───┼───┤
	2  │ ♙ │ ♙ │ ♙ │   │   │ ♙ │ ♙ │ ♙ │
	   ├───┼───┼───┼───┼───┼───┼───┼───┤
	1  │ ♖ │ ♘ │ ♗ │ ♕ │ ♔ │ ♗ │ ♘ │ ♖ │
	   └───┴───┴───┴───┴───┴───┴───┴───┘
	     a   b   c   d   e   f   g   h  


[34m[1mAux blancs de jouer.
[37m[1m🕹️  Entrez votre coup: [33m[0m
[31m[1m🚫 Ce mouvement n'est pas valide.
[0m
[37m[1m	     a   b   c   d   e   f   g   h  
	   ┌───┬───┬───┬───┬───┬───┬───┬───┐
	8  │ ♜ │ ♞ │ ♝ │ ♛ │ ♚ │ ♝ │ ♞ │ ♜ │
	   ├───┼───┼───┼───┼───┼───┼───┼───┤
	7  │ ♟ │ ♟ │ ♟ │ ♟ │   │   │ ♟ │ ♟ │
	   ├───┼───┼───┼───┼───┼───┼───┼───┤
	6  │   │   │   │   │   │   │   │   │
	   ├───┼───┼───┼───┼───┼───┼───┼───┤
	5  │   │   │   │   │ ♟ │ ♟ │   │   │
	   ├───┼───┼───┼───┼───┼───┼───┼───┤
	4  │   │   │   │ ♙ │ ♙ │   │   │   │
	   ├───┼───┼───┼───┼───┼───┼───┼───┤
	3  │   │   │   │   │   │   │   │   │
	   ├───┼───┼───┼───┼───┼───┼───┼───┤
	2  │ ♙ │ ♙ │ ♙ │   │   │ ♙ │ ♙ │ ♙ │
	   ├───┼───┼───┼───┼───┼───┼───┼───┤
	1  │ ♖ │ ♘ │ ♗ │ ♕ │ ♔ │ ♗ │ ♘ │ ♖ │
	   └───┴───┴───┴───┴───┴───┴───┴───┘
	     a   b   c   d   e   f   g   h  


[34m[1mAux blancs de jouer.
[37m[1m🕹️  Entrez votre coup: [33m[0m
✅ Mouvement f1a6 effectué.
[0m
[37m[1m	     a   b   c   d   e   f   g   h  
	   ┌───┬───┬───┬───┬───┬───┬───┬───┐
	8  │ ♜ │ ♞ │ ♝ │ ♛ │ ♚ │ ♝ │ ♞ │ ♜ │
	   ├───┼───┼───┼───┼───┼───┼───┼───┤
	7  │ ♟ │ ♟ │ ♟ │ ♟ │   │   │ ♟ │ ♟ │
	   ├───┼───┼───┼───┼───┼───┼───┼───┤
	6  │ ♗ │   │   │   │   │   │   │   │
	   ├───┼───┼───┼───┼───┼───┼───┼───┤
	5  │   │   │   │   │ ♟ │ ♟ │   │   │
	   ├───┼───┼───┼───┼───┼───┼───┼───┤
	4  │   │   │   │ ♙ │ ♙ │   │   │   │
	   ├───┼───┼───┼───┼───┼───┼───┼───┤
	3  │   │   │   │   │   │   │   │   │
	   ├───┼───┼───┼───┼───┼───┼───┼───┤
	2  │ ♙ │ ♙ │ ♙ │   │   │ ♙ │ ♙ │ ♙ │
	   ├───┼───┼───┼───┼───┼───┼───┼───┤
	1  │ ♖ │ ♘ │ ♗ │ ♕ │ ♔ │   │ ♘ │ ♖ │
	   └───┴───┴───┴───┴───┴───┴───┴───┘
	     a   b   c   d   e   f   g   h  


[34m[1mAux noirs de jouer.
[37m[1m🕹️  Entrez votre coup: [33m[0m
[31m[1m🚫 Ce mouvement n'est pas valide.
[0m
[37m[1m	     a   b   c   d   e   f   g   h  
	   ┌───┬───┬───┬───┬───┬───┬───┬───┐
	8  │ ♜ │ ♞ │ ♝ │ ♛ │ ♚ │ ♝ │ ♞ │ ♜ │
	   ├───┼───┼───┼───┼───┼───┼───┼───┤
	7  │ ♟ │ ♟ │ ♟ │ ♟ │   │   │ ♟ │ ♟ │
	   ├───┼───┼───┼───┼───┼───┼───┼───┤
	6  │ ♗ │   │   │   │   │   │   │   │
	   ├───┼───┼───┼───┼───┼───┼───┼───┤
	5  │   │   │   │   │ ♟ │ ♟ │   │   │
	   ├───┼───┼───┼───┼───┼───┼───┼───┤
	4  │   │   │   │ ♙ │ ♙ │   │   │   │
	   ├───┼───┼───┼───┼───┼───┼───┼───┤
	3  │   │   │   │   │   │   │   │   │
	   ├───┼───┼───┼───┼───┼───┼───┼───┤
	2  │ ♙ │ ♙ │ ♙ │   │   │ ♙ │ ♙ │ ♙ │
	   ├───┼───┼───┼───┼───┼───┼───┼───┤
	1  │ ♖ │ ♘ │ ♗ │ ♕ │ ♔ │   │ ♘ │ ♖ │
	   └───┴───┴───┴───┴───┴───┴───┴───┘
	     a   b   c   d   e   f   g   h  


[34m[1mAux noirs de jouer.
[37m[1m🕹️  Entrez votre coup: [33m[0m
[31m[1m🚫 Ce mouvement n'est pas valide.
[0m
[37m[1m	     a   b   c   d   e   f   g   h  
	   ┌───┬───┬───┬───┬───┬───┬───┬───┐
	8  │ ♜ │ ♞ │ ♝ │ ♛ │ ♚ │ ♝ │ ♞ │ ♜ │
	   ├───┼───┼───┼───┼───┼───┼───┼───┤
	7  │ ♟ │ ♟ │ ♟ │ ♟ │   │   │ ♟ │ ♟ │
	   ├───┼───┼───┼───┼───┼───┼───┼───┤
	6  │ ♗ │   │   │   │   │   │   │   │
	   ├───┼───┼───┼───┼───┼───┼───┼───┤
	5  │   │   │   │   │ ♟ │ ♟ │   │   │
	   ├───┼───┼───┼───┼───┼───┼───┼───┤
	4  │   │   │   │ ♙ │ ♙ │   │   │   │
	   ├───┼───┼───┼───┼───┼───┼───┼───┤
	3  │   │   │   │   │   │   │   │   │
	   ├───┼───┼───┼───┼───┼───┼───┼───┤
	2  │ ♙ │ ♙ │ ♙ │   │   │ ♙ │ ♙ │ ♙ │
	   ├───┼───┼───┼───┼───┼───┼───┼───┤
	1  │ ♖ │ ♘ │ ♗ │ ♕ │ ♔ │   │ ♘ │ ♖ │
	   └───┴───┴───┴───┴───┴───┴───┴───┘
	     a   b   c   d   e   f   g   h  


[34m[1mAux noirs de jouer.
[37m[1m🕹️  Entrez votre coup: [33m[0m
✅ Mouvement b7a6 effectué.
[0m
[37m[1m	     a   b   c   d   e   f   g   h  
	   ┌───┬───┬───┬───┬───┬───┬───┬───┐
	8  │ ♜ │ ♞ │ ♝ │ ♛ │ ♚ │ ♝ │ ♞ │ ♜ │
	   ├───┼───┼───┼───┼───┼───┼───┼───┤
	7  │ ♟ │   │ ♟ │ ♟ │   │   │ ♟ │ ♟ │
	   ├───┼───┼───┼───┼───┼───┼───┼───┤
	6  │ ♟ │   │   │   │   │   │   │   │
	   ├───┼───┼───┼───┼───┼───┼───┼───┤
	5  │   │   │   │   │ ♟ │ ♟ │   │   │
	   ├───┼───┼───┼───┼───┼───┼───┼───┤
	4  │   │   │   │ ♙ │ ♙ │   │   │   │
	   ├───┼───┼───┼───┼───┼───┼───┼───┤
	3  │   │   │   │   │   │   │   │   │
	   ├───┼───┼───┼───┼───┼───┼───┼───┤
	2  │ ♙ │ ♙ │ ♙ │   │   │ ♙ │ ♙ │ ♙ │
	   ├───┼───┼───┼───┼───┼───┼───┼───┤
	1  │ ♖ │ ♘ │ ♗ │ ♕ │ ♔ │   │ ♘ │ ♖ │
	   └───┴───┴───┴───┴───┴───┴───┴───┘
	     a   b   c   d   e   f   g   h  


[34m[1mAux blancs de jouer.
[37m[1m🕹️  Entrez votre coup: [33m[0m
✅ Mouvement d4d5 effectué.
[0m
[37m[1m	     a   b   c   d   e   f   g   h  
	   ┌───┬───┬───┬───┬───┬───┬───┬───┐
	8  │ ♜ │ ♞ │ ♝ │ ♛ │ ♚ │ ♝ │ ♞ │ ♜ │
	   ├───┼───┼───┼───┼───┼───┼───┼───┤
	7  │ ♟ │   │ ♟ │ ♟ │   │   │ ♟ │ ♟ │
	   ├───┼───┼───┼───┼───┼───┼───┼───┤
	6  │ ♟ │   │   │   │   │   │   │   │
	   ├───┼───┼───┼───┼───┼───┼───┼───┤
	5  │   │   │   │ ♙ │ ♟ │ ♟ │   │   │
	   ├───┼───┼───┼───┼───┼───┼───┼───┤
	4  │   │   │   │   │ ♙ │   │   │   │
	   ├───┼───┼───┼───┼───┼───┼───┼───┤
	3  │   │   │   │   │   │   │   │   │
	   ├───┼───┼───┼───┼───┼───┼───┼───┤
	2  │ ♙ │ ♙ │ ♙ │   │   │ ♙ │ ♙ │ ♙ │
	   ├───┼───┼───┼───┼───┼───┼───┼───┤
	1  │ ♖ │ ♘ │ ♗ │ ♕ │ ♔ │   │ ♘ │ ♖ │
	   └───┴───┴───┴───┴───┴───┴───┴───┘
	     a   b   c   d   e   f   g   h  


[34m[1mAux noirs de jouer.
[37m[1m🕹️  Entrez votre coup: [33m[0m
[31m[1m🚫 Ce mouvement n'est pas valide.
[0m
[37m[1m	     a   b   c   d   e   f   g   h  
	   ┌───┬───┬───┬───┬───┬───┬───┬───┐
	8  │ ♜ │ ♞ │ ♝ │ ♛ │ ♚ │ ♝ │ ♞ │ ♜ │
	   ├───┼───┼───┼───┼───┼───┼───┼───┤
	7  │ ♟ │   │ ♟ │ ♟ │   │   │ ♟ │ ♟ │
	   ├───┼───┼───┼───┼───┼───┼───┼───┤
	6  │ ♟ │   │   │   │   │   │   │   │
	   ├───┼───┼───┼───┼───┼───┼───┼───┤
	5  │   │   │   │ ♙ │ ♟ │ ♟ │   │   │
	   ├───┼───┼───┼───┼───┼───┼───┼───┤
	4  │   │   │   │   │ ♙ │   │   │   │
	   ├───┼───┼───┼───┼───┼───┼───┼───┤
	3  │   │   │   │   │   │   │   │   │
	   ├───┼───┼───┼───┼───┼───┼───┼───┤
	2  │ ♙ │ ♙ │ ♙ │   │   │ ♙ │ ♙ │ ♙ │
	   ├───┼───┼───┼───┼───┼───┼───┼───┤
	1  │ ♖ │ ♘ │ ♗ │ ♕ │ ♔ │   │ ♘ │ ♖ │
	   └───┴───┴───┴───┴───┴───┴───┴───┘
	     a   b   c   d   e   f   g   h  


[34m[1mAux noirs de jouer.
[37m[1m🕹️  Entrez votre coup: [33m[0m
✅ Mouvement c7c5 effectué.
[0m
[37m[1m	     a   b   c   d   e   f   g   h  
	   ┌───┬───┬───┬───┬───┬───┬───┬───┐
	8  │ ♜ │ ♞ │ ♝ │ ♛ │ ♚ │ ♝ │ ♞ │ ♜ │
	   ├───┼───┼───┼───┼───┼───┼───┼───┤
	7  │ ♟ │   │   │ ♟ │   │   │ ♟ │ ♟ │
	   ├───┼───┼───┼───┼───┼───┼───┼───┤
	6  │ ♟ │   │   │   │   │   │   │   │
	   ├───┼───┼───┼───┼───┼───┼───┼───┤
	5  │   │   │ ♟ │ ♙ │ ♟ │ ♟ │   │   │
	   ├───┼───┼───┼───┼───┼───┼───┼───┤
	4  │   │   │   │   │ ♙ │   │   │   │
	   ├───┼───┼───┼───┼───┼───┼───┼───┤
	3  │   │   │   │   │   │   │   │   │
	   ├───┼───┼───┼───┼───┼───┼───┼───┤
	2  │ ♙ │ ♙ │ ♙ │   │   │ ♙ │ ♙ │ ♙ │
	   ├───┼───┼───┼───┼───┼───┼───┼───┤
	1  │ ♖ │ ♘ │ ♗ │ ♕ │ ♔ │   │ ♘ │ ♖ │
	   └───┴───┴───┴───┴───┴───┴───┴───┘
	     a   b   c   d   e   f   g   h  


[34m[1mAux blancs de jouer.
[37m[1m🕹️  Entrez votre coup: [33m[0m
[1m[37m

		┌───────────────────┐
		│ 🚪 Quitter le jeu │
		└───────────────────┘

[0m[1m	👋 Merci d'avoir joué, à bientôt !

wR,wN,wB,wQ,wK,,wN,wR,wP,wP,wP,,,wP,wP,wP,,,,,,,,,,,,,wP,,,,,,bP,wP,bP,bP,,,bP,,,,,,,,bP,,,bP,,,bP,bP,bR,bN,bB,bQ,bK,bB,bN,bR, ?-?
  -> [0;32mreference position: OK[0m
  -> [0;32mreference result: OK[0m
  -> [0m(exit code=0)
[0;33m> data/1-ill-rook-1.txt[0m

[37m[1m	     a   b   c   d   e   f   g   h  
	   ┌───┬───┬───┬───┬───┬───┬───┬───┐
	8  │ ♜ │ ♞ │ ♝ │ ♛ │ ♚ │ ♝ │ ♞ │ ♜ │
	   ├───┼───┼───┼───┼───┼───┼───┼───┤
	7  │ ♟ │ ♟ │ ♟ │ ♟ │ ♟ │ ♟ │ ♟ │ ♟ │
	   ├───┼───┼───┼───┼───┼───┼───┼───┤
	6  │   │   │   │   │   │   │   │   │
	   ├───┼───┼───┼───┼───┼───┼───┼───┤
	5  │   │   │   │   │   │   │   │   │
	   ├───┼───┼───┼───┼───┼───┼───┼───┤
	4  │   │   │   │   │   │   │   │   │
	   ├───┼───┼───┼───┼───┼───┼───┼───┤
	3  │   │   │   │   │   │   │   │   │
	   ├───┼───┼───┼───┼───┼───┼───┼───┤
	2  │ ♙ │ ♙ │ ♙ │ ♙ │ ♙ │ ♙ │ ♙ │ ♙ │
	   ├───┼───┼───┼───┼───┼───┼───┼───┤
	1  │ ♖ │ ♘ │ ♗ │ ♕ │ ♔ │ ♗ │ ♘ │ ♖ │
	   └───┴───┴───┴───┴───┴───┴───┴───┘
	     a   b   c   d   e   f   g   h  


[34m[1mAux blancs de jouer.
[37m[1m🕹️  Entrez votre coup: [33m[0m
[31m[1m🚫 Ce mouvement n'est pas valide.
[0m
[37m[1m	     a   b   c   d   e   f   g   h  
	   ┌───┬───┬───┬───┬───┬───┬───┬───┐
	8  │ ♜ │ ♞ │ ♝ │ ♛ │ ♚ │ ♝ │ ♞ │ ♜ │
	   ├───┼───┼───┼───┼───┼───┼───┼───┤
	7  │ ♟ │ ♟ │ ♟ │ ♟ │ ♟ │ ♟ │ ♟ │ ♟ │
	   ├───┼───┼───┼───┼───┼───┼───┼───┤
	6  │   │   │   │   │   │   │   │   │
	   ├───┼───┼───┼───┼───┼───┼───┼───┤
	5  │   │   │   │   │   │   │   │   │
	   ├───┼───┼───┼───┼───┼───┼───┼───┤
	4  │   │   │   │   │   │   │   │   │
	   ├───┼───┼───┼───┼───┼───┼───┼───┤
	3  │   │   │   │   │   │   │   │   │
	   ├───┼───┼───┼───┼───┼───┼───┼───┤
	2  │ ♙ │ ♙ │ ♙ │ ♙ │ ♙ │ ♙ │ ♙ │ ♙ │
	   ├───┼───┼───┼───┼───┼───┼───┼───┤
	1  │ ♖ │ ♘ │ ♗ │ ♕ │ ♔ │ ♗ │ ♘ │ ♖ │
	   └───┴───┴───┴───┴───┴───┴───┴───┘
	     a   b   c   d   e   f   g   h  


[34m[1mAux blancs de jouer.
[37m[1m🕹️  Entrez votre coup: [33m[0m
✅ Mouvement a2a4 effectué.
[0m
[37m[1m	     a   b   c   d   e   f   g   h  
	   ┌───┬───┬───┬───┬───┬───┬───┬───┐
	8  │ ♜ │ ♞ │ ♝ │ ♛ │ ♚ │ ♝ │ ♞ │ ♜ │
	   ├───┼───┼───┼───┼───┼───┼───┼───┤
	7  │ ♟ │ ♟ │ ♟ │ ♟ │ ♟ │ ♟ │ ♟ │ ♟ │
	   ├───┼───┼───┼───┼───┼───┼───┼───┤
	6  │   │   │   │   │   │   │   │   │
	   ├───┼───┼───┼───┼───┼───┼───┼───┤
	5  │   │   │   │   │   │   │   │   │
	   ├───┼───┼───┼───┼───┼───┼───┼───┤
	4  │ ♙ │   │   │   │   │   │   │   │
	   ├───┼───┼───┼───┼───┼───┼───┼───┤
	3  │   │   │   │   │   │   │   │   │
	   ├───┼───┼───┼───┼───┼───┼───┼───┤
	2  │   │ ♙ │ ♙ │ ♙ │ ♙ │ ♙ │ ♙ │ ♙ │
	   ├───┼───┼───┼───┼───┼───┼───┼───┤
	1  │ ♖ │ ♘ │ ♗ │ ♕ │ ♔ │ ♗ │ ♘ │ ♖ │
	   └───┴───┴───┴───┴───┴───┴───┴───┘
	     a   b   c   d   e   f   g   h  


[34m[1mAux noirs de jouer.
[37m[1m🕹️  Entrez votre coup: [33m[0m
[31m[1m🚫 Ce mouvement n'est pas valide.
[0m
[37m[1m	     a   b   c   d   e   f   g   h  
	   ┌───┬───┬───┬───┬───┬───┬───┬───┐
	8  │ ♜ │ ♞ │ ♝ │ ♛ │ ♚ │ ♝ │ ♞ │ ♜ │
	   ├───┼───┼───┼───┼───┼───┼───┼───┤
	7  │ ♟ │ ♟ │ ♟ │ ♟ │ ♟ │ ♟ │ ♟ │ ♟ │
	   ├───┼───┼───┼───┼───┼───┼───┼───┤
	6  │   │   │   │   │   │   │   │   │
	   ├───┼───┼───┼───┼───┼───┼───┼───┤
	5  │   │   │   │   │   │   │   │   │
	   ├───┼───┼───┼───┼───┼───┼───┼───┤
	4  │ ♙ │   │   │   │   │   │   │   │
	   ├───┼───┼───┼───┼───┼───┼───┼───┤
	3  │   │   │   │   │   │   │   │   │
	   ├───┼───┼───┼───┼───┼───┼───┼───┤
	2  │   │ ♙ │ ♙ │ ♙ │ ♙ │ ♙ │ ♙ │ ♙ │
	   ├───┼───┼───┼───┼───┼───┼───┼───┤
	1  │ ♖ │ ♘ │ ♗ │ ♕ │ ♔ │ ♗ │ ♘ │ ♖ │
	   └───┴───┴───┴───┴───┴───┴───┴───┘
	     a   b   c   d   e   f   g   h  


[34m[1mAux noirs de jouer.
[37m[1m🕹️  Entrez votre coup: [33m[0m
✅ Mouvement b7b5 effectué.
[0m
[37m[1m	     a   b   c   d   e   f   g   h  
	   ┌───┬───┬───┬───┬───┬───┬───┬───┐
	8  │ ♜ │ ♞ │ ♝ │ ♛ │ ♚ │ ♝ │ ♞ │ ♜ │
	   ├───┼───┼───┼───┼───┼───┼───┼───┤
	7  │ ♟ │   │ ♟ │ ♟ │ ♟ │ ♟ │ ♟ │ ♟ │
	   ├───┼───┼───┼───┼───┼───┼───┼───┤
	6  │   │   │   │   │   │   │   │   │
	   ├───┼───┼───┼───┼───┼───┼───┼───┤
	5  │   │ ♟ │   │   │   │   │   │   │
	   ├───┼───┼───┼───┼───┼───┼───┼───┤
	4  │ ♙ │   │   │   │   │   │   │   │
	   ├───┼───┼───┼───┼───┼───┼───┼───┤
	3  │   │   │   │   │   │   │   │   │
	   ├───┼───┼───┼───┼───┼───┼───┼───┤
	2  │   │ ♙ │ ♙ │ ♙ │ ♙ │ ♙ │ ♙ │ ♙ │
	   ├───┼───┼───┼───┼───┼───┼───┼───┤
	1  │ ♖ │ ♘ │ ♗ │ ♕ │ ♔ │ ♗ │ ♘ │ ♖ │
	   └───┴───┴───┴───┴───┴───┴───┴───┘
	     a   b   c   d   e   f   g   h  


[34m[1mAux blancs de jouer.
[37m[1m🕹️  Entrez votre coup: [33m[0m
✅ Mouvement a4b5 effectué.
[0m
[37m[1m	     a   b   c   d   e   f   g   h  
	   ┌───┬───┬───┬───┬───┬───┬───┬───┐
	8  │ ♜ │ ♞ │ ♝ │ ♛ │ ♚ │ ♝ │ ♞ │ ♜ │
	   ├───┼───┼───┼───┼───┼───┼───┼───┤
	7  │ ♟ │   │ ♟ │ ♟ │ ♟ │ ♟ │ ♟ │ ♟ │
	   ├───┼───┼───┼───┼───┼───┼───┼───┤
	6  │   │   │   │   │   │   │   │   │
	   ├───┼───┼───┼───┼───┼───┼───┼───┤
	5  │   │ ♙ │   │   │   │   │   │   │
	   ├───┼───┼───┼───┼───┼───┼───┼───┤
	4  │   │   │   │   │   │   │   │   │
	   ├───┼───┼───┼───┼───┼───┼───┼───┤
	3  │   │   │   │   │   │   │   │   │
	   ├───┼───┼───┼───┼───┼───┼───┼───┤
	2  │   │ ♙ │ ♙ │ ♙ │ ♙ │ ♙ │ ♙ │ ♙ │
	   ├───┼───┼───┼───┼───┼───┼───┼───┤
	1  │ ♖ │ ♘ │ ♗ │ ♕ │ ♔ │ ♗ │ ♘ │ ♖ │
	   └───┴───┴───┴───┴───┴───┴───┴───┘
	     a   b   c   d   e   f   g   h  


[34m[1mAux noirs de jouer.
[37m[1m🕹️  Entrez votre coup: [33m[0m
✅ Mouvement a7a5 effectué.
[0m
[37m[1m	     a   b   c   d   e   f   g   h  
	   ┌───┬───┬───┬───┬───┬───┬───┬───┐
	8  │ ♜ │ ♞ │ ♝ │ ♛ │ ♚ │ ♝ │ ♞ │ ♜ │
	   ├───┼───┼───┼───┼───┼───┼───┼───┤
	7  │   │   │ ♟ │ ♟ │ ♟ │ ♟ │ ♟ │ ♟ │
	   ├───┼───┼───┼───┼───┼───┼───┼───┤
	6  │   │   │   │   │   │   │   │   │
	   ├───┼───┼───┼───┼───┼───┼───┼───┤
	5  │ ♟ │ ♙ │   │   │   │   │   │   │
	   ├───┼───┼───┼───┼───┼───┼───┼───┤
	4  │   │   │   │   │   │   │   │   │
	   ├───┼───┼───┼───┼───┼───┼───┼───┤
	3  │   │   │   │   │   │   │   │   │
	   ├───┼───┼───┼───┼───┼───┼───┼───┤
	2  │   │ ♙ │ ♙ │ ♙ │ ♙ │ ♙ │ ♙ │ ♙ │
	   ├───┼───┼───┼───┼───┼───┼───┼───┤
	1  │ ♖ │ ♘ │ ♗ │ ♕ │ ♔ │ ♗ │ ♘ │ ♖ │
	   └───┴───┴───┴───┴───┴───┴───┴───┘
	     a   b   c   d   e   f   g   h  


[34m[1mAux blancs de jouer.
[37m[1m🕹️  Entrez votre coup: [33m[0m
[31m[1m🚫 Ce mouvement n'est pas valide.
[0m
[37m[1m	     a   b   c   d   e   f   g   h  
	   ┌───┬───┬───┬───┬───┬───┬───┬───┐
	8  │ ♜ │ ♞ │ ♝ │ ♛ │ ♚ │ ♝ │ ♞ │ ♜ │
	   ├───┼───┼───┼───┼───┼───┼───┼───┤
	7  │   │   │ ♟ │ ♟ │ ♟ │ ♟ │ ♟ │ ♟ │
	   ├───┼───┼───┼───┼───┼───┼───┼───┤
	6  │   │   │   │   │   │   │   │   │
	   ├───┼───┼───┼───┼───┼───┼───┼───┤
	5  │ ♟ │ ♙ │   │   │   │   │   │   │
	   ├───┼───┼───┼───┼───┼───┼───┼───┤
	4  │   │   │   │   │   │   │   │   │
	   ├───┼───┼───┼───┼───┼───┼───┼───┤
	3  │   │   │   │   │   │   │   │   │
	   ├───┼───┼───┼───┼───┼───┼───┼───┤
	2  │   │ ♙ │ ♙ │ ♙ │ ♙ │ ♙ │ ♙ │ ♙ │
	   ├───┼───┼───┼───┼───┼───┼───┼───┤
	1  │ ♖ │ ♘ │ ♗ │ ♕ │ ♔ │ ♗ │ ♘ │ ♖ │
	   └───┴───┴───┴───┴───┴───┴───┴───┘
	     a   b   c   d   e   f   g   h  


[34m[1mAux blancs de jouer.
[37m[1m🕹️  Entrez votre coup: [33m[0m
✅ Mouvement a1a4 effectué.
[0m
[37m[1m	     a   b   c   d   e   f   g   h  
	   ┌───┬───┬───┬───┬───┬───┬───┬───┐
	8  │ ♜ │ ♞ │ ♝ │ ♛ │ ♚ │ ♝ │ ♞ │ ♜ │
	   ├───┼───┼───┼───┼───┼───┼───┼───┤
	7  │   │   │ ♟ │ ♟ │ ♟ │ ♟ │ ♟ │ ♟ │
	   ├───┼───┼───┼───┼───┼───┼───┼───┤
	6  │   │   │   │   │   │   │   │   │
	   ├───┼───┼───┼───┼───┼───┼───┼───┤
	5  │ ♟ │ ♙ │   │   │   │   │   │   │
	   ├───┼───┼───┼───┼───┼───┼───┼───┤
	4  │ ♖ │   │   │   │   │   │   │   │
	   ├───┼───┼───┼───┼───┼───┼───┼───┤
	3  │   │   │   │   │   │   │   │   │
	   ├───┼───┼───┼───┼───┼───┼───┼───┤
	2  │   │ ♙ │ ♙ │ ♙ │ ♙ │ ♙ │ ♙ │ ♙ │
	   ├───┼───┼───┼───┼───┼───┼───┼───┤
	1  │   │ ♘ │ ♗ │ ♕ │ ♔ │ ♗ │ ♘ │ ♖ │
	   └───┴───┴───┴───┴───┴───┴───┴───┘
	     a   b   c   d   e   f   g   h  


[34m[1mAux noirs de jouer.
[37m[1m🕹️  Entrez votre coup: [33m[0m
[31m[1m🚫 Ce mouvement n'est pas valide.
[0m
[37m[1m	     a   b   c   d   e   f   g   h  
	   ┌───┬───┬───┬───┬───┬───┬───┬───┐
	8  │ ♜ │ ♞ │ ♝ │ ♛ │ ♚ │ ♝ │ ♞ │ ♜ │
	   ├───┼───┼───┼───┼───┼───┼───┼───┤
	7  │   │   │ ♟ │ ♟ │ ♟ │ ♟ │ ♟ │ ♟ │
	   ├───┼───┼───┼───┼───┼───┼───┼───┤
	6  │   │   │   │   │   │   │   │   │
	   ├───┼───┼───┼───┼───┼───┼───┼───┤
	5  │ ♟ │ ♙ │   │   │   │   │   │   │
	   ├───┼───┼───┼───┼───┼───┼───┼───┤
	4  │ ♖ │   │   │   │   │   │   │   │
	   ├───┼───┼───┼───┼───┼───┼───┼───┤
	3  │   │   │   │   │   │   │   │   │
	   ├───┼───┼───┼───┼───┼───┼───┼───┤
	2  │   │ ♙ │ ♙ │ ♙ │ ♙ │ ♙ │ ♙ │ ♙ │
	   ├───┼───┼───┼───┼───┼───┼───┼───┤
	1  │   │ ♘ │ ♗ │ ♕ │ ♔ │ ♗ │ ♘ │ ♖ │
	   └───┴───┴───┴───┴───┴───┴───┴───┘
	     a   b   c   d   e   f   g   h  


[34m[1mAux noirs de jouer.
[37m[1m🕹️  Entrez votre coup: [33m[0m
✅ Mouvement a8a7 effectué.
[0m
[37m[1m	     a   b   c   d   e   f   g   h  
	   ┌───┬───┬───┬───┬───┬───┬───┬───┐
	8  │   │ ♞ │ ♝ │ ♛ │ ♚ │ ♝ │ ♞ │ ♜ │
	   ├───┼───┼───┼───┼───┼───┼───┼───┤
	7  │ ♜ │   │ ♟ │ ♟ │ ♟ │ ♟ │ ♟ │ ♟ │
	   ├───┼───┼───┼───┼───┼───┼───┼───┤
	6  │   │   │   │   │   │   │   │   │
	   ├───┼───┼───┼───┼───┼───┼───┼───┤
	5  │ ♟ │ ♙ │   │   │   │   │   │   │
	   ├───┼───┼───┼───┼───┼───┼───┼───┤
	4  │ ♖ │   │   │   │   │   │   │   │
	   ├───┼───┼───┼───┼───┼───┼───┼───┤
	3  │   │   │   │   │   │   │   │   │
	   ├───┼───┼───┼───┼───┼───┼───┼───┤
	2  │   │ ♙ │ ♙ │ ♙ │ ♙ │ ♙ │ ♙ │ ♙ │
	   ├───┼───┼───┼───┼───┼───┼───┼───┤
	1  │   │ ♘ │ ♗ │ ♕ │ ♔ │ ♗ │ ♘ │ ♖ │
	   └───┴───┴───┴───┴───┴───┴───┴───┘
	     a   b   c   d   e   f   g   h  


[34m[1mAux blancs de jouer.
[37m[1m🕹️  Entrez votre coup: [33m[0m
✅ Mouvement a4f4 effectué.
[0m
[37m[1m	     a   b   c   d   e   f   g   h  
	   ┌───┬───┬───┬───┬───┬───┬───┬───┐
	8  │   │ ♞ │ ♝ │ ♛ │ ♚ │ ♝ │ ♞ │ ♜ │
	   ├───┼───┼───┼───┼───┼───┼───┼───┤
	7  │ ♜ │   │ ♟ │ ♟ │ ♟ │ ♟ │ ♟ │ ♟ │
	   ├───┼───┼───┼───┼───┼───┼───┼───┤
	6  │   │   │   │   │   │   │   │   │
	   ├───┼───┼───┼───┼───┼───┼───┼───┤
	5  │ ♟ │ ♙ │   │   │   │   │   │   │
	   ├───┼───┼───┼───┼───┼───┼───┼───┤
	4  │   │   │   │   │   │ ♖ │   │   │
	   ├───┼───┼───┼───┼───┼───┼───┼───┤
	3  │   │   │   │   │   │   │   │   │
	   ├───┼───┼───┼───┼───┼───┼───┼───┤
	2  │   │ ♙ │ ♙ │ ♙ │ ♙ │ ♙ │ ♙ │ ♙ │
	   ├───┼───┼───┼───┼───┼───┼───┼───┤
	1  │   │ ♘ │ ♗ │ ♕ │ ♔ │ ♗ │ ♘ │ ♖ │
	   └───┴───┴───┴───┴───┴───┴───┴───┘
	     a   b   c   d   e   f   g   h  


[34m[1mAux noirs de jouer.
[37m[1m🕹️  Entrez votre coup: [33m[0m
[1m[37m

		┌───────────────────┐
		│ 🚪 Quitter le jeu │
		└───────────────────┘

[0m[1m	👋 Merci d'avoir joué, à bientôt !

,wN,wB,wQ,wK,wB,wN,wR,,wP,wP,wP,wP,wP,wP,wP,,,,,,,,,,,,,,wR,,,bP,wP,,,,,,,,,,,,,,,bR,,bP,bP,bP,bP,bP,bP,,bN,bB,bQ,bK,bB,bN,bR, ?-?
  -> [0;32mreference position: OK[0m
  -> [0;32mreference result: OK[0m
  -> [0m(exit code=0)
