[0;33m> data/4-leg-mat-1.txt[0m

[37m[1m	     a   b   c   d   e   f   g   h  
	   ┌───┬───┬───┬───┬───┬───┬───┬───┐
	8  │ ♜ │ ♞ │ ♝ │ ♛ │ ♚ │ ♝ │ ♞ │ ♜ │
	   ├───┼───┼───┼───┼───┼───┼───┼───┤
	7  │ ♟ │ ♟ │ ♟ │ ♟ │ ♟ │ ♟ │ ♟ │ ♟ │
	   ├───┼───┼───┼───┼───┼───┼───┼───┤
	6  │   │   │   │   │   │   │   │   │
	   ├───┼───┼───┼───┼───┼───┼───┼───┤
	5  │   │   │   │   │   │   │   │   │
	   ├───┼───┼───┼───┼───┼───┼───┼───┤
	4  │   │   │   │   │   │   │   │   │
	   ├───┼───┼───┼───┼───┼───┼───┼───┤
	3  │   │   │   │   │   │   │   │   │
	   ├───┼───┼───┼───┼───┼───┼───┼───┤
	2  │ ♙ │ ♙ │ ♙ │ ♙ │ ♙ │ ♙ │ ♙ │ ♙ │
	   ├───┼───┼───┼───┼───┼───┼───┼───┤
	1  │ ♖ │ ♘ │ ♗ │ ♕ │ ♔ │ ♗ │ ♘ │ ♖ │
	   └───┴───┴───┴───┴───┴───┴───┴───┘
	     a   b   c   d   e   f   g   h  


[34m[1mAux blancs de jouer.
[37m[1m🕹️  Entrez votre coup: [33m[0m
✅ Mouvement e2e4 effectué.
[0m
[37m[1m	     a   b   c   d   e   f   g   h  
	   ┌───┬───┬───┬───┬───┬───┬───┬───┐
	8  │ ♜ │ ♞ │ ♝ │ ♛ │ ♚ │ ♝ │ ♞ │ ♜ │
	   ├───┼───┼───┼───┼───┼───┼───┼───┤
	7  │ ♟ │ ♟ │ ♟ │ ♟ │ ♟ │ ♟ │ ♟ │ ♟ │
	   ├───┼───┼───┼───┼───┼───┼───┼───┤
	6  │   │   │   │   │   │   │   │   │
	   ├───┼───┼───┼───┼───┼───┼───┼───┤
	5  │   │   │   │   │   │   │   │   │
	   ├───┼───┼───┼───┼───┼───┼───┼───┤
	4  │   │   │   │   │ ♙ │   │   │   │
	   ├───┼───┼───┼───┼───┼───┼───┼───┤
	3  │   │   │   │   │   │   │   │   │
	   ├───┼───┼───┼───┼───┼───┼───┼───┤
	2  │ ♙ │ ♙ │ ♙ │ ♙ │   │ ♙ │ ♙ │ ♙ │
	   ├───┼───┼───┼───┼───┼───┼───┼───┤
	1  │ ♖ │ ♘ │ ♗ │ ♕ │ ♔ │ ♗ │ ♘ │ ♖ │
	   └───┴───┴───┴───┴───┴───┴───┴───┘
	     a   b   c   d   e   f   g   h  


[34m[1mAux noirs de jouer.
[37m[1m🕹️  Entrez votre coup: [33m[0m
✅ Mouvement e7e5 effectué.
[0m
[37m[1m	     a   b   c   d   e   f   g   h  
	   ┌───┬───┬───┬───┬───┬───┬───┬───┐
	8  │ ♜ │ ♞ │ ♝ │ ♛ │ ♚ │ ♝ │ ♞ │ ♜ │
	   ├───┼───┼───┼───┼───┼───┼───┼───┤
	7  │ ♟ │ ♟ │ ♟ │ ♟ │   │ ♟ │ ♟ │ ♟ │
	   ├───┼───┼───┼───┼───┼───┼───┼───┤
	6  │   │   │   │   │   │   │   │   │
	   ├───┼───┼───┼───┼───┼───┼───┼───┤
	5  │   │   │   │   │ ♟ │   │   │   │
	   ├───┼───┼───┼───┼───┼───┼───┼───┤
	4  │   │   │   │   │ ♙ │   │   │   │
	   ├───┼───┼───┼───┼───┼───┼───┼───┤
	3  │   │   │   │   │   │   │   │   │
	   ├───┼───┼───┼───┼───┼───┼───┼───┤
	2  │ ♙ │ ♙ │ ♙ │ ♙ │   │ ♙ │ ♙ │ ♙ │
	   ├───┼───┼───┼───┼───┼───┼───┼───┤
	1  │ ♖ │ ♘ │ ♗ │ ♕ │ ♔ │ ♗ │ ♘ │ ♖ │
	   └───┴───┴───┴───┴───┴───┴───┴───┘
	     a   b   c   d   e   f   g   h  


[34m[1mAux blancs de jouer.
[37m[1m🕹️  Entrez votre coup: [33m[0m
✅ Mouvement f2f4 effectué.
[0m
[37m[1m	     a   b   c   d   e   f   g   h  
	   ┌───┬───┬───┬───┬───┬───┬───┬───┐
	8  │ ♜ │ ♞ │ ♝ │ ♛ │ ♚ │ ♝ │ ♞ │ ♜ │
	   ├───┼───┼───┼───┼───┼───┼───┼───┤
	7  │ ♟ │ ♟ │ ♟ │ ♟ │   │ ♟ │ ♟ │ ♟ │
	   ├───┼───┼───┼───┼───┼───┼───┼───┤
	6  │   │   │   │   │   │   │   │   │
	   ├───┼───┼───┼───┼───┼───┼───┼───┤
	5  │   │   │   │   │ ♟ │   │   │   │
	   ├───┼───┼───┼───┼───┼───┼───┼───┤
	4  │   │   │   │   │ ♙ │ ♙ │   │   │
	   ├───┼───┼───┼───┼───┼───┼───┼───┤
	3  │   │   │   │   │   │   │   │   │
	   ├───┼───┼───┼───┼───┼───┼───┼───┤
	2  │ ♙ │ ♙ │ ♙ │ ♙ │   │   │ ♙ │ ♙ │
	   ├───┼───┼───┼───┼───┼───┼───┼───┤
	1  │ ♖ │ ♘ │ ♗ │ ♕ │ ♔ │ ♗ │ ♘ │ ♖ │
	   └───┴───┴───┴───┴───┴───┴───┴───┘
	     a   b   c   d   e   f   g   h  


[34m[1mAux noirs de jouer.
[37m[1m🕹️  Entrez votre coup: [33m[0m
✅ Mouvement d7d5 effectué.
[0m
[37m[1m	     a   b   c   d   e   f   g   h  
	   ┌───┬───┬───┬───┬───┬───┬───┬───┐
	8  │ ♜ │ ♞ │ ♝ │ ♛ │ ♚ │ ♝ │ ♞ │ ♜ │
	   ├───┼───┼───┼───┼───┼───┼───┼───┤
	7  │ ♟ │ ♟ │ ♟ │   │   │ ♟ │ ♟ │ ♟ │
	   ├───┼───┼───┼───┼───┼───┼───┼───┤
	6  │   │   │   │   │   │   │   │   │
	   ├───┼───┼───┼───┼───┼───┼───┼───┤
	5  │   │   │   │ ♟ │ ♟ │   │   │   │
	   ├───┼───┼───┼───┼───┼───┼───┼───┤
	4  │   │   │   │   │ ♙ │ ♙ │   │   │
	   ├───┼───┼───┼───┼───┼───┼───┼───┤
	3  │   │   │   │   │   │   │   │   │
	   ├───┼───┼───┼───┼───┼───┼───┼───┤
	2  │ ♙ │ ♙ │ ♙ │ ♙ │   │   │ ♙ │ ♙ │
	   ├───┼───┼───┼───┼───┼───┼───┼───┤
	1  │ ♖ │ ♘ │ ♗ │ ♕ │ ♔ │ ♗ │ ♘ │ ♖ │
	   └───┴───┴───┴───┴───┴───┴───┴───┘
	     a   b   c   d   e   f   g   h  


[34m[1mAux blancs de jouer.
[37m[1m🕹️  Entrez votre coup: [33m[0m
✅ Mouvement b1c3 effectué.
[0m
[37m[1m	     a   b   c   d   e   f   g   h  
	   ┌───┬───┬───┬───┬───┬───┬───┬───┐
	8  │ ♜ │ ♞ │ ♝ │ ♛ │ ♚ │ ♝ │ ♞ │ ♜ │
	   ├───┼───┼───┼───┼───┼───┼───┼───┤
	7  │ ♟ │ ♟ │ ♟ │   │   │ ♟ │ ♟ │ ♟ │
	   ├───┼───┼───┼───┼───┼───┼───┼───┤
	6  │   │   │   │   │   │   │   │   │
	   ├───┼───┼───┼───┼───┼───┼───┼───┤
	5  │   │   │   │ ♟ │ ♟ │   │   │   │
	   ├───┼───┼───┼───┼───┼───┼───┼───┤
	4  │   │   │   │   │ ♙ │ ♙ │   │   │
	   ├───┼───┼───┼───┼───┼───┼───┼───┤
	3  │   │   │ ♘ │   │   │   │   │   │
	   ├───┼───┼───┼───┼───┼───┼───┼───┤
	2  │ ♙ │ ♙ │ ♙ │ ♙ │   │   │ ♙ │ ♙ │
	   ├───┼───┼───┼───┼───┼───┼───┼───┤
	1  │ ♖ │   │ ♗ │ ♕ │ ♔ │ ♗ │ ♘ │ ♖ │
	   └───┴───┴───┴───┴───┴───┴───┴───┘
	     a   b   c   d   e   f   g   h  


[34m[1mAux noirs de jouer.
[37m[1m🕹️  Entrez votre coup: [33m[0m
✅ Mouvement d5d4 effectué.
[0m
[37m[1m	     a   b   c   d   e   f   g   h  
	   ┌───┬───┬───┬───┬───┬───┬───┬───┐
	8  │ ♜ │ ♞ │ ♝ │ ♛ │ ♚ │ ♝ │ ♞ │ ♜ │
	   ├───┼───┼───┼───┼───┼───┼───┼───┤
	7  │ ♟ │ ♟ │ ♟ │   │   │ ♟ │ ♟ │ ♟ │
	   ├───┼───┼───┼───┼───┼───┼───┼───┤
	6  │   │   │   │   │   │   │   │   │
	   ├───┼───┼───┼───┼───┼───┼───┼───┤
	5  │   │   │   │   │ ♟ │   │   │   │
	   ├───┼───┼───┼───┼───┼───┼───┼───┤
	4  │   │   │   │ ♟ │ ♙ │ ♙ │   │   │
	   ├───┼───┼───┼───┼───┼───┼───┼───┤
	3  │   │   │ ♘ │   │   │   │   │   │
	   ├───┼───┼───┼───┼───┼───┼───┼───┤
	2  │ ♙ │ ♙ │ ♙ │ ♙ │   │   │ ♙ │ ♙ │
	   ├───┼───┼───┼───┼───┼───┼───┼───┤
	1  │ ♖ │   │ ♗ │ ♕ │ ♔ │ ♗ │ ♘ │ ♖ │
	   └───┴───┴───┴───┴───┴───┴───┴───┘
	     a   b   c   d   e   f   g   h  


[34m[1mAux blancs de jouer.
[37m[1m🕹️  Entrez votre coup: [33m[0m
✅ Mouvement c3e2 effectué.
[0m
[37m[1m	     a   b   c   d   e   f   g   h  
	   ┌───┬───┬───┬───┬───┬───┬───┬───┐
	8  │ ♜ │ ♞ │ ♝ │ ♛ │ ♚ │ ♝ │ ♞ │ ♜ │
	   ├───┼───┼───┼───┼───┼───┼───┼───┤
	7  │ ♟ │ ♟ │ ♟ │   │   │ ♟ │ ♟ │ ♟ │
	   ├───┼───┼───┼───┼───┼───┼───┼───┤
	6  │   │   │   │   │   │   │   │   │
	   ├───┼───┼───┼───┼───┼───┼───┼───┤
	5  │   │   │   │   │ ♟ │   │   │   │
	   ├───┼───┼───┼───┼───┼───┼───┼───┤
	4  │   │   │   │ ♟ │ ♙ │ ♙ │   │   │
	   ├───┼───┼───┼───┼───┼───┼───┼───┤
	3  │   │   │   │   │   │   │   │   │
	   ├───┼───┼───┼───┼───┼───┼───┼───┤
	2  │ ♙ │ ♙ │ ♙ │ ♙ │ ♘ │   │ ♙ │ ♙ │
	   ├───┼───┼───┼───┼───┼───┼───┼───┤
	1  │ ♖ │   │ ♗ │ ♕ │ ♔ │ ♗ │ ♘ │ ♖ │
	   └───┴───┴───┴───┴───┴───┴───┴───┘
	     a   b   c   d   e   f   g   h  


[34m[1mAux noirs de jouer.
[37m[1m🕹️  Entrez votre coup: [33m[0m
✅ Mouvement f8b4 effectué.
[0m
[37m[1m	     a   b   c   d   e   f   g   h  
	   ┌───┬───┬───┬───┬───┬───┬───┬───┐
	8  │ ♜ │ ♞ │ ♝ │ ♛ │ ♚ │   │ ♞ │ ♜ │
	   ├───┼───┼───┼───┼───┼───┼───┼───┤
	7  │ ♟ │ ♟ │ ♟ │   │   │ ♟ │ ♟ │ ♟ │
	   ├───┼───┼───┼───┼───┼───┼───┼───┤
	6  │   │   │   │   │   │   │   │   │
	   ├───┼───┼───┼───┼───┼───┼───┼───┤
	5  │   │   │   │   │ ♟ │   │   │   │
	   ├───┼───┼───┼───┼───┼───┼───┼───┤
	4  │   │ ♝ │   │ ♟ │ ♙ │ ♙ │   │   │
	   ├───┼───┼───┼───┼───┼───┼───┼───┤
	3  │   │   │   │   │   │   │   │   │
	   ├───┼───┼───┼───┼───┼───┼───┼───┤
	2  │ ♙ │ ♙ │ ♙ │ ♙ │ ♘ │   │ ♙ │ ♙ │
	   ├───┼───┼───┼───┼───┼───┼───┼───┤
	1  │ ♖ │   │ ♗ │ ♕ │ ♔ │ ♗ │ ♘ │ ♖ │
	   └───┴───┴───┴───┴───┴───┴───┴───┘
	     a   b   c   d   e   f   g   h  


[34m[1mAux blancs de jouer.
[37m[1m🕹️  Entrez votre coup: [33m[0m
✅ Mouvement f4f5 effectué.
[0m
[37m[1m	     a   b   c   d   e   f   g   h  
	   ┌───┬───┬───┬───┬───┬───┬───┬───┐
	8  │ ♜ │ ♞ │ ♝ │ ♛ │ ♚ │   │ ♞ │ ♜ │
	   ├───┼───┼───┼───┼───┼───┼───┼───┤
	7  │ ♟ │ ♟ │ ♟ │   │   │ ♟ │ ♟ │ ♟ │
	   ├───┼───┼───┼───┼───┼───┼───┼───┤
	6  │   │   │   │   │   │   │   │   │
	   ├───┼───┼───┼───┼───┼───┼───┼───┤
	5  │   │   │   │   │ ♟ │ ♙ │   │   │
	   ├───┼───┼───┼───┼───┼───┼───┼───┤
	4  │   │ ♝ │   │ ♟ │ ♙ │   │   │   │
	   ├───┼───┼───┼───┼───┼───┼───┼───┤
	3  │   │   │   │   │   │   │   │   │
	   ├───┼───┼───┼───┼───┼───┼───┼───┤
	2  │ ♙ │ ♙ │ ♙ │ ♙ │ ♘ │   │ ♙ │ ♙ │
	   ├───┼───┼───┼───┼───┼───┼───┼───┤
	1  │ ♖ │   │ ♗ │ ♕ │ ♔ │ ♗ │ ♘ │ ♖ │
	   └───┴───┴───┴───┴───┴───┴───┴───┘
	     a   b   c   d   e   f   g   h  


[34m[1mAux noirs de jouer.
[37m[1m🕹️  Entrez votre coup: [33m[0m
✅ Mouvement b8c6 effectué.
[0m
[37m[1m	     a   b   c   d   e   f   g   h  
	   ┌───┬───┬───┬───┬───┬───┬───┬───┐
	8  │ ♜ │   │ ♝ │ ♛ │ ♚ │   │ ♞ │ ♜ │
	   ├───┼───┼───┼───┼───┼───┼───┼───┤
	7  │ ♟ │ ♟ │ ♟ │   │   │ ♟ │ ♟ │ ♟ │
	   ├───┼───┼───┼───┼───┼───┼───┼───┤
	6  │   │   │ ♞ │   │   │   │   │   │
	   ├───┼───┼───┼───┼───┼───┼───┼───┤
	5  │   │   │   │   │ ♟ │ ♙ │   │   │
	   ├───┼───┼───┼───┼───┼───┼───┼───┤
	4  │   │ ♝ │   │ ♟ │ ♙ │   │   │   │
	   ├───┼───┼───┼───┼───┼───┼───┼───┤
	3  │   │   │   │   │   │   │   │   │
	   ├───┼───┼───┼───┼───┼───┼───┼───┤
	2  │ ♙ │ ♙ │ ♙ │ ♙ │ ♘ │   │ ♙ │ ♙ │
	   ├───┼───┼───┼───┼───┼───┼───┼───┤
	1  │ ♖ │   │ ♗ │ ♕ │ ♔ │ ♗ │ ♘ │ ♖ │
	   └───┴───┴───┴───┴───┴───┴───┴───┘
	     a   b   c   d   e   f   g   h  


[34m[1mAux blancs de jouer.
[37m[1m🕹️  Entrez votre coup: [33m[0m
✅ Mouvement c2c3 effectué.
[0m
[37m[1m	     a   b   c   d   e   f   g   h  
	   ┌───┬───┬───┬───┬───┬───┬───┬───┐
	8  │ ♜ │   │ ♝ │ ♛ │ ♚ │   │ ♞ │ ♜ │
	   ├───┼───┼───┼───┼───┼───┼───┼───┤
	7  │ ♟ │ ♟ │ ♟ │   │   │ ♟ │ ♟ │ ♟ │
	   ├───┼───┼───┼───┼───┼───┼───┼───┤
	6  │   │   │ ♞ │   │   │   │   │   │
	   ├───┼───┼───┼───┼───┼───┼───┼───┤
	5  │   │   │   │   │ ♟ │ ♙ │   │   │
	   ├───┼───┼───┼───┼───┼───┼───┼───┤
	4  │   │ ♝ │   │ ♟ │ ♙ │   │   │   │
	   ├───┼───┼───┼───┼───┼───┼───┼───┤
	3  │   │   │ ♙ │   │   │   │   │   │
	   ├───┼───┼───┼───┼───┼───┼───┼───┤
	2  │ ♙ │ ♙ │   │ ♙ │ ♘ │   │ ♙ │ ♙ │
	   ├───┼───┼───┼───┼───┼───┼───┼───┤
	1  │ ♖ │   │ ♗ │ ♕ │ ♔ │ ♗ │ ♘ │ ♖ │
	   └───┴───┴───┴───┴───┴───┴───┴───┘
	     a   b   c   d   e   f   g   h  


[34m[1mAux noirs de jouer.
[37m[1m🕹️  Entrez votre coup: [33m[0m
✅ Mouvement d4c3 effectué.
[0m
[37m[1m	     a   b   c   d   e   f   g   h  
	   ┌───┬───┬───┬───┬───┬───┬───┬───┐
	8  │ ♜ │   │ ♝ │ ♛ │ ♚ │   │ ♞ │ ♜ │
	   ├───┼───┼───┼───┼───┼───┼───┼───┤
	7  │ ♟ │ ♟ │ ♟ │   │   │ ♟ │ ♟ │ ♟ │
	   ├───┼───┼───┼───┼───┼───┼───┼───┤
	6  │   │   │ ♞ │   │   │   │   │   │
	   ├───┼───┼───┼───┼───┼───┼───┼───┤
	5  │   │   │   │   │ ♟ │ ♙ │   │   │
	   ├───┼───┼───┼───┼───┼───┼───┼───┤
	4  │   │ ♝ │   │   │ ♙ │   │   │   │
	   ├───┼───┼───┼───┼───┼───┼───┼───┤
	3  │   │   │ ♟ │   │   │   │   │   │
	   ├───┼───┼───┼───┼───┼───┼───┼───┤
	2  │ ♙ │ ♙ │   │ ♙ │ ♘ │   │ ♙ │ ♙ │
	   ├───┼───┼───┼───┼───┼───┼───┼───┤
	1  │ ♖ │   │ ♗ │ ♕ │ ♔ │ ♗ │ ♘ │ ♖ │
	   └───┴───┴───┴───┴───┴───┴───┴───┘
	     a   b   c   d   e   f   g   h  


[34m[1mAux blancs de jouer.
[37m[1m🕹️  Entrez votre coup: [33m[0m
✅ Mouvement e2c3 effectué.
[0m
[37m[1m	     a   b   c   d   e   f   g   h  
	   ┌───┬───┬───┬───┬───┬───┬───┬───┐
	8  │ ♜ │   │ ♝ │ ♛ │ ♚ │   │ ♞ │ ♜ │
	   ├───┼───┼───┼───┼───┼───┼───┼───┤
	7  │ ♟ │ ♟ │ ♟ │   │   │ ♟ │ ♟ │ ♟ │
	   ├───┼───┼───┼───┼───┼───┼───┼───┤
	6  │   │   │ ♞ │   │   │   │   │   │
	   ├───┼───┼───┼───┼───┼───┼───┼───┤
	5  │   │   │   │   │ ♟ │ ♙ │   │   │
	   ├───┼───┼───┼───┼───┼───┼───┼───┤
	4  │   │ ♝ │   │   │ ♙ │   │   │   │
	   ├───┼───┼───┼───┼───┼───┼───┼───┤
	3  │   │   │ ♘ │   │   │   │   │   │
	   ├───┼───┼───┼───┼───┼───┼───┼───┤
	2  │ ♙ │ ♙ │   │ ♙ │   │   │ ♙ │ ♙ │
	   ├───┼───┼───┼───┼───┼───┼───┼───┤
	1  │ ♖ │   │ ♗ │ ♕ │ ♔ │ ♗ │ ♘ │ ♖ │
	   └───┴───┴───┴───┴───┴───┴───┴───┘
	     a   b   c   d   e   f   g   h  


[34m[1mAux noirs de jouer.
[37m[1m🕹️  Entrez votre coup: [33m[0m
✅ Mouvement f7f6 effectué.
[0m
[37m[1m	     a   b   c   d   e   f   g   h  
	   ┌───┬───┬───┬───┬───┬───┬───┬───┐
	8  │ ♜ │   │ ♝ │ ♛ │ ♚ │   │ ♞ │ ♜ │
	   ├───┼───┼───┼───┼───┼───┼───┼───┤
	7  │ ♟ │ ♟ │ ♟ │   │   │   │ ♟ │ ♟ │
	   ├───┼───┼───┼───┼───┼───┼───┼───┤
	6  │   │   │ ♞ │   │   │ ♟ │   │   │
	   ├───┼───┼───┼───┼───┼───┼───┼───┤
	5  │   │   │   │   │ ♟ │ ♙ │   │   │
	   ├───┼───┼───┼───┼───┼───┼───┼───┤
	4  │   │ ♝ │   │   │ ♙ │   │   │   │
	   ├───┼───┼───┼───┼───┼───┼───┼───┤
	3  │   │   │ ♘ │   │   │   │   │   │
	   ├───┼───┼───┼───┼───┼───┼───┼───┤
	2  │ ♙ │ ♙ │   │ ♙ │   │   │ ♙ │ ♙ │
	   ├───┼───┼───┼───┼───┼───┼───┼───┤
	1  │ ♖ │   │ ♗ │ ♕ │ ♔ │ ♗ │ ♘ │ ♖ │
	   └───┴───┴───┴───┴───┴───┴───┴───┘
	     a   b   c   d   e   f   g   h  


[34m[1mAux blancs de jouer.
[37m[1m🕹️  Entrez votre coup: [33m[0m
✅ Mouvement g2g4 effectué.
[0m
[37m[1m	     a   b   c   d   e   f   g   h  
	   ┌───┬───┬───┬───┬───┬───┬───┬───┐
	8  │ ♜ │   │ ♝ │ ♛ │ ♚ │   │ ♞ │ ♜ │
	   ├───┼───┼───┼───┼───┼───┼───┼───┤
	7  │ ♟ │ ♟ │ ♟ │   │   │   │ ♟ │ ♟ │
	   ├───┼───┼───┼───┼───┼───┼───┼───┤
	6  │   │   │ ♞ │   │   │ ♟ │   │   │
	   ├───┼───┼───┼───┼───┼───┼───┼───┤
	5  │   │   │   │   │ ♟ │ ♙ │   │   │
	   ├───┼───┼───┼───┼───┼───┼───┼───┤
	4  │   │ ♝ │   │   │ ♙ │   │ ♙ │   │
	   ├───┼───┼───┼───┼───┼───┼───┼───┤
	3  │   │   │ ♘ │   │   │   │   │   │
	   ├───┼───┼───┼───┼───┼───┼───┼───┤
	2  │ ♙ │ ♙ │   │ ♙ │   │   │   │ ♙ │
	   ├───┼───┼───┼───┼───┼───┼───┼───┤
	1  │ ♖ │   │ ♗ │ ♕ │ ♔ │ ♗ │ ♘ │ ♖ │
	   └───┴───┴───┴───┴───┴───┴───┴───┘
	     a   b   c   d   e   f   g   h  


[34m[1mAux noirs de jouer.
[37m[1m🕹️  Entrez votre coup: [33m[0m
✅ Mouvement c6d4 effectué.
[0m
[37m[1m	     a   b   c   d   e   f   g   h  
	   ┌───┬───┬───┬───┬───┬───┬───┬───┐
	8  │ ♜ │   │ ♝ │ ♛ │ ♚ │   │ ♞ │ ♜ │
	   ├───┼───┼───┼───┼───┼───┼───┼───┤
	7  │ ♟ │ ♟ │ ♟ │   │   │   │ ♟ │ ♟ │
	   ├───┼───┼───┼───┼───┼───┼───┼───┤
	6  │   │   │   │   │   │ ♟ │   │   │
	   ├───┼───┼───┼───┼───┼───┼───┼───┤
	5  │   │   │   │   │ ♟ │ ♙ │   │   │
	   ├───┼───┼───┼───┼───┼───┼───┼───┤
	4  │   │ ♝ │   │ ♞ │ ♙ │   │ ♙ │   │
	   ├───┼───┼───┼───┼───┼───┼───┼───┤
	3  │   │   │ ♘ │   │   │   │   │   │
	   ├───┼───┼───┼───┼───┼───┼───┼───┤
	2  │ ♙ │ ♙ │   │ ♙ │   │   │   │ ♙ │
	   ├───┼───┼───┼───┼───┼───┼───┼───┤
	1  │ ♖ │   │ ♗ │ ♕ │ ♔ │ ♗ │ ♘ │ ♖ │
	   └───┴───┴───┴───┴───┴───┴───┴───┘
	     a   b   c   d   e   f   g   h  


[34m[1mAux blancs de jouer.
[37m[1m🕹️  Entrez votre coup: [33m[0m
✅ Mouvement d2d3 effectué.
[0m
[37m[1m	     a   b   c   d   e   f   g   h  
	   ┌───┬───┬───┬───┬───┬───┬───┬───┐
	8  │ ♜ │   │ ♝ │ ♛ │ ♚ │   │ ♞ │ ♜ │
	   ├───┼───┼───┼───┼───┼───┼───┼───┤
	7  │ ♟ │ ♟ │ ♟ │   │   │   │ ♟ │ ♟ │
	   ├───┼───┼───┼───┼───┼───┼───┼───┤
	6  │   │   │   │   │   │ ♟ │   │   │
	   ├───┼───┼───┼───┼───┼───┼───┼───┤
	5  │   │   │   │   │ ♟ │ ♙ │   │   │
	   ├───┼───┼───┼───┼───┼───┼───┼───┤
	4  │   │ ♝ │   │ ♞ │ ♙ │   │ ♙ │   │
	   ├───┼───┼───┼───┼───┼───┼───┼───┤
	3  │   │   │ ♘ │ ♙ │   │   │   │   │
	   ├───┼───┼───┼───┼───┼───┼───┼───┤
	2  │ ♙ │ ♙ │   │   │   │   │   │ ♙ │
	   ├───┼───┼───┼───┼───┼───┼───┼───┤
	1  │ ♖ │   │ ♗ │ ♕ │ ♔ │ ♗ │ ♘ │ ♖ │
	   └───┴───┴───┴───┴───┴───┴───┴───┘
	     a   b   c   d   e   f   g   h  


[34m[1mAux noirs de jouer.
[37m[1m🕹️  Entrez votre coup: [33m[0m
✅ Mouvement g8e7 effectué.
[0m
[37m[1m	     a   b   c   d   e   f   g   h  
	   ┌───┬───┬───┬───┬───┬───┬───┬───┐
	8  │ ♜ │   │ ♝ │ ♛ │ ♚ │   │   │ ♜ │
	   ├───┼───┼───┼───┼───┼───┼───┼───┤
	7  │ ♟ │ ♟ │ ♟ │   │ ♞ │   │ ♟ │ ♟ │
	   ├───┼───┼───┼───┼───┼───┼───┼───┤
	6  │   │   │   │   │   │ ♟ │   │   │
	   ├───┼───┼───┼───┼───┼───┼───┼───┤
	5  │   │   │   │   │ ♟ │ ♙ │   │   │
	   ├───┼───┼───┼───┼───┼───┼───┼───┤
	4  │   │ ♝ │   │ ♞ │ ♙ │   │ ♙ │   │
	   ├───┼───┼───┼───┼───┼───┼───┼───┤
	3  │   │   │ ♘ │ ♙ │   │   │   │   │
	   ├───┼───┼───┼───┼───┼───┼───┼───┤
	2  │ ♙ │ ♙ │   │   │   │   │   │ ♙ │
	   ├───┼───┼───┼───┼───┼───┼───┼───┤
	1  │ ♖ │   │ ♗ │ ♕ │ ♔ │ ♗ │ ♘ │ ♖ │
	   └───┴───┴───┴───┴───┴───┴───┴───┘
	     a   b   c   d   e   f   g   h  


[34m[1mAux blancs de jouer.
[37m[1m🕹️  Entrez votre coup: [33m[0m
✅ Mouvement g4g5 effectué.
[0m
[37m[1m	     a   b   c   d   e   f   g   h  
	   ┌───┬───┬───┬───┬───┬───┬───┬───┐
	8  │ ♜ │   │ ♝ │ ♛ │ ♚ │   │   │ ♜ │
	   ├───┼───┼───┼───┼───┼───┼───┼───┤
	7  │ ♟ │ ♟ │ ♟ │   │ ♞ │   │ ♟ │ ♟ │
	   ├───┼───┼───┼───┼───┼───┼───┼───┤
	6  │   │   │   │   │   │ ♟ │   │   │
	   ├───┼───┼───┼───┼───┼───┼───┼───┤
	5  │   │   │   │   │ ♟ │ ♙ │ ♙ │   │
	   ├───┼───┼───┼───┼───┼───┼───┼───┤
	4  │   │ ♝ │   │ ♞ │ ♙ │   │   │   │
	   ├───┼───┼───┼───┼───┼───┼───┼───┤
	3  │   │   │ ♘ │ ♙ │   │   │   │   │
	   ├───┼───┼───┼───┼───┼───┼───┼───┤
	2  │ ♙ │ ♙ │   │   │   │   │   │ ♙ │
	   ├───┼───┼───┼───┼───┼───┼───┼───┤
	1  │ ♖ │   │ ♗ │ ♕ │ ♔ │ ♗ │ ♘ │ ♖ │
	   └───┴───┴───┴───┴───┴───┴───┴───┘
	     a   b   c   d   e   f   g   h  


[34m[1mAux noirs de jouer.
[37m[1m🕹️  Entrez votre coup: [33m[0m
✅ Mouvement d8d6 effectué.
[0m
[37m[1m	     a   b   c   d   e   f   g   h  
	   ┌───┬───┬───┬───┬───┬───┬───┬───┐
	8  │ ♜ │   │ ♝ │   │ ♚ │   │   │ ♜ │
	   ├───┼───┼───┼───┼───┼───┼───┼───┤
	7  │ ♟ │ ♟ │ ♟ │   │ ♞ │   │ ♟ │ ♟ │
	   ├───┼───┼───┼───┼───┼───┼───┼───┤
	6  │   │   │   │ ♛ │   │ ♟ │   │   │
	   ├───┼───┼───┼───┼───┼───┼───┼───┤
	5  │   │   │   │   │ ♟ │ ♙ │ ♙ │   │
	   ├───┼───┼───┼───┼───┼───┼───┼───┤
	4  │   │ ♝ │   │ ♞ │ ♙ │   │   │   │
	   ├───┼───┼───┼───┼───┼───┼───┼───┤
	3  │   │   │ ♘ │ ♙ │   │   │   │   │
	   ├───┼───┼───┼───┼───┼───┼───┼───┤
	2  │ ♙ │ ♙ │   │   │   │   │   │ ♙ │
	   ├───┼───┼───┼───┼───┼───┼───┼───┤
	1  │ ♖ │   │ ♗ │ ♕ │ ♔ │ ♗ │ ♘ │ ♖ │
	   └───┴───┴───┴───┴───┴───┴───┴───┘
	     a   b   c   d   e   f   g   h  


[34m[1mAux blancs de jouer.
[37m[1m🕹️  Entrez votre coup: [33m[0m
✅ Mouvement a2a3 effectué.
[0m
[37m[1m	     a   b   c   d   e   f   g   h  
	   ┌───┬───┬───┬───┬───┬───┬───┬───┐
	8  │ ♜ │   │ ♝ │   │ ♚ │   │   │ ♜ │
	   ├───┼───┼───┼───┼───┼───┼───┼───┤
	7  │ ♟ │ ♟ │ ♟ │   │ ♞ │   │ ♟ │ ♟ │
	   ├───┼───┼───┼───┼───┼───┼───┼───┤
	6  │   │   │   │ ♛ │   │ ♟ │   │   │
	   ├───┼───┼───┼───┼───┼───┼───┼───┤
	5  │   │   │   │   │ ♟ │ ♙ │ ♙ │   │
	   ├───┼───┼───┼───┼───┼───┼───┼───┤
	4  │   │ ♝ │   │ ♞ │ ♙ │   │   │   │
	   ├───┼───┼───┼───┼───┼───┼───┼───┤
	3  │ ♙ │   │ ♘ │ ♙ │   │   │   │   │
	   ├───┼───┼───┼───┼───┼───┼───┼───┤
	2  │   │ ♙ │   │   │   │   │   │ ♙ │
	   ├───┼───┼───┼───┼───┼───┼───┼───┤
	1  │ ♖ │   │ ♗ │ ♕ │ ♔ │ ♗ │ ♘ │ ♖ │
	   └───┴───┴───┴───┴───┴───┴───┴───┘
	     a   b   c   d   e   f   g   h  


[34m[1mAux noirs de jouer.
[37m[1m🕹️  Entrez votre coup: [33m[0m
✅ Mouvement b4c3 effectué.
[0m[31m[1m⚔️ Ce mouvement met le roi blanc en échec.
[0m
[37m[1m	     a   b   c   d   e   f   g   h  
	   ┌───┬───┬───┬───┬───┬───┬───┬───┐
	8  │ ♜ │   │ ♝ │   │ ♚ │   │   │ ♜ │
	   ├───┼───┼───┼───┼───┼───┼───┼───┤
	7  │ ♟ │ ♟ │ ♟ │   │ ♞ │   │ ♟ │ ♟ │
	   ├───┼───┼───┼───┼───┼───┼───┼───┤
	6  │   │   │   │ ♛ │   │ ♟ │   │   │
	   ├───┼───┼───┼───┼───┼───┼───┼───┤
	5  │   │   │   │   │ ♟ │ ♙ │ ♙ │   │
	   ├───┼───┼───┼───┼───┼───┼───┼───┤
	4  │   │   │   │ ♞ │ ♙ │   │   │   │
	   ├───┼───┼───┼───┼───┼───┼───┼───┤
	3  │ ♙ │   │ ♝ │ ♙ │   │   │   │   │
	   ├───┼───┼───┼───┼───┼───┼───┼───┤
	2  │   │ ♙ │   │   │   │   │   │ ♙ │
	   ├───┼───┼───┼───┼───┼───┼───┼───┤
	1  │ ♖ │   │ ♗ │ ♕ │ ♔ │ ♗ │ ♘ │ ♖ │
	   └───┴───┴───┴───┴───┴───┴───┴───┘
	     a   b   c   d   e   f   g   h  


[34m[1mAux blancs de jouer.
[37m[1m🕹️  Entrez votre coup: [33m[0m
✅ Mouvement b2c3 effectué.
[0m
[37m[1m	     a   b   c   d   e   f   g   h  
	   ┌───┬───┬───┬───┬───┬───┬───┬───┐
	8  │ ♜ │   │ ♝ │   │ ♚ │   │   │ ♜ │
	   ├───┼───┼───┼───┼───┼───┼───┼───┤
	7  │ ♟ │ ♟ │ ♟ │   │ ♞ │   │ ♟ │ ♟ │
	   ├───┼───┼───┼───┼───┼───┼───┼───┤
	6  │   │   │   │ ♛ │   │ ♟ │   │   │
	   ├───┼───┼───┼───┼───┼───┼───┼───┤
	5  │   │   │   │   │ ♟ │ ♙ │ ♙ │   │
	   ├───┼───┼───┼───┼───┼───┼───┼───┤
	4  │   │   │   │ ♞ │ ♙ │   │   │   │
	   ├───┼───┼───┼───┼───┼───┼───┼───┤
	3  │ ♙ │   │ ♙ │ ♙ │   │   │   │   │
	   ├───┼───┼───┼───┼───┼───┼───┼───┤
	2  │   │   │   │   │   │   │   │ ♙ │
	   ├───┼───┼───┼───┼───┼───┼───┼───┤
	1  │ ♖ │   │ ♗ │ ♕ │ ♔ │ ♗ │ ♘ │ ♖ │
	   └───┴───┴───┴───┴───┴───┴───┴───┘
	     a   b   c   d   e   f   g   h  


[34m[1mAux noirs de jouer.
[37m[1m🕹️  Entrez votre coup: [33m[0m
✅ Mouvement d4b5 effectué.
[0m
[37m[1m	     a   b   c   d   e   f   g   h  
	   ┌───┬───┬───┬───┬───┬───┬───┬───┐
	8  │ ♜ │   │ ♝ │   │ ♚ │   │   │ ♜ │
	   ├───┼───┼───┼───┼───┼───┼───┼───┤
	7  │ ♟ │ ♟ │ ♟ │   │ ♞ │   │ ♟ │ ♟ │
	   ├───┼───┼───┼───┼───┼───┼───┼───┤
	6  │   │   │   │ ♛ │   │ ♟ │   │   │
	   ├───┼───┼───┼───┼───┼───┼───┼───┤
	5  │   │ ♞ │   │   │ ♟ │ ♙ │ ♙ │   │
	   ├───┼───┼───┼───┼───┼───┼───┼───┤
	4  │   │   │   │   │ ♙ │   │   │   │
	   ├───┼───┼───┼───┼───┼───┼───┼───┤
	3  │ ♙ │   │ ♙ │ ♙ │   │   │   │   │
	   ├───┼───┼───┼───┼───┼───┼───┼───┤
	2  │   │   │   │   │   │   │   │ ♙ │
	   ├───┼───┼───┼───┼───┼───┼───┼───┤
	1  │ ♖ │   │ ♗ │ ♕ │ ♔ │ ♗ │ ♘ │ ♖ │
	   └───┴───┴───┴───┴───┴───┴───┴───┘
	     a   b   c   d   e   f   g   h  


[34m[1mAux blancs de jouer.
[37m[1m🕹️  Entrez votre coup: [33m[0m
✅ Mouvement g1e2 effectué.
[0m
[37m[1m	     a   b   c   d   e   f   g   h  
	   ┌───┬───┬───┬───┬───┬───┬───┬───┐
	8  │ ♜ │   │ ♝ │   │ ♚ │   │   │ ♜ │
	   ├───┼───┼───┼───┼───┼───┼───┼───┤
	7  │ ♟ │ ♟ │ ♟ │   │ ♞ │   │ ♟ │ ♟ │
	   ├───┼───┼───┼───┼───┼───┼───┼───┤
	6  │   │   │   │ ♛ │   │ ♟ │   │   │
	   ├───┼───┼───┼───┼───┼───┼───┼───┤
	5  │   │ ♞ │   │   │ ♟ │ ♙ │ ♙ │   │
	   ├───┼───┼───┼───┼───┼───┼───┼───┤
	4  │   │   │   │   │ ♙ │   │   │   │
	   ├───┼───┼───┼───┼───┼───┼───┼───┤
	3  │ ♙ │   │ ♙ │ ♙ │   │   │   │   │
	   ├───┼───┼───┼───┼───┼───┼───┼───┤
	2  │   │   │   │   │ ♘ │   │   │ ♙ │
	   ├───┼───┼───┼───┼───┼───┼───┼───┤
	1  │ ♖ │   │ ♗ │ ♕ │ ♔ │ ♗ │   │ ♖ │
	   └───┴───┴───┴───┴───┴───┴───┴───┘
	     a   b   c   d   e   f   g   h  


[34m[1mAux noirs de jouer.
[37m[1m🕹️  Entrez votre coup: [33m[0m
✅ Mouvement O-O effectué.
[0m
[37m[1m	     a   b   c   d   e   f   g   h  
	   ┌───┬───┬───┬───┬───┬───┬───┬───┐
	8  │ ♜ │   │ ♝ │   │   │ ♜ │ ♚ │   │
	   ├───┼───┼───┼───┼───┼───┼───┼───┤
	7  │ ♟ │ ♟ │ ♟ │   │ ♞ │   │ ♟ │ ♟ │
	   ├───┼───┼───┼───┼───┼───┼───┼───┤
	6  │   │   │   │ ♛ │   │ ♟ │   │   │
	   ├───┼───┼───┼───┼───┼───┼───┼───┤
	5  │   │ ♞ │   │   │ ♟ │ ♙ │ ♙ │   │
	   ├───┼───┼───┼───┼───┼───┼───┼───┤
	4  │   │   │   │   │ ♙ │   │   │   │
	   ├───┼───┼───┼───┼───┼───┼───┼───┤
	3  │ ♙ │   │ ♙ │ ♙ │   │   │   │   │
	   ├───┼───┼───┼───┼───┼───┼───┼───┤
	2  │   │   │   │   │ ♘ │   │   │ ♙ │
	   ├───┼───┼───┼───┼───┼───┼───┼───┤
	1  │ ♖ │   │ ♗ │ ♕ │ ♔ │ ♗ │   │ ♖ │
	   └───┴───┴───┴───┴───┴───┴───┴───┘
	     a   b   c   d   e   f   g   h  


[34m[1mAux blancs de jouer.
[37m[1m🕹️  Entrez votre coup: [33m[0m
✅ Mouvement g5g6 effectué.
[0m
[37m[1m	     a   b   c   d   e   f   g   h  
	   ┌───┬───┬───┬───┬───┬───┬───┬───┐
	8  │ ♜ │   │ ♝ │   │   │ ♜ │ ♚ │   │
	   ├───┼───┼───┼───┼───┼───┼───┼───┤
	7  │ ♟ │ ♟ │ ♟ │   │ ♞ │   │ ♟ │ ♟ │
	   ├───┼───┼───┼───┼───┼───┼───┼───┤
	6  │   │   │   │ ♛ │   │ ♟ │ ♙ │   │
	   ├───┼───┼───┼───┼───┼───┼───┼───┤
	5  │   │ ♞ │   │   │ ♟ │ ♙ │   │   │
	   ├───┼───┼───┼───┼───┼───┼───┼───┤
	4  │   │   │   │   │ ♙ │   │   │   │
	   ├───┼───┼───┼───┼───┼───┼───┼───┤
	3  │ ♙ │   │ ♙ │ ♙ │   │   │   │   │
	   ├───┼───┼───┼───┼───┼───┼───┼───┤
	2  │   │   │   │   │ ♘ │   │   │ ♙ │
	   ├───┼───┼───┼───┼───┼───┼───┼───┤
	1  │ ♖ │   │ ♗ │ ♕ │ ♔ │ ♗ │   │ ♖ │
	   └───┴───┴───┴───┴───┴───┴───┴───┘
	     a   b   c   d   e   f   g   h  


[34m[1mAux noirs de jouer.
[37m[1m🕹️  Entrez votre coup: [33m[0m
✅ Mouvement c8d7 effectué.
[0m
[37m[1m	     a   b   c   d   e   f   g   h  
	   ┌───┬───┬───┬───┬───┬───┬───┬───┐
	8  │ ♜ │   │   │   │   │ ♜ │ ♚ │   │
	   ├───┼───┼───┼───┼───┼───┼───┼───┤
	7  │ ♟ │ ♟ │ ♟ │ ♝ │ ♞ │   │ ♟ │ ♟ │
	   ├───┼───┼───┼───┼───┼───┼───┼───┤
	6  │   │   │   │ ♛ │   │ ♟ │ ♙ │   │
	   ├───┼───┼───┼───┼───┼───┼───┼───┤
	5  │   │ ♞ │   │   │ ♟ │ ♙ │   │   │
	   ├───┼───┼───┼───┼───┼───┼───┼───┤
	4  │   │   │   │   │ ♙ │   │   │   │
	   ├───┼───┼───┼───┼───┼───┼───┼───┤
	3  │ ♙ │   │ ♙ │ ♙ │   │   │   │   │
	   ├───┼───┼───┼───┼───┼───┼───┼───┤
	2  │   │   │   │   │ ♘ │   │   │ ♙ │
	   ├───┼───┼───┼───┼───┼───┼───┼───┤
	1  │ ♖ │   │ ♗ │ ♕ │ ♔ │ ♗ │   │ ♖ │
	   └───┴───┴───┴───┴───┴───┴───┴───┘
	     a   b   c   d   e   f   g   h  


[34m[1mAux blancs de jouer.
[37m[1m🕹️  Entrez votre coup: [33m[0m
✅ Mouvement d3d4 effectué.
[0m
[37m[1m	     a   b   c   d   e   f   g   h  
	   ┌───┬───┬───┬───┬───┬───┬───┬───┐
	8  │ ♜ │   │   │   │   │ ♜ │ ♚ │   │
	   ├───┼───┼───┼───┼───┼───┼───┼───┤
	7  │ ♟ │ ♟ │ ♟ │ ♝ │ ♞ │   │ ♟ │ ♟ │
	   ├───┼───┼───┼───┼───┼───┼───┼───┤
	6  │   │   │   │ ♛ │   │ ♟ │ ♙ │   │
	   ├───┼───┼───┼───┼───┼───┼───┼───┤
	5  │   │ ♞ │   │   │ ♟ │ ♙ │   │   │
	   ├───┼───┼───┼───┼───┼───┼───┼───┤
	4  │   │   │   │ ♙ │ ♙ │   │   │   │
	   ├───┼───┼───┼───┼───┼───┼───┼───┤
	3  │ ♙ │   │ ♙ │   │   │   │   │   │
	   ├───┼───┼───┼───┼───┼───┼───┼───┤
	2  │   │   │   │   │ ♘ │   │   │ ♙ │
	   ├───┼───┼───┼───┼───┼───┼───┼───┤
	1  │ ♖ │   │ ♗ │ ♕ │ ♔ │ ♗ │   │ ♖ │
	   └───┴───┴───┴───┴───┴───┴───┴───┘
	     a   b   c   d   e   f   g   h  


[34m[1mAux noirs de jouer.
[37m[1m🕹️  Entrez votre coup: [33m[0m
✅ Mouvement e5d4 effectué.
[0m
[37m[1m	     a   b   c   d   e   f   g   h  
	   ┌───┬───┬───┬───┬───┬───┬───┬───┐
	8  │ ♜ │   │   │   │   │ ♜ │ ♚ │   │
	   ├───┼───┼───┼───┼───┼───┼───┼───┤
	7  │ ♟ │ ♟ │ ♟ │ ♝ │ ♞ │   │ ♟ │ ♟ │
	   ├───┼───┼───┼───┼───┼───┼───┼───┤
	6  │   │   │   │ ♛ │   │ ♟ │ ♙ │   │
	   ├───┼───┼───┼───┼───┼───┼───┼───┤
	5  │   │ ♞ │   │   │   │ ♙ │   │   │
	   ├───┼───┼───┼───┼───┼───┼───┼───┤
	4  │   │   │   │ ♟ │ ♙ │   │   │   │
	   ├───┼───┼───┼───┼───┼───┼───┼───┤
	3  │ ♙ │   │ ♙ │   │   │   │   │   │
	   ├───┼───┼───┼───┼───┼───┼───┼───┤
	2  │   │   │   │   │ ♘ │   │   │ ♙ │
	   ├───┼───┼───┼───┼───┼───┼───┼───┤
	1  │ ♖ │   │ ♗ │ ♕ │ ♔ │ ♗ │   │ ♖ │
	   └───┴───┴───┴───┴───┴───┴───┴───┘
	     a   b   c   d   e   f   g   h  


[34m[1mAux blancs de jouer.
[37m[1m🕹️  Entrez votre coup: [33m[0m
✅ Mouvement e2d4 effectué.
[0m
[37m[1m	     a   b   c   d   e   f   g   h  
	   ┌───┬───┬───┬───┬───┬───┬───┬───┐
	8  │ ♜ │   │   │   │   │ ♜ │ ♚ │   │
	   ├───┼───┼───┼───┼───┼───┼───┼───┤
	7  │ ♟ │ ♟ │ ♟ │ ♝ │ ♞ │   │ ♟ │ ♟ │
	   ├───┼───┼───┼───┼───┼───┼───┼───┤
	6  │   │   │   │ ♛ │   │ ♟ │ ♙ │   │
	   ├───┼───┼───┼───┼───┼───┼───┼───┤
	5  │   │ ♞ │   │   │   │ ♙ │   │   │
	   ├───┼───┼───┼───┼───┼───┼───┼───┤
	4  │   │   │   │ ♘ │ ♙ │   │   │   │
	   ├───┼───┼───┼───┼───┼───┼───┼───┤
	3  │ ♙ │   │ ♙ │   │   │   │   │   │
	   ├───┼───┼───┼───┼───┼───┼───┼───┤
	2  │   │   │   │   │   │   │   │ ♙ │
	   ├───┼───┼───┼───┼───┼───┼───┼───┤
	1  │ ♖ │   │ ♗ │ ♕ │ ♔ │ ♗ │   │ ♖ │
	   └───┴───┴───┴───┴───┴───┴───┴───┘
	     a   b   c   d   e   f   g   h  


[34m[1mAux noirs de jouer.
[37m[1m🕹️  Entrez votre coup: [33m[0m
✅ Mouvement b5d4 effectué.
[0m
[37m[1m	     a   b   c   d   e   f   g   h  
	   ┌───┬───┬───┬───┬───┬───┬───┬───┐
	8  │ ♜ │   │   │   │   │ ♜ │ ♚ │   │
	   ├───┼───┼───┼───┼───┼───┼───┼───┤
	7  │ ♟ │ ♟ │ ♟ │ ♝ │ ♞ │   │ ♟ │ ♟ │
	   ├───┼───┼───┼───┼───┼───┼───┼───┤
	6  │   │   │   │ ♛ │   │ ♟ │ ♙ │   │
	   ├───┼───┼───┼───┼───┼───┼───┼───┤
	5  │   │   │   │   │   │ ♙ │   │   │
	   ├───┼───┼───┼───┼───┼───┼───┼───┤
	4  │   │   │   │ ♞ │ ♙ │   │   │   │
	   ├───┼───┼───┼───┼───┼───┼───┼───┤
	3  │ ♙ │   │ ♙ │   │   │   │   │   │
	   ├───┼───┼───┼───┼───┼───┼───┼───┤
	2  │   │   │   │   │   │   │   │ ♙ │
	   ├───┼───┼───┼───┼───┼───┼───┼───┤
	1  │ ♖ │   │ ♗ │ ♕ │ ♔ │ ♗ │   │ ♖ │
	   └───┴───┴───┴───┴───┴───┴───┴───┘
	     a   b   c   d   e   f   g   h  


[34m[1mAux blancs de jouer.
[37m[1m🕹️  Entrez votre coup: [33m[0m
✅ Mouvement d1h5 effectué.
[0m
[37m[1m	     a   b   c   d   e   f   g   h  
	   ┌───┬───┬───┬───┬───┬───┬───┬───┐
	8  │ ♜ │   │   │   │   │ ♜ │ ♚ │   │
	   ├───┼───┼───┼───┼───┼───┼───┼───┤
	7  │ ♟ │ ♟ │ ♟ │ ♝ │ ♞ │   │ ♟ │ ♟ │
	   ├───┼───┼───┼───┼───┼───┼───┼───┤
	6  │   │   │   │ ♛ │   │ ♟ │ ♙ │   │
	   ├───┼───┼───┼───┼───┼───┼───┼───┤
	5  │   │   │   │   │   │ ♙ │   │ ♕ │
	   ├───┼───┼───┼───┼───┼───┼───┼───┤
	4  │   │   │   │ ♞ │ ♙ │   │   │   │
	   ├───┼───┼───┼───┼───┼───┼───┼───┤
	3  │ ♙ │   │ ♙ │   │   │   │   │   │
	   ├───┼───┼───┼───┼───┼───┼───┼───┤
	2  │   │   │   │   │   │   │   │ ♙ │
	   ├───┼───┼───┼───┼───┼───┼───┼───┤
	1  │ ♖ │   │ ♗ │   │ ♔ │ ♗ │   │ ♖ │
	   └───┴───┴───┴───┴───┴───┴───┴───┘
	     a   b   c   d   e   f   g   h  


[34m[1mAux noirs de jouer.
[37m[1m🕹️  Entrez votre coup: [33m[0m
[31m[1m🚫 Le roi noir est en échec.
[0m
[37m[1m	     a   b   c   d   e   f   g   h  
	   ┌───┬───┬───┬───┬───┬───┬───┬───┐
	8  │ ♜ │   │   │   │   │ ♜ │ ♚ │   │
	   ├───┼───┼───┼───┼───┼───┼───┼───┤
	7  │ ♟ │ ♟ │ ♟ │ ♝ │ ♞ │   │ ♟ │ ♟ │
	   ├───┼───┼───┼───┼───┼───┼───┼───┤
	6  │   │   │   │ ♛ │   │ ♟ │ ♙ │   │
	   ├───┼───┼───┼───┼───┼───┼───┼───┤
	5  │   │   │   │   │   │ ♙ │   │ ♕ │
	   ├───┼───┼───┼───┼───┼───┼───┼───┤
	4  │   │   │   │ ♞ │ ♙ │   │   │   │
	   ├───┼───┼───┼───┼───┼───┼───┼───┤
	3  │ ♙ │   │ ♙ │   │   │   │   │   │
	   ├───┼───┼───┼───┼───┼───┼───┼───┤
	2  │   │   │   │   │   │   │   │ ♙ │
	   ├───┼───┼───┼───┼───┼───┼───┼───┤
	1  │ ♖ │   │ ♗ │   │ ♔ │ ♗ │   │ ♖ │
	   └───┴───┴───┴───┴───┴───┴───┴───┘
	     a   b   c   d   e   f   g   h  


[34m[1mAux noirs de jouer.
[37m[1m🕹️  Entrez votre coup: [33m[0m
✅ Mouvement h7h6 effectué.
[0m
[37m[1m	     a   b   c   d   e   f   g   h  
	   ┌───┬───┬───┬───┬───┬───┬───┬───┐
	8  │ ♜ │   │   │   │   │ ♜ │ ♚ │   │
	   ├───┼───┼───┼───┼───┼───┼───┼───┤
	7  │ ♟ │ ♟ │ ♟ │ ♝ │ ♞ │   │ ♟ │   │
	   ├───┼───┼───┼───┼───┼───┼───┼───┤
	6  │   │   │   │ ♛ │   │ ♟ │ ♙ │ ♟ │
	   ├───┼───┼───┼───┼───┼───┼───┼───┤
	5  │   │   │   │   │   │ ♙ │   │ ♕ │
	   ├───┼───┼───┼───┼───┼───┼───┼───┤
	4  │   │   │   │ ♞ │ ♙ │   │   │   │
	   ├───┼───┼───┼───┼───┼───┼───┼───┤
	3  │ ♙ │   │ ♙ │   │   │   │   │   │
	   ├───┼───┼───┼───┼───┼───┼───┼───┤
	2  │   │   │   │   │   │   │   │ ♙ │
	   ├───┼───┼───┼───┼───┼───┼───┼───┤
	1  │ ♖ │   │ ♗ │   │ ♔ │ ♗ │   │ ♖ │
	   └───┴───┴───┴───┴───┴───┴───┴───┘
	     a   b   c   d   e   f   g   h  


[34m[1mAux blancs de jouer.
[37m[1m🕹️  Entrez votre coup: [33m[0m
✅ Mouvement c3d4 effectué.
[0m
[37m[1m	     a   b   c   d   e   f   g   h  
	   ┌───┬───┬───┬───┬───┬───┬───┬───┐
	8  │ ♜ │   │   │   │   │ ♜ │ ♚ │   │
	   ├───┼───┼───┼───┼───┼───┼───┼───┤
	7  │ ♟ │ ♟ │ ♟ │ ♝ │ ♞ │   │ ♟ │   │
	   ├───┼───┼───┼───┼───┼───┼───┼───┤
	6  │   │   │   │ ♛ │   │ ♟ │ ♙ │ ♟ │
	   ├───┼───┼───┼───┼───┼───┼───┼───┤
	5  │   │   │   │   │   │ ♙ │   │ ♕ │
	   ├───┼───┼───┼───┼───┼───┼───┼───┤
	4  │   │   │   │ ♙ │ ♙ │   │   │   │
	   ├───┼───┼───┼───┼───┼───┼───┼───┤
	3  │ ♙ │   │   │   │   │   │   │   │
	   ├───┼───┼───┼───┼───┼───┼───┼───┤
	2  │   │   │   │   │   │   │   │ ♙ │
	   ├───┼───┼───┼───┼───┼───┼───┼───┤
	1  │ ♖ │   │ ♗ │   │ ♔ │ ♗ │   │ ♖ │
	   └───┴───┴───┴───┴───┴───┴───┴───┘
	     a   b   c   d   e   f   g   h  


[34m[1mAux noirs de jouer.
[37m[1m🕹️  Entrez votre coup: [33m[0m
✅ Mouvement d6d4 effectué.
[0m
[37m[1m	     a   b   c   d   e   f   g   h  
	   ┌───┬───┬───┬───┬───┬───┬───┬───┐
	8  │ ♜ │   │   │   │   │ ♜ │ ♚ │   │
	   ├───┼───┼───┼───┼───┼───┼───┼───┤
	7  │ ♟ │ ♟ │ ♟ │ ♝ │ ♞ │   │ ♟ │   │
	   ├───┼───┼───┼───┼───┼───┼───┼───┤
	6  │   │   │   │   │   │ ♟ │ ♙ │ ♟ │
	   ├───┼───┼───┼───┼───┼───┼───┼───┤
	5  │   │   │   │   │   │ ♙ │   │ ♕ │
	   ├───┼───┼───┼───┼───┼───┼───┼───┤
	4  │   │   │   │ ♛ │ ♙ │   │   │   │
	   ├───┼───┼───┼───┼───┼───┼───┼───┤
	3  │ ♙ │   │   │   │   │   │   │   │
	   ├───┼───┼───┼───┼───┼───┼───┼───┤
	2  │   │   │   │   │   │   │   │ ♙ │
	   ├───┼───┼───┼───┼───┼───┼───┼───┤
	1  │ ♖ │   │ ♗ │   │ ♔ │ ♗ │   │ ♖ │
	   └───┴───┴───┴───┴───┴───┴───┴───┘
	     a   b   c   d   e   f   g   h  


[34m[1mAux blancs de jouer.
[37m[1m🕹️  Entrez votre coup: [33m[0m
✅ Mouvement a1a2 effectué.
[0m
[37m[1m	     a   b   c   d   e   f   g   h  
	   ┌───┬───┬───┬───┬───┬───┬───┬───┐
	8  │ ♜ │   │   │   │   │ ♜ │ ♚ │   │
	   ├───┼───┼───┼───┼───┼───┼───┼───┤
	7  │ ♟ │ ♟ │ ♟ │ ♝ │ ♞ │   │ ♟ │   │
	   ├───┼───┼───┼───┼───┼───┼───┼───┤
	6  │   │   │   │   │   │ ♟ │ ♙ │ ♟ │
	   ├───┼───┼───┼───┼───┼───┼───┼───┤
	5  │   │   │   │   │   │ ♙ │   │ ♕ │
	   ├───┼───┼───┼───┼───┼───┼───┼───┤
	4  │   │   │   │ ♛ │ ♙ │   │   │   │
	   ├───┼───┼───┼───┼───┼───┼───┼───┤
	3  │ ♙ │   │   │   │   │   │   │   │
	   ├───┼───┼───┼───┼───┼───┼───┼───┤
	2  │ ♖ │   │   │   │   │   │   │ ♙ │
	   ├───┼───┼───┼───┼───┼───┼───┼───┤
	1  │   │   │ ♗ │   │ ♔ │ ♗ │   │ ♖ │
	   └───┴───┴───┴───┴───┴───┴───┴───┘
	     a   b   c   d   e   f   g   h  


[34m[1mAux noirs de jouer.
[37m[1m🕹️  Entrez votre coup: [33m[0m
✅ Mouvement d4e4 effectué.
[0m[31m[1m⚔️ Ce mouvement met le roi blanc en échec.
[0m
[37m[1m	     a   b   c   d   e   f   g   h  
	   ┌───┬───┬───┬───┬───┬───┬───┬───┐
	8  │ ♜ │   │   │   │   │ ♜ │ ♚ │   │
	   ├───┼───┼───┼───┼───┼───┼───┼───┤
	7  │ ♟ │ ♟ │ ♟ │ ♝ │ ♞ │   │ ♟ │   │
	   ├───┼───┼───┼───┼───┼───┼───┼───┤
	6  │   │   │   │   │   │ ♟ │ ♙ │ ♟ │
	   ├───┼───┼───┼───┼───┼───┼───┼───┤
	5  │   │   │   │   │   │ ♙ │   │ ♕ │
	   ├───┼───┼───┼───┼───┼───┼───┼───┤
	4  │   │   │   │   │ ♛ │   │   │   │
	   ├───┼───┼───┼───┼───┼───┼───┼───┤
	3  │ ♙ │   │   │   │   │   │   │   │
	   ├───┼───┼───┼───┼───┼───┼───┼───┤
	2  │ ♖ │   │   │   │   │   │   │ ♙ │
	   ├───┼───┼───┼───┼───┼───┼───┼───┤
	1  │   │   │ ♗ │   │ ♔ │ ♗ │   │ ♖ │
	   └───┴───┴───┴───┴───┴───┴───┴───┘
	     a   b   c   d   e   f   g   h  


[34m[1mAux blancs de jouer.
[37m[1m🕹️  Entrez votre coup: [33m[0m
✅ Mouvement a2e2 effectué.
[0m
[37m[1m	     a   b   c   d   e   f   g   h  
	   ┌───┬───┬───┬───┬───┬───┬───┬───┐
	8  │ ♜ │   │   │   │   │ ♜ │ ♚ │   │
	   ├───┼───┼───┼───┼───┼───┼───┼───┤
	7  │ ♟ │ ♟ │ ♟ │ ♝ │ ♞ │   │ ♟ │   │
	   ├───┼───┼───┼───┼───┼───┼───┼───┤
	6  │   │   │   │   │   │ ♟ │ ♙ │ ♟ │
	   ├───┼───┼───┼───┼───┼───┼───┼───┤
	5  │   │   │   │   │   │ ♙ │   │ ♕ │
	   ├───┼───┼───┼───┼───┼───┼───┼───┤
	4  │   │   │   │   │ ♛ │   │   │   │
	   ├───┼───┼───┼───┼───┼───┼───┼───┤
	3  │ ♙ │   │   │   │   │   │   │   │
	   ├───┼───┼───┼───┼───┼───┼───┼───┤
	2  │   │   │   │   │ ♖ │   │   │ ♙ │
	   ├───┼───┼───┼───┼───┼───┼───┼───┤
	1  │   │   │ ♗ │   │ ♔ │ ♗ │   │ ♖ │
	   └───┴───┴───┴───┴───┴───┴───┴───┘
	     a   b   c   d   e   f   g   h  


[34m[1mAux noirs de jouer.
[37m[1m🕹️  Entrez votre coup: [33m[0m
✅ Mouvement e4h1 effectué.
[0m
[37m[1m	     a   b   c   d   e   f   g   h  
	   ┌───┬───┬───┬───┬───┬───┬───┬───┐
	8  │ ♜ │   │   │   │   │ ♜ │ ♚ │   │
	   ├───┼───┼───┼───┼───┼───┼───┼───┤
	7  │ ♟ │ ♟ │ ♟ │ ♝ │ ♞ │   │ ♟ │   │
	   ├───┼───┼───┼───┼───┼───┼───┼───┤
	6  │   │   │   │   │   │ ♟ │ ♙ │ ♟ │
	   ├───┼───┼───┼───┼───┼───┼───┼───┤
	5  │   │   │   │   │   │ ♙ │   │ ♕ │
	   ├───┼───┼───┼───┼───┼───┼───┼───┤
	4  │   │   │   │   │   │   │   │   │
	   ├───┼───┼───┼───┼───┼───┼───┼───┤
	3  │ ♙ │   │   │   │   │   │   │   │
	   ├───┼───┼───┼───┼───┼───┼───┼───┤
	2  │   │   │   │   │ ♖ │   │   │ ♙ │
	   ├───┼───┼───┼───┼───┼───┼───┼───┤
	1  │   │   │ ♗ │   │ ♔ │ ♗ │   │ ♛ │
	   └───┴───┴───┴───┴───┴───┴───┴───┘
	     a   b   c   d   e   f   g   h  


[34m[1mAux blancs de jouer.
[37m[1m🕹️  Entrez votre coup: [33m[0m
✅ Mouvement e2e7 effectué.
[0m
[37m[1m	     a   b   c   d   e   f   g   h  
	   ┌───┬───┬───┬───┬───┬───┬───┬───┐
	8  │ ♜ │   │   │   │   │ ♜ │ ♚ │   │
	   ├───┼───┼───┼───┼───┼───┼───┼───┤
	7  │ ♟ │ ♟ │ ♟ │ ♝ │ ♖ │   │ ♟ │   │
	   ├───┼───┼───┼───┼───┼───┼───┼───┤
	6  │   │   │   │   │   │ ♟ │ ♙ │ ♟ │
	   ├───┼───┼───┼───┼───┼───┼───┼───┤
	5  │   │   │   │   │   │ ♙ │   │ ♕ │
	   ├───┼───┼───┼───┼───┼───┼───┼───┤
	4  │   │   │   │   │   │   │   │   │
	   ├───┼───┼───┼───┼───┼───┼───┼───┤
	3  │ ♙ │   │   │   │   │   │   │   │
	   ├───┼───┼───┼───┼───┼───┼───┼───┤
	2  │   │   │   │   │   │   │   │ ♙ │
	   ├───┼───┼───┼───┼───┼───┼───┼───┤
	1  │   │   │ ♗ │   │ ♔ │ ♗ │   │ ♛ │
	   └───┴───┴───┴───┴───┴───┴───┴───┘
	     a   b   c   d   e   f   g   h  


[34m[1mAux noirs de jouer.
[37m[1m🕹️  Entrez votre coup: [33m[0m
✅ Mouvement a8e8 effectué.
[0m
[37m[1m	     a   b   c   d   e   f   g   h  
	   ┌───┬───┬───┬───┬───┬───┬───┬───┐
	8  │   │   │   │   │ ♜ │ ♜ │ ♚ │   │
	   ├───┼───┼───┼───┼───┼───┼───┼───┤
	7  │ ♟ │ ♟ │ ♟ │ ♝ │ ♖ │   │ ♟ │   │
	   ├───┼───┼───┼───┼───┼───┼───┼───┤
	6  │   │   │   │   │   │ ♟ │ ♙ │ ♟ │
	   ├───┼───┼───┼───┼───┼───┼───┼───┤
	5  │   │   │   │   │   │ ♙ │   │ ♕ │
	   ├───┼───┼───┼───┼───┼───┼───┼───┤
	4  │   │   │   │   │   │   │   │   │
	   ├───┼───┼───┼───┼───┼───┼───┼───┤
	3  │ ♙ │   │   │   │   │   │   │   │
	   ├───┼───┼───┼───┼───┼───┼───┼───┤
	2  │   │   │   │   │   │   │   │ ♙ │
	   ├───┼───┼───┼───┼───┼───┼───┼───┤
	1  │   │   │ ♗ │   │ ♔ │ ♗ │   │ ♛ │
	   └───┴───┴───┴───┴───┴───┴───┴───┘
	     a   b   c   d   e   f   g   h  


[34m[1mAux blancs de jouer.
[37m[1m🕹️  Entrez votre coup: [33m[0m
✅ Mouvement e7e8 effectué.
[0m
[37m[1m	     a   b   c   d   e   f   g   h  
	   ┌───┬───┬───┬───┬───┬───┬───┬───┐
	8  │   │   │   │   │ ♖ │ ♜ │ ♚ │   │
	   ├───┼───┼───┼───┼───┼───┼───┼───┤
	7  │ ♟ │ ♟ │ ♟ │ ♝ │   │   │ ♟ │   │
	   ├───┼───┼───┼───┼───┼───┼───┼───┤
	6  │   │   │   │   │   │ ♟ │ ♙ │ ♟ │
	   ├───┼───┼───┼───┼───┼───┼───┼───┤
	5  │   │   │   │   │   │ ♙ │   │ ♕ │
	   ├───┼───┼───┼───┼───┼───┼───┼───┤
	4  │   │   │   │   │   │   │   │   │
	   ├───┼───┼───┼───┼───┼───┼───┼───┤
	3  │ ♙ │   │   │   │   │   │   │   │
	   ├───┼───┼───┼───┼───┼───┼───┼───┤
	2  │   │   │   │   │   │   │   │ ♙ │
	   ├───┼───┼───┼───┼───┼───┼───┼───┤
	1  │   │   │ ♗ │   │ ♔ │ ♗ │   │ ♛ │
	   └───┴───┴───┴───┴───┴───┴───┴───┘
	     a   b   c   d   e   f   g   h  


[34m[1mAux noirs de jouer.
[37m[1m🕹️  Entrez votre coup: [33m[0m
✅ Mouvement f8e8 effectué.
[0m[31m[1m⚔️ Ce mouvement met le roi blanc en échec.
[0m
[37m[1m	     a   b   c   d   e   f   g   h  
	   ┌───┬───┬───┬───┬───┬───┬───┬───┐
	8  │   │   │   │   │ ♜ │   │ ♚ │   │
	   ├───┼───┼───┼───┼───┼───┼───┼───┤
	7  │ ♟ │ ♟ │ ♟ │ ♝ │   │   │ ♟ │   │
	   ├───┼───┼───┼───┼───┼───┼───┼───┤
	6  │   │   │   │   │   │ ♟ │ ♙ │ ♟ │
	   ├───┼───┼───┼───┼───┼───┼───┼───┤
	5  │   │   │   │   │   │ ♙ │   │ ♕ │
	   ├───┼───┼───┼───┼───┼───┼───┼───┤
	4  │   │   │   │   │   │   │   │   │
	   ├───┼───┼───┼───┼───┼───┼───┼───┤
	3  │ ♙ │   │   │   │   │   │   │   │
	   ├───┼───┼───┼───┼───┼───┼───┼───┤
	2  │   │   │   │   │   │   │   │ ♙ │
	   ├───┼───┼───┼───┼───┼───┼───┼───┤
	1  │   │   │ ♗ │   │ ♔ │ ♗ │   │ ♛ │
	   └───┴───┴───┴───┴───┴───┴───┴───┘
	     a   b   c   d   e   f   g   h  


[34m[1mAux blancs de jouer.
[37m[1m🕹️  Entrez votre coup: [33m[0m
✅ Mouvement e1f2 effectué.
[0m
[37m[1m	     a   b   c   d   e   f   g   h  
	   ┌───┬───┬───┬───┬───┬───┬───┬───┐
	8  │   │   │   │   │ ♜ │   │ ♚ │   │
	   ├───┼───┼───┼───┼───┼───┼───┼───┤
	7  │ ♟ │ ♟ │ ♟ │ ♝ │   │   │ ♟ │   │
	   ├───┼───┼───┼───┼───┼───┼───┼───┤
	6  │   │   │   │   │   │ ♟ │ ♙ │ ♟ │
	   ├───┼───┼───┼───┼───┼───┼───┼───┤
	5  │   │   │   │   │   │ ♙ │   │ ♕ │
	   ├───┼───┼───┼───┼───┼───┼───┼───┤
	4  │   │   │   │   │   │   │   │   │
	   ├───┼───┼───┼───┼───┼───┼───┼───┤
	3  │ ♙ │   │   │   │   │   │   │   │
	   ├───┼───┼───┼───┼───┼───┼───┼───┤
	2  │   │   │   │   │   │ ♔ │   │ ♙ │
	   ├───┼───┼───┼───┼───┼───┼───┼───┤
	1  │   │   │ ♗ │   │   │ ♗ │   │ ♛ │
	   └───┴───┴───┴───┴───┴───┴───┴───┘
	     a   b   c   d   e   f   g   h  


[34m[1mAux noirs de jouer.
[37m[1m🕹️  Entrez votre coup: [33m[0m
✅ Mouvement d7c6 effectué.
[0m
[37m[1m	     a   b   c   d   e   f   g   h  
	   ┌───┬───┬───┬───┬───┬───┬───┬───┐
	8  │   │   │   │   │ ♜ │   │ ♚ │   │
	   ├───┼───┼───┼───┼───┼───┼───┼───┤
	7  │ ♟ │ ♟ │ ♟ │   │   │   │ ♟ │   │
	   ├───┼───┼───┼───┼───┼───┼───┼───┤
	6  │   │   │ ♝ │   │   │ ♟ │ ♙ │ ♟ │
	   ├───┼───┼───┼───┼───┼───┼───┼───┤
	5  │   │   │   │   │   │ ♙ │   │ ♕ │
	   ├───┼───┼───┼───┼───┼───┼───┼───┤
	4  │   │   │   │   │   │   │   │   │
	   ├───┼───┼───┼───┼───┼───┼───┼───┤
	3  │ ♙ │   │   │   │   │   │   │   │
	   ├───┼───┼───┼───┼───┼───┼───┼───┤
	2  │   │   │   │   │   │ ♔ │   │ ♙ │
	   ├───┼───┼───┼───┼───┼───┼───┼───┤
	1  │   │   │ ♗ │   │   │ ♗ │   │ ♛ │
	   └───┴───┴───┴───┴───┴───┴───┴───┘
	     a   b   c   d   e   f   g   h  


[34m[1mAux blancs de jouer.
[37m[1m🕹️  Entrez votre coup: [33m[0m
✅ Mouvement c1h6 effectué.
[0m
[37m[1m	     a   b   c   d   e   f   g   h  
	   ┌───┬───┬───┬───┬───┬───┬───┬───┐
	8  │   │   │   │   │ ♜ │   │ ♚ │   │
	   ├───┼───┼───┼───┼───┼───┼───┼───┤
	7  │ ♟ │ ♟ │ ♟ │   │   │   │ ♟ │   │
	   ├───┼───┼───┼───┼───┼───┼───┼───┤
	6  │   │   │ ♝ │   │   │ ♟ │ ♙ │ ♗ │
	   ├───┼───┼───┼───┼───┼───┼───┼───┤
	5  │   │   │   │   │   │ ♙ │   │ ♕ │
	   ├───┼───┼───┼───┼───┼───┼───┼───┤
	4  │   │   │   │   │   │   │   │   │
	   ├───┼───┼───┼───┼───┼───┼───┼───┤
	3  │ ♙ │   │   │   │   │   │   │   │
	   ├───┼───┼───┼───┼───┼───┼───┼───┤
	2  │   │   │   │   │   │ ♔ │   │ ♙ │
	   ├───┼───┼───┼───┼───┼───┼───┼───┤
	1  │   │   │   │   │   │ ♗ │   │ ♛ │
	   └───┴───┴───┴───┴───┴───┴───┴───┘
	     a   b   c   d   e   f   g   h  


[34m[1mAux noirs de jouer.
[37m[1m🕹️  Entrez votre coup: [33m[0m
✅ Mouvement g7h6 effectué.
[0m
[37m[1m	     a   b   c   d   e   f   g   h  
	   ┌───┬───┬───┬───┬───┬───┬───┬───┐
	8  │   │   │   │   │ ♜ │   │ ♚ │   │
	   ├───┼───┼───┼───┼───┼───┼───┼───┤
	7  │ ♟ │ ♟ │ ♟ │   │   │   │   │   │
	   ├───┼───┼───┼───┼───┼───┼───┼───┤
	6  │   │   │ ♝ │   │   │ ♟ │ ♙ │ ♟ │
	   ├───┼───┼───┼───┼───┼───┼───┼───┤
	5  │   │   │   │   │   │ ♙ │   │ ♕ │
	   ├───┼───┼───┼───┼───┼───┼───┼───┤
	4  │   │   │   │   │   │   │   │   │
	   ├───┼───┼───┼───┼───┼───┼───┼───┤
	3  │ ♙ │   │   │   │   │   │   │   │
	   ├───┼───┼───┼───┼───┼───┼───┼───┤
	2  │   │   │   │   │   │ ♔ │   │ ♙ │
	   ├───┼───┼───┼───┼───┼───┼───┼───┤
	1  │   │   │   │   │   │ ♗ │   │ ♛ │
	   └───┴───┴───┴───┴───┴───┴───┴───┘
	     a   b   c   d   e   f   g   h  


[34m[1mAux blancs de jouer.
[37m[1m🕹️  Entrez votre coup: [33m[0m
✅ Mouvement f1c4 effectué.
[0m[31m[1m⚔️ Ce mouvement met le roi noir en échec.
[0m
[37m[1m	     a   b   c   d   e   f   g   h  
	   ┌───┬───┬───┬───┬───┬───┬───┬───┐
	8  │   │   │   │   │ ♜ │   │ ♚ │   │
	   ├───┼───┼───┼───┼───┼───┼───┼───┤
	7  │ ♟ │ ♟ │ ♟ │   │   │   │   │   │
	   ├───┼───┼───┼───┼───┼───┼───┼───┤
	6  │   │   │ ♝ │   │   │ ♟ │ ♙ │ ♟ │
	   ├───┼───┼───┼───┼───┼───┼───┼───┤
	5  │   │   │   │   │   │ ♙ │   │ ♕ │
	   ├───┼───┼───┼───┼───┼───┼───┼───┤
	4  │   │   │ ♗ │   │   │   │   │   │
	   ├───┼───┼───┼───┼───┼───┼───┼───┤
	3  │ ♙ │   │   │   │   │   │   │   │
	   ├───┼───┼───┼───┼───┼───┼───┼───┤
	2  │   │   │   │   │   │ ♔ │   │ ♙ │
	   ├───┼───┼───┼───┼───┼───┼───┼───┤
	1  │   │   │   │   │   │   │   │ ♛ │
	   └───┴───┴───┴───┴───┴───┴───┴───┘
	     a   b   c   d   e   f   g   h  


[34m[1mAux noirs de jouer.
[37m[1m🕹️  Entrez votre coup: [33m[0m
✅ Mouvement g8h8 effectué.
[0m
[37m[1m	     a   b   c   d   e   f   g   h  
	   ┌───┬───┬───┬───┬───┬───┬───┬───┐
	8  │   │   │   │   │ ♜ │   │   │ ♚ │
	   ├───┼───┼───┼───┼───┼───┼───┼───┤
	7  │ ♟ │ ♟ │ ♟ │   │   │   │   │   │
	   ├───┼───┼───┼───┼───┼───┼───┼───┤
	6  │   │   │ ♝ │   │   │ ♟ │ ♙ │ ♟ │
	   ├───┼───┼───┼───┼───┼───┼───┼───┤
	5  │   │   │   │   │   │ ♙ │   │ ♕ │
	   ├───┼───┼───┼───┼───┼───┼───┼───┤
	4  │   │   │ ♗ │   │   │   │   │   │
	   ├───┼───┼───┼───┼───┼───┼───┼───┤
	3  │ ♙ │   │   │   │   │   │   │   │
	   ├───┼───┼───┼───┼───┼───┼───┼───┤
	2  │   │   │   │   │   │ ♔ │   │ ♙ │
	   ├───┼───┼───┼───┼───┼───┼───┼───┤
	1  │   │   │   │   │   │   │   │ ♛ │
	   └───┴───┴───┴───┴───┴───┴───┴───┘
	     a   b   c   d   e   f   g   h  


[34m[1mAux blancs de jouer.
[37m[1m🕹️  Entrez votre coup: [33m[0m
✅ Mouvement h5h6 effectué.
[0m[31m[1m👑 Échec et mat pour les noirs
[0m
[37m[1m🏁 Fin de la partie.

🎉 Les blancs ont gagné.

[1m[37m

		┌───────────────────┐
		│ 🚪 Quitter le jeu │
		└───────────────────┘

[0m[1m	👋 Merci d'avoir joué, à bientôt !

,,,,,,,bQ,,,,,,wK,,wP,wP,,,,,,,,,,wB,,,,,,,,,,,wP,,,,,bB,,,bP,wP,wQ,bP,bP,bP,,,,,,,,,,bR,,,bK, 1-0
  -> [0;32mreference position: OK[0m
  -> [0;32mreference result: OK[0m
  -> [0m(exit code=0)
[0;33m> data/4-leg-mat-berger.txt[0m

[37m[1m	     a   b   c   d   e   f   g   h  
	   ┌───┬───┬───┬───┬───┬───┬───┬───┐
	8  │ ♜ │ ♞ │ ♝ │ ♛ │ ♚ │ ♝ │ ♞ │ ♜ │
	   ├───┼───┼───┼───┼───┼───┼───┼───┤
	7  │ ♟ │ ♟ │ ♟ │ ♟ │ ♟ │ ♟ │ ♟ │ ♟ │
	   ├───┼───┼───┼───┼───┼───┼───┼───┤
	6  │   │   │   │   │   │   │   │   │
	   ├───┼───┼───┼───┼───┼───┼───┼───┤
	5  │   │   │   │   │   │   │   │   │
	   ├───┼───┼───┼───┼───┼───┼───┼───┤
	4  │   │   │   │   │   │   │   │   │
	   ├───┼───┼───┼───┼───┼───┼───┼───┤
	3  │   │   │   │   │   │   │   │   │
	   ├───┼───┼───┼───┼───┼───┼───┼───┤
	2  │ ♙ │ ♙ │ ♙ │ ♙ │ ♙ │ ♙ │ ♙ │ ♙ │
	   ├───┼───┼───┼───┼───┼───┼───┼───┤
	1  │ ♖ │ ♘ │ ♗ │ ♕ │ ♔ │ ♗ │ ♘ │ ♖ │
	   └───┴───┴───┴───┴───┴───┴───┴───┘
	     a   b   c   d   e   f   g   h  


[34m[1mAux blancs de jouer.
[37m[1m🕹️  Entrez votre coup: [33m[0m
✅ Mouvement e2e4 effectué.
[0m
[37m[1m	     a   b   c   d   e   f   g   h  
	   ┌───┬───┬───┬───┬───┬───┬───┬───┐
	8  │ ♜ │ ♞ │ ♝ │ ♛ │ ♚ │ ♝ │ ♞ │ ♜ │
	   ├───┼───┼───┼───┼───┼───┼───┼───┤
	7  │ ♟ │ ♟ │ ♟ │ ♟ │ ♟ │ ♟ │ ♟ │ ♟ │
	   ├───┼───┼───┼───┼───┼───┼───┼───┤
	6  │   │   │   │   │   │   │   │   │
	   ├───┼───┼───┼───┼───┼───┼───┼───┤
	5  │   │   │   │   │   │   │   │   │
	   ├───┼───┼───┼───┼───┼───┼───┼───┤
	4  │   │   │   │   │ ♙ │   │   │   │
	   ├───┼───┼───┼───┼───┼───┼───┼───┤
	3  │   │   │   │   │   │   │   │   │
	   ├───┼───┼───┼───┼───┼───┼───┼───┤
	2  │ ♙ │ ♙ │ ♙ │ ♙ │   │ ♙ │ ♙ │ ♙ │
	   ├───┼───┼───┼───┼───┼───┼───┼───┤
	1  │ ♖ │ ♘ │ ♗ │ ♕ │ ♔ │ ♗ │ ♘ │ ♖ │
	   └───┴───┴───┴───┴───┴───┴───┴───┘
	     a   b   c   d   e   f   g   h  


[34m[1mAux noirs de jouer.
[37m[1m🕹️  Entrez votre coup: [33m[0m
✅ Mouvement e7e5 effectué.
[0m
[37m[1m	     a   b   c   d   e   f   g   h  
	   ┌───┬───┬───┬───┬───┬───┬───┬───┐
	8  │ ♜ │ ♞ │ ♝ │ ♛ │ ♚ │ ♝ │ ♞ │ ♜ │
	   ├───┼───┼───┼───┼───┼───┼───┼───┤
	7  │ ♟ │ ♟ │ ♟ │ ♟ │   │ ♟ │ ♟ │ ♟ │
	   ├───┼───┼───┼───┼───┼───┼───┼───┤
	6  │   │   │   │   │   │   │   │   │
	   ├───┼───┼───┼───┼───┼───┼───┼───┤
	5  │   │   │   │   │ ♟ │   │   │   │
	   ├───┼───┼───┼───┼───┼───┼───┼───┤
	4  │   │   │   │   │ ♙ │   │   │   │
	   ├───┼───┼───┼───┼───┼───┼───┼───┤
	3  │   │   │   │   │   │   │   │   │
	   ├───┼───┼───┼───┼───┼───┼───┼───┤
	2  │ ♙ │ ♙ │ ♙ │ ♙ │   │ ♙ │ ♙ │ ♙ │
	   ├───┼───┼───┼───┼───┼───┼───┼───┤
	1  │ ♖ │ ♘ │ ♗ │ ♕ │ ♔ │ ♗ │ ♘ │ ♖ │
	   └───┴───┴───┴───┴───┴───┴───┴───┘
	     a   b   c   d   e   f   g   h  


[34m[1mAux blancs de jouer.
[37m[1m🕹️  Entrez votre coup: [33m[0m
✅ Mouvement f1c4 effectué.
[0m
[37m[1m	     a   b   c   d   e   f   g   h  
	   ┌───┬───┬───┬───┬───┬───┬───┬───┐
	8  │ ♜ │ ♞ │ ♝ │ ♛ │ ♚ │ ♝ │ ♞ │ ♜ │
	   ├───┼───┼───┼───┼───┼───┼───┼───┤
	7  │ ♟ │ ♟ │ ♟ │ ♟ │   │ ♟ │ ♟ │ ♟ │
	   ├───┼───┼───┼───┼───┼───┼───┼───┤
	6  │   │   │   │   │   │   │   │   │
	   ├───┼───┼───┼───┼───┼───┼───┼───┤
	5  │   │   │   │   │ ♟ │   │   │   │
	   ├───┼───┼───┼───┼───┼───┼───┼───┤
	4  │   │   │ ♗ │   │ ♙ │   │   │   │
	   ├───┼───┼───┼───┼───┼───┼───┼───┤
	3  │   │   │   │   │   │   │   │   │
	   ├───┼───┼───┼───┼───┼───┼───┼───┤
	2  │ ♙ │ ♙ │ ♙ │ ♙ │   │ ♙ │ ♙ │ ♙ │
	   ├───┼───┼───┼───┼───┼───┼───┼───┤
	1  │ ♖ │ ♘ │ ♗ │ ♕ │ ♔ │   │ ♘ │ ♖ │
	   └───┴───┴───┴───┴───┴───┴───┴───┘
	     a   b   c   d   e   f   g   h  


[34m[1mAux noirs de jouer.
[37m[1m🕹️  Entrez votre coup: [33m[0m
✅ Mouvement f8c5 effectué.
[0m
[37m[1m	     a   b   c   d   e   f   g   h  
	   ┌───┬───┬───┬───┬───┬───┬───┬───┐
	8  │ ♜ │ ♞ │ ♝ │ ♛ │ ♚ │   │ ♞ │ ♜ │
	   ├───┼───┼───┼───┼───┼───┼───┼───┤
	7  │ ♟ │ ♟ │ ♟ │ ♟ │   │ ♟ │ ♟ │ ♟ │
	   ├───┼───┼───┼───┼───┼───┼───┼───┤
	6  │   │   │   │   │   │   │   │   │
	   ├───┼───┼───┼───┼───┼───┼───┼───┤
	5  │   │   │ ♝ │   │ ♟ │   │   │   │
	   ├───┼───┼───┼───┼───┼───┼───┼───┤
	4  │   │   │ ♗ │   │ ♙ │   │   │   │
	   ├───┼───┼───┼───┼───┼───┼───┼───┤
	3  │   │   │   │   │   │   │   │   │
	   ├───┼───┼───┼───┼───┼───┼───┼───┤
	2  │ ♙ │ ♙ │ ♙ │ ♙ │   │ ♙ │ ♙ │ ♙ │
	   ├───┼───┼───┼───┼───┼───┼───┼───┤
	1  │ ♖ │ ♘ │ ♗ │ ♕ │ ♔ │   │ ♘ │ ♖ │
	   └───┴───┴───┴───┴───┴───┴───┴───┘
	     a   b   c   d   e   f   g   h  


[34m[1mAux blancs de jouer.
[37m[1m🕹️  Entrez votre coup: [33m[0m
✅ Mouvement d1h5 effectué.
[0m
[37m[1m	     a   b   c   d   e   f   g   h  
	   ┌───┬───┬───┬───┬───┬───┬───┬───┐
	8  │ ♜ │ ♞ │ ♝ │ ♛ │ ♚ │   │ ♞ │ ♜ │
	   ├───┼───┼───┼───┼───┼───┼───┼───┤
	7  │ ♟ │ ♟ │ ♟ │ ♟ │   │ ♟ │ ♟ │ ♟ │
	   ├───┼───┼───┼───┼───┼───┼───┼───┤
	6  │   │   │   │   │   │   │   │   │
	   ├───┼───┼───┼───┼───┼───┼───┼───┤
	5  │   │   │ ♝ │   │ ♟ │   │   │ ♕ │
	   ├───┼───┼───┼───┼───┼───┼───┼───┤
	4  │   │   │ ♗ │   │ ♙ │   │   │   │
	   ├───┼───┼───┼───┼───┼───┼───┼───┤
	3  │   │   │   │   │   │   │   │   │
	   ├───┼───┼───┼───┼───┼───┼───┼───┤
	2  │ ♙ │ ♙ │ ♙ │ ♙ │   │ ♙ │ ♙ │ ♙ │
	   ├───┼───┼───┼───┼───┼───┼───┼───┤
	1  │ ♖ │ ♘ │ ♗ │   │ ♔ │   │ ♘ │ ♖ │
	   └───┴───┴───┴───┴───┴───┴───┴───┘
	     a   b   c   d   e   f   g   h  


[34m[1mAux noirs de jouer.
[37m[1m🕹️  Entrez votre coup: [33m[0m
✅ Mouvement b8c6 effectué.
[0m
[37m[1m	     a   b   c   d   e   f   g   h  
	   ┌───┬───┬───┬───┬───┬───┬───┬───┐
	8  │ ♜ │   │ ♝ │ ♛ │ ♚ │   │ ♞ │ ♜ │
	   ├───┼───┼───┼───┼───┼───┼───┼───┤
	7  │ ♟ │ ♟ │ ♟ │ ♟ │   │ ♟ │ ♟ │ ♟ │
	   ├───┼───┼───┼───┼───┼───┼───┼───┤
	6  │   │   │ ♞ │   │   │   │   │   │
	   ├───┼───┼───┼───┼───┼───┼───┼───┤
	5  │   │   │ ♝ │   │ ♟ │   │   │ ♕ │
	   ├───┼───┼───┼───┼───┼───┼───┼───┤
	4  │   │   │ ♗ │   │ ♙ │   │   │   │
	   ├───┼───┼───┼───┼───┼───┼───┼───┤
	3  │   │   │   │   │   │   │   │   │
	   ├───┼───┼───┼───┼───┼───┼───┼───┤
	2  │ ♙ │ ♙ │ ♙ │ ♙ │   │ ♙ │ ♙ │ ♙ │
	   ├───┼───┼───┼───┼───┼───┼───┼───┤
	1  │ ♖ │ ♘ │ ♗ │   │ ♔ │   │ ♘ │ ♖ │
	   └───┴───┴───┴───┴───┴───┴───┴───┘
	     a   b   c   d   e   f   g   h  


[34m[1mAux blancs de jouer.
[37m[1m🕹️  Entrez votre coup: [33m[0m
✅ Mouvement h5f7 effectué.
[0m[31m[1m👑 Échec et mat pour les noirs
[0m
[37m[1m🏁 Fin de la partie.

🎉 Les blancs ont gagné.

[1m[37m

		┌───────────────────┐
		│ 🚪 Quitter le jeu │
		└───────────────────┘

[0m[1m	👋 Merci d'avoir joué, à bientôt !

wR,wN,wB,,wK,,wN,wR,wP,wP,wP,wP,,wP,wP,wP,,,,,,,,,,,wB,,wP,,,,,,bB,,bP,,,,,,bN,,,,,,bP,bP,bP,bP,,wQ,bP,bP,bR,,bB,bQ,bK,,bN,bR, 1-0
  -> [0;32mreference position: OK[0m
  -> [0;32mreference result: OK[0m
  -> [0m(exit code=0)
[0;33m> data/4-leg-mat-decouv.txt[0m

[37m[1m	     a   b   c   d   e   f   g   h  
	   ┌───┬───┬───┬───┬───┬───┬───┬───┐
	8  │ ♜ │ ♞ │ ♝ │ ♛ │ ♚ │ ♝ │ ♞ │ ♜ │
	   ├───┼───┼───┼───┼───┼───┼───┼───┤
	7  │ ♟ │ ♟ │ ♟ │ ♟ │ ♟ │ ♟ │ ♟ │ ♟ │
	   ├───┼───┼───┼───┼───┼───┼───┼───┤
	6  │   │   │   │   │   │   │   │   │
	   ├───┼───┼───┼───┼───┼───┼───┼───┤
	5  │   │   │   │   │   │   │   │   │
	   ├───┼───┼───┼───┼───┼───┼───┼───┤
	4  │   │   │   │   │   │   │   │   │
	   ├───┼───┼───┼───┼───┼───┼───┼───┤
	3  │   │   │   │   │   │   │   │   │
	   ├───┼───┼───┼───┼───┼───┼───┼───┤
	2  │ ♙ │ ♙ │ ♙ │ ♙ │ ♙ │ ♙ │ ♙ │ ♙ │
	   ├───┼───┼───┼───┼───┼───┼───┼───┤
	1  │ ♖ │ ♘ │ ♗ │ ♕ │ ♔ │ ♗ │ ♘ │ ♖ │
	   └───┴───┴───┴───┴───┴───┴───┴───┘
	     a   b   c   d   e   f   g   h  


[34m[1mAux blancs de jouer.
[37m[1m🕹️  Entrez votre coup: [33m[0m
✅ Mouvement e2e4 effectué.
[0m
[37m[1m	     a   b   c   d   e   f   g   h  
	   ┌───┬───┬───┬───┬───┬───┬───┬───┐
	8  │ ♜ │ ♞ │ ♝ │ ♛ │ ♚ │ ♝ │ ♞ │ ♜ │
	   ├───┼───┼───┼───┼───┼───┼───┼───┤
	7  │ ♟ │ ♟ │ ♟ │ ♟ │ ♟ │ ♟ │ ♟ │ ♟ │
	   ├───┼───┼───┼───┼───┼───┼───┼───┤
	6  │   │   │   │   │   │   │   │   │
	   ├───┼───┼───┼───┼───┼───┼───┼───┤
	5  │   │   │   │   │   │   │   │   │
	   ├───┼───┼───┼───┼───┼───┼───┼───┤
	4  │   │   │   │   │ ♙ │   │   │   │
	   ├───┼───┼───┼───┼───┼───┼───┼───┤
	3  │   │   │   │   │   │   │   │   │
	   ├───┼───┼───┼───┼───┼───┼───┼───┤
	2  │ ♙ │ ♙ │ ♙ │ ♙ │   │ ♙ │ ♙ │ ♙ │
	   ├───┼───┼───┼───┼───┼───┼───┼───┤
	1  │ ♖ │ ♘ │ ♗ │ ♕ │ ♔ │ ♗ │ ♘ │ ♖ │
	   └───┴───┴───┴───┴───┴───┴───┴───┘
	     a   b   c   d   e   f   g   h  


[34m[1mAux noirs de jouer.
[37m[1m🕹️  Entrez votre coup: [33m[0m
✅ Mouvement e7e5 effectué.
[0m
[37m[1m	     a   b   c   d   e   f   g   h  
	   ┌───┬───┬───┬───┬───┬───┬───┬───┐
	8  │ ♜ │ ♞ │ ♝ │ ♛ │ ♚ │ ♝ │ ♞ │ ♜ │
	   ├───┼───┼───┼───┼───┼───┼───┼───┤
	7  │ ♟ │ ♟ │ ♟ │ ♟ │   │ ♟ │ ♟ │ ♟ │
	   ├───┼───┼───┼───┼───┼───┼───┼───┤
	6  │   │   │   │   │   │   │   │   │
	   ├───┼───┼───┼───┼───┼───┼───┼───┤
	5  │   │   │   │   │ ♟ │   │   │   │
	   ├───┼───┼───┼───┼───┼───┼───┼───┤
	4  │   │   │   │   │ ♙ │   │   │   │
	   ├───┼───┼───┼───┼───┼───┼───┼───┤
	3  │   │   │   │   │   │   │   │   │
	   ├───┼───┼───┼───┼───┼───┼───┼───┤
	2  │ ♙ │ ♙ │ ♙ │ ♙ │   │ ♙ │ ♙ │ ♙ │
	   ├───┼───┼───┼───┼───┼───┼───┼───┤
	1  │ ♖ │ ♘ │ ♗ │ ♕ │ ♔ │ ♗ │ ♘ │ ♖ │
	   └───┴───┴───┴───┴───┴───┴───┴───┘
	     a   b   c   d   e   f   g   h  


[34m[1mAux blancs de jouer.
[37m[1m🕹️  Entrez votre coup: [33m[0m
✅ Mouvement d1h5 effectué.
[0m
[37m[1m	     a   b   c   d   e   f   g   h  
	   ┌───┬───┬───┬───┬───┬───┬───┬───┐
	8  │ ♜ │ ♞ │ ♝ │ ♛ │ ♚ │ ♝ │ ♞ │ ♜ │
	   ├───┼───┼───┼───┼───┼───┼───┼───┤
	7  │ ♟ │ ♟ │ ♟ │ ♟ │   │ ♟ │ ♟ │ ♟ │
	   ├───┼───┼───┼───┼───┼───┼───┼───┤
	6  │   │   │   │   │   │   │   │   │
	   ├───┼───┼───┼───┼───┼───┼───┼───┤
	5  │   │   │   │   │ ♟ │   │   │ ♕ │
	   ├───┼───┼───┼───┼───┼───┼───┼───┤
	4  │   │   │   │   │ ♙ │   │   │   │
	   ├───┼───┼───┼───┼───┼───┼───┼───┤
	3  │   │   │   │   │   │   │   │   │
	   ├───┼───┼───┼───┼───┼───┼───┼───┤
	2  │ ♙ │ ♙ │ ♙ │ ♙ │   │ ♙ │ ♙ │ ♙ │
	   ├───┼───┼───┼───┼───┼───┼───┼───┤
	1  │ ♖ │ ♘ │ ♗ │   │ ♔ │ ♗ │ ♘ │ ♖ │
	   └───┴───┴───┴───┴───┴───┴───┴───┘
	     a   b   c   d   e   f   g   h  


[34m[1mAux noirs de jouer.
[37m[1m🕹️  Entrez votre coup: [33m[0m
✅ Mouvement g7g6 effectué.
[0m
[37m[1m	     a   b   c   d   e   f   g   h  
	   ┌───┬───┬───┬───┬───┬───┬───┬───┐
	8  │ ♜ │ ♞ │ ♝ │ ♛ │ ♚ │ ♝ │ ♞ │ ♜ │
	   ├───┼───┼───┼───┼───┼───┼───┼───┤
	7  │ ♟ │ ♟ │ ♟ │ ♟ │   │ ♟ │   │ ♟ │
	   ├───┼───┼───┼───┼───┼───┼───┼───┤
	6  │   │   │   │   │   │   │ ♟ │   │
	   ├───┼───┼───┼───┼───┼───┼───┼───┤
	5  │   │   │   │   │ ♟ │   │   │ ♕ │
	   ├───┼───┼───┼───┼───┼───┼───┼───┤
	4  │   │   │   │   │ ♙ │   │   │   │
	   ├───┼───┼───┼───┼───┼───┼───┼───┤
	3  │   │   │   │   │   │   │   │   │
	   ├───┼───┼───┼───┼───┼───┼───┼───┤
	2  │ ♙ │ ♙ │ ♙ │ ♙ │   │ ♙ │ ♙ │ ♙ │
	   ├───┼───┼───┼───┼───┼───┼───┼───┤
	1  │ ♖ │ ♘ │ ♗ │   │ ♔ │ ♗ │ ♘ │ ♖ │
	   └───┴───┴───┴───┴───┴───┴───┴───┘
	     a   b   c   d   e   f   g   h  


[34m[1mAux blancs de jouer.
[37m[1m🕹️  Entrez votre coup: [33m[0m
✅ Mouvement h5f3 effectué.
[0m
[37m[1m	     a   b   c   d   e   f   g   h  
	   ┌───┬───┬───┬───┬───┬───┬───┬───┐
	8  │ ♜ │ ♞ │ ♝ │ ♛ │ ♚ │ ♝ │ ♞ │ ♜ │
	   ├───┼───┼───┼───┼───┼───┼───┼───┤
	7  │ ♟ │ ♟ │ ♟ │ ♟ │   │ ♟ │   │ ♟ │
	   ├───┼───┼───┼───┼───┼───┼───┼───┤
	6  │   │   │   │   │   │   │ ♟ │   │
	   ├───┼───┼───┼───┼───┼───┼───┼───┤
	5  │   │   │   │   │ ♟ │   │   │   │
	   ├───┼───┼───┼───┼───┼───┼───┼───┤
	4  │   │   │   │   │ ♙ │   │   │   │
	   ├───┼───┼───┼───┼───┼───┼───┼───┤
	3  │   │   │   │   │   │ ♕ │   │   │
	   ├───┼───┼───┼───┼───┼───┼───┼───┤
	2  │ ♙ │ ♙ │ ♙ │ ♙ │   │ ♙ │ ♙ │ ♙ │
	   ├───┼───┼───┼───┼───┼───┼───┼───┤
	1  │ ♖ │ ♘ │ ♗ │   │ ♔ │ ♗ │ ♘ │ ♖ │
	   └───┴───┴───┴───┴───┴───┴───┴───┘
	     a   b   c   d   e   f   g   h  


[34m[1mAux noirs de jouer.
[37m[1m🕹️  Entrez votre coup: [33m[0m
✅ Mouvement f8g7 effectué.
[0m
[37m[1m	     a   b   c   d   e   f   g   h  
	   ┌───┬───┬───┬───┬───┬───┬───┬───┐
	8  │ ♜ │ ♞ │ ♝ │ ♛ │ ♚ │   │ ♞ │ ♜ │
	   ├───┼───┼───┼───┼───┼───┼───┼───┤
	7  │ ♟ │ ♟ │ ♟ │ ♟ │   │ ♟ │ ♝ │ ♟ │
	   ├───┼───┼───┼───┼───┼───┼───┼───┤
	6  │   │   │   │   │   │   │ ♟ │   │
	   ├───┼───┼───┼───┼───┼───┼───┼───┤
	5  │   │   │   │   │ ♟ │   │   │   │
	   ├───┼───┼───┼───┼───┼───┼───┼───┤
	4  │   │   │   │   │ ♙ │   │   │   │
	   ├───┼───┼───┼───┼───┼───┼───┼───┤
	3  │   │   │   │   │   │ ♕ │   │   │
	   ├───┼───┼───┼───┼───┼───┼───┼───┤
	2  │ ♙ │ ♙ │ ♙ │ ♙ │   │ ♙ │ ♙ │ ♙ │
	   ├───┼───┼───┼───┼───┼───┼───┼───┤
	1  │ ♖ │ ♘ │ ♗ │   │ ♔ │ ♗ │ ♘ │ ♖ │
	   └───┴───┴───┴───┴───┴───┴───┴───┘
	     a   b   c   d   e   f   g   h  


[34m[1mAux blancs de jouer.
[37m[1m🕹️  Entrez votre coup: [33m[0m
✅ Mouvement f1c4 effectué.
[0m
[37m[1m	     a   b   c   d   e   f   g   h  
	   ┌───┬───┬───┬───┬───┬───┬───┬───┐
	8  │ ♜ │ ♞ │ ♝ │ ♛ │ ♚ │   │ ♞ │ ♜ │
	   ├───┼───┼───┼───┼───┼───┼───┼───┤
	7  │ ♟ │ ♟ │ ♟ │ ♟ │   │ ♟ │ ♝ │ ♟ │
	   ├───┼───┼───┼───┼───┼───┼───┼───┤
	6  │   │   │   │   │   │   │ ♟ │   │
	   ├───┼───┼───┼───┼───┼───┼───┼───┤
	5  │   │   │   │   │ ♟ │   │   │   │
	   ├───┼───┼───┼───┼───┼───┼───┼───┤
	4  │   │   │ ♗ │   │ ♙ │   │   │   │
	   ├───┼───┼───┼───┼───┼───┼───┼───┤
	3  │   │   │   │   │   │ ♕ │   │   │
	   ├───┼───┼───┼───┼───┼───┼───┼───┤
	2  │ ♙ │ ♙ │ ♙ │ ♙ │   │ ♙ │ ♙ │ ♙ │
	   ├───┼───┼───┼───┼───┼───┼───┼───┤
	1  │ ♖ │ ♘ │ ♗ │   │ ♔ │   │ ♘ │ ♖ │
	   └───┴───┴───┴───┴───┴───┴───┴───┘
	     a   b   c   d   e   f   g   h  


[34m[1mAux noirs de jouer.
[37m[1m🕹️  Entrez votre coup: [33m[0m
✅ Mouvement g8e7 effectué.
[0m
[37m[1m	     a   b   c   d   e   f   g   h  
	   ┌───┬───┬───┬───┬───┬───┬───┬───┐
	8  │ ♜ │ ♞ │ ♝ │ ♛ │ ♚ │   │   │ ♜ │
	   ├───┼───┼───┼───┼───┼───┼───┼───┤
	7  │ ♟ │ ♟ │ ♟ │ ♟ │ ♞ │ ♟ │ ♝ │ ♟ │
	   ├───┼───┼───┼───┼───┼───┼───┼───┤
	6  │   │   │   │   │   │   │ ♟ │   │
	   ├───┼───┼───┼───┼───┼───┼───┼───┤
	5  │   │   │   │   │ ♟ │   │   │   │
	   ├───┼───┼───┼───┼───┼───┼───┼───┤
	4  │   │   │ ♗ │   │ ♙ │   │   │   │
	   ├───┼───┼───┼───┼───┼───┼───┼───┤
	3  │   │   │   │   │   │ ♕ │   │   │
	   ├───┼───┼───┼───┼───┼───┼───┼───┤
	2  │ ♙ │ ♙ │ ♙ │ ♙ │   │ ♙ │ ♙ │ ♙ │
	   ├───┼───┼───┼───┼───┼───┼───┼───┤
	1  │ ♖ │ ♘ │ ♗ │   │ ♔ │   │ ♘ │ ♖ │
	   └───┴───┴───┴───┴───┴───┴───┴───┘
	     a   b   c   d   e   f   g   h  


[34m[1mAux blancs de jouer.
[37m[1m🕹️  Entrez votre coup: [33m[0m
✅ Mouvement c4f7 effectué.
[0m[31m[1m⚔️ Ce mouvement met le roi noir en échec.
[0m
[37m[1m	     a   b   c   d   e   f   g   h  
	   ┌───┬───┬───┬───┬───┬───┬───┬───┐
	8  │ ♜ │ ♞ │ ♝ │ ♛ │ ♚ │   │   │ ♜ │
	   ├───┼───┼───┼───┼───┼───┼───┼───┤
	7  │ ♟ │ ♟ │ ♟ │ ♟ │ ♞ │ ♗ │ ♝ │ ♟ │
	   ├───┼───┼───┼───┼───┼───┼───┼───┤
	6  │   │   │   │   │   │   │ ♟ │   │
	   ├───┼───┼───┼───┼───┼───┼───┼───┤
	5  │   │   │   │   │ ♟ │   │   │   │
	   ├───┼───┼───┼───┼───┼───┼───┼───┤
	4  │   │   │   │   │ ♙ │   │   │   │
	   ├───┼───┼───┼───┼───┼───┼───┼───┤
	3  │   │   │   │   │   │ ♕ │   │   │
	   ├───┼───┼───┼───┼───┼───┼───┼───┤
	2  │ ♙ │ ♙ │ ♙ │ ♙ │   │ ♙ │ ♙ │ ♙ │
	   ├───┼───┼───┼───┼───┼───┼───┼───┤
	1  │ ♖ │ ♘ │ ♗ │   │ ♔ │   │ ♘ │ ♖ │
	   └───┴───┴───┴───┴───┴───┴───┴───┘
	     a   b   c   d   e   f   g   h  


[34m[1mAux noirs de jouer.
[37m[1m🕹️  Entrez votre coup: [33m[0m
✅ Mouvement e8f8 effectué.
[0m
[37m[1m	     a   b   c   d   e   f   g   h  
	   ┌───┬───┬───┬───┬───┬───┬───┬───┐
	8  │ ♜ │ ♞ │ ♝ │ ♛ │   │ ♚ │   │ ♜ │
	   ├───┼───┼───┼───┼───┼───┼───┼───┤
	7  │ ♟ │ ♟ │ ♟ │ ♟ │ ♞ │ ♗ │ ♝ │ ♟ │
	   ├───┼───┼───┼───┼───┼───┼───┼───┤
	6  │   │   │   │   │   │   │ ♟ │   │
	   ├───┼───┼───┼───┼───┼───┼───┼───┤
	5  │   │   │   │   │ ♟ │   │   │   │
	   ├───┼───┼───┼───┼───┼───┼───┼───┤
	4  │   │   │   │   │ ♙ │   │   │   │
	   ├───┼───┼───┼───┼───┼───┼───┼───┤
	3  │   │   │   │   │   │ ♕ │   │   │
	   ├───┼───┼───┼───┼───┼───┼───┼───┤
	2  │ ♙ │ ♙ │ ♙ │ ♙ │   │ ♙ │ ♙ │ ♙ │
	   ├───┼───┼───┼───┼───┼───┼───┼───┤
	1  │ ♖ │ ♘ │ ♗ │   │ ♔ │   │ ♘ │ ♖ │
	   └───┴───┴───┴───┴───┴───┴───┴───┘
	     a   b   c   d   e   f   g   h  


[34m[1mAux blancs de jouer.
[37m[1m🕹️  Entrez votre coup: [33m[0m
✅ Mouvement f7g6 effectué.
[0m[31m[1m⚔️ Ce mouvement met le roi noir en échec.
[0m
[37m[1m	     a   b   c   d   e   f   g   h  
	   ┌───┬───┬───┬───┬───┬───┬───┬───┐
	8  │ ♜ │ ♞ │ ♝ │ ♛ │   │ ♚ │   │ ♜ │
	   ├───┼───┼───┼───┼───┼───┼───┼───┤
	7  │ ♟ │ ♟ │ ♟ │ ♟ │ ♞ │   │ ♝ │ ♟ │
	   ├───┼───┼───┼───┼───┼───┼───┼───┤
	6  │   │   │   │   │   │   │ ♗ │   │
	   ├───┼───┼───┼───┼───┼───┼───┼───┤
	5  │   │   │   │   │ ♟ │   │   │   │
	   ├───┼───┼───┼───┼───┼───┼───┼───┤
	4  │   │   │   │   │ ♙ │   │   │   │
	   ├───┼───┼───┼───┼───┼───┼───┼───┤
	3  │   │   │   │   │   │ ♕ │   │   │
	   ├───┼───┼───┼───┼───┼───┼───┼───┤
	2  │ ♙ │ ♙ │ ♙ │ ♙ │   │ ♙ │ ♙ │ ♙ │
	   ├───┼───┼───┼───┼───┼───┼───┼───┤
	1  │ ♖ │ ♘ │ ♗ │   │ ♔ │   │ ♘ │ ♖ │
	   └───┴───┴───┴───┴───┴───┴───┴───┘
	     a   b   c   d   e   f   g   h  


[34m[1mAux noirs de jouer.
[37m[1m🕹️  Entrez votre coup: [33m[0m
[31m[1m🚫 Le roi noir est en échec.
[0m
[37m[1m	     a   b   c   d   e   f   g   h  
	   ┌───┬───┬───┬───┬───┬───┬───┬───┐
	8  │ ♜ │ ♞ │ ♝ │ ♛ │   │ ♚ │   │ ♜ │
	   ├───┼───┼───┼───┼───┼───┼───┼───┤
	7  │ ♟ │ ♟ │ ♟ │ ♟ │ ♞ │   │ ♝ │ ♟ │
	   ├───┼───┼───┼───┼───┼───┼───┼───┤
	6  │   │   │   │   │   │   │ ♗ │   │
	   ├───┼───┼───┼───┼───┼───┼───┼───┤
	5  │   │   │   │   │ ♟ │   │   │   │
	   ├───┼───┼───┼───┼───┼───┼───┼───┤
	4  │   │   │   │   │ ♙ │   │   │   │
	   ├───┼───┼───┼───┼───┼───┼───┼───┤
	3  │   │   │   │   │   │ ♕ │   │   │
	   ├───┼───┼───┼───┼───┼───┼───┼───┤
	2  │ ♙ │ ♙ │ ♙ │ ♙ │   │ ♙ │ ♙ │ ♙ │
	   ├───┼───┼───┼───┼───┼───┼───┼───┤
	1  │ ♖ │ ♘ │ ♗ │   │ ♔ │   │ ♘ │ ♖ │
	   └───┴───┴───┴───┴───┴───┴───┴───┘
	     a   b   c   d   e   f   g   h  


[34m[1mAux noirs de jouer.
[37m[1m🕹️  Entrez votre coup: [33m[0m
✅ Mouvement e7f5 effectué.
[0m
[37m[1m	     a   b   c   d   e   f   g   h  
	   ┌───┬───┬───┬───┬───┬───┬───┬───┐
	8  │ ♜ │ ♞ │ ♝ │ ♛ │   │ ♚ │   │ ♜ │
	   ├───┼───┼───┼───┼───┼───┼───┼───┤
	7  │ ♟ │ ♟ │ ♟ │ ♟ │   │   │ ♝ │ ♟ │
	   ├───┼───┼───┼───┼───┼───┼───┼───┤
	6  │   │   │   │   │   │   │ ♗ │   │
	   ├───┼───┼───┼───┼───┼───┼───┼───┤
	5  │   │   │   │   │ ♟ │ ♞ │   │   │
	   ├───┼───┼───┼───┼───┼───┼───┼───┤
	4  │   │   │   │   │ ♙ │   │   │   │
	   ├───┼───┼───┼───┼───┼───┼───┼───┤
	3  │   │   │   │   │   │ ♕ │   │   │
	   ├───┼───┼───┼───┼───┼───┼───┼───┤
	2  │ ♙ │ ♙ │ ♙ │ ♙ │   │ ♙ │ ♙ │ ♙ │
	   ├───┼───┼───┼───┼───┼───┼───┼───┤
	1  │ ♖ │ ♘ │ ♗ │   │ ♔ │   │ ♘ │ ♖ │
	   └───┴───┴───┴───┴───┴───┴───┴───┘
	     a   b   c   d   e   f   g   h  


[34m[1mAux blancs de jouer.
[37m[1m🕹️  Entrez votre coup: [33m[0m
✅ Mouvement f3f5 effectué.
[0m[31m[1m⚔️ Ce mouvement met le roi noir en échec.
[0m
[37m[1m	     a   b   c   d   e   f   g   h  
	   ┌───┬───┬───┬───┬───┬───┬───┬───┐
	8  │ ♜ │ ♞ │ ♝ │ ♛ │   │ ♚ │   │ ♜ │
	   ├───┼───┼───┼───┼───┼───┼───┼───┤
	7  │ ♟ │ ♟ │ ♟ │ ♟ │   │   │ ♝ │ ♟ │
	   ├───┼───┼───┼───┼───┼───┼───┼───┤
	6  │   │   │   │   │   │   │ ♗ │   │
	   ├───┼───┼───┼───┼───┼───┼───┼───┤
	5  │   │   │   │   │ ♟ │ ♕ │   │   │
	   ├───┼───┼───┼───┼───┼───┼───┼───┤
	4  │   │   │   │   │ ♙ │   │   │   │
	   ├───┼───┼───┼───┼───┼───┼───┼───┤
	3  │   │   │   │   │   │   │   │   │
	   ├───┼───┼───┼───┼───┼───┼───┼───┤
	2  │ ♙ │ ♙ │ ♙ │ ♙ │   │ ♙ │ ♙ │ ♙ │
	   ├───┼───┼───┼───┼───┼───┼───┼───┤
	1  │ ♖ │ ♘ │ ♗ │   │ ♔ │   │ ♘ │ ♖ │
	   └───┴───┴───┴───┴───┴───┴───┴───┘
	     a   b   c   d   e   f   g   h  


[34m[1mAux noirs de jouer.
[37m[1m🕹️  Entrez votre coup: [33m[0m
✅ Mouvement f8g8 effectué.
[0m
[37m[1m	     a   b   c   d   e   f   g   h  
	   ┌───┬───┬───┬───┬───┬───┬───┬───┐
	8  │ ♜ │ ♞ │ ♝ │ ♛ │   │   │ ♚ │ ♜ │
	   ├───┼───┼───┼───┼───┼───┼───┼───┤
	7  │ ♟ │ ♟ │ ♟ │ ♟ │   │   │ ♝ │ ♟ │
	   ├───┼───┼───┼───┼───┼───┼───┼───┤
	6  │   │   │   │   │   │   │ ♗ │   │
	   ├───┼───┼───┼───┼───┼───┼───┼───┤
	5  │   │   │   │   │ ♟ │ ♕ │   │   │
	   ├───┼───┼───┼───┼───┼───┼───┼───┤
	4  │   │   │   │   │ ♙ │   │   │   │
	   ├───┼───┼───┼───┼───┼───┼───┼───┤
	3  │   │   │   │   │   │   │   │   │
	   ├───┼───┼───┼───┼───┼───┼───┼───┤
	2  │ ♙ │ ♙ │ ♙ │ ♙ │   │ ♙ │ ♙ │ ♙ │
	   ├───┼───┼───┼───┼───┼───┼───┼───┤
	1  │ ♖ │ ♘ │ ♗ │   │ ♔ │   │ ♘ │ ♖ │
	   └───┴───┴───┴───┴───┴───┴───┴───┘
	     a   b   c   d   e   f   g   h  


[34m[1mAux blancs de jouer.
[37m[1m🕹️  Entrez votre coup: [33m[0m
✅ Mouvement f5f7 effectué.
[0m[31m[1m👑 Échec et mat pour les noirs
[0m
[37m[1m🏁 Fin de la partie.

🎉 Les blancs ont gagné.

[1m[37m

		┌───────────────────┐
		│ 🚪 Quitter le jeu │
		└───────────────────┘

[0m[1m	👋 Merci d'avoir joué, à bientôt !

wR,wN,wB,,wK,,wN,wR,wP,wP,wP,wP,,wP,wP,wP,,,,,,,,,,,,,wP,,,,,,,,bP,,,,,,,,,,wB,,bP,bP,bP,bP,,wQ,bB,bP,bR,bN,bB,bQ,,,bK,bR, 1-0
  -> [0;32mreference position: OK[0m
  -> [0;32mreference result: OK[0m
  -> [0m(exit code=0)
[0;33m> data/4-leg-mat-parade.txt[0m

[37m[1m	     a   b   c   d   e   f   g   h  
	   ┌───┬───┬───┬───┬───┬───┬───┬───┐
	8  │ ♜ │ ♞ │ ♝ │ ♛ │ ♚ │ ♝ │ ♞ │ ♜ │
	   ├───┼───┼───┼───┼───┼───┼───┼───┤
	7  │ ♟ │ ♟ │ ♟ │ ♟ │ ♟ │ ♟ │ ♟ │ ♟ │
	   ├───┼───┼───┼───┼───┼───┼───┼───┤
	6  │   │   │   │   │   │   │   │   │
	   ├───┼───┼───┼───┼───┼───┼───┼───┤
	5  │   │   │   │   │   │   │   │   │
	   ├───┼───┼───┼───┼───┼───┼───┼───┤
	4  │   │   │   │   │   │   │   │   │
	   ├───┼───┼───┼───┼───┼───┼───┼───┤
	3  │   │   │   │   │   │   │   │   │
	   ├───┼───┼───┼───┼───┼───┼───┼───┤
	2  │ ♙ │ ♙ │ ♙ │ ♙ │ ♙ │ ♙ │ ♙ │ ♙ │
	   ├───┼───┼───┼───┼───┼───┼───┼───┤
	1  │ ♖ │ ♘ │ ♗ │ ♕ │ ♔ │ ♗ │ ♘ │ ♖ │
	   └───┴───┴───┴───┴───┴───┴───┴───┘
	     a   b   c   d   e   f   g   h  


[34m[1mAux blancs de jouer.
[37m[1m🕹️  Entrez votre coup: [33m[0m
✅ Mouvement e2e4 effectué.
[0m
[37m[1m	     a   b   c   d   e   f   g   h  
	   ┌───┬───┬───┬───┬───┬───┬───┬───┐
	8  │ ♜ │ ♞ │ ♝ │ ♛ │ ♚ │ ♝ │ ♞ │ ♜ │
	   ├───┼───┼───┼───┼───┼───┼───┼───┤
	7  │ ♟ │ ♟ │ ♟ │ ♟ │ ♟ │ ♟ │ ♟ │ ♟ │
	   ├───┼───┼───┼───┼───┼───┼───┼───┤
	6  │   │   │   │   │   │   │   │   │
	   ├───┼───┼───┼───┼───┼───┼───┼───┤
	5  │   │   │   │   │   │   │   │   │
	   ├───┼───┼───┼───┼───┼───┼───┼───┤
	4  │   │   │   │   │ ♙ │   │   │   │
	   ├───┼───┼───┼───┼───┼───┼───┼───┤
	3  │   │   │   │   │   │   │   │   │
	   ├───┼───┼───┼───┼───┼───┼───┼───┤
	2  │ ♙ │ ♙ │ ♙ │ ♙ │   │ ♙ │ ♙ │ ♙ │
	   ├───┼───┼───┼───┼───┼───┼───┼───┤
	1  │ ♖ │ ♘ │ ♗ │ ♕ │ ♔ │ ♗ │ ♘ │ ♖ │
	   └───┴───┴───┴───┴───┴───┴───┴───┘
	     a   b   c   d   e   f   g   h  


[34m[1mAux noirs de jouer.
[37m[1m🕹️  Entrez votre coup: [33m[0m
✅ Mouvement e7e5 effectué.
[0m
[37m[1m	     a   b   c   d   e   f   g   h  
	   ┌───┬───┬───┬───┬───┬───┬───┬───┐
	8  │ ♜ │ ♞ │ ♝ │ ♛ │ ♚ │ ♝ │ ♞ │ ♜ │
	   ├───┼───┼───┼───┼───┼───┼───┼───┤
	7  │ ♟ │ ♟ │ ♟ │ ♟ │   │ ♟ │ ♟ │ ♟ │
	   ├───┼───┼───┼───┼───┼───┼───┼───┤
	6  │   │   │   │   │   │   │   │   │
	   ├───┼───┼───┼───┼───┼───┼───┼───┤
	5  │   │   │   │   │ ♟ │   │   │   │
	   ├───┼───┼───┼───┼───┼───┼───┼───┤
	4  │   │   │   │   │ ♙ │   │   │   │
	   ├───┼───┼───┼───┼───┼───┼───┼───┤
	3  │   │   │   │   │   │   │   │   │
	   ├───┼───┼───┼───┼───┼───┼───┼───┤
	2  │ ♙ │ ♙ │ ♙ │ ♙ │   │ ♙ │ ♙ │ ♙ │
	   ├───┼───┼───┼───┼───┼───┼───┼───┤
	1  │ ♖ │ ♘ │ ♗ │ ♕ │ ♔ │ ♗ │ ♘ │ ♖ │
	   └───┴───┴───┴───┴───┴───┴───┴───┘
	     a   b   c   d   e   f   g   h  


[34m[1mAux blancs de jouer.
[37m[1m🕹️  Entrez votre coup: [33m[0m
✅ Mouvement d2d4 effectué.
[0m
[37m[1m	     a   b   c   d   e   f   g   h  
	   ┌───┬───┬───┬───┬───┬───┬───┬───┐
	8  │ ♜ │ ♞ │ ♝ │ ♛ │ ♚ │ ♝ │ ♞ │ ♜ │
	   ├───┼───┼───┼───┼───┼───┼───┼───┤
	7  │ ♟ │ ♟ │ ♟ │ ♟ │   │ ♟ │ ♟ │ ♟ │
	   ├───┼───┼───┼───┼───┼───┼───┼───┤
	6  │   │   │   │   │   │   │   │   │
	   ├───┼───┼───┼───┼───┼───┼───┼───┤
	5  │   │   │   │   │ ♟ │   │   │   │
	   ├───┼───┼───┼───┼───┼───┼───┼───┤
	4  │   │   │   │ ♙ │ ♙ │   │   │   │
	   ├───┼───┼───┼───┼───┼───┼───┼───┤
	3  │   │   │   │   │   │   │   │   │
	   ├───┼───┼───┼───┼───┼───┼───┼───┤
	2  │ ♙ │ ♙ │ ♙ │   │   │ ♙ │ ♙ │ ♙ │
	   ├───┼───┼───┼───┼───┼───┼───┼───┤
	1  │ ♖ │ ♘ │ ♗ │ ♕ │ ♔ │ ♗ │ ♘ │ ♖ │
	   └───┴───┴───┴───┴───┴───┴───┴───┘
	     a   b   c   d   e   f   g   h  


[34m[1mAux noirs de jouer.
[37m[1m🕹️  Entrez votre coup: [33m[0m
✅ Mouvement e5d4 effectué.
[0m
[37m[1m	     a   b   c   d   e   f   g   h  
	   ┌───┬───┬───┬───┬───┬───┬───┬───┐
	8  │ ♜ │ ♞ │ ♝ │ ♛ │ ♚ │ ♝ │ ♞ │ ♜ │
	   ├───┼───┼───┼───┼───┼───┼───┼───┤
	7  │ ♟ │ ♟ │ ♟ │ ♟ │   │ ♟ │ ♟ │ ♟ │
	   ├───┼───┼───┼───┼───┼───┼───┼───┤
	6  │   │   │   │   │   │   │   │   │
	   ├───┼───┼───┼───┼───┼───┼───┼───┤
	5  │   │   │   │   │   │   │   │   │
	   ├───┼───┼───┼───┼───┼───┼───┼───┤
	4  │   │   │   │ ♟ │ ♙ │   │   │   │
	   ├───┼───┼───┼───┼───┼───┼───┼───┤
	3  │   │   │   │   │   │   │   │   │
	   ├───┼───┼───┼───┼───┼───┼───┼───┤
	2  │ ♙ │ ♙ │ ♙ │   │   │ ♙ │ ♙ │ ♙ │
	   ├───┼───┼───┼───┼───┼───┼───┼───┤
	1  │ ♖ │ ♘ │ ♗ │ ♕ │ ♔ │ ♗ │ ♘ │ ♖ │
	   └───┴───┴───┴───┴───┴───┴───┴───┘
	     a   b   c   d   e   f   g   h  


[34m[1mAux blancs de jouer.
[37m[1m🕹️  Entrez votre coup: [33m[0m
✅ Mouvement c1g5 effectué.
[0m
[37m[1m	     a   b   c   d   e   f   g   h  
	   ┌───┬───┬───┬───┬───┬───┬───┬───┐
	8  │ ♜ │ ♞ │ ♝ │ ♛ │ ♚ │ ♝ │ ♞ │ ♜ │
	   ├───┼───┼───┼───┼───┼───┼───┼───┤
	7  │ ♟ │ ♟ │ ♟ │ ♟ │   │ ♟ │ ♟ │ ♟ │
	   ├───┼───┼───┼───┼───┼───┼───┼───┤
	6  │   │   │   │   │   │   │   │   │
	   ├───┼───┼───┼───┼───┼───┼───┼───┤
	5  │   │   │   │   │   │   │ ♗ │   │
	   ├───┼───┼───┼───┼───┼───┼───┼───┤
	4  │   │   │   │ ♟ │ ♙ │   │   │   │
	   ├───┼───┼───┼───┼───┼───┼───┼───┤
	3  │   │   │   │   │   │   │   │   │
	   ├───┼───┼───┼───┼───┼───┼───┼───┤
	2  │ ♙ │ ♙ │ ♙ │   │   │ ♙ │ ♙ │ ♙ │
	   ├───┼───┼───┼───┼───┼───┼───┼───┤
	1  │ ♖ │ ♘ │   │ ♕ │ ♔ │ ♗ │ ♘ │ ♖ │
	   └───┴───┴───┴───┴───┴───┴───┴───┘
	     a   b   c   d   e   f   g   h  


[34m[1mAux noirs de jouer.
[37m[1m🕹️  Entrez votre coup: [33m[0m
✅ Mouvement a7a6 effectué.
[0m
[37m[1m	     a   b   c   d   e   f   g   h  
	   ┌───┬───┬───┬───┬───┬───┬───┬───┐
	8  │ ♜ │ ♞ │ ♝ │ ♛ │ ♚ │ ♝ │ ♞ │ ♜ │
	   ├───┼───┼───┼───┼───┼───┼───┼───┤
	7  │   │ ♟ │ ♟ │ ♟ │   │ ♟ │ ♟ │ ♟ │
	   ├───┼───┼───┼───┼───┼───┼───┼───┤
	6  │ ♟ │   │   │   │   │   │   │   │
	   ├───┼───┼───┼───┼───┼───┼───┼───┤
	5  │   │   │   │   │   │   │ ♗ │   │
	   ├───┼───┼───┼───┼───┼───┼───┼───┤
	4  │   │   │   │ ♟ │ ♙ │   │   │   │
	   ├───┼───┼───┼───┼───┼───┼───┼───┤
	3  │   │   │   │   │   │   │   │   │
	   ├───┼───┼───┼───┼───┼───┼───┼───┤
	2  │ ♙ │ ♙ │ ♙ │   │   │ ♙ │ ♙ │ ♙ │
	   ├───┼───┼───┼───┼───┼───┼───┼───┤
	1  │ ♖ │ ♘ │   │ ♕ │ ♔ │ ♗ │ ♘ │ ♖ │
	   └───┴───┴───┴───┴───┴───┴───┴───┘
	     a   b   c   d   e   f   g   h  


[34m[1mAux blancs de jouer.
[37m[1m🕹️  Entrez votre coup: [33m[0m
✅ Mouvement d1d4 effectué.
[0m
[37m[1m	     a   b   c   d   e   f   g   h  
	   ┌───┬───┬───┬───┬───┬───┬───┬───┐
	8  │ ♜ │ ♞ │ ♝ │ ♛ │ ♚ │ ♝ │ ♞ │ ♜ │
	   ├───┼───┼───┼───┼───┼───┼───┼───┤
	7  │   │ ♟ │ ♟ │ ♟ │   │ ♟ │ ♟ │ ♟ │
	   ├───┼───┼───┼───┼───┼───┼───┼───┤
	6  │ ♟ │   │   │   │   │   │   │   │
	   ├───┼───┼───┼───┼───┼───┼───┼───┤
	5  │   │   │   │   │   │   │ ♗ │   │
	   ├───┼───┼───┼───┼───┼───┼───┼───┤
	4  │   │   │   │ ♕ │ ♙ │   │   │   │
	   ├───┼───┼───┼───┼───┼───┼───┼───┤
	3  │   │   │   │   │   │   │   │   │
	   ├───┼───┼───┼───┼───┼───┼───┼───┤
	2  │ ♙ │ ♙ │ ♙ │   │   │ ♙ │ ♙ │ ♙ │
	   ├───┼───┼───┼───┼───┼───┼───┼───┤
	1  │ ♖ │ ♘ │   │   │ ♔ │ ♗ │ ♘ │ ♖ │
	   └───┴───┴───┴───┴───┴───┴───┴───┘
	     a   b   c   d   e   f   g   h  


[34m[1mAux noirs de jouer.
[37m[1m🕹️  Entrez votre coup: [33m[0m
✅ Mouvement c7c6 effectué.
[0m
[37m[1m	     a   b   c   d   e   f   g   h  
	   ┌───┬───┬───┬───┬───┬───┬───┬───┐
	8  │ ♜ │ ♞ │ ♝ │ ♛ │ ♚ │ ♝ │ ♞ │ ♜ │
	   ├───┼───┼───┼───┼───┼───┼───┼───┤
	7  │   │ ♟ │   │ ♟ │   │ ♟ │ ♟ │ ♟ │
	   ├───┼───┼───┼───┼───┼───┼───┼───┤
	6  │ ♟ │   │ ♟ │   │   │   │   │   │
	   ├───┼───┼───┼───┼───┼───┼───┼───┤
	5  │   │   │   │   │   │   │ ♗ │   │
	   ├───┼───┼───┼───┼───┼───┼───┼───┤
	4  │   │   │   │ ♕ │ ♙ │   │   │   │
	   ├───┼───┼───┼───┼───┼───┼───┼───┤
	3  │   │   │   │   │   │   │   │   │
	   ├───┼───┼───┼───┼───┼───┼───┼───┤
	2  │ ♙ │ ♙ │ ♙ │   │   │ ♙ │ ♙ │ ♙ │
	   ├───┼───┼───┼───┼───┼───┼───┼───┤
	1  │ ♖ │ ♘ │   │   │ ♔ │ ♗ │ ♘ │ ♖ │
	   └───┴───┴───┴───┴───┴───┴───┴───┘
	     a   b   c   d   e   f   g   h  


[34m[1mAux blancs de jouer.
[37m[1m🕹️  Entrez votre coup: [33m[0m
✅ Mouvement d4e5 effectué.
[0m[31m[1m⚔️ Ce mouvement met le roi noir en échec.
[0m
[37m[1m	     a   b   c   d   e   f   g   h  
	   ┌───┬───┬───┬───┬───┬───┬───┬───┐
	8  │ ♜ │ ♞ │ ♝ │ ♛ │ ♚ │ ♝ │ ♞ │ ♜ │
	   ├───┼───┼───┼───┼───┼───┼───┼───┤
	7  │   │ ♟ │   │ ♟ │   │ ♟ │ ♟ │ ♟ │
	   ├───┼───┼───┼───┼───┼───┼───┼───┤
	6  │ ♟ │   │ ♟ │   │   │   │   │   │
	   ├───┼───┼───┼───┼───┼───┼───┼───┤
	5  │   │   │   │   │ ♕ │   │ ♗ │   │
	   ├───┼───┼───┼───┼───┼───┼───┼───┤
	4  │   │   │   │   │ ♙ │   │   │   │
	   ├───┼───┼───┼───┼───┼───┼───┼───┤
	3  │   │   │   │   │   │   │   │   │
	   ├───┼───┼───┼───┼───┼───┼───┼───┤
	2  │ ♙ │ ♙ │ ♙ │   │   │ ♙ │ ♙ │ ♙ │
	   ├───┼───┼───┼───┼───┼───┼───┼───┤
	1  │ ♖ │ ♘ │   │   │ ♔ │ ♗ │ ♘ │ ♖ │
	   └───┴───┴───┴───┴───┴───┴───┴───┘
	     a   b   c   d   e   f   g   h  


[34m[1mAux noirs de jouer.
[37m[1m🕹️  Entrez votre coup: [33m[0m
✅ Mouvement f8e7 effectué.
[0m
[37m[1m	     a   b   c   d   e   f   g   h  
	   ┌───┬───┬───┬───┬───┬───┬───┬───┐
	8  │ ♜ │ ♞ │ ♝ │ ♛ │ ♚ │   │ ♞ │ ♜ │
	   ├───┼───┼───┼───┼───┼───┼───┼───┤
	7  │   │ ♟ │   │ ♟ │ ♝ │ ♟ │ ♟ │ ♟ │
	   ├───┼───┼───┼───┼───┼───┼───┼───┤
	6  │ ♟ │   │ ♟ │   │   │   │   │   │
	   ├───┼───┼───┼───┼───┼───┼───┼───┤
	5  │   │   │   │   │ ♕ │   │ ♗ │   │
	   ├───┼───┼───┼───┼───┼───┼───┼───┤
	4  │   │   │   │   │ ♙ │   │   │   │
	   ├───┼───┼───┼───┼───┼───┼───┼───┤
	3  │   │   │   │   │   │   │   │   │
	   ├───┼───┼───┼───┼───┼───┼───┼───┤
	2  │ ♙ │ ♙ │ ♙ │   │   │ ♙ │ ♙ │ ♙ │
	   ├───┼───┼───┼───┼───┼───┼───┼───┤
	1  │ ♖ │ ♘ │   │   │ ♔ │ ♗ │ ♘ │ ♖ │
	   └───┴───┴───┴───┴───┴───┴───┴───┘
	     a   b   c   d   e   f   g   h  


[34m[1mAux blancs de jouer.
[37m[1m🕹️  Entrez votre coup: [33m[0m
✅ Mouvement b1c3 effectué.
[0m
[37m[1m	     a   b   c   d   e   f   g   h  
	   ┌───┬───┬───┬───┬───┬───┬───┬───┐
	8  │ ♜ │ ♞ │ ♝ │ ♛ │ ♚ │   │ ♞ │ ♜ │
	   ├───┼───┼───┼───┼───┼───┼───┼───┤
	7  │   │ ♟ │   │ ♟ │ ♝ │ ♟ │ ♟ │ ♟ │
	   ├───┼───┼───┼───┼───┼───┼───┼───┤
	6  │ ♟ │   │ ♟ │   │   │   │   │   │
	   ├───┼───┼───┼───┼───┼───┼───┼───┤
	5  │   │   │   │   │ ♕ │   │ ♗ │   │
	   ├───┼───┼───┼───┼───┼───┼───┼───┤
	4  │   │   │   │   │ ♙ │   │   │   │
	   ├───┼───┼───┼───┼───┼───┼───┼───┤
	3  │   │   │ ♘ │   │   │   │   │   │
	   ├───┼───┼───┼───┼───┼───┼───┼───┤
	2  │ ♙ │ ♙ │ ♙ │   │   │ ♙ │ ♙ │ ♙ │
	   ├───┼───┼───┼───┼───┼───┼───┼───┤
	1  │ ♖ │   │   │   │ ♔ │ ♗ │ ♘ │ ♖ │
	   └───┴───┴───┴───┴───┴───┴───┴───┘
	     a   b   c   d   e   f   g   h  


[34m[1mAux noirs de jouer.
[37m[1m🕹️  Entrez votre coup: [33m[0m
✅ Mouvement c6c5 effectué.
[0m
[37m[1m	     a   b   c   d   e   f   g   h  
	   ┌───┬───┬───┬───┬───┬───┬───┬───┐
	8  │ ♜ │ ♞ │ ♝ │ ♛ │ ♚ │   │ ♞ │ ♜ │
	   ├───┼───┼───┼───┼───┼───┼───┼───┤
	7  │   │ ♟ │   │ ♟ │ ♝ │ ♟ │ ♟ │ ♟ │
	   ├───┼───┼───┼───┼───┼───┼───┼───┤
	6  │ ♟ │   │   │   │   │   │   │   │
	   ├───┼───┼───┼───┼───┼───┼───┼───┤
	5  │   │   │ ♟ │   │ ♕ │   │ ♗ │   │
	   ├───┼───┼───┼───┼───┼───┼───┼───┤
	4  │   │   │   │   │ ♙ │   │   │   │
	   ├───┼───┼───┼───┼───┼───┼───┼───┤
	3  │   │   │ ♘ │   │   │   │   │   │
	   ├───┼───┼───┼───┼───┼───┼───┼───┤
	2  │ ♙ │ ♙ │ ♙ │   │   │ ♙ │ ♙ │ ♙ │
	   ├───┼───┼───┼───┼───┼───┼───┼───┤
	1  │ ♖ │   │   │   │ ♔ │ ♗ │ ♘ │ ♖ │
	   └───┴───┴───┴───┴───┴───┴───┴───┘
	     a   b   c   d   e   f   g   h  


[34m[1mAux blancs de jouer.
[37m[1m🕹️  Entrez votre coup: [33m[0m
✅ Mouvement c3d5 effectué.
[0m
[37m[1m	     a   b   c   d   e   f   g   h  
	   ┌───┬───┬───┬───┬───┬───┬───┬───┐
	8  │ ♜ │ ♞ │ ♝ │ ♛ │ ♚ │   │ ♞ │ ♜ │
	   ├───┼───┼───┼───┼───┼───┼───┼───┤
	7  │   │ ♟ │   │ ♟ │ ♝ │ ♟ │ ♟ │ ♟ │
	   ├───┼───┼───┼───┼───┼───┼───┼───┤
	6  │ ♟ │   │   │   │   │   │   │   │
	   ├───┼───┼───┼───┼───┼───┼───┼───┤
	5  │   │   │ ♟ │ ♘ │ ♕ │   │ ♗ │   │
	   ├───┼───┼───┼───┼───┼───┼───┼───┤
	4  │   │   │   │   │ ♙ │   │   │   │
	   ├───┼───┼───┼───┼───┼───┼───┼───┤
	3  │   │   │   │   │   │   │   │   │
	   ├───┼───┼───┼───┼───┼───┼───┼───┤
	2  │ ♙ │ ♙ │ ♙ │   │   │ ♙ │ ♙ │ ♙ │
	   ├───┼───┼───┼───┼───┼───┼───┼───┤
	1  │ ♖ │   │   │   │ ♔ │ ♗ │ ♘ │ ♖ │
	   └───┴───┴───┴───┴───┴───┴───┴───┘
	     a   b   c   d   e   f   g   h  


[34m[1mAux noirs de jouer.
[37m[1m🕹️  Entrez votre coup: [33m[0m
✅ Mouvement b8c6 effectué.
[0m
[37m[1m	     a   b   c   d   e   f   g   h  
	   ┌───┬───┬───┬───┬───┬───┬───┬───┐
	8  │ ♜ │   │ ♝ │ ♛ │ ♚ │   │ ♞ │ ♜ │
	   ├───┼───┼───┼───┼───┼───┼───┼───┤
	7  │   │ ♟ │   │ ♟ │ ♝ │ ♟ │ ♟ │ ♟ │
	   ├───┼───┼───┼───┼───┼───┼───┼───┤
	6  │ ♟ │   │ ♞ │   │   │   │   │   │
	   ├───┼───┼───┼───┼───┼───┼───┼───┤
	5  │   │   │ ♟ │ ♘ │ ♕ │   │ ♗ │   │
	   ├───┼───┼───┼───┼───┼───┼───┼───┤
	4  │   │   │   │   │ ♙ │   │   │   │
	   ├───┼───┼───┼───┼───┼───┼───┼───┤
	3  │   │   │   │   │   │   │   │   │
	   ├───┼───┼───┼───┼───┼───┼───┼───┤
	2  │ ♙ │ ♙ │ ♙ │   │   │ ♙ │ ♙ │ ♙ │
	   ├───┼───┼───┼───┼───┼───┼───┼───┤
	1  │ ♖ │   │   │   │ ♔ │ ♗ │ ♘ │ ♖ │
	   └───┴───┴───┴───┴───┴───┴───┴───┘
	     a   b   c   d   e   f   g   h  


[34m[1mAux blancs de jouer.
[37m[1m🕹️  Entrez votre coup: [33m[0m
✅ Mouvement d5c7 effectué.
[0m[31m[1m⚔️ Ce mouvement met le roi noir en échec.
[0m
[37m[1m	     a   b   c   d   e   f   g   h  
	   ┌───┬───┬───┬───┬───┬───┬───┬───┐
	8  │ ♜ │   │ ♝ │ ♛ │ ♚ │   │ ♞ │ ♜ │
	   ├───┼───┼───┼───┼───┼───┼───┼───┤
	7  │   │ ♟ │ ♘ │ ♟ │ ♝ │ ♟ │ ♟ │ ♟ │
	   ├───┼───┼───┼───┼───┼───┼───┼───┤
	6  │ ♟ │   │ ♞ │   │   │   │   │   │
	   ├───┼───┼───┼───┼───┼───┼───┼───┤
	5  │   │   │ ♟ │   │ ♕ │   │ ♗ │   │
	   ├───┼───┼───┼───┼───┼───┼───┼───┤
	4  │   │   │   │   │ ♙ │   │   │   │
	   ├───┼───┼───┼───┼───┼───┼───┼───┤
	3  │   │   │   │   │   │   │   │   │
	   ├───┼───┼───┼───┼───┼───┼───┼───┤
	2  │ ♙ │ ♙ │ ♙ │   │   │ ♙ │ ♙ │ ♙ │
	   ├───┼───┼───┼───┼───┼───┼───┼───┤
	1  │ ♖ │   │   │   │ ♔ │ ♗ │ ♘ │ ♖ │
	   └───┴───┴───┴───┴───┴───┴───┴───┘
	     a   b   c   d   e   f   g   h  


[34m[1mAux noirs de jouer.
[37m[1m🕹️  Entrez votre coup: [33m[0m
✅ Mouvement e8f8 effectué.
[0m
[37m[1m	     a   b   c   d   e   f   g   h  
	   ┌───┬───┬───┬───┬───┬───┬───┬───┐
	8  │ ♜ │   │ ♝ │ ♛ │   │ ♚ │ ♞ │ ♜ │
	   ├───┼───┼───┼───┼───┼───┼───┼───┤
	7  │   │ ♟ │ ♘ │ ♟ │ ♝ │ ♟ │ ♟ │ ♟ │
	   ├───┼───┼───┼───┼───┼───┼───┼───┤
	6  │ ♟ │   │ ♞ │   │   │   │   │   │
	   ├───┼───┼───┼───┼───┼───┼───┼───┤
	5  │   │   │ ♟ │   │ ♕ │   │ ♗ │   │
	   ├───┼───┼───┼───┼───┼───┼───┼───┤
	4  │   │   │   │   │ ♙ │   │   │   │
	   ├───┼───┼───┼───┼───┼───┼───┼───┤
	3  │   │   │   │   │   │   │   │   │
	   ├───┼───┼───┼───┼───┼───┼───┼───┤
	2  │ ♙ │ ♙ │ ♙ │   │   │ ♙ │ ♙ │ ♙ │
	   ├───┼───┼───┼───┼───┼───┼───┼───┤
	1  │ ♖ │   │   │   │ ♔ │ ♗ │ ♘ │ ♖ │
	   └───┴───┴───┴───┴───┴───┴───┴───┘
	     a   b   c   d   e   f   g   h  


[34m[1mAux blancs de jouer.
[37m[1m🕹️  Entrez votre coup: [33m[0m
✅ Mouvement g5e7 effectué.
[0m[31m[1m⚔️ Ce mouvement met le roi noir en échec.
[0m
[37m[1m	     a   b   c   d   e   f   g   h  
	   ┌───┬───┬───┬───┬───┬───┬───┬───┐
	8  │ ♜ │   │ ♝ │ ♛ │   │ ♚ │ ♞ │ ♜ │
	   ├───┼───┼───┼───┼───┼───┼───┼───┤
	7  │   │ ♟ │ ♘ │ ♟ │ ♗ │ ♟ │ ♟ │ ♟ │
	   ├───┼───┼───┼───┼───┼───┼───┼───┤
	6  │ ♟ │   │ ♞ │   │   │   │   │   │
	   ├───┼───┼───┼───┼───┼───┼───┼───┤
	5  │   │   │ ♟ │   │ ♕ │   │   │   │
	   ├───┼───┼───┼───┼───┼───┼───┼───┤
	4  │   │   │   │   │ ♙ │   │   │   │
	   ├───┼───┼───┼───┼───┼───┼───┼───┤
	3  │   │   │   │   │   │   │   │   │
	   ├───┼───┼───┼───┼───┼───┼───┼───┤
	2  │ ♙ │ ♙ │ ♙ │   │   │ ♙ │ ♙ │ ♙ │
	   ├───┼───┼───┼───┼───┼───┼───┼───┤
	1  │ ♖ │   │   │   │ ♔ │ ♗ │ ♘ │ ♖ │
	   └───┴───┴───┴───┴───┴───┴───┴───┘
	     a   b   c   d   e   f   g   h  


[34m[1mAux noirs de jouer.
[37m[1m🕹️  Entrez votre coup: [33m[0m
✅ Mouvement g8e7 effectué.
[0m
[37m[1m	     a   b   c   d   e   f   g   h  
	   ┌───┬───┬───┬───┬───┬───┬───┬───┐
	8  │ ♜ │   │ ♝ │ ♛ │   │ ♚ │   │ ♜ │
	   ├───┼───┼───┼───┼───┼───┼───┼───┤
	7  │   │ ♟ │ ♘ │ ♟ │ ♞ │ ♟ │ ♟ │ ♟ │
	   ├───┼───┼───┼───┼───┼───┼───┼───┤
	6  │ ♟ │   │ ♞ │   │   │   │   │   │
	   ├───┼───┼───┼───┼───┼───┼───┼───┤
	5  │   │   │ ♟ │   │ ♕ │   │   │   │
	   ├───┼───┼───┼───┼───┼───┼───┼───┤
	4  │   │   │   │   │ ♙ │   │   │   │
	   ├───┼───┼───┼───┼───┼───┼───┼───┤
	3  │   │   │   │   │   │   │   │   │
	   ├───┼───┼───┼───┼───┼───┼───┼───┤
	2  │ ♙ │ ♙ │ ♙ │   │   │ ♙ │ ♙ │ ♙ │
	   ├───┼───┼───┼───┼───┼───┼───┼───┤
	1  │ ♖ │   │   │   │ ♔ │ ♗ │ ♘ │ ♖ │
	   └───┴───┴───┴───┴───┴───┴───┴───┘
	     a   b   c   d   e   f   g   h  


[34m[1mAux blancs de jouer.
[37m[1m🕹️  Entrez votre coup: [33m[0m
✅ Mouvement e5d6 effectué.
[0m
[37m[1m	     a   b   c   d   e   f   g   h  
	   ┌───┬───┬───┬───┬───┬───┬───┬───┐
	8  │ ♜ │   │ ♝ │ ♛ │   │ ♚ │   │ ♜ │
	   ├───┼───┼───┼───┼───┼───┼───┼───┤
	7  │   │ ♟ │ ♘ │ ♟ │ ♞ │ ♟ │ ♟ │ ♟ │
	   ├───┼───┼───┼───┼───┼───┼───┼───┤
	6  │ ♟ │   │ ♞ │ ♕ │   │   │   │   │
	   ├───┼───┼───┼───┼───┼───┼───┼───┤
	5  │   │   │ ♟ │   │   │   │   │   │
	   ├───┼───┼───┼───┼───┼───┼───┼───┤
	4  │   │   │   │   │ ♙ │   │   │   │
	   ├───┼───┼───┼───┼───┼───┼───┼───┤
	3  │   │   │   │   │   │   │   │   │
	   ├───┼───┼───┼───┼───┼───┼───┼───┤
	2  │ ♙ │ ♙ │ ♙ │   │   │ ♙ │ ♙ │ ♙ │
	   ├───┼───┼───┼───┼───┼───┼───┼───┤
	1  │ ♖ │   │   │   │ ♔ │ ♗ │ ♘ │ ♖ │
	   └───┴───┴───┴───┴───┴───┴───┴───┘
	     a   b   c   d   e   f   g   h  


[34m[1mAux noirs de jouer.
[37m[1m🕹️  Entrez votre coup: [33m[0m
✅ Mouvement a8b8 effectué.
[0m
[37m[1m	     a   b   c   d   e   f   g   h  
	   ┌───┬───┬───┬───┬───┬───┬───┬───┐
	8  │   │ ♜ │ ♝ │ ♛ │   │ ♚ │   │ ♜ │
	   ├───┼───┼───┼───┼───┼───┼───┼───┤
	7  │   │ ♟ │ ♘ │ ♟ │ ♞ │ ♟ │ ♟ │ ♟ │
	   ├───┼───┼───┼───┼───┼───┼───┼───┤
	6  │ ♟ │   │ ♞ │ ♕ │   │   │   │   │
	   ├───┼───┼───┼───┼───┼───┼───┼───┤
	5  │   │   │ ♟ │   │   │   │   │   │
	   ├───┼───┼───┼───┼───┼───┼───┼───┤
	4  │   │   │   │   │ ♙ │   │   │   │
	   ├───┼───┼───┼───┼───┼───┼───┼───┤
	3  │   │   │   │   │   │   │   │   │
	   ├───┼───┼───┼───┼───┼───┼───┼───┤
	2  │ ♙ │ ♙ │ ♙ │   │   │ ♙ │ ♙ │ ♙ │
	   ├───┼───┼───┼───┼───┼───┼───┼───┤
	1  │ ♖ │   │   │   │ ♔ │ ♗ │ ♘ │ ♖ │
	   └───┴───┴───┴───┴───┴───┴───┴───┘
	     a   b   c   d   e   f   g   h  


[34m[1mAux blancs de jouer.
[37m[1m🕹️  Entrez votre coup: [33m[0m
✅ Mouvement f1c4 effectué.
[0m
[37m[1m	     a   b   c   d   e   f   g   h  
	   ┌───┬───┬───┬───┬───┬───┬───┬───┐
	8  │   │ ♜ │ ♝ │ ♛ │   │ ♚ │   │ ♜ │
	   ├───┼───┼───┼───┼───┼───┼───┼───┤
	7  │   │ ♟ │ ♘ │ ♟ │ ♞ │ ♟ │ ♟ │ ♟ │
	   ├───┼───┼───┼───┼───┼───┼───┼───┤
	6  │ ♟ │   │ ♞ │ ♕ │   │   │   │   │
	   ├───┼───┼───┼───┼───┼───┼───┼───┤
	5  │   │   │ ♟ │   │   │   │   │   │
	   ├───┼───┼───┼───┼───┼───┼───┼───┤
	4  │   │   │ ♗ │   │ ♙ │   │   │   │
	   ├───┼───┼───┼───┼───┼───┼───┼───┤
	3  │   │   │   │   │   │   │   │   │
	   ├───┼───┼───┼───┼───┼───┼───┼───┤
	2  │ ♙ │ ♙ │ ♙ │   │   │ ♙ │ ♙ │ ♙ │
	   ├───┼───┼───┼───┼───┼───┼───┼───┤
	1  │ ♖ │   │   │   │ ♔ │   │ ♘ │ ♖ │
	   └───┴───┴───┴───┴───┴───┴───┴───┘
	     a   b   c   d   e   f   g   h  


[34m[1mAux noirs de jouer.
[37m[1m🕹️  Entrez votre coup: [33m[0m
✅ Mouvement g7g6 effectué.
[0m
[37m[1m	     a   b   c   d   e   f   g   h  
	   ┌───┬───┬───┬───┬───┬───┬───┬───┐
	8  │   │ ♜ │ ♝ │ ♛ │   │ ♚ │   │ ♜ │
	   ├───┼───┼───┼───┼───┼───┼───┼───┤
	7  │   │ ♟ │ ♘ │ ♟ │ ♞ │ ♟ │   │ ♟ │
	   ├───┼───┼───┼───┼───┼───┼───┼───┤
	6  │ ♟ │   │ ♞ │ ♕ │   │   │ ♟ │   │
	   ├───┼───┼───┼───┼───┼───┼───┼───┤
	5  │   │   │ ♟ │   │   │   │   │   │
	   ├───┼───┼───┼───┼───┼───┼───┼───┤
	4  │   │   │ ♗ │   │ ♙ │   │   │   │
	   ├───┼───┼───┼───┼───┼───┼───┼───┤
	3  │   │   │   │   │   │   │   │   │
	   ├───┼───┼───┼───┼───┼───┼───┼───┤
	2  │ ♙ │ ♙ │ ♙ │   │   │ ♙ │ ♙ │ ♙ │
	   ├───┼───┼───┼───┼───┼───┼───┼───┤
	1  │ ♖ │   │   │   │ ♔ │   │ ♘ │ ♖ │
	   └───┴───┴───┴───┴───┴───┴───┴───┘
	     a   b   c   d   e   f   g   h  


[34m[1mAux blancs de jouer.
[37m[1m🕹️  Entrez votre coup: [33m[0m
✅ Mouvement d6f6 effectué.
[0m
[37m[1m	     a   b   c   d   e   f   g   h  
	   ┌───┬───┬───┬───┬───┬───┬───┬───┐
	8  │   │ ♜ │ ♝ │ ♛ │   │ ♚ │   │ ♜ │
	   ├───┼───┼───┼───┼───┼───┼───┼───┤
	7  │   │ ♟ │ ♘ │ ♟ │ ♞ │ ♟ │   │ ♟ │
	   ├───┼───┼───┼───┼───┼───┼───┼───┤
	6  │ ♟ │   │ ♞ │   │   │ ♕ │ ♟ │   │
	   ├───┼───┼───┼───┼───┼───┼───┼───┤
	5  │   │   │ ♟ │   │   │   │   │   │
	   ├───┼───┼───┼───┼───┼───┼───┼───┤
	4  │   │   │ ♗ │   │ ♙ │   │   │   │
	   ├───┼───┼───┼───┼───┼───┼───┼───┤
	3  │   │   │   │   │   │   │   │   │
	   ├───┼───┼───┼───┼───┼───┼───┼───┤
	2  │ ♙ │ ♙ │ ♙ │   │   │ ♙ │ ♙ │ ♙ │
	   ├───┼───┼───┼───┼───┼───┼───┼───┤
	1  │ ♖ │   │   │   │ ♔ │   │ ♘ │ ♖ │
	   └───┴───┴───┴───┴───┴───┴───┴───┘
	     a   b   c   d   e   f   g   h  


[34m[1mAux noirs de jouer.
[37m[1m🕹️  Entrez votre coup: [33m[0m
✅ Mouvement d8c7 effectué.
[0m
[37m[1m	     a   b   c   d   e   f   g   h  
	   ┌───┬───┬───┬───┬───┬───┬───┬───┐
	8  │   │ ♜ │ ♝ │   │   │ ♚ │   │ ♜ │
	   ├───┼───┼───┼───┼───┼───┼───┼───┤
	7  │   │ ♟ │ ♛ │ ♟ │ ♞ │ ♟ │   │ ♟ │
	   ├───┼───┼───┼───┼───┼───┼───┼───┤
	6  │ ♟ │   │ ♞ │   │   │ ♕ │ ♟ │   │
	   ├───┼───┼───┼───┼───┼───┼───┼───┤
	5  │   │   │ ♟ │   │   │   │   │   │
	   ├───┼───┼───┼───┼───┼───┼───┼───┤
	4  │   │   │ ♗ │   │ ♙ │   │   │   │
	   ├───┼───┼───┼───┼───┼───┼───┼───┤
	3  │   │   │   │   │   │   │   │   │
	   ├───┼───┼───┼───┼───┼───┼───┼───┤
	2  │ ♙ │ ♙ │ ♙ │   │   │ ♙ │ ♙ │ ♙ │
	   ├───┼───┼───┼───┼───┼───┼───┼───┤
	1  │ ♖ │   │   │   │ ♔ │   │ ♘ │ ♖ │
	   └───┴───┴───┴───┴───┴───┴───┴───┘
	     a   b   c   d   e   f   g   h  


[34m[1mAux blancs de jouer.
[37m[1m🕹️  Entrez votre coup: [33m[0m
✅ Mouvement f6f7 effectué.
[0m[31m[1m👑 Échec et mat pour les noirs
[0m
[37m[1m🏁 Fin de la partie.

🎉 Les blancs ont gagné.

[1m[37m

		┌───────────────────┐
		│ 🚪 Quitter le jeu │
		└───────────────────┘

[0m[1m	👋 Merci d'avoir joué, à bientôt !

wR,,,,wK,,wN,wR,wP,wP,wP,,,wP,wP,wP,,,,,,,,,,,wB,,wP,,,,,,bP,,,,,,bP,,bN,,,,bP,,,bP,bQ,bP,bN,wQ,,bP,,bR,bB,,,bK,,bR, 1-0
  -> [0;32mreference position: OK[0m
  -> [0;32mreference result: OK[0m
  -> [0m(exit code=0)
[0;33m> data/4-leg-pat.txt[0m

[37m[1m	     a   b   c   d   e   f   g   h  
	   ┌───┬───┬───┬───┬───┬───┬───┬───┐
	8  │ ♜ │ ♞ │ ♝ │ ♛ │ ♚ │ ♝ │ ♞ │ ♜ │
	   ├───┼───┼───┼───┼───┼───┼───┼───┤
	7  │ ♟ │ ♟ │ ♟ │ ♟ │ ♟ │ ♟ │ ♟ │ ♟ │
	   ├───┼───┼───┼───┼───┼───┼───┼───┤
	6  │   │   │   │   │   │   │   │   │
	   ├───┼───┼───┼───┼───┼───┼───┼───┤
	5  │   │   │   │   │   │   │   │   │
	   ├───┼───┼───┼───┼───┼───┼───┼───┤
	4  │   │   │   │   │   │   │   │   │
	   ├───┼───┼───┼───┼───┼───┼───┼───┤
	3  │   │   │   │   │   │   │   │   │
	   ├───┼───┼───┼───┼───┼───┼───┼───┤
	2  │ ♙ │ ♙ │ ♙ │ ♙ │ ♙ │ ♙ │ ♙ │ ♙ │
	   ├───┼───┼───┼───┼───┼───┼───┼───┤
	1  │ ♖ │ ♘ │ ♗ │ ♕ │ ♔ │ ♗ │ ♘ │ ♖ │
	   └───┴───┴───┴───┴───┴───┴───┴───┘
	     a   b   c   d   e   f   g   h  


[34m[1mAux blancs de jouer.
[37m[1m🕹️  Entrez votre coup: [33m[0m
✅ Mouvement c2c4 effectué.
[0m
[37m[1m	     a   b   c   d   e   f   g   h  
	   ┌───┬───┬───┬───┬───┬───┬───┬───┐
	8  │ ♜ │ ♞ │ ♝ │ ♛ │ ♚ │ ♝ │ ♞ │ ♜ │
	   ├───┼───┼───┼───┼───┼───┼───┼───┤
	7  │ ♟ │ ♟ │ ♟ │ ♟ │ ♟ │ ♟ │ ♟ │ ♟ │
	   ├───┼───┼───┼───┼───┼───┼───┼───┤
	6  │   │   │   │   │   │   │   │   │
	   ├───┼───┼───┼───┼───┼───┼───┼───┤
	5  │   │   │   │   │   │   │   │   │
	   ├───┼───┼───┼───┼───┼───┼───┼───┤
	4  │   │   │ ♙ │   │   │   │   │   │
	   ├───┼───┼───┼───┼───┼───┼───┼───┤
	3  │   │   │   │   │   │   │   │   │
	   ├───┼───┼───┼───┼───┼───┼───┼───┤
	2  │ ♙ │ ♙ │   │ ♙ │ ♙ │ ♙ │ ♙ │ ♙ │
	   ├───┼───┼───┼───┼───┼───┼───┼───┤
	1  │ ♖ │ ♘ │ ♗ │ ♕ │ ♔ │ ♗ │ ♘ │ ♖ │
	   └───┴───┴───┴───┴───┴───┴───┴───┘
	     a   b   c   d   e   f   g   h  


[34m[1mAux noirs de jouer.
[37m[1m🕹️  Entrez votre coup: [33m[0m
✅ Mouvement g8f6 effectué.
[0m
[37m[1m	     a   b   c   d   e   f   g   h  
	   ┌───┬───┬───┬───┬───┬───┬───┬───┐
	8  │ ♜ │ ♞ │ ♝ │ ♛ │ ♚ │ ♝ │   │ ♜ │
	   ├───┼───┼───┼───┼───┼───┼───┼───┤
	7  │ ♟ │ ♟ │ ♟ │ ♟ │ ♟ │ ♟ │ ♟ │ ♟ │
	   ├───┼───┼───┼───┼───┼───┼───┼───┤
	6  │   │   │   │   │   │ ♞ │   │   │
	   ├───┼───┼───┼───┼───┼───┼───┼───┤
	5  │   │   │   │   │   │   │   │   │
	   ├───┼───┼───┼───┼───┼───┼───┼───┤
	4  │   │   │ ♙ │   │   │   │   │   │
	   ├───┼───┼───┼───┼───┼───┼───┼───┤
	3  │   │   │   │   │   │   │   │   │
	   ├───┼───┼───┼───┼───┼───┼───┼───┤
	2  │ ♙ │ ♙ │   │ ♙ │ ♙ │ ♙ │ ♙ │ ♙ │
	   ├───┼───┼───┼───┼───┼───┼───┼───┤
	1  │ ♖ │ ♘ │ ♗ │ ♕ │ ♔ │ ♗ │ ♘ │ ♖ │
	   └───┴───┴───┴───┴───┴───┴───┴───┘
	     a   b   c   d   e   f   g   h  


[34m[1mAux blancs de jouer.
[37m[1m🕹️  Entrez votre coup: [33m[0m
✅ Mouvement d2d4 effectué.
[0m
[37m[1m	     a   b   c   d   e   f   g   h  
	   ┌───┬───┬───┬───┬───┬───┬───┬───┐
	8  │ ♜ │ ♞ │ ♝ │ ♛ │ ♚ │ ♝ │   │ ♜ │
	   ├───┼───┼───┼───┼───┼───┼───┼───┤
	7  │ ♟ │ ♟ │ ♟ │ ♟ │ ♟ │ ♟ │ ♟ │ ♟ │
	   ├───┼───┼───┼───┼───┼───┼───┼───┤
	6  │   │   │   │   │   │ ♞ │   │   │
	   ├───┼───┼───┼───┼───┼───┼───┼───┤
	5  │   │   │   │   │   │   │   │   │
	   ├───┼───┼───┼───┼───┼───┼───┼───┤
	4  │   │   │ ♙ │ ♙ │   │   │   │   │
	   ├───┼───┼───┼───┼───┼───┼───┼───┤
	3  │   │   │   │   │   │   │   │   │
	   ├───┼───┼───┼───┼───┼───┼───┼───┤
	2  │ ♙ │ ♙ │   │   │ ♙ │ ♙ │ ♙ │ ♙ │
	   ├───┼───┼───┼───┼───┼───┼───┼───┤
	1  │ ♖ │ ♘ │ ♗ │ ♕ │ ♔ │ ♗ │ ♘ │ ♖ │
	   └───┴───┴───┴───┴───┴───┴───┴───┘
	     a   b   c   d   e   f   g   h  


[34m[1mAux noirs de jouer.
[37m[1m🕹️  Entrez votre coup: [33m[0m
✅ Mouvement c7c6 effectué.
[0m
[37m[1m	     a   b   c   d   e   f   g   h  
	   ┌───┬───┬───┬───┬───┬───┬───┬───┐
	8  │ ♜ │ ♞ │ ♝ │ ♛ │ ♚ │ ♝ │   │ ♜ │
	   ├───┼───┼───┼───┼───┼───┼───┼───┤
	7  │ ♟ │ ♟ │   │ ♟ │ ♟ │ ♟ │ ♟ │ ♟ │
	   ├───┼───┼───┼───┼───┼───┼───┼───┤
	6  │   │   │ ♟ │   │   │ ♞ │   │   │
	   ├───┼───┼───┼───┼───┼───┼───┼───┤
	5  │   │   │   │   │   │   │   │   │
	   ├───┼───┼───┼───┼───┼───┼───┼───┤
	4  │   │   │ ♙ │ ♙ │   │   │   │   │
	   ├───┼───┼───┼───┼───┼───┼───┼───┤
	3  │   │   │   │   │   │   │   │   │
	   ├───┼───┼───┼───┼───┼───┼───┼───┤
	2  │ ♙ │ ♙ │   │   │ ♙ │ ♙ │ ♙ │ ♙ │
	   ├───┼───┼───┼───┼───┼───┼───┼───┤
	1  │ ♖ │ ♘ │ ♗ │ ♕ │ ♔ │ ♗ │ ♘ │ ♖ │
	   └───┴───┴───┴───┴───┴───┴───┴───┘
	     a   b   c   d   e   f   g   h  


[34m[1mAux blancs de jouer.
[37m[1m🕹️  Entrez votre coup: [33m[0m
✅ Mouvement c1f4 effectué.
[0m
[37m[1m	     a   b   c   d   e   f   g   h  
	   ┌───┬───┬───┬───┬───┬───┬───┬───┐
	8  │ ♜ │ ♞ │ ♝ │ ♛ │ ♚ │ ♝ │   │ ♜ │
	   ├───┼───┼───┼───┼───┼───┼───┼───┤
	7  │ ♟ │ ♟ │   │ ♟ │ ♟ │ ♟ │ ♟ │ ♟ │
	   ├───┼───┼───┼───┼───┼───┼───┼───┤
	6  │   │   │ ♟ │   │   │ ♞ │   │   │
	   ├───┼───┼───┼───┼───┼───┼───┼───┤
	5  │   │   │   │   │   │   │   │   │
	   ├───┼───┼───┼───┼───┼───┼───┼───┤
	4  │   │   │ ♙ │ ♙ │   │ ♗ │   │   │
	   ├───┼───┼───┼───┼───┼───┼───┼───┤
	3  │   │   │   │   │   │   │   │   │
	   ├───┼───┼───┼───┼───┼───┼───┼───┤
	2  │ ♙ │ ♙ │   │   │ ♙ │ ♙ │ ♙ │ ♙ │
	   ├───┼───┼───┼───┼───┼───┼───┼───┤
	1  │ ♖ │ ♘ │   │ ♕ │ ♔ │ ♗ │ ♘ │ ♖ │
	   └───┴───┴───┴───┴───┴───┴───┴───┘
	     a   b   c   d   e   f   g   h  


[34m[1mAux noirs de jouer.
[37m[1m🕹️  Entrez votre coup: [33m[0m
✅ Mouvement d8b6 effectué.
[0m
[37m[1m	     a   b   c   d   e   f   g   h  
	   ┌───┬───┬───┬───┬───┬───┬───┬───┐
	8  │ ♜ │ ♞ │ ♝ │   │ ♚ │ ♝ │   │ ♜ │
	   ├───┼───┼───┼───┼───┼───┼───┼───┤
	7  │ ♟ │ ♟ │   │ ♟ │ ♟ │ ♟ │ ♟ │ ♟ │
	   ├───┼───┼───┼───┼───┼───┼───┼───┤
	6  │   │ ♛ │ ♟ │   │   │ ♞ │   │   │
	   ├───┼───┼───┼───┼───┼───┼───┼───┤
	5  │   │   │   │   │   │   │   │   │
	   ├───┼───┼───┼───┼───┼───┼───┼───┤
	4  │   │   │ ♙ │ ♙ │   │ ♗ │   │   │
	   ├───┼───┼───┼───┼───┼───┼───┼───┤
	3  │   │   │   │   │   │   │   │   │
	   ├───┼───┼───┼───┼───┼───┼───┼───┤
	2  │ ♙ │ ♙ │   │   │ ♙ │ ♙ │ ♙ │ ♙ │
	   ├───┼───┼───┼───┼───┼───┼───┼───┤
	1  │ ♖ │ ♘ │   │ ♕ │ ♔ │ ♗ │ ♘ │ ♖ │
	   └───┴───┴───┴───┴───┴───┴───┴───┘
	     a   b   c   d   e   f   g   h  


[34m[1mAux blancs de jouer.
[37m[1m🕹️  Entrez votre coup: [33m[0m
✅ Mouvement d1d2 effectué.
[0m
[37m[1m	     a   b   c   d   e   f   g   h  
	   ┌───┬───┬───┬───┬───┬───┬───┬───┐
	8  │ ♜ │ ♞ │ ♝ │   │ ♚ │ ♝ │   │ ♜ │
	   ├───┼───┼───┼───┼───┼───┼───┼───┤
	7  │ ♟ │ ♟ │   │ ♟ │ ♟ │ ♟ │ ♟ │ ♟ │
	   ├───┼───┼───┼───┼───┼───┼───┼───┤
	6  │   │ ♛ │ ♟ │   │   │ ♞ │   │   │
	   ├───┼───┼───┼───┼───┼───┼───┼───┤
	5  │   │   │   │   │   │   │   │   │
	   ├───┼───┼───┼───┼───┼───┼───┼───┤
	4  │   │   │ ♙ │ ♙ │   │ ♗ │   │   │
	   ├───┼───┼───┼───┼───┼───┼───┼───┤
	3  │   │   │   │   │   │   │   │   │
	   ├───┼───┼───┼───┼───┼───┼───┼───┤
	2  │ ♙ │ ♙ │   │ ♕ │ ♙ │ ♙ │ ♙ │ ♙ │
	   ├───┼───┼───┼───┼───┼───┼───┼───┤
	1  │ ♖ │ ♘ │   │   │ ♔ │ ♗ │ ♘ │ ♖ │
	   └───┴───┴───┴───┴───┴───┴───┴───┘
	     a   b   c   d   e   f   g   h  


[34m[1mAux noirs de jouer.
[37m[1m🕹️  Entrez votre coup: [33m[0m
✅ Mouvement f6e4 effectué.
[0m
[37m[1m	     a   b   c   d   e   f   g   h  
	   ┌───┬───┬───┬───┬───┬───┬───┬───┐
	8  │ ♜ │ ♞ │ ♝ │   │ ♚ │ ♝ │   │ ♜ │
	   ├───┼───┼───┼───┼───┼───┼───┼───┤
	7  │ ♟ │ ♟ │   │ ♟ │ ♟ │ ♟ │ ♟ │ ♟ │
	   ├───┼───┼───┼───┼───┼───┼───┼───┤
	6  │   │ ♛ │ ♟ │   │   │   │   │   │
	   ├───┼───┼───┼───┼───┼───┼───┼───┤
	5  │   │   │   │   │   │   │   │   │
	   ├───┼───┼───┼───┼───┼───┼───┼───┤
	4  │   │   │ ♙ │ ♙ │ ♞ │ ♗ │   │   │
	   ├───┼───┼───┼───┼───┼───┼───┼───┤
	3  │   │   │   │   │   │   │   │   │
	   ├───┼───┼───┼───┼───┼───┼───┼───┤
	2  │ ♙ │ ♙ │   │ ♕ │ ♙ │ ♙ │ ♙ │ ♙ │
	   ├───┼───┼───┼───┼───┼───┼───┼───┤
	1  │ ♖ │ ♘ │   │   │ ♔ │ ♗ │ ♘ │ ♖ │
	   └───┴───┴───┴───┴───┴───┴───┴───┘
	     a   b   c   d   e   f   g   h  


[34m[1mAux blancs de jouer.
[37m[1m🕹️  Entrez votre coup: [33m[0m
✅ Mouvement d2c2 effectué.
[0m
[37m[1m	     a   b   c   d   e   f   g   h  
	   ┌───┬───┬───┬───┬───┬───┬───┬───┐
	8  │ ♜ │ ♞ │ ♝ │   │ ♚ │ ♝ │   │ ♜ │
	   ├───┼───┼───┼───┼───┼───┼───┼───┤
	7  │ ♟ │ ♟ │   │ ♟ │ ♟ │ ♟ │ ♟ │ ♟ │
	   ├───┼───┼───┼───┼───┼───┼───┼───┤
	6  │   │ ♛ │ ♟ │   │   │   │   │   │
	   ├───┼───┼───┼───┼───┼───┼───┼───┤
	5  │   │   │   │   │   │   │   │   │
	   ├───┼───┼───┼───┼───┼───┼───┼───┤
	4  │   │   │ ♙ │ ♙ │ ♞ │ ♗ │   │   │
	   ├───┼───┼───┼───┼───┼───┼───┼───┤
	3  │   │   │   │   │   │   │   │   │
	   ├───┼───┼───┼───┼───┼───┼───┼───┤
	2  │ ♙ │ ♙ │ ♕ │   │ ♙ │ ♙ │ ♙ │ ♙ │
	   ├───┼───┼───┼───┼───┼───┼───┼───┤
	1  │ ♖ │ ♘ │   │   │ ♔ │ ♗ │ ♘ │ ♖ │
	   └───┴───┴───┴───┴───┴───┴───┴───┘
	     a   b   c   d   e   f   g   h  


[34m[1mAux noirs de jouer.
[37m[1m🕹️  Entrez votre coup: [33m[0m
✅ Mouvement d7d5 effectué.
[0m
[37m[1m	     a   b   c   d   e   f   g   h  
	   ┌───┬───┬───┬───┬───┬───┬───┬───┐
	8  │ ♜ │ ♞ │ ♝ │   │ ♚ │ ♝ │   │ ♜ │
	   ├───┼───┼───┼───┼───┼───┼───┼───┤
	7  │ ♟ │ ♟ │   │   │ ♟ │ ♟ │ ♟ │ ♟ │
	   ├───┼───┼───┼───┼───┼───┼───┼───┤
	6  │   │ ♛ │ ♟ │   │   │   │   │   │
	   ├───┼───┼───┼───┼───┼───┼───┼───┤
	5  │   │   │   │ ♟ │   │   │   │   │
	   ├───┼───┼───┼───┼───┼───┼───┼───┤
	4  │   │   │ ♙ │ ♙ │ ♞ │ ♗ │   │   │
	   ├───┼───┼───┼───┼───┼───┼───┼───┤
	3  │   │   │   │   │   │   │   │   │
	   ├───┼───┼───┼───┼───┼───┼───┼───┤
	2  │ ♙ │ ♙ │ ♕ │   │ ♙ │ ♙ │ ♙ │ ♙ │
	   ├───┼───┼───┼───┼───┼───┼───┼───┤
	1  │ ♖ │ ♘ │   │   │ ♔ │ ♗ │ ♘ │ ♖ │
	   └───┴───┴───┴───┴───┴───┴───┴───┘
	     a   b   c   d   e   f   g   h  


[34m[1mAux blancs de jouer.
[37m[1m🕹️  Entrez votre coup: [33m[0m
✅ Mouvement f2f3 effectué.
[0m
[37m[1m	     a   b   c   d   e   f   g   h  
	   ┌───┬───┬───┬───┬───┬───┬───┬───┐
	8  │ ♜ │ ♞ │ ♝ │   │ ♚ │ ♝ │   │ ♜ │
	   ├───┼───┼───┼───┼───┼───┼───┼───┤
	7  │ ♟ │ ♟ │   │   │ ♟ │ ♟ │ ♟ │ ♟ │
	   ├───┼───┼───┼───┼───┼───┼───┼───┤
	6  │   │ ♛ │ ♟ │   │   │   │   │   │
	   ├───┼───┼───┼───┼───┼───┼───┼───┤
	5  │   │   │   │ ♟ │   │   │   │   │
	   ├───┼───┼───┼───┼───┼───┼───┼───┤
	4  │   │   │ ♙ │ ♙ │ ♞ │ ♗ │   │   │
	   ├───┼───┼───┼───┼───┼───┼───┼───┤
	3  │   │   │   │   │   │ ♙ │   │   │
	   ├───┼───┼───┼───┼───┼───┼───┼───┤
	2  │ ♙ │ ♙ │ ♕ │   │ ♙ │   │ ♙ │ ♙ │
	   ├───┼───┼───┼───┼───┼───┼───┼───┤
	1  │ ♖ │ ♘ │   │   │ ♔ │ ♗ │ ♘ │ ♖ │
	   └───┴───┴───┴───┴───┴───┴───┴───┘
	     a   b   c   d   e   f   g   h  


[34m[1mAux noirs de jouer.
[37m[1m🕹️  Entrez votre coup: [33m[0m
✅ Mouvement e7e5 effectué.
[0m
[37m[1m	     a   b   c   d   e   f   g   h  
	   ┌───┬───┬───┬───┬───┬───┬───┬───┐
	8  │ ♜ │ ♞ │ ♝ │   │ ♚ │ ♝ │   │ ♜ │
	   ├───┼───┼───┼───┼───┼───┼───┼───┤
	7  │ ♟ │ ♟ │   │   │   │ ♟ │ ♟ │ ♟ │
	   ├───┼───┼───┼───┼───┼───┼───┼───┤
	6  │   │ ♛ │ ♟ │   │   │   │   │   │
	   ├───┼───┼───┼───┼───┼───┼───┼───┤
	5  │   │   │   │ ♟ │ ♟ │   │   │   │
	   ├───┼───┼───┼───┼───┼───┼───┼───┤
	4  │   │   │ ♙ │ ♙ │ ♞ │ ♗ │   │   │
	   ├───┼───┼───┼───┼───┼───┼───┼───┤
	3  │   │   │   │   │   │ ♙ │   │   │
	   ├───┼───┼───┼───┼───┼───┼───┼───┤
	2  │ ♙ │ ♙ │ ♕ │   │ ♙ │   │ ♙ │ ♙ │
	   ├───┼───┼───┼───┼───┼───┼───┼───┤
	1  │ ♖ │ ♘ │   │   │ ♔ │ ♗ │ ♘ │ ♖ │
	   └───┴───┴───┴───┴───┴───┴───┴───┘
	     a   b   c   d   e   f   g   h  


[34m[1mAux blancs de jouer.
[37m[1m🕹️  Entrez votre coup: [33m[0m
✅ Mouvement f4e5 effectué.
[0m
[37m[1m	     a   b   c   d   e   f   g   h  
	   ┌───┬───┬───┬───┬───┬───┬───┬───┐
	8  │ ♜ │ ♞ │ ♝ │   │ ♚ │ ♝ │   │ ♜ │
	   ├───┼───┼───┼───┼───┼───┼───┼───┤
	7  │ ♟ │ ♟ │   │   │   │ ♟ │ ♟ │ ♟ │
	   ├───┼───┼───┼───┼───┼───┼───┼───┤
	6  │   │ ♛ │ ♟ │   │   │   │   │   │
	   ├───┼───┼───┼───┼───┼───┼───┼───┤
	5  │   │   │   │ ♟ │ ♗ │   │   │   │
	   ├───┼───┼───┼───┼───┼───┼───┼───┤
	4  │   │   │ ♙ │ ♙ │ ♞ │   │   │   │
	   ├───┼───┼───┼───┼───┼───┼───┼───┤
	3  │   │   │   │   │   │ ♙ │   │   │
	   ├───┼───┼───┼───┼───┼───┼───┼───┤
	2  │ ♙ │ ♙ │ ♕ │   │ ♙ │   │ ♙ │ ♙ │
	   ├───┼───┼───┼───┼───┼───┼───┼───┤
	1  │ ♖ │ ♘ │   │   │ ♔ │ ♗ │ ♘ │ ♖ │
	   └───┴───┴───┴───┴───┴───┴───┴───┘
	     a   b   c   d   e   f   g   h  


[34m[1mAux noirs de jouer.
[37m[1m🕹️  Entrez votre coup: [33m[0m
✅ Mouvement b6a5 effectué.
[0m[31m[1m⚔️ Ce mouvement met le roi blanc en échec.
[0m
[37m[1m	     a   b   c   d   e   f   g   h  
	   ┌───┬───┬───┬───┬───┬───┬───┬───┐
	8  │ ♜ │ ♞ │ ♝ │   │ ♚ │ ♝ │   │ ♜ │
	   ├───┼───┼───┼───┼───┼───┼───┼───┤
	7  │ ♟ │ ♟ │   │   │   │ ♟ │ ♟ │ ♟ │
	   ├───┼───┼───┼───┼───┼───┼───┼───┤
	6  │   │   │ ♟ │   │   │   │   │   │
	   ├───┼───┼───┼───┼───┼───┼───┼───┤
	5  │ ♛ │   │   │ ♟ │ ♗ │   │   │   │
	   ├───┼───┼───┼───┼───┼───┼───┼───┤
	4  │   │   │ ♙ │ ♙ │ ♞ │   │   │   │
	   ├───┼───┼───┼───┼───┼───┼───┼───┤
	3  │   │   │   │   │   │ ♙ │   │   │
	   ├───┼───┼───┼───┼───┼───┼───┼───┤
	2  │ ♙ │ ♙ │ ♕ │   │ ♙ │   │ ♙ │ ♙ │
	   ├───┼───┼───┼───┼───┼───┼───┼───┤
	1  │ ♖ │ ♘ │   │   │ ♔ │ ♗ │ ♘ │ ♖ │
	   └───┴───┴───┴───┴───┴───┴───┴───┘
	     a   b   c   d   e   f   g   h  


[34m[1mAux blancs de jouer.
[37m[1m🕹️  Entrez votre coup: [33m[0m
✅ Mouvement b1c3 effectué.
[0m
[37m[1m	     a   b   c   d   e   f   g   h  
	   ┌───┬───┬───┬───┬───┬───┬───┬───┐
	8  │ ♜ │ ♞ │ ♝ │   │ ♚ │ ♝ │   │ ♜ │
	   ├───┼───┼───┼───┼───┼───┼───┼───┤
	7  │ ♟ │ ♟ │   │   │   │ ♟ │ ♟ │ ♟ │
	   ├───┼───┼───┼───┼───┼───┼───┼───┤
	6  │   │   │ ♟ │   │   │   │   │   │
	   ├───┼───┼───┼───┼───┼───┼───┼───┤
	5  │ ♛ │   │   │ ♟ │ ♗ │   │   │   │
	   ├───┼───┼───┼───┼───┼───┼───┼───┤
	4  │   │   │ ♙ │ ♙ │ ♞ │   │   │   │
	   ├───┼───┼───┼───┼───┼───┼───┼───┤
	3  │   │   │ ♘ │   │   │ ♙ │   │   │
	   ├───┼───┼───┼───┼───┼───┼───┼───┤
	2  │ ♙ │ ♙ │ ♕ │   │ ♙ │   │ ♙ │ ♙ │
	   ├───┼───┼───┼───┼───┼───┼───┼───┤
	1  │ ♖ │   │   │   │ ♔ │ ♗ │ ♘ │ ♖ │
	   └───┴───┴───┴───┴───┴───┴───┴───┘
	     a   b   c   d   e   f   g   h  


[34m[1mAux noirs de jouer.
[37m[1m🕹️  Entrez votre coup: [33m[0m
✅ Mouvement e4c3 effectué.
[0m
[37m[1m	     a   b   c   d   e   f   g   h  
	   ┌───┬───┬───┬───┬───┬───┬───┬───┐
	8  │ ♜ │ ♞ │ ♝ │   │ ♚ │ ♝ │   │ ♜ │
	   ├───┼───┼───┼───┼───┼───┼───┼───┤
	7  │ ♟ │ ♟ │   │   │   │ ♟ │ ♟ │ ♟ │
	   ├───┼───┼───┼───┼───┼───┼───┼───┤
	6  │   │   │ ♟ │   │   │   │   │   │
	   ├───┼───┼───┼───┼───┼───┼───┼───┤
	5  │ ♛ │   │   │ ♟ │ ♗ │   │   │   │
	   ├───┼───┼───┼───┼───┼───┼───┼───┤
	4  │   │   │ ♙ │ ♙ │   │   │   │   │
	   ├───┼───┼───┼───┼───┼───┼───┼───┤
	3  │   │   │ ♞ │   │   │ ♙ │   │   │
	   ├───┼───┼───┼───┼───┼───┼───┼───┤
	2  │ ♙ │ ♙ │ ♕ │   │ ♙ │   │ ♙ │ ♙ │
	   ├───┼───┼───┼───┼───┼───┼───┼───┤
	1  │ ♖ │   │   │   │ ♔ │ ♗ │ ♘ │ ♖ │
	   └───┴───┴───┴───┴───┴───┴───┴───┘
	     a   b   c   d   e   f   g   h  


[34m[1mAux blancs de jouer.
[37m[1m🕹️  Entrez votre coup: [33m[0m
✅ Mouvement b2c3 effectué.
[0m
[37m[1m	     a   b   c   d   e   f   g   h  
	   ┌───┬───┬───┬───┬───┬───┬───┬───┐
	8  │ ♜ │ ♞ │ ♝ │   │ ♚ │ ♝ │   │ ♜ │
	   ├───┼───┼───┼───┼───┼───┼───┼───┤
	7  │ ♟ │ ♟ │   │   │   │ ♟ │ ♟ │ ♟ │
	   ├───┼───┼───┼───┼───┼───┼───┼───┤
	6  │   │   │ ♟ │   │   │   │   │   │
	   ├───┼───┼───┼───┼───┼───┼───┼───┤
	5  │ ♛ │   │   │ ♟ │ ♗ │   │   │   │
	   ├───┼───┼───┼───┼───┼───┼───┼───┤
	4  │   │   │ ♙ │ ♙ │   │   │   │   │
	   ├───┼───┼───┼───┼───┼───┼───┼───┤
	3  │   │   │ ♙ │   │   │ ♙ │   │   │
	   ├───┼───┼───┼───┼───┼───┼───┼───┤
	2  │ ♙ │   │ ♕ │   │ ♙ │   │ ♙ │ ♙ │
	   ├───┼───┼───┼───┼───┼───┼───┼───┤
	1  │ ♖ │   │   │   │ ♔ │ ♗ │ ♘ │ ♖ │
	   └───┴───┴───┴───┴───┴───┴───┴───┘
	     a   b   c   d   e   f   g   h  


[34m[1mAux noirs de jouer.
[37m[1m🕹️  Entrez votre coup: [33m[0m
✅ Mouvement d5c4 effectué.
[0m
[37m[1m	     a   b   c   d   e   f   g   h  
	   ┌───┬───┬───┬───┬───┬───┬───┬───┐
	8  │ ♜ │ ♞ │ ♝ │   │ ♚ │ ♝ │   │ ♜ │
	   ├───┼───┼───┼───┼───┼───┼───┼───┤
	7  │ ♟ │ ♟ │   │   │   │ ♟ │ ♟ │ ♟ │
	   ├───┼───┼───┼───┼───┼───┼───┼───┤
	6  │   │   │ ♟ │   │   │   │   │   │
	   ├───┼───┼───┼───┼───┼───┼───┼───┤
	5  │ ♛ │   │   │   │ ♗ │   │   │   │
	   ├───┼───┼───┼───┼───┼───┼───┼───┤
	4  │   │   │ ♟ │ ♙ │   │   │   │   │
	   ├───┼───┼───┼───┼───┼───┼───┼───┤
	3  │   │   │ ♙ │   │   │ ♙ │   │   │
	   ├───┼───┼───┼───┼───┼───┼───┼───┤
	2  │ ♙ │   │ ♕ │   │ ♙ │   │ ♙ │ ♙ │
	   ├───┼───┼───┼───┼───┼───┼───┼───┤
	1  │ ♖ │   │   │   │ ♔ │ ♗ │ ♘ │ ♖ │
	   └───┴───┴───┴───┴───┴───┴───┴───┘
	     a   b   c   d   e   f   g   h  


[34m[1mAux blancs de jouer.
[37m[1m🕹️  Entrez votre coup: [33m[0m
✅ Mouvement e2e4 effectué.
[0m
[37m[1m	     a   b   c   d   e   f   g   h  
	   ┌───┬───┬───┬───┬───┬───┬───┬───┐
	8  │ ♜ │ ♞ │ ♝ │   │ ♚ │ ♝ │   │ ♜ │
	   ├───┼───┼───┼───┼───┼───┼───┼───┤
	7  │ ♟ │ ♟ │   │   │   │ ♟ │ ♟ │ ♟ │
	   ├───┼───┼───┼───┼───┼───┼───┼───┤
	6  │   │   │ ♟ │   │   │   │   │   │
	   ├───┼───┼───┼───┼───┼───┼───┼───┤
	5  │ ♛ │   │   │   │ ♗ │   │   │   │
	   ├───┼───┼───┼───┼───┼───┼───┼───┤
	4  │   │   │ ♟ │ ♙ │ ♙ │   │   │   │
	   ├───┼───┼───┼───┼───┼───┼───┼───┤
	3  │   │   │ ♙ │   │   │ ♙ │   │   │
	   ├───┼───┼───┼───┼───┼───┼───┼───┤
	2  │ ♙ │   │ ♕ │   │   │   │ ♙ │ ♙ │
	   ├───┼───┼───┼───┼───┼───┼───┼───┤
	1  │ ♖ │   │   │   │ ♔ │ ♗ │ ♘ │ ♖ │
	   └───┴───┴───┴───┴───┴───┴───┴───┘
	     a   b   c   d   e   f   g   h  


[34m[1mAux noirs de jouer.
[37m[1m🕹️  Entrez votre coup: [33m[0m
✅ Mouvement b7b5 effectué.
[0m
[37m[1m	     a   b   c   d   e   f   g   h  
	   ┌───┬───┬───┬───┬───┬───┬───┬───┐
	8  │ ♜ │ ♞ │ ♝ │   │ ♚ │ ♝ │   │ ♜ │
	   ├───┼───┼───┼───┼───┼───┼───┼───┤
	7  │ ♟ │   │   │   │   │ ♟ │ ♟ │ ♟ │
	   ├───┼───┼───┼───┼───┼───┼───┼───┤
	6  │   │   │ ♟ │   │   │   │   │   │
	   ├───┼───┼───┼───┼───┼───┼───┼───┤
	5  │ ♛ │ ♟ │   │   │ ♗ │   │   │   │
	   ├───┼───┼───┼───┼───┼───┼───┼───┤
	4  │   │   │ ♟ │ ♙ │ ♙ │   │   │   │
	   ├───┼───┼───┼───┼───┼───┼───┼───┤
	3  │   │   │ ♙ │   │   │ ♙ │   │   │
	   ├───┼───┼───┼───┼───┼───┼───┼───┤
	2  │ ♙ │   │ ♕ │   │   │   │ ♙ │ ♙ │
	   ├───┼───┼───┼───┼───┼───┼───┼───┤
	1  │ ♖ │   │   │   │ ♔ │ ♗ │ ♘ │ ♖ │
	   └───┴───┴───┴───┴───┴───┴───┴───┘
	     a   b   c   d   e   f   g   h  


[34m[1mAux blancs de jouer.
[37m[1m🕹️  Entrez votre coup: [33m[0m
✅ Mouvement g1e2 effectué.
[0m
[37m[1m	     a   b   c   d   e   f   g   h  
	   ┌───┬───┬───┬───┬───┬───┬───┬───┐
	8  │ ♜ │ ♞ │ ♝ │   │ ♚ │ ♝ │   │ ♜ │
	   ├───┼───┼───┼───┼───┼───┼───┼───┤
	7  │ ♟ │   │   │   │   │ ♟ │ ♟ │ ♟ │
	   ├───┼───┼───┼───┼───┼───┼───┼───┤
	6  │   │   │ ♟ │   │   │   │   │   │
	   ├───┼───┼───┼───┼───┼───┼───┼───┤
	5  │ ♛ │ ♟ │   │   │ ♗ │   │   │   │
	   ├───┼───┼───┼───┼───┼───┼───┼───┤
	4  │   │   │ ♟ │ ♙ │ ♙ │   │   │   │
	   ├───┼───┼───┼───┼───┼───┼───┼───┤
	3  │   │   │ ♙ │   │   │ ♙ │   │   │
	   ├───┼───┼───┼───┼───┼───┼───┼───┤
	2  │ ♙ │   │ ♕ │   │ ♘ │   │ ♙ │ ♙ │
	   ├───┼───┼───┼───┼───┼───┼───┼───┤
	1  │ ♖ │   │   │   │ ♔ │ ♗ │   │ ♖ │
	   └───┴───┴───┴───┴───┴───┴───┴───┘
	     a   b   c   d   e   f   g   h  


[34m[1mAux noirs de jouer.
[37m[1m🕹️  Entrez votre coup: [33m[0m
✅ Mouvement b5b4 effectué.
[0m
[37m[1m	     a   b   c   d   e   f   g   h  
	   ┌───┬───┬───┬───┬───┬───┬───┬───┐
	8  │ ♜ │ ♞ │ ♝ │   │ ♚ │ ♝ │   │ ♜ │
	   ├───┼───┼───┼───┼───┼───┼───┼───┤
	7  │ ♟ │   │   │   │   │ ♟ │ ♟ │ ♟ │
	   ├───┼───┼───┼───┼───┼───┼───┼───┤
	6  │   │   │ ♟ │   │   │   │   │   │
	   ├───┼───┼───┼───┼───┼───┼───┼───┤
	5  │ ♛ │   │   │   │ ♗ │   │   │   │
	   ├───┼───┼───┼───┼───┼───┼───┼───┤
	4  │   │ ♟ │ ♟ │ ♙ │ ♙ │   │   │   │
	   ├───┼───┼───┼───┼───┼───┼───┼───┤
	3  │   │   │ ♙ │   │   │ ♙ │   │   │
	   ├───┼───┼───┼───┼───┼───┼───┼───┤
	2  │ ♙ │   │ ♕ │   │ ♘ │   │ ♙ │ ♙ │
	   ├───┼───┼───┼───┼───┼───┼───┼───┤
	1  │ ♖ │   │   │   │ ♔ │ ♗ │   │ ♖ │
	   └───┴───┴───┴───┴───┴───┴───┴───┘
	     a   b   c   d   e   f   g   h  


[34m[1mAux blancs de jouer.
[37m[1m🕹️  Entrez votre coup: [33m[0m
✅ Mouvement e5f4 effectué.
[0m
[37m[1m	     a   b   c   d   e   f   g   h  
	   ┌───┬───┬───┬───┬───┬───┬───┬───┐
	8  │ ♜ │ ♞ │ ♝ │   │ ♚ │ ♝ │   │ ♜ │
	   ├───┼───┼───┼───┼───┼───┼───┼───┤
	7  │ ♟ │   │   │   │   │ ♟ │ ♟ │ ♟ │
	   ├───┼───┼───┼───┼───┼───┼───┼───┤
	6  │   │   │ ♟ │   │   │   │   │   │
	   ├───┼───┼───┼───┼───┼───┼───┼───┤
	5  │ ♛ │   │   │   │   │   │   │   │
	   ├───┼───┼───┼───┼───┼───┼───┼───┤
	4  │   │ ♟ │ ♟ │ ♙ │ ♙ │ ♗ │   │   │
	   ├───┼───┼───┼───┼───┼───┼───┼───┤
	3  │   │   │ ♙ │   │   │ ♙ │   │   │
	   ├───┼───┼───┼───┼───┼───┼───┼───┤
	2  │ ♙ │   │ ♕ │   │ ♘ │   │ ♙ │ ♙ │
	   ├───┼───┼───┼───┼───┼───┼───┼───┤
	1  │ ♖ │   │   │   │ ♔ │ ♗ │   │ ♖ │
	   └───┴───┴───┴───┴───┴───┴───┴───┘
	     a   b   c   d   e   f   g   h  


[34m[1mAux noirs de jouer.
[37m[1m🕹️  Entrez votre coup: [33m[0m
✅ Mouvement b8a6 effectué.
[0m
[37m[1m	     a   b   c   d   e   f   g   h  
	   ┌───┬───┬───┬───┬───┬───┬───┬───┐
	8  │ ♜ │   │ ♝ │   │ ♚ │ ♝ │   │ ♜ │
	   ├───┼───┼───┼───┼───┼───┼───┼───┤
	7  │ ♟ │   │   │   │   │ ♟ │ ♟ │ ♟ │
	   ├───┼───┼───┼───┼───┼───┼───┼───┤
	6  │ ♞ │   │ ♟ │   │   │   │   │   │
	   ├───┼───┼───┼───┼───┼───┼───┼───┤
	5  │ ♛ │   │   │   │   │   │   │   │
	   ├───┼───┼───┼───┼───┼───┼───┼───┤
	4  │   │ ♟ │ ♟ │ ♙ │ ♙ │ ♗ │   │   │
	   ├───┼───┼───┼───┼───┼───┼───┼───┤
	3  │   │   │ ♙ │   │   │ ♙ │   │   │
	   ├───┼───┼───┼───┼───┼───┼───┼───┤
	2  │ ♙ │   │ ♕ │   │ ♘ │   │ ♙ │ ♙ │
	   ├───┼───┼───┼───┼───┼───┼───┼───┤
	1  │ ♖ │   │   │   │ ♔ │ ♗ │   │ ♖ │
	   └───┴───┴───┴───┴───┴───┴───┴───┘
	     a   b   c   d   e   f   g   h  


[34m[1mAux blancs de jouer.
[37m[1m🕹️  Entrez votre coup: [33m[0m
✅ Mouvement e1f2 effectué.
[0m
[37m[1m	     a   b   c   d   e   f   g   h  
	   ┌───┬───┬───┬───┬───┬───┬───┬───┐
	8  │ ♜ │   │ ♝ │   │ ♚ │ ♝ │   │ ♜ │
	   ├───┼───┼───┼───┼───┼───┼───┼───┤
	7  │ ♟ │   │   │   │   │ ♟ │ ♟ │ ♟ │
	   ├───┼───┼───┼───┼───┼───┼───┼───┤
	6  │ ♞ │   │ ♟ │   │   │   │   │   │
	   ├───┼───┼───┼───┼───┼───┼───┼───┤
	5  │ ♛ │   │   │   │   │   │   │   │
	   ├───┼───┼───┼───┼───┼───┼───┼───┤
	4  │   │ ♟ │ ♟ │ ♙ │ ♙ │ ♗ │   │   │
	   ├───┼───┼───┼───┼───┼───┼───┼───┤
	3  │   │   │ ♙ │   │   │ ♙ │   │   │
	   ├───┼───┼───┼───┼───┼───┼───┼───┤
	2  │ ♙ │   │ ♕ │   │ ♘ │ ♔ │ ♙ │ ♙ │
	   ├───┼───┼───┼───┼───┼───┼───┼───┤
	1  │ ♖ │   │   │   │   │ ♗ │   │ ♖ │
	   └───┴───┴───┴───┴───┴───┴───┴───┘
	     a   b   c   d   e   f   g   h  


[34m[1mAux noirs de jouer.
[37m[1m🕹️  Entrez votre coup: [33m[0m
✅ Mouvement f8e7 effectué.
[0m
[37m[1m	     a   b   c   d   e   f   g   h  
	   ┌───┬───┬───┬───┬───┬───┬───┬───┐
	8  │ ♜ │   │ ♝ │   │ ♚ │   │   │ ♜ │
	   ├───┼───┼───┼───┼───┼───┼───┼───┤
	7  │ ♟ │   │   │   │ ♝ │ ♟ │ ♟ │ ♟ │
	   ├───┼───┼───┼───┼───┼───┼───┼───┤
	6  │ ♞ │   │ ♟ │   │   │   │   │   │
	   ├───┼───┼───┼───┼───┼───┼───┼───┤
	5  │ ♛ │   │   │   │   │   │   │   │
	   ├───┼───┼───┼───┼───┼───┼───┼───┤
	4  │   │ ♟ │ ♟ │ ♙ │ ♙ │ ♗ │   │   │
	   ├───┼───┼───┼───┼───┼───┼───┼───┤
	3  │   │   │ ♙ │   │   │ ♙ │   │   │
	   ├───┼───┼───┼───┼───┼───┼───┼───┤
	2  │ ♙ │   │ ♕ │   │ ♘ │ ♔ │ ♙ │ ♙ │
	   ├───┼───┼───┼───┼───┼───┼───┼───┤
	1  │ ♖ │   │   │   │   │ ♗ │   │ ♖ │
	   └───┴───┴───┴───┴───┴───┴───┴───┘
	     a   b   c   d   e   f   g   h  


[34m[1mAux blancs de jouer.
[37m[1m🕹️  Entrez votre coup: [33m[0m
✅ Mouvement e2g3 effectué.
[0m
[37m[1m	     a   b   c   d   e   f   g   h  
	   ┌───┬───┬───┬───┬───┬───┬───┬───┐
	8  │ ♜ │   │ ♝ │   │ ♚ │   │   │ ♜ │
	   ├───┼───┼───┼───┼───┼───┼───┼───┤
	7  │ ♟ │   │   │   │ ♝ │ ♟ │ ♟ │ ♟ │
	   ├───┼───┼───┼───┼───┼───┼───┼───┤
	6  │ ♞ │   │ ♟ │   │   │   │   │   │
	   ├───┼───┼───┼───┼───┼───┼───┼───┤
	5  │ ♛ │   │   │   │   │   │   │   │
	   ├───┼───┼───┼───┼───┼───┼───┼───┤
	4  │   │ ♟ │ ♟ │ ♙ │ ♙ │ ♗ │   │   │
	   ├───┼───┼───┼───┼───┼───┼───┼───┤
	3  │   │   │ ♙ │   │   │ ♙ │ ♘ │   │
	   ├───┼───┼───┼───┼───┼───┼───┼───┤
	2  │ ♙ │   │ ♕ │   │   │ ♔ │ ♙ │ ♙ │
	   ├───┼───┼───┼───┼───┼───┼───┼───┤
	1  │ ♖ │   │   │   │   │ ♗ │   │ ♖ │
	   └───┴───┴───┴───┴───┴───┴───┴───┘
	     a   b   c   d   e   f   g   h  


[34m[1mAux noirs de jouer.
[37m[1m🕹️  Entrez votre coup: [33m[0m
✅ Mouvement c8e6 effectué.
[0m
[37m[1m	     a   b   c   d   e   f   g   h  
	   ┌───┬───┬───┬───┬───┬───┬───┬───┐
	8  │ ♜ │   │   │   │ ♚ │   │   │ ♜ │
	   ├───┼───┼───┼───┼───┼───┼───┼───┤
	7  │ ♟ │   │   │   │ ♝ │ ♟ │ ♟ │ ♟ │
	   ├───┼───┼───┼───┼───┼───┼───┼───┤
	6  │ ♞ │   │ ♟ │   │ ♝ │   │   │   │
	   ├───┼───┼───┼───┼───┼───┼───┼───┤
	5  │ ♛ │   │   │   │   │   │   │   │
	   ├───┼───┼───┼───┼───┼───┼───┼───┤
	4  │   │ ♟ │ ♟ │ ♙ │ ♙ │ ♗ │   │   │
	   ├───┼───┼───┼───┼───┼───┼───┼───┤
	3  │   │   │ ♙ │   │   │ ♙ │ ♘ │   │
	   ├───┼───┼───┼───┼───┼───┼───┼───┤
	2  │ ♙ │   │ ♕ │   │   │ ♔ │ ♙ │ ♙ │
	   ├───┼───┼───┼───┼───┼───┼───┼───┤
	1  │ ♖ │   │   │   │   │ ♗ │   │ ♖ │
	   └───┴───┴───┴───┴───┴───┴───┴───┘
	     a   b   c   d   e   f   g   h  


[34m[1mAux blancs de jouer.
[37m[1m🕹️  Entrez votre coup: [33m[0m
✅ Mouvement g3f5 effectué.
[0m
[37m[1m	     a   b   c   d   e   f   g   h  
	   ┌───┬───┬───┬───┬───┬───┬───┬───┐
	8  │ ♜ │   │   │   │ ♚ │   │   │ ♜ │
	   ├───┼───┼───┼───┼───┼───┼───┼───┤
	7  │ ♟ │   │   │   │ ♝ │ ♟ │ ♟ │ ♟ │
	   ├───┼───┼───┼───┼───┼───┼───┼───┤
	6  │ ♞ │   │ ♟ │   │ ♝ │   │   │   │
	   ├───┼───┼───┼───┼───┼───┼───┼───┤
	5  │ ♛ │   │   │   │   │ ♘ │   │   │
	   ├───┼───┼───┼───┼───┼───┼───┼───┤
	4  │   │ ♟ │ ♟ │ ♙ │ ♙ │ ♗ │   │   │
	   ├───┼───┼───┼───┼───┼───┼───┼───┤
	3  │   │   │ ♙ │   │   │ ♙ │   │   │
	   ├───┼───┼───┼───┼───┼───┼───┼───┤
	2  │ ♙ │   │ ♕ │   │   │ ♔ │ ♙ │ ♙ │
	   ├───┼───┼───┼───┼───┼───┼───┼───┤
	1  │ ♖ │   │   │   │   │ ♗ │   │ ♖ │
	   └───┴───┴───┴───┴───┴───┴───┴───┘
	     a   b   c   d   e   f   g   h  


[34m[1mAux noirs de jouer.
[37m[1m🕹️  Entrez votre coup: [33m[0m
✅ Mouvement e6f5 effectué.
[0m
[37m[1m	     a   b   c   d   e   f   g   h  
	   ┌───┬───┬───┬───┬───┬───┬───┬───┐
	8  │ ♜ │   │   │   │ ♚ │   │   │ ♜ │
	   ├───┼───┼───┼───┼───┼───┼───┼───┤
	7  │ ♟ │   │   │   │ ♝ │ ♟ │ ♟ │ ♟ │
	   ├───┼───┼───┼───┼───┼───┼───┼───┤
	6  │ ♞ │   │ ♟ │   │   │   │   │   │
	   ├───┼───┼───┼───┼───┼───┼───┼───┤
	5  │ ♛ │   │   │   │   │ ♝ │   │   │
	   ├───┼───┼───┼───┼───┼───┼───┼───┤
	4  │   │ ♟ │ ♟ │ ♙ │ ♙ │ ♗ │   │   │
	   ├───┼───┼───┼───┼───┼───┼───┼───┤
	3  │   │   │ ♙ │   │   │ ♙ │   │   │
	   ├───┼───┼───┼───┼───┼───┼───┼───┤
	2  │ ♙ │   │ ♕ │   │   │ ♔ │ ♙ │ ♙ │
	   ├───┼───┼───┼───┼───┼───┼───┼───┤
	1  │ ♖ │   │   │   │   │ ♗ │   │ ♖ │
	   └───┴───┴───┴───┴───┴───┴───┴───┘
	     a   b   c   d   e   f   g   h  


[34m[1mAux blancs de jouer.
[37m[1m🕹️  Entrez votre coup: [33m[0m
✅ Mouvement e4f5 effectué.
[0m
[37m[1m	     a   b   c   d   e   f   g   h  
	   ┌───┬───┬───┬───┬───┬───┬───┬───┐
	8  │ ♜ │   │   │   │ ♚ │   │   │ ♜ │
	   ├───┼───┼───┼───┼───┼───┼───┼───┤
	7  │ ♟ │   │   │   │ ♝ │ ♟ │ ♟ │ ♟ │
	   ├───┼───┼───┼───┼───┼───┼───┼───┤
	6  │ ♞ │   │ ♟ │   │   │   │   │   │
	   ├───┼───┼───┼───┼───┼───┼───┼───┤
	5  │ ♛ │   │   │   │   │ ♙ │   │   │
	   ├───┼───┼───┼───┼───┼───┼───┼───┤
	4  │   │ ♟ │ ♟ │ ♙ │   │ ♗ │   │   │
	   ├───┼───┼───┼───┼───┼───┼───┼───┤
	3  │   │   │ ♙ │   │   │ ♙ │   │   │
	   ├───┼───┼───┼───┼───┼───┼───┼───┤
	2  │ ♙ │   │ ♕ │   │   │ ♔ │ ♙ │ ♙ │
	   ├───┼───┼───┼───┼───┼───┼───┼───┤
	1  │ ♖ │   │   │   │   │ ♗ │   │ ♖ │
	   └───┴───┴───┴───┴───┴───┴───┴───┘
	     a   b   c   d   e   f   g   h  


[34m[1mAux noirs de jouer.
[37m[1m🕹️  Entrez votre coup: [33m[0m
✅ Mouvement O-O effectué.
[0m
[37m[1m	     a   b   c   d   e   f   g   h  
	   ┌───┬───┬───┬───┬───┬───┬───┬───┐
	8  │ ♜ │   │   │   │   │ ♜ │ ♚ │   │
	   ├───┼───┼───┼───┼───┼───┼───┼───┤
	7  │ ♟ │   │   │   │ ♝ │ ♟ │ ♟ │ ♟ │
	   ├───┼───┼───┼───┼───┼───┼───┼───┤
	6  │ ♞ │   │ ♟ │   │   │   │   │   │
	   ├───┼───┼───┼───┼───┼───┼───┼───┤
	5  │ ♛ │   │   │   │   │ ♙ │   │   │
	   ├───┼───┼───┼───┼───┼───┼───┼───┤
	4  │   │ ♟ │ ♟ │ ♙ │   │ ♗ │   │   │
	   ├───┼───┼───┼───┼───┼───┼───┼───┤
	3  │   │   │ ♙ │   │   │ ♙ │   │   │
	   ├───┼───┼───┼───┼───┼───┼───┼───┤
	2  │ ♙ │   │ ♕ │   │   │ ♔ │ ♙ │ ♙ │
	   ├───┼───┼───┼───┼───┼───┼───┼───┤
	1  │ ♖ │   │   │   │   │ ♗ │   │ ♖ │
	   └───┴───┴───┴───┴───┴───┴───┴───┘
	     a   b   c   d   e   f   g   h  


[34m[1mAux blancs de jouer.
[37m[1m🕹️  Entrez votre coup: [33m[0m
✅ Mouvement f1c4 effectué.
[0m
[37m[1m	     a   b   c   d   e   f   g   h  
	   ┌───┬───┬───┬───┬───┬───┬───┬───┐
	8  │ ♜ │   │   │   │   │ ♜ │ ♚ │   │
	   ├───┼───┼───┼───┼───┼───┼───┼───┤
	7  │ ♟ │   │   │   │ ♝ │ ♟ │ ♟ │ ♟ │
	   ├───┼───┼───┼───┼───┼───┼───┼───┤
	6  │ ♞ │   │ ♟ │   │   │   │   │   │
	   ├───┼───┼───┼───┼───┼───┼───┼───┤
	5  │ ♛ │   │   │   │   │ ♙ │   │   │
	   ├───┼───┼───┼───┼───┼───┼───┼───┤
	4  │   │ ♟ │ ♗ │ ♙ │   │ ♗ │   │   │
	   ├───┼───┼───┼───┼───┼───┼───┼───┤
	3  │   │   │ ♙ │   │   │ ♙ │   │   │
	   ├───┼───┼───┼───┼───┼───┼───┼───┤
	2  │ ♙ │   │ ♕ │   │   │ ♔ │ ♙ │ ♙ │
	   ├───┼───┼───┼───┼───┼───┼───┼───┤
	1  │ ♖ │   │   │   │   │   │   │ ♖ │
	   └───┴───┴───┴───┴───┴───┴───┴───┘
	     a   b   c   d   e   f   g   h  


[34m[1mAux noirs de jouer.
[37m[1m🕹️  Entrez votre coup: [33m[0m
✅ Mouvement e7f6 effectué.
[0m
[37m[1m	     a   b   c   d   e   f   g   h  
	   ┌───┬───┬───┬───┬───┬───┬───┬───┐
	8  │ ♜ │   │   │   │   │ ♜ │ ♚ │   │
	   ├───┼───┼───┼───┼───┼───┼───┼───┤
	7  │ ♟ │   │   │   │   │ ♟ │ ♟ │ ♟ │
	   ├───┼───┼───┼───┼───┼───┼───┼───┤
	6  │ ♞ │   │ ♟ │   │   │ ♝ │   │   │
	   ├───┼───┼───┼───┼───┼───┼───┼───┤
	5  │ ♛ │   │   │   │   │ ♙ │   │   │
	   ├───┼───┼───┼───┼───┼───┼───┼───┤
	4  │   │ ♟ │ ♗ │ ♙ │   │ ♗ │   │   │
	   ├───┼───┼───┼───┼───┼───┼───┼───┤
	3  │   │   │ ♙ │   │   │ ♙ │   │   │
	   ├───┼───┼───┼───┼───┼───┼───┼───┤
	2  │ ♙ │   │ ♕ │   │   │ ♔ │ ♙ │ ♙ │
	   ├───┼───┼───┼───┼───┼───┼───┼───┤
	1  │ ♖ │   │   │   │   │   │   │ ♖ │
	   └───┴───┴───┴───┴───┴───┴───┴───┘
	     a   b   c   d   e   f   g   h  


[34m[1mAux blancs de jouer.
[37m[1m🕹️  Entrez votre coup: [33m[0m
✅ Mouvement h1e1 effectué.
[0m
[37m[1m	     a   b   c   d   e   f   g   h  
	   ┌───┬───┬───┬───┬───┬───┬───┬───┐
	8  │ ♜ │   │   │   │   │ ♜ │ ♚ │   │
	   ├───┼───┼───┼───┼───┼───┼───┼───┤
	7  │ ♟ │   │   │   │   │ ♟ │ ♟ │ ♟ │
	   ├───┼───┼───┼───┼───┼───┼───┼───┤
	6  │ ♞ │   │ ♟ │   │   │ ♝ │   │   │
	   ├───┼───┼───┼───┼───┼───┼───┼───┤
	5  │ ♛ │   │   │   │   │ ♙ │   │   │
	   ├───┼───┼───┼───┼───┼───┼───┼───┤
	4  │   │ ♟ │ ♗ │ ♙ │   │ ♗ │   │   │
	   ├───┼───┼───┼───┼───┼───┼───┼───┤
	3  │   │   │ ♙ │   │   │ ♙ │   │   │
	   ├───┼───┼───┼───┼───┼───┼───┼───┤
	2  │ ♙ │   │ ♕ │   │   │ ♔ │ ♙ │ ♙ │
	   ├───┼───┼───┼───┼───┼───┼───┼───┤
	1  │ ♖ │   │   │   │ ♖ │   │   │   │
	   └───┴───┴───┴───┴───┴───┴───┴───┘
	     a   b   c   d   e   f   g   h  


[34m[1mAux noirs de jouer.
[37m[1m🕹️  Entrez votre coup: [33m[0m
✅ Mouvement b4c3 effectué.
[0m
[37m[1m	     a   b   c   d   e   f   g   h  
	   ┌───┬───┬───┬───┬───┬───┬───┬───┐
	8  │ ♜ │   │   │   │   │ ♜ │ ♚ │   │
	   ├───┼───┼───┼───┼───┼───┼───┼───┤
	7  │ ♟ │   │   │   │   │ ♟ │ ♟ │ ♟ │
	   ├───┼───┼───┼───┼───┼───┼───┼───┤
	6  │ ♞ │   │ ♟ │   │   │ ♝ │   │   │
	   ├───┼───┼───┼───┼───┼───┼───┼───┤
	5  │ ♛ │   │   │   │   │ ♙ │   │   │
	   ├───┼───┼───┼───┼───┼───┼───┼───┤
	4  │   │   │ ♗ │ ♙ │   │ ♗ │   │   │
	   ├───┼───┼───┼───┼───┼───┼───┼───┤
	3  │   │   │ ♟ │   │   │ ♙ │   │   │
	   ├───┼───┼───┼───┼───┼───┼───┼───┤
	2  │ ♙ │   │ ♕ │   │   │ ♔ │ ♙ │ ♙ │
	   ├───┼───┼───┼───┼───┼───┼───┼───┤
	1  │ ♖ │   │   │   │ ♖ │   │   │   │
	   └───┴───┴───┴───┴───┴───┴───┴───┘
	     a   b   c   d   e   f   g   h  


[34m[1mAux blancs de jouer.
[37m[1m🕹️  Entrez votre coup: [33m[0m
✅ Mouvement f4e5 effectué.
[0m
[37m[1m	     a   b   c   d   e   f   g   h  
	   ┌───┬───┬───┬───┬───┬───┬───┬───┐
	8  │ ♜ │   │   │   │   │ ♜ │ ♚ │   │
	   ├───┼───┼───┼───┼───┼───┼───┼───┤
	7  │ ♟ │   │   │   │   │ ♟ │ ♟ │ ♟ │
	   ├───┼───┼───┼───┼───┼───┼───┼───┤
	6  │ ♞ │   │ ♟ │   │   │ ♝ │   │   │
	   ├───┼───┼───┼───┼───┼───┼───┼───┤
	5  │ ♛ │   │   │   │ ♗ │ ♙ │   │   │
	   ├───┼───┼───┼───┼───┼───┼───┼───┤
	4  │   │   │ ♗ │ ♙ │   │   │   │   │
	   ├───┼───┼───┼───┼───┼───┼───┼───┤
	3  │   │   │ ♟ │   │   │ ♙ │   │   │
	   ├───┼───┼───┼───┼───┼───┼───┼───┤
	2  │ ♙ │   │ ♕ │   │   │ ♔ │ ♙ │ ♙ │
	   ├───┼───┼───┼───┼───┼───┼───┼───┤
	1  │ ♖ │   │   │   │ ♖ │   │   │   │
	   └───┴───┴───┴───┴───┴───┴───┴───┘
	     a   b   c   d   e   f   g   h  


[34m[1mAux noirs de jouer.
[37m[1m🕹️  Entrez votre coup: [33m[0m
✅ Mouvement f6e5 effectué.
[0m
[37m[1m	     a   b   c   d   e   f   g   h  
	   ┌───┬───┬───┬───┬───┬───┬───┬───┐
	8  │ ♜ │   │   │   │   │ ♜ │ ♚ │   │
	   ├───┼───┼───┼───┼───┼───┼───┼───┤
	7  │ ♟ │   │   │   │   │ ♟ │ ♟ │ ♟ │
	   ├───┼───┼───┼───┼───┼───┼───┼───┤
	6  │ ♞ │   │ ♟ │   │   │   │   │   │
	   ├───┼───┼───┼───┼───┼───┼───┼───┤
	5  │ ♛ │   │   │   │ ♝ │ ♙ │   │   │
	   ├───┼───┼───┼───┼───┼───┼───┼───┤
	4  │   │   │ ♗ │ ♙ │   │   │   │   │
	   ├───┼───┼───┼───┼───┼───┼───┼───┤
	3  │   │   │ ♟ │   │   │ ♙ │   │   │
	   ├───┼───┼───┼───┼───┼───┼───┼───┤
	2  │ ♙ │   │ ♕ │   │   │ ♔ │ ♙ │ ♙ │
	   ├───┼───┼───┼───┼───┼───┼───┼───┤
	1  │ ♖ │   │   │   │ ♖ │   │   │   │
	   └───┴───┴───┴───┴───┴───┴───┴───┘
	     a   b   c   d   e   f   g   h  


[34m[1mAux blancs de jouer.
[37m[1m🕹️  Entrez votre coup: [33m[0m
✅ Mouvement e1e5 effectué.
[0m
[37m[1m	     a   b   c   d   e   f   g   h  
	   ┌───┬───┬───┬───┬───┬───┬───┬───┐
	8  │ ♜ │   │   │   │   │ ♜ │ ♚ │   │
	   ├───┼───┼───┼───┼───┼───┼───┼───┤
	7  │ ♟ │   │   │   │   │ ♟ │ ♟ │ ♟ │
	   ├───┼───┼───┼───┼───┼───┼───┼───┤
	6  │ ♞ │   │ ♟ │   │   │   │   │   │
	   ├───┼───┼───┼───┼───┼───┼───┼───┤
	5  │ ♛ │   │   │   │ ♖ │ ♙ │   │   │
	   ├───┼───┼───┼───┼───┼───┼───┼───┤
	4  │   │   │ ♗ │ ♙ │   │   │   │   │
	   ├───┼───┼───┼───┼───┼───┼───┼───┤
	3  │   │   │ ♟ │   │   │ ♙ │   │   │
	   ├───┼───┼───┼───┼───┼───┼───┼───┤
	2  │ ♙ │   │ ♕ │   │   │ ♔ │ ♙ │ ♙ │
	   ├───┼───┼───┼───┼───┼───┼───┼───┤
	1  │ ♖ │   │   │   │   │   │   │   │
	   └───┴───┴───┴───┴───┴───┴───┴───┘
	     a   b   c   d   e   f   g   h  


[34m[1mAux noirs de jouer.
[37m[1m🕹️  Entrez votre coup: [33m[0m
✅ Mouvement a5a3 effectué.
[0m
[37m[1m	     a   b   c   d   e   f   g   h  
	   ┌───┬───┬───┬───┬───┬───┬───┬───┐
	8  │ ♜ │   │   │   │   │ ♜ │ ♚ │   │
	   ├───┼───┼───┼───┼───┼───┼───┼───┤
	7  │ ♟ │   │   │   │   │ ♟ │ ♟ │ ♟ │
	   ├───┼───┼───┼───┼───┼───┼───┼───┤
	6  │ ♞ │   │ ♟ │   │   │   │   │   │
	   ├───┼───┼───┼───┼───┼───┼───┼───┤
	5  │   │   │   │   │ ♖ │ ♙ │   │   │
	   ├───┼───┼───┼───┼───┼───┼───┼───┤
	4  │   │   │ ♗ │ ♙ │   │   │   │   │
	   ├───┼───┼───┼───┼───┼───┼───┼───┤
	3  │ ♛ │   │ ♟ │   │   │ ♙ │   │   │
	   ├───┼───┼───┼───┼───┼───┼───┼───┤
	2  │ ♙ │   │ ♕ │   │   │ ♔ │ ♙ │ ♙ │
	   ├───┼───┼───┼───┼───┼───┼───┼───┤
	1  │ ♖ │   │   │   │   │   │   │   │
	   └───┴───┴───┴───┴───┴───┴───┴───┘
	     a   b   c   d   e   f   g   h  


[34m[1mAux blancs de jouer.
[37m[1m🕹️  Entrez votre coup: [33m[0m
✅ Mouvement a1c1 effectué.
[0m
[37m[1m	     a   b   c   d   e   f   g   h  
	   ┌───┬───┬───┬───┬───┬───┬───┬───┐
	8  │ ♜ │   │   │   │   │ ♜ │ ♚ │   │
	   ├───┼───┼───┼───┼───┼───┼───┼───┤
	7  │ ♟ │   │   │   │   │ ♟ │ ♟ │ ♟ │
	   ├───┼───┼───┼───┼───┼───┼───┼───┤
	6  │ ♞ │   │ ♟ │   │   │   │   │   │
	   ├───┼───┼───┼───┼───┼───┼───┼───┤
	5  │   │   │   │   │ ♖ │ ♙ │   │   │
	   ├───┼───┼───┼───┼───┼───┼───┼───┤
	4  │   │   │ ♗ │ ♙ │   │   │   │   │
	   ├───┼───┼───┼───┼───┼───┼───┼───┤
	3  │ ♛ │   │ ♟ │   │   │ ♙ │   │   │
	   ├───┼───┼───┼───┼───┼───┼───┼───┤
	2  │ ♙ │   │ ♕ │   │   │ ♔ │ ♙ │ ♙ │
	   ├───┼───┼───┼───┼───┼───┼───┼───┤
	1  │   │   │ ♖ │   │   │   │   │   │
	   └───┴───┴───┴───┴───┴───┴───┴───┘
	     a   b   c   d   e   f   g   h  


[34m[1mAux noirs de jouer.
[37m[1m🕹️  Entrez votre coup: [33m[0m
✅ Mouvement a6c7 effectué.
[0m
[37m[1m	     a   b   c   d   e   f   g   h  
	   ┌───┬───┬───┬───┬───┬───┬───┬───┐
	8  │ ♜ │   │   │   │   │ ♜ │ ♚ │   │
	   ├───┼───┼───┼───┼───┼───┼───┼───┤
	7  │ ♟ │   │ ♞ │   │   │ ♟ │ ♟ │ ♟ │
	   ├───┼───┼───┼───┼───┼───┼───┼───┤
	6  │   │   │ ♟ │   │   │   │   │   │
	   ├───┼───┼───┼───┼───┼───┼───┼───┤
	5  │   │   │   │   │ ♖ │ ♙ │   │   │
	   ├───┼───┼───┼───┼───┼───┼───┼───┤
	4  │   │   │ ♗ │ ♙ │   │   │   │   │
	   ├───┼───┼───┼───┼───┼───┼───┼───┤
	3  │ ♛ │   │ ♟ │   │   │ ♙ │   │   │
	   ├───┼───┼───┼───┼───┼───┼───┼───┤
	2  │ ♙ │   │ ♕ │   │   │ ♔ │ ♙ │ ♙ │
	   ├───┼───┼───┼───┼───┼───┼───┼───┤
	1  │   │   │ ♖ │   │   │   │   │   │
	   └───┴───┴───┴───┴───┴───┴───┴───┘
	     a   b   c   d   e   f   g   h  


[34m[1mAux blancs de jouer.
[37m[1m🕹️  Entrez votre coup: [33m[0m
✅ Mouvement c2c3 effectué.
[0m
[37m[1m	     a   b   c   d   e   f   g   h  
	   ┌───┬───┬───┬───┬───┬───┬───┬───┐
	8  │ ♜ │   │   │   │   │ ♜ │ ♚ │   │
	   ├───┼───┼───┼───┼───┼───┼───┼───┤
	7  │ ♟ │   │ ♞ │   │   │ ♟ │ ♟ │ ♟ │
	   ├───┼───┼───┼───┼───┼───┼───┼───┤
	6  │   │   │ ♟ │   │   │   │   │   │
	   ├───┼───┼───┼───┼───┼───┼───┼───┤
	5  │   │   │   │   │ ♖ │ ♙ │   │   │
	   ├───┼───┼───┼───┼───┼───┼───┼───┤
	4  │   │   │ ♗ │ ♙ │   │   │   │   │
	   ├───┼───┼───┼───┼───┼───┼───┼───┤
	3  │ ♛ │   │ ♕ │   │   │ ♙ │   │   │
	   ├───┼───┼───┼───┼───┼───┼───┼───┤
	2  │ ♙ │   │   │   │   │ ♔ │ ♙ │ ♙ │
	   ├───┼───┼───┼───┼───┼───┼───┼───┤
	1  │   │   │ ♖ │   │   │   │   │   │
	   └───┴───┴───┴───┴───┴───┴───┴───┘
	     a   b   c   d   e   f   g   h  


[34m[1mAux noirs de jouer.
[37m[1m🕹️  Entrez votre coup: [33m[0m
✅ Mouvement a3d6 effectué.
[0m
[37m[1m	     a   b   c   d   e   f   g   h  
	   ┌───┬───┬───┬───┬───┬───┬───┬───┐
	8  │ ♜ │   │   │   │   │ ♜ │ ♚ │   │
	   ├───┼───┼───┼───┼───┼───┼───┼───┤
	7  │ ♟ │   │ ♞ │   │   │ ♟ │ ♟ │ ♟ │
	   ├───┼───┼───┼───┼───┼───┼───┼───┤
	6  │   │   │ ♟ │ ♛ │   │   │   │   │
	   ├───┼───┼───┼───┼───┼───┼───┼───┤
	5  │   │   │   │   │ ♖ │ ♙ │   │   │
	   ├───┼───┼───┼───┼───┼───┼───┼───┤
	4  │   │   │ ♗ │ ♙ │   │   │   │   │
	   ├───┼───┼───┼───┼───┼───┼───┼───┤
	3  │   │   │ ♕ │   │   │ ♙ │   │   │
	   ├───┼───┼───┼───┼───┼───┼───┼───┤
	2  │ ♙ │   │   │   │   │ ♔ │ ♙ │ ♙ │
	   ├───┼───┼───┼───┼───┼───┼───┼───┤
	1  │   │   │ ♖ │   │   │   │   │   │
	   └───┴───┴───┴───┴───┴───┴───┴───┘
	     a   b   c   d   e   f   g   h  


[34m[1mAux blancs de jouer.
[37m[1m🕹️  Entrez votre coup: [33m[0m
✅ Mouvement f2g1 effectué.
[0m
[37m[1m	     a   b   c   d   e   f   g   h  
	   ┌───┬───┬───┬───┬───┬───┬───┬───┐
	8  │ ♜ │   │   │   │   │ ♜ │ ♚ │   │
	   ├───┼───┼───┼───┼───┼───┼───┼───┤
	7  │ ♟ │   │ ♞ │   │   │ ♟ │ ♟ │ ♟ │
	   ├───┼───┼───┼───┼───┼───┼───┼───┤
	6  │   │   │ ♟ │ ♛ │   │   │   │   │
	   ├───┼───┼───┼───┼───┼───┼───┼───┤
	5  │   │   │   │   │ ♖ │ ♙ │   │   │
	   ├───┼───┼───┼───┼───┼───┼───┼───┤
	4  │   │   │ ♗ │ ♙ │   │   │   │   │
	   ├───┼───┼───┼───┼───┼───┼───┼───┤
	3  │   │   │ ♕ │   │   │ ♙ │   │   │
	   ├───┼───┼───┼───┼───┼───┼───┼───┤
	2  │ ♙ │   │   │   │   │   │ ♙ │ ♙ │
	   ├───┼───┼───┼───┼───┼───┼───┼───┤
	1  │   │   │ ♖ │   │   │   │ ♔ │   │
	   └───┴───┴───┴───┴───┴───┴───┴───┘
	     a   b   c   d   e   f   g   h  


[34m[1mAux noirs de jouer.
[37m[1m🕹️  Entrez votre coup: [33m[0m
✅ Mouvement a8d8 effectué.
[0m
[37m[1m	     a   b   c   d   e   f   g   h  
	   ┌───┬───┬───┬───┬───┬───┬───┬───┐
	8  │   │   │   │ ♜ │   │ ♜ │ ♚ │   │
	   ├───┼───┼───┼───┼───┼───┼───┼───┤
	7  │ ♟ │   │ ♞ │   │   │ ♟ │ ♟ │ ♟ │
	   ├───┼───┼───┼───┼───┼───┼───┼───┤
	6  │   │   │ ♟ │ ♛ │   │   │   │   │
	   ├───┼───┼───┼───┼───┼───┼───┼───┤
	5  │   │   │   │   │ ♖ │ ♙ │   │   │
	   ├───┼───┼───┼───┼───┼───┼───┼───┤
	4  │   │   │ ♗ │ ♙ │   │   │   │   │
	   ├───┼───┼───┼───┼───┼───┼───┼───┤
	3  │   │   │ ♕ │   │   │ ♙ │   │   │
	   ├───┼───┼───┼───┼───┼───┼───┼───┤
	2  │ ♙ │   │   │   │   │   │ ♙ │ ♙ │
	   ├───┼───┼───┼───┼───┼───┼───┼───┤
	1  │   │   │ ♖ │   │   │   │ ♔ │   │
	   └───┴───┴───┴───┴───┴───┴───┴───┘
	     a   b   c   d   e   f   g   h  


[34m[1mAux blancs de jouer.
[37m[1m🕹️  Entrez votre coup: [33m[0m
✅ Mouvement a2a4 effectué.
[0m
[37m[1m	     a   b   c   d   e   f   g   h  
	   ┌───┬───┬───┬───┬───┬───┬───┬───┐
	8  │   │   │   │ ♜ │   │ ♜ │ ♚ │   │
	   ├───┼───┼───┼───┼───┼───┼───┼───┤
	7  │ ♟ │   │ ♞ │   │   │ ♟ │ ♟ │ ♟ │
	   ├───┼───┼───┼───┼───┼───┼───┼───┤
	6  │   │   │ ♟ │ ♛ │   │   │   │   │
	   ├───┼───┼───┼───┼───┼───┼───┼───┤
	5  │   │   │   │   │ ♖ │ ♙ │   │   │
	   ├───┼───┼───┼───┼───┼───┼───┼───┤
	4  │ ♙ │   │ ♗ │ ♙ │   │   │   │   │
	   ├───┼───┼───┼───┼───┼───┼───┼───┤
	3  │   │   │ ♕ │   │   │ ♙ │   │   │
	   ├───┼───┼───┼───┼───┼───┼───┼───┤
	2  │   │   │   │   │   │   │ ♙ │ ♙ │
	   ├───┼───┼───┼───┼───┼───┼───┼───┤
	1  │   │   │ ♖ │   │   │   │ ♔ │   │
	   └───┴───┴───┴───┴───┴───┴───┴───┘
	     a   b   c   d   e   f   g   h  


[34m[1mAux noirs de jouer.
[37m[1m🕹️  Entrez votre coup: [33m[0m
✅ Mouvement c7d5 effectué.
[0m
[37m[1m	     a   b   c   d   e   f   g   h  
	   ┌───┬───┬───┬───┬───┬───┬───┬───┐
	8  │   │   │   │ ♜ │   │ ♜ │ ♚ │   │
	   ├───┼───┼───┼───┼───┼───┼───┼───┤
	7  │ ♟ │   │   │   │   │ ♟ │ ♟ │ ♟ │
	   ├───┼───┼───┼───┼───┼───┼───┼───┤
	6  │   │   │ ♟ │ ♛ │   │   │   │   │
	   ├───┼───┼───┼───┼───┼───┼───┼───┤
	5  │   │   │   │ ♞ │ ♖ │ ♙ │   │   │
	   ├───┼───┼───┼───┼───┼───┼───┼───┤
	4  │ ♙ │   │ ♗ │ ♙ │   │   │   │   │
	   ├───┼───┼───┼───┼───┼───┼───┼───┤
	3  │   │   │ ♕ │   │   │ ♙ │   │   │
	   ├───┼───┼───┼───┼───┼───┼───┼───┤
	2  │   │   │   │   │   │   │ ♙ │ ♙ │
	   ├───┼───┼───┼───┼───┼───┼───┼───┤
	1  │   │   │ ♖ │   │   │   │ ♔ │   │
	   └───┴───┴───┴───┴───┴───┴───┴───┘
	     a   b   c   d   e   f   g   h  


[34m[1mAux blancs de jouer.
[37m[1m🕹️  Entrez votre coup: [33m[0m
✅ Mouvement c4d5 effectué.
[0m
[37m[1m	     a   b   c   d   e   f   g   h  
	   ┌───┬───┬───┬───┬───┬───┬───┬───┐
	8  │   │   │   │ ♜ │   │ ♜ │ ♚ │   │
	   ├───┼───┼───┼───┼───┼───┼───┼───┤
	7  │ ♟ │   │   │   │   │ ♟ │ ♟ │ ♟ │
	   ├───┼───┼───┼───┼───┼───┼───┼───┤
	6  │   │   │ ♟ │ ♛ │   │   │   │   │
	   ├───┼───┼───┼───┼───┼───┼───┼───┤
	5  │   │   │   │ ♗ │ ♖ │ ♙ │   │   │
	   ├───┼───┼───┼───┼───┼───┼───┼───┤
	4  │ ♙ │   │   │ ♙ │   │   │   │   │
	   ├───┼───┼───┼───┼───┼───┼───┼───┤
	3  │   │   │ ♕ │   │   │ ♙ │   │   │
	   ├───┼───┼───┼───┼───┼───┼───┼───┤
	2  │   │   │   │   │   │   │ ♙ │ ♙ │
	   ├───┼───┼───┼───┼───┼───┼───┼───┤
	1  │   │   │ ♖ │   │   │   │ ♔ │   │
	   └───┴───┴───┴───┴───┴───┴───┴───┘
	     a   b   c   d   e   f   g   h  


[34m[1mAux noirs de jouer.
[37m[1m🕹️  Entrez votre coup: [33m[0m
✅ Mouvement c6d5 effectué.
[0m
[37m[1m	     a   b   c   d   e   f   g   h  
	   ┌───┬───┬───┬───┬───┬───┬───┬───┐
	8  │   │   │   │ ♜ │   │ ♜ │ ♚ │   │
	   ├───┼───┼───┼───┼───┼───┼───┼───┤
	7  │ ♟ │   │   │   │   │ ♟ │ ♟ │ ♟ │
	   ├───┼───┼───┼───┼───┼───┼───┼───┤
	6  │   │   │   │ ♛ │   │   │   │   │
	   ├───┼───┼───┼───┼───┼───┼───┼───┤
	5  │   │   │   │ ♟ │ ♖ │ ♙ │   │   │
	   ├───┼───┼───┼───┼───┼───┼───┼───┤
	4  │ ♙ │   │   │ ♙ │   │   │   │   │
	   ├───┼───┼───┼───┼───┼───┼───┼───┤
	3  │   │   │ ♕ │   │   │ ♙ │   │   │
	   ├───┼───┼───┼───┼───┼───┼───┼───┤
	2  │   │   │   │   │   │   │ ♙ │ ♙ │
	   ├───┼───┼───┼───┼───┼───┼───┼───┤
	1  │   │   │ ♖ │   │   │   │ ♔ │   │
	   └───┴───┴───┴───┴───┴───┴───┴───┘
	     a   b   c   d   e   f   g   h  


[34m[1mAux blancs de jouer.
[37m[1m🕹️  Entrez votre coup: [33m[0m
✅ Mouvement c3c5 effectué.
[0m
[37m[1m	     a   b   c   d   e   f   g   h  
	   ┌───┬───┬───┬───┬───┬───┬───┬───┐
	8  │   │   │   │ ♜ │   │ ♜ │ ♚ │   │
	   ├───┼───┼───┼───┼───┼───┼───┼───┤
	7  │ ♟ │   │   │   │   │ ♟ │ ♟ │ ♟ │
	   ├───┼───┼───┼───┼───┼───┼───┼───┤
	6  │   │   │   │ ♛ │   │   │   │   │
	   ├───┼───┼───┼───┼───┼───┼───┼───┤
	5  │   │   │ ♕ │ ♟ │ ♖ │ ♙ │   │   │
	   ├───┼───┼───┼───┼───┼───┼───┼───┤
	4  │ ♙ │   │   │ ♙ │   │   │   │   │
	   ├───┼───┼───┼───┼───┼───┼───┼───┤
	3  │   │   │   │   │   │ ♙ │   │   │
	   ├───┼───┼───┼───┼───┼───┼───┼───┤
	2  │   │   │   │   │   │   │ ♙ │ ♙ │
	   ├───┼───┼───┼───┼───┼───┼───┼───┤
	1  │   │   │ ♖ │   │   │   │ ♔ │   │
	   └───┴───┴───┴───┴───┴───┴───┴───┘
	     a   b   c   d   e   f   g   h  


[34m[1mAux noirs de jouer.
[37m[1m🕹️  Entrez votre coup: [33m[0m
✅ Mouvement d6a6 effectué.
[0m
[37m[1m	     a   b   c   d   e   f   g   h  
	   ┌───┬───┬───┬───┬───┬───┬───┬───┐
	8  │   │   │   │ ♜ │   │ ♜ │ ♚ │   │
	   ├───┼───┼───┼───┼───┼───┼───┼───┤
	7  │ ♟ │   │   │   │   │ ♟ │ ♟ │ ♟ │
	   ├───┼───┼───┼───┼───┼───┼───┼───┤
	6  │ ♛ │   │   │   │   │   │   │   │
	   ├───┼───┼───┼───┼───┼───┼───┼───┤
	5  │   │   │ ♕ │ ♟ │ ♖ │ ♙ │   │   │
	   ├───┼───┼───┼───┼───┼───┼───┼───┤
	4  │ ♙ │   │   │ ♙ │   │   │   │   │
	   ├───┼───┼───┼───┼───┼───┼───┼───┤
	3  │   │   │   │   │   │ ♙ │   │   │
	   ├───┼───┼───┼───┼───┼───┼───┼───┤
	2  │   │   │   │   │   │   │ ♙ │ ♙ │
	   ├───┼───┼───┼───┼───┼───┼───┼───┤
	1  │   │   │ ♖ │   │   │   │ ♔ │   │
	   └───┴───┴───┴───┴───┴───┴───┴───┘
	     a   b   c   d   e   f   g   h  


[34m[1mAux blancs de jouer.
[37m[1m🕹️  Entrez votre coup: [33m[0m
✅ Mouvement c5b5 effectué.
[0m
[37m[1m	     a   b   c   d   e   f   g   h  
	   ┌───┬───┬───┬───┬───┬───┬───┬───┐
	8  │   │   │   │ ♜ │   │ ♜ │ ♚ │   │
	   ├───┼───┼───┼───┼───┼───┼───┼───┤
	7  │ ♟ │   │   │   │   │ ♟ │ ♟ │ ♟ │
	   ├───┼───┼───┼───┼───┼───┼───┼───┤
	6  │ ♛ │   │   │   │   │   │   │   │
	   ├───┼───┼───┼───┼───┼───┼───┼───┤
	5  │   │ ♕ │   │ ♟ │ ♖ │ ♙ │   │   │
	   ├───┼───┼───┼───┼───┼───┼───┼───┤
	4  │ ♙ │   │   │ ♙ │   │   │   │   │
	   ├───┼───┼───┼───┼───┼───┼───┼───┤
	3  │   │   │   │   │   │ ♙ │   │   │
	   ├───┼───┼───┼───┼───┼───┼───┼───┤
	2  │   │   │   │   │   │   │ ♙ │ ♙ │
	   ├───┼───┼───┼───┼───┼───┼───┼───┤
	1  │   │   │ ♖ │   │   │   │ ♔ │   │
	   └───┴───┴───┴───┴───┴───┴───┴───┘
	     a   b   c   d   e   f   g   h  


[34m[1mAux noirs de jouer.
[37m[1m🕹️  Entrez votre coup: [33m[0m
✅ Mouvement a6b6 effectué.
[0m
[37m[1m	     a   b   c   d   e   f   g   h  
	   ┌───┬───┬───┬───┬───┬───┬───┬───┐
	8  │   │   │   │ ♜ │   │ ♜ │ ♚ │   │
	   ├───┼───┼───┼───┼───┼───┼───┼───┤
	7  │ ♟ │   │   │   │   │ ♟ │ ♟ │ ♟ │
	   ├───┼───┼───┼───┼───┼───┼───┼───┤
	6  │   │ ♛ │   │   │   │   │   │   │
	   ├───┼───┼───┼───┼───┼───┼───┼───┤
	5  │   │ ♕ │   │ ♟ │ ♖ │ ♙ │   │   │
	   ├───┼───┼───┼───┼───┼───┼───┼───┤
	4  │ ♙ │   │   │ ♙ │   │   │   │   │
	   ├───┼───┼───┼───┼───┼───┼───┼───┤
	3  │   │   │   │   │   │ ♙ │   │   │
	   ├───┼───┼───┼───┼───┼───┼───┼───┤
	2  │   │   │   │   │   │   │ ♙ │ ♙ │
	   ├───┼───┼───┼───┼───┼───┼───┼───┤
	1  │   │   │ ♖ │   │   │   │ ♔ │   │
	   └───┴───┴───┴───┴───┴───┴───┴───┘
	     a   b   c   d   e   f   g   h  


[34m[1mAux blancs de jouer.
[37m[1m🕹️  Entrez votre coup: [33m[0m
✅ Mouvement c1d1 effectué.
[0m
[37m[1m	     a   b   c   d   e   f   g   h  
	   ┌───┬───┬───┬───┬───┬───┬───┬───┐
	8  │   │   │   │ ♜ │   │ ♜ │ ♚ │   │
	   ├───┼───┼───┼───┼───┼───┼───┼───┤
	7  │ ♟ │   │   │   │   │ ♟ │ ♟ │ ♟ │
	   ├───┼───┼───┼───┼───┼───┼───┼───┤
	6  │   │ ♛ │   │   │   │   │   │   │
	   ├───┼───┼───┼───┼───┼───┼───┼───┤
	5  │   │ ♕ │   │ ♟ │ ♖ │ ♙ │   │   │
	   ├───┼───┼───┼───┼───┼───┼───┼───┤
	4  │ ♙ │   │   │ ♙ │   │   │   │   │
	   ├───┼───┼───┼───┼───┼───┼───┼───┤
	3  │   │   │   │   │   │ ♙ │   │   │
	   ├───┼───┼───┼───┼───┼───┼───┼───┤
	2  │   │   │   │   │   │   │ ♙ │ ♙ │
	   ├───┼───┼───┼───┼───┼───┼───┼───┤
	1  │   │   │   │ ♖ │   │   │ ♔ │   │
	   └───┴───┴───┴───┴───┴───┴───┴───┘
	     a   b   c   d   e   f   g   h  


[34m[1mAux noirs de jouer.
[37m[1m🕹️  Entrez votre coup: [33m[0m
✅ Mouvement b6d6 effectué.
[0m
[37m[1m	     a   b   c   d   e   f   g   h  
	   ┌───┬───┬───┬───┬───┬───┬───┬───┐
	8  │   │   │   │ ♜ │   │ ♜ │ ♚ │   │
	   ├───┼───┼───┼───┼───┼───┼───┼───┤
	7  │ ♟ │   │   │   │   │ ♟ │ ♟ │ ♟ │
	   ├───┼───┼───┼───┼───┼───┼───┼───┤
	6  │   │   │   │ ♛ │   │   │   │   │
	   ├───┼───┼───┼───┼───┼───┼───┼───┤
	5  │   │ ♕ │   │ ♟ │ ♖ │ ♙ │   │   │
	   ├───┼───┼───┼───┼───┼───┼───┼───┤
	4  │ ♙ │   │   │ ♙ │   │   │   │   │
	   ├───┼───┼───┼───┼───┼───┼───┼───┤
	3  │   │   │   │   │   │ ♙ │   │   │
	   ├───┼───┼───┼───┼───┼───┼───┼───┤
	2  │   │   │   │   │   │   │ ♙ │ ♙ │
	   ├───┼───┼───┼───┼───┼───┼───┼───┤
	1  │   │   │   │ ♖ │   │   │ ♔ │   │
	   └───┴───┴───┴───┴───┴───┴───┴───┘
	     a   b   c   d   e   f   g   h  


[34m[1mAux blancs de jouer.
[37m[1m🕹️  Entrez votre coup: [33m[0m
✅ Mouvement d1e1 effectué.
[0m
[37m[1m	     a   b   c   d   e   f   g   h  
	   ┌───┬───┬───┬───┬───┬───┬───┬───┐
	8  │   │   │   │ ♜ │   │ ♜ │ ♚ │   │
	   ├───┼───┼───┼───┼───┼───┼───┼───┤
	7  │ ♟ │   │   │   │   │ ♟ │ ♟ │ ♟ │
	   ├───┼───┼───┼───┼───┼───┼───┼───┤
	6  │   │   │   │ ♛ │   │   │   │   │
	   ├───┼───┼───┼───┼───┼───┼───┼───┤
	5  │   │ ♕ │   │ ♟ │ ♖ │ ♙ │   │   │
	   ├───┼───┼───┼───┼───┼───┼───┼───┤
	4  │ ♙ │   │   │ ♙ │   │   │   │   │
	   ├───┼───┼───┼───┼───┼───┼───┼───┤
	3  │   │   │   │   │   │ ♙ │   │   │
	   ├───┼───┼───┼───┼───┼───┼───┼───┤
	2  │   │   │   │   │   │   │ ♙ │ ♙ │
	   ├───┼───┼───┼───┼───┼───┼───┼───┤
	1  │   │   │   │   │ ♖ │   │ ♔ │   │
	   └───┴───┴───┴───┴───┴───┴───┴───┘
	     a   b   c   d   e   f   g   h  


[34m[1mAux noirs de jouer.
[37m[1m🕹️  Entrez votre coup: [33m[0m
✅ Mouvement d6a3 effectué.
[0m
[37m[1m	     a   b   c   d   e   f   g   h  
	   ┌───┬───┬───┬───┬───┬───┬───┬───┐
	8  │   │   │   │ ♜ │   │ ♜ │ ♚ │   │
	   ├───┼───┼───┼───┼───┼───┼───┼───┤
	7  │ ♟ │   │   │   │   │ ♟ │ ♟ │ ♟ │
	   ├───┼───┼───┼───┼───┼───┼───┼───┤
	6  │   │   │   │   │   │   │   │   │
	   ├───┼───┼───┼───┼───┼───┼───┼───┤
	5  │   │ ♕ │   │ ♟ │ ♖ │ ♙ │   │   │
	   ├───┼───┼───┼───┼───┼───┼───┼───┤
	4  │ ♙ │   │   │ ♙ │   │   │   │   │
	   ├───┼───┼───┼───┼───┼───┼───┼───┤
	3  │ ♛ │   │   │   │   │ ♙ │   │   │
	   ├───┼───┼───┼───┼───┼───┼───┼───┤
	2  │   │   │   │   │   │   │ ♙ │ ♙ │
	   ├───┼───┼───┼───┼───┼───┼───┼───┤
	1  │   │   │   │   │ ♖ │   │ ♔ │   │
	   └───┴───┴───┴───┴───┴───┴───┴───┘
	     a   b   c   d   e   f   g   h  


[34m[1mAux blancs de jouer.
[37m[1m🕹️  Entrez votre coup: [33m[0m
✅ Mouvement b5a5 effectué.
[0m
[37m[1m	     a   b   c   d   e   f   g   h  
	   ┌───┬───┬───┬───┬───┬───┬───┬───┐
	8  │   │   │   │ ♜ │   │ ♜ │ ♚ │   │
	   ├───┼───┼───┼───┼───┼───┼───┼───┤
	7  │ ♟ │   │   │   │   │ ♟ │ ♟ │ ♟ │
	   ├───┼───┼───┼───┼───┼───┼───┼───┤
	6  │   │   │   │   │   │   │   │   │
	   ├───┼───┼───┼───┼───┼───┼───┼───┤
	5  │ ♕ │   │   │ ♟ │ ♖ │ ♙ │   │   │
	   ├───┼───┼───┼───┼───┼───┼───┼───┤
	4  │ ♙ │   │   │ ♙ │   │   │   │   │
	   ├───┼───┼───┼───┼───┼───┼───┼───┤
	3  │ ♛ │   │   │   │   │ ♙ │   │   │
	   ├───┼───┼───┼───┼───┼───┼───┼───┤
	2  │   │   │   │   │   │   │ ♙ │ ♙ │
	   ├───┼───┼───┼───┼───┼───┼───┼───┤
	1  │   │   │   │   │ ♖ │   │ ♔ │   │
	   └───┴───┴───┴───┴───┴───┴───┴───┘
	     a   b   c   d   e   f   g   h  


[34m[1mAux noirs de jouer.
[37m[1m🕹️  Entrez votre coup: [33m[0m
✅ Mouvement d8d7 effectué.
[0m
[37m[1m	     a   b   c   d   e   f   g   h  
	   ┌───┬───┬───┬───┬───┬───┬───┬───┐
	8  │   │   │   │   │   │ ♜ │ ♚ │   │
	   ├───┼───┼───┼───┼───┼───┼───┼───┤
	7  │ ♟ │   │   │ ♜ │   │ ♟ │ ♟ │ ♟ │
	   ├───┼───┼───┼───┼───┼───┼───┼───┤
	6  │   │   │   │   │   │   │   │   │
	   ├───┼───┼───┼───┼───┼───┼───┼───┤
	5  │ ♕ │   │   │ ♟ │ ♖ │ ♙ │   │   │
	   ├───┼───┼───┼───┼───┼───┼───┼───┤
	4  │ ♙ │   │   │ ♙ │   │   │   │   │
	   ├───┼───┼───┼───┼───┼───┼───┼───┤
	3  │ ♛ │   │   │   │   │ ♙ │   │   │
	   ├───┼───┼───┼───┼───┼───┼───┼───┤
	2  │   │   │   │   │   │   │ ♙ │ ♙ │
	   ├───┼───┼───┼───┼───┼───┼───┼───┤
	1  │   │   │   │   │ ♖ │   │ ♔ │   │
	   └───┴───┴───┴───┴───┴───┴───┴───┘
	     a   b   c   d   e   f   g   h  


[34m[1mAux blancs de jouer.
[37m[1m🕹️  Entrez votre coup: [33m[0m
✅ Mouvement a5b5 effectué.
[0m
[37m[1m	     a   b   c   d   e   f   g   h  
	   ┌───┬───┬───┬───┬───┬───┬───┬───┐
	8  │   │   │   │   │   │ ♜ │ ♚ │   │
	   ├───┼───┼───┼───┼───┼───┼───┼───┤
	7  │ ♟ │   │   │ ♜ │   │ ♟ │ ♟ │ ♟ │
	   ├───┼───┼───┼───┼───┼───┼───┼───┤
	6  │   │   │   │   │   │   │   │   │
	   ├───┼───┼───┼───┼───┼───┼───┼───┤
	5  │   │ ♕ │   │ ♟ │ ♖ │ ♙ │   │   │
	   ├───┼───┼───┼───┼───┼───┼───┼───┤
	4  │ ♙ │   │   │ ♙ │   │   │   │   │
	   ├───┼───┼───┼───┼───┼───┼───┼───┤
	3  │ ♛ │   │   │   │   │ ♙ │   │   │
	   ├───┼───┼───┼───┼───┼───┼───┼───┤
	2  │   │   │   │   │   │   │ ♙ │ ♙ │
	   ├───┼───┼───┼───┼───┼───┼───┼───┤
	1  │   │   │   │   │ ♖ │   │ ♔ │   │
	   └───┴───┴───┴───┴───┴───┴───┴───┘
	     a   b   c   d   e   f   g   h  


[34m[1mAux noirs de jouer.
[37m[1m🕹️  Entrez votre coup: [33m[0m
✅ Mouvement a3d6 effectué.
[0m
[37m[1m	     a   b   c   d   e   f   g   h  
	   ┌───┬───┬───┬───┬───┬───┬───┬───┐
	8  │   │   │   │   │   │ ♜ │ ♚ │   │
	   ├───┼───┼───┼───┼───┼───┼───┼───┤
	7  │ ♟ │   │   │ ♜ │   │ ♟ │ ♟ │ ♟ │
	   ├───┼───┼───┼───┼───┼───┼───┼───┤
	6  │   │   │   │ ♛ │   │   │   │   │
	   ├───┼───┼───┼───┼───┼───┼───┼───┤
	5  │   │ ♕ │   │ ♟ │ ♖ │ ♙ │   │   │
	   ├───┼───┼───┼───┼───┼───┼───┼───┤
	4  │ ♙ │   │   │ ♙ │   │   │   │   │
	   ├───┼───┼───┼───┼───┼───┼───┼───┤
	3  │   │   │   │   │   │ ♙ │   │   │
	   ├───┼───┼───┼───┼───┼───┼───┼───┤
	2  │   │   │   │   │   │   │ ♙ │ ♙ │
	   ├───┼───┼───┼───┼───┼───┼───┼───┤
	1  │   │   │   │   │ ♖ │   │ ♔ │   │
	   └───┴───┴───┴───┴───┴───┴───┴───┘
	     a   b   c   d   e   f   g   h  


[34m[1mAux blancs de jouer.
[37m[1m🕹️  Entrez votre coup: [33m[0m
✅ Mouvement e1c1 effectué.
[0m
[37m[1m	     a   b   c   d   e   f   g   h  
	   ┌───┬───┬───┬───┬───┬───┬───┬───┐
	8  │   │   │   │   │   │ ♜ │ ♚ │   │
	   ├───┼───┼───┼───┼───┼───┼───┼───┤
	7  │ ♟ │   │   │ ♜ │   │ ♟ │ ♟ │ ♟ │
	   ├───┼───┼───┼───┼───┼───┼───┼───┤
	6  │   │   │   │ ♛ │   │   │   │   │
	   ├───┼───┼───┼───┼───┼───┼───┼───┤
	5  │   │ ♕ │   │ ♟ │ ♖ │ ♙ │   │   │
	   ├───┼───┼───┼───┼───┼───┼───┼───┤
	4  │ ♙ │   │   │ ♙ │   │   │   │   │
	   ├───┼───┼───┼───┼───┼───┼───┼───┤
	3  │   │   │   │   │   │ ♙ │   │   │
	   ├───┼───┼───┼───┼───┼───┼───┼───┤
	2  │   │   │   │   │   │   │ ♙ │ ♙ │
	   ├───┼───┼───┼───┼───┼───┼───┼───┤
	1  │   │   │ ♖ │   │   │   │ ♔ │   │
	   └───┴───┴───┴───┴───┴───┴───┴───┘
	     a   b   c   d   e   f   g   h  


[34m[1mAux noirs de jouer.
[37m[1m🕹️  Entrez votre coup: [33m[0m
✅ Mouvement h7h6 effectué.
[0m
[37m[1m	     a   b   c   d   e   f   g   h  
	   ┌───┬───┬───┬───┬───┬───┬───┬───┐
	8  │   │   │   │   │   │ ♜ │ ♚ │   │
	   ├───┼───┼───┼───┼───┼───┼───┼───┤
	7  │ ♟ │   │   │ ♜ │   │ ♟ │ ♟ │   │
	   ├───┼───┼───┼───┼───┼───┼───┼───┤
	6  │   │   │   │ ♛ │   │   │   │ ♟ │
	   ├───┼───┼───┼───┼───┼───┼───┼───┤
	5  │   │ ♕ │   │ ♟ │ ♖ │ ♙ │   │   │
	   ├───┼───┼───┼───┼───┼───┼───┼───┤
	4  │ ♙ │   │   │ ♙ │   │   │   │   │
	   ├───┼───┼───┼───┼───┼───┼───┼───┤
	3  │   │   │   │   │   │ ♙ │   │   │
	   ├───┼───┼───┼───┼───┼───┼───┼───┤
	2  │   │   │   │   │   │   │ ♙ │ ♙ │
	   ├───┼───┼───┼───┼───┼───┼───┼───┤
	1  │   │   │ ♖ │   │   │   │ ♔ │   │
	   └───┴───┴───┴───┴───┴───┴───┴───┘
	     a   b   c   d   e   f   g   h  


[34m[1mAux blancs de jouer.
[37m[1m🕹️  Entrez votre coup: [33m[0m
✅ Mouvement b5c5 effectué.
[0m
[37m[1m	     a   b   c   d   e   f   g   h  
	   ┌───┬───┬───┬───┬───┬───┬───┬───┐
	8  │   │   │   │   │   │ ♜ │ ♚ │   │
	   ├───┼───┼───┼───┼───┼───┼───┼───┤
	7  │ ♟ │   │   │ ♜ │   │ ♟ │ ♟ │   │
	   ├───┼───┼───┼───┼───┼───┼───┼───┤
	6  │   │   │   │ ♛ │   │   │   │ ♟ │
	   ├───┼───┼───┼───┼───┼───┼───┼───┤
	5  │   │   │ ♕ │ ♟ │ ♖ │ ♙ │   │   │
	   ├───┼───┼───┼───┼───┼───┼───┼───┤
	4  │ ♙ │   │   │ ♙ │   │   │   │   │
	   ├───┼───┼───┼───┼───┼───┼───┼───┤
	3  │   │   │   │   │   │ ♙ │   │   │
	   ├───┼───┼───┼───┼───┼───┼───┼───┤
	2  │   │   │   │   │   │   │ ♙ │ ♙ │
	   ├───┼───┼───┼───┼───┼───┼───┼───┤
	1  │   │   │ ♖ │   │   │   │ ♔ │   │
	   └───┴───┴───┴───┴───┴───┴───┴───┘
	     a   b   c   d   e   f   g   h  


[34m[1mAux noirs de jouer.
[37m[1m🕹️  Entrez votre coup: [33m[0m
✅ Mouvement d6a6 effectué.
[0m
[37m[1m	     a   b   c   d   e   f   g   h  
	   ┌───┬───┬───┬───┬───┬───┬───┬───┐
	8  │   │   │   │   │   │ ♜ │ ♚ │   │
	   ├───┼───┼───┼───┼───┼───┼───┼───┤
	7  │ ♟ │   │   │ ♜ │   │ ♟ │ ♟ │   │
	   ├───┼───┼───┼───┼───┼───┼───┼───┤
	6  │ ♛ │   │   │   │   │   │   │ ♟ │
	   ├───┼───┼───┼───┼───┼───┼───┼───┤
	5  │   │   │ ♕ │ ♟ │ ♖ │ ♙ │   │   │
	   ├───┼───┼───┼───┼───┼───┼───┼───┤
	4  │ ♙ │   │   │ ♙ │   │   │   │   │
	   ├───┼───┼───┼───┼───┼───┼───┼───┤
	3  │   │   │   │   │   │ ♙ │   │   │
	   ├───┼───┼───┼───┼───┼───┼───┼───┤
	2  │   │   │   │   │   │   │ ♙ │ ♙ │
	   ├───┼───┼───┼───┼───┼───┼───┼───┤
	1  │   │   │ ♖ │   │   │   │ ♔ │   │
	   └───┴───┴───┴───┴───┴───┴───┴───┘
	     a   b   c   d   e   f   g   h  


[34m[1mAux blancs de jouer.
[37m[1m🕹️  Entrez votre coup: [33m[0m
✅ Mouvement c5b5 effectué.
[0m
[37m[1m	     a   b   c   d   e   f   g   h  
	   ┌───┬───┬───┬───┬───┬───┬───┬───┐
	8  │   │   │   │   │   │ ♜ │ ♚ │   │
	   ├───┼───┼───┼───┼───┼───┼───┼───┤
	7  │ ♟ │   │   │ ♜ │   │ ♟ │ ♟ │   │
	   ├───┼───┼───┼───┼───┼───┼───┼───┤
	6  │ ♛ │   │   │   │   │   │   │ ♟ │
	   ├───┼───┼───┼───┼───┼───┼───┼───┤
	5  │   │ ♕ │   │ ♟ │ ♖ │ ♙ │   │   │
	   ├───┼───┼───┼───┼───┼───┼───┼───┤
	4  │ ♙ │   │   │ ♙ │   │   │   │   │
	   ├───┼───┼───┼───┼───┼───┼───┼───┤
	3  │   │   │   │   │   │ ♙ │   │   │
	   ├───┼───┼───┼───┼───┼───┼───┼───┤
	2  │   │   │   │   │   │   │ ♙ │ ♙ │
	   ├───┼───┼───┼───┼───┼───┼───┼───┤
	1  │   │   │ ♖ │   │   │   │ ♔ │   │
	   └───┴───┴───┴───┴───┴───┴───┴───┘
	     a   b   c   d   e   f   g   h  


[34m[1mAux noirs de jouer.
[37m[1m🕹️  Entrez votre coup: [33m[0m
✅ Mouvement a6d6 effectué.
[0m
[37m[1m	     a   b   c   d   e   f   g   h  
	   ┌───┬───┬───┬───┬───┬───┬───┬───┐
	8  │   │   │   │   │   │ ♜ │ ♚ │   │
	   ├───┼───┼───┼───┼───┼───┼───┼───┤
	7  │ ♟ │   │   │ ♜ │   │ ♟ │ ♟ │   │
	   ├───┼───┼───┼───┼───┼───┼───┼───┤
	6  │   │   │   │ ♛ │   │   │   │ ♟ │
	   ├───┼───┼───┼───┼───┼───┼───┼───┤
	5  │   │ ♕ │   │ ♟ │ ♖ │ ♙ │   │   │
	   ├───┼───┼───┼───┼───┼───┼───┼───┤
	4  │ ♙ │   │   │ ♙ │   │   │   │   │
	   ├───┼───┼───┼───┼───┼───┼───┼───┤
	3  │   │   │   │   │   │ ♙ │   │   │
	   ├───┼───┼───┼───┼───┼───┼───┼───┤
	2  │   │   │   │   │   │   │ ♙ │ ♙ │
	   ├───┼───┼───┼───┼───┼───┼───┼───┤
	1  │   │   │ ♖ │   │   │   │ ♔ │   │
	   └───┴───┴───┴───┴───┴───┴───┴───┘
	     a   b   c   d   e   f   g   h  


[34m[1mAux blancs de jouer.
[37m[1m🕹️  Entrez votre coup: [33m[0m
✅ Mouvement h2h4 effectué.
[0m
[37m[1m	     a   b   c   d   e   f   g   h  
	   ┌───┬───┬───┬───┬───┬───┬───┬───┐
	8  │   │   │   │   │   │ ♜ │ ♚ │   │
	   ├───┼───┼───┼───┼───┼───┼───┼───┤
	7  │ ♟ │   │   │ ♜ │   │ ♟ │ ♟ │   │
	   ├───┼───┼───┼───┼───┼───┼───┼───┤
	6  │   │   │   │ ♛ │   │   │   │ ♟ │
	   ├───┼───┼───┼───┼───┼───┼───┼───┤
	5  │   │ ♕ │   │ ♟ │ ♖ │ ♙ │   │   │
	   ├───┼───┼───┼───┼───┼───┼───┼───┤
	4  │ ♙ │   │   │ ♙ │   │   │   │ ♙ │
	   ├───┼───┼───┼───┼───┼───┼───┼───┤
	3  │   │   │   │   │   │ ♙ │   │   │
	   ├───┼───┼───┼───┼───┼───┼───┼───┤
	2  │   │   │   │   │   │   │ ♙ │   │
	   ├───┼───┼───┼───┼───┼───┼───┼───┤
	1  │   │   │ ♖ │   │   │   │ ♔ │   │
	   └───┴───┴───┴───┴───┴───┴───┴───┘
	     a   b   c   d   e   f   g   h  


[34m[1mAux noirs de jouer.
[37m[1m🕹️  Entrez votre coup: [33m[0m
✅ Mouvement f8d8 effectué.
[0m
[37m[1m	     a   b   c   d   e   f   g   h  
	   ┌───┬───┬───┬───┬───┬───┬───┬───┐
	8  │   │   │   │ ♜ │   │   │ ♚ │   │
	   ├───┼───┼───┼───┼───┼───┼───┼───┤
	7  │ ♟ │   │   │ ♜ │   │ ♟ │ ♟ │   │
	   ├───┼───┼───┼───┼───┼───┼───┼───┤
	6  │   │   │   │ ♛ │   │   │   │ ♟ │
	   ├───┼───┼───┼───┼───┼───┼───┼───┤
	5  │   │ ♕ │   │ ♟ │ ♖ │ ♙ │   │   │
	   ├───┼───┼───┼───┼───┼───┼───┼───┤
	4  │ ♙ │   │   │ ♙ │   │   │   │ ♙ │
	   ├───┼───┼───┼───┼───┼───┼───┼───┤
	3  │   │   │   │   │   │ ♙ │   │   │
	   ├───┼───┼───┼───┼───┼───┼───┼───┤
	2  │   │   │   │   │   │   │ ♙ │   │
	   ├───┼───┼───┼───┼───┼───┼───┼───┤
	1  │   │   │ ♖ │   │   │   │ ♔ │   │
	   └───┴───┴───┴───┴───┴───┴───┴───┘
	     a   b   c   d   e   f   g   h  


[34m[1mAux blancs de jouer.
[37m[1m🕹️  Entrez votre coup: [33m[0m
✅ Mouvement c1c5 effectué.
[0m
[37m[1m	     a   b   c   d   e   f   g   h  
	   ┌───┬───┬───┬───┬───┬───┬───┬───┐
	8  │   │   │   │ ♜ │   │   │ ♚ │   │
	   ├───┼───┼───┼───┼───┼───┼───┼───┤
	7  │ ♟ │   │   │ ♜ │   │ ♟ │ ♟ │   │
	   ├───┼───┼───┼───┼───┼───┼───┼───┤
	6  │   │   │   │ ♛ │   │   │   │ ♟ │
	   ├───┼───┼───┼───┼───┼───┼───┼───┤
	5  │   │ ♕ │ ♖ │ ♟ │ ♖ │ ♙ │   │   │
	   ├───┼───┼───┼───┼───┼───┼───┼───┤
	4  │ ♙ │   │   │ ♙ │   │   │   │ ♙ │
	   ├───┼───┼───┼───┼───┼───┼───┼───┤
	3  │   │   │   │   │   │ ♙ │   │   │
	   ├───┼───┼───┼───┼───┼───┼───┼───┤
	2  │   │   │   │   │   │   │ ♙ │   │
	   ├───┼───┼───┼───┼───┼───┼───┼───┤
	1  │   │   │   │   │   │   │ ♔ │   │
	   └───┴───┴───┴───┴───┴───┴───┴───┘
	     a   b   c   d   e   f   g   h  


[34m[1mAux noirs de jouer.
[37m[1m🕹️  Entrez votre coup: [33m[0m
✅ Mouvement d6b6 effectué.
[0m
[37m[1m	     a   b   c   d   e   f   g   h  
	   ┌───┬───┬───┬───┬───┬───┬───┬───┐
	8  │   │   │   │ ♜ │   │   │ ♚ │   │
	   ├───┼───┼───┼───┼───┼───┼───┼───┤
	7  │ ♟ │   │   │ ♜ │   │ ♟ │ ♟ │   │
	   ├───┼───┼───┼───┼───┼───┼───┼───┤
	6  │   │ ♛ │   │   │   │   │   │ ♟ │
	   ├───┼───┼───┼───┼───┼───┼───┼───┤
	5  │   │ ♕ │ ♖ │ ♟ │ ♖ │ ♙ │   │   │
	   ├───┼───┼───┼───┼───┼───┼───┼───┤
	4  │ ♙ │   │   │ ♙ │   │   │   │ ♙ │
	   ├───┼───┼───┼───┼───┼───┼───┼───┤
	3  │   │   │   │   │   │ ♙ │   │   │
	   ├───┼───┼───┼───┼───┼───┼───┼───┤
	2  │   │   │   │   │   │   │ ♙ │   │
	   ├───┼───┼───┼───┼───┼───┼───┼───┤
	1  │   │   │   │   │   │   │ ♔ │   │
	   └───┴───┴───┴───┴───┴───┴───┴───┘
	     a   b   c   d   e   f   g   h  


[34m[1mAux blancs de jouer.
[37m[1m🕹️  Entrez votre coup: [33m[0m
✅ Mouvement g1h2 effectué.
[0m
[37m[1m	     a   b   c   d   e   f   g   h  
	   ┌───┬───┬───┬───┬───┬───┬───┬───┐
	8  │   │   │   │ ♜ │   │   │ ♚ │   │
	   ├───┼───┼───┼───┼───┼───┼───┼───┤
	7  │ ♟ │   │   │ ♜ │   │ ♟ │ ♟ │   │
	   ├───┼───┼───┼───┼───┼───┼───┼───┤
	6  │   │ ♛ │   │   │   │   │   │ ♟ │
	   ├───┼───┼───┼───┼───┼───┼───┼───┤
	5  │   │ ♕ │ ♖ │ ♟ │ ♖ │ ♙ │   │   │
	   ├───┼───┼───┼───┼───┼───┼───┼───┤
	4  │ ♙ │   │   │ ♙ │   │   │   │ ♙ │
	   ├───┼───┼───┼───┼───┼───┼───┼───┤
	3  │   │   │   │   │   │ ♙ │   │   │
	   ├───┼───┼───┼───┼───┼───┼───┼───┤
	2  │   │   │   │   │   │   │ ♙ │ ♔ │
	   ├───┼───┼───┼───┼───┼───┼───┼───┤
	1  │   │   │   │   │   │   │   │   │
	   └───┴───┴───┴───┴───┴───┴───┴───┘
	     a   b   c   d   e   f   g   h  


[34m[1mAux noirs de jouer.
[37m[1m🕹️  Entrez votre coup: [33m[0m
✅ Mouvement b6f6 effectué.
[0m
[37m[1m	     a   b   c   d   e   f   g   h  
	   ┌───┬───┬───┬───┬───┬───┬───┬───┐
	8  │   │   │   │ ♜ │   │   │ ♚ │   │
	   ├───┼───┼───┼───┼───┼───┼───┼───┤
	7  │ ♟ │   │   │ ♜ │   │ ♟ │ ♟ │   │
	   ├───┼───┼───┼───┼───┼───┼───┼───┤
	6  │   │   │   │   │   │ ♛ │   │ ♟ │
	   ├───┼───┼───┼───┼───┼───┼───┼───┤
	5  │   │ ♕ │ ♖ │ ♟ │ ♖ │ ♙ │   │   │
	   ├───┼───┼───┼───┼───┼───┼───┼───┤
	4  │ ♙ │   │   │ ♙ │   │   │   │ ♙ │
	   ├───┼───┼───┼───┼───┼───┼───┼───┤
	3  │   │   │   │   │   │ ♙ │   │   │
	   ├───┼───┼───┼───┼───┼───┼───┼───┤
	2  │   │   │   │   │   │   │ ♙ │ ♔ │
	   ├───┼───┼───┼───┼───┼───┼───┼───┤
	1  │   │   │   │   │   │   │   │   │
	   └───┴───┴───┴───┴───┴───┴───┴───┘
	     a   b   c   d   e   f   g   h  


[34m[1mAux blancs de jouer.
[37m[1m🕹️  Entrez votre coup: [33m[0m
✅ Mouvement h2g3 effectué.
[0m
[37m[1m	     a   b   c   d   e   f   g   h  
	   ┌───┬───┬───┬───┬───┬───┬───┬───┐
	8  │   │   │   │ ♜ │   │   │ ♚ │   │
	   ├───┼───┼───┼───┼───┼───┼───┼───┤
	7  │ ♟ │   │   │ ♜ │   │ ♟ │ ♟ │   │
	   ├───┼───┼───┼───┼───┼───┼───┼───┤
	6  │   │   │   │   │   │ ♛ │   │ ♟ │
	   ├───┼───┼───┼───┼───┼───┼───┼───┤
	5  │   │ ♕ │ ♖ │ ♟ │ ♖ │ ♙ │   │   │
	   ├───┼───┼───┼───┼───┼───┼───┼───┤
	4  │ ♙ │   │   │ ♙ │   │   │   │ ♙ │
	   ├───┼───┼───┼───┼───┼───┼───┼───┤
	3  │   │   │   │   │   │ ♙ │ ♔ │   │
	   ├───┼───┼───┼───┼───┼───┼───┼───┤
	2  │   │   │   │   │   │   │ ♙ │   │
	   ├───┼───┼───┼───┼───┼───┼───┼───┤
	1  │   │   │   │   │   │   │   │   │
	   └───┴───┴───┴───┴───┴───┴───┴───┘
	     a   b   c   d   e   f   g   h  


[34m[1mAux noirs de jouer.
[37m[1m🕹️  Entrez votre coup: [33m[0m
✅ Mouvement a7a6 effectué.
[0m
[37m[1m	     a   b   c   d   e   f   g   h  
	   ┌───┬───┬───┬───┬───┬───┬───┬───┐
	8  │   │   │   │ ♜ │   │   │ ♚ │   │
	   ├───┼───┼───┼───┼───┼───┼───┼───┤
	7  │   │   │   │ ♜ │   │ ♟ │ ♟ │   │
	   ├───┼───┼───┼───┼───┼───┼───┼───┤
	6  │ ♟ │   │   │   │   │ ♛ │   │ ♟ │
	   ├───┼───┼───┼───┼───┼───┼───┼───┤
	5  │   │ ♕ │ ♖ │ ♟ │ ♖ │ ♙ │   │   │
	   ├───┼───┼───┼───┼───┼───┼───┼───┤
	4  │ ♙ │   │   │ ♙ │   │   │   │ ♙ │
	   ├───┼───┼───┼───┼───┼───┼───┼───┤
	3  │   │   │   │   │   │ ♙ │ ♔ │   │
	   ├───┼───┼───┼───┼───┼───┼───┼───┤
	2  │   │   │   │   │   │   │ ♙ │   │
	   ├───┼───┼───┼───┼───┼───┼───┼───┤
	1  │   │   │   │   │   │   │   │   │
	   └───┴───┴───┴───┴───┴───┴───┴───┘
	     a   b   c   d   e   f   g   h  


[34m[1mAux blancs de jouer.
[37m[1m🕹️  Entrez votre coup: [33m[0m
✅ Mouvement b5c6 effectué.
[0m
[37m[1m	     a   b   c   d   e   f   g   h  
	   ┌───┬───┬───┬───┬───┬───┬───┬───┐
	8  │   │   │   │ ♜ │   │   │ ♚ │   │
	   ├───┼───┼───┼───┼───┼───┼───┼───┤
	7  │   │   │   │ ♜ │   │ ♟ │ ♟ │   │
	   ├───┼───┼───┼───┼───┼───┼───┼───┤
	6  │ ♟ │   │ ♕ │   │   │ ♛ │   │ ♟ │
	   ├───┼───┼───┼───┼───┼───┼───┼───┤
	5  │   │   │ ♖ │ ♟ │ ♖ │ ♙ │   │   │
	   ├───┼───┼───┼───┼───┼───┼───┼───┤
	4  │ ♙ │   │   │ ♙ │   │   │   │ ♙ │
	   ├───┼───┼───┼───┼───┼───┼───┼───┤
	3  │   │   │   │   │   │ ♙ │ ♔ │   │
	   ├───┼───┼───┼───┼───┼───┼───┼───┤
	2  │   │   │   │   │   │   │ ♙ │   │
	   ├───┼───┼───┼───┼───┼───┼───┼───┤
	1  │   │   │   │   │   │   │   │   │
	   └───┴───┴───┴───┴───┴───┴───┴───┘
	     a   b   c   d   e   f   g   h  


[34m[1mAux noirs de jouer.
[37m[1m🕹️  Entrez votre coup: [33m[0m
✅ Mouvement d7d6 effectué.
[0m
[37m[1m	     a   b   c   d   e   f   g   h  
	   ┌───┬───┬───┬───┬───┬───┬───┬───┐
	8  │   │   │   │ ♜ │   │   │ ♚ │   │
	   ├───┼───┼───┼───┼───┼───┼───┼───┤
	7  │   │   │   │   │   │ ♟ │ ♟ │   │
	   ├───┼───┼───┼───┼───┼───┼───┼───┤
	6  │ ♟ │   │ ♕ │ ♜ │   │ ♛ │   │ ♟ │
	   ├───┼───┼───┼───┼───┼───┼───┼───┤
	5  │   │   │ ♖ │ ♟ │ ♖ │ ♙ │   │   │
	   ├───┼───┼───┼───┼───┼───┼───┼───┤
	4  │ ♙ │   │   │ ♙ │   │   │   │ ♙ │
	   ├───┼───┼───┼───┼───┼───┼───┼───┤
	3  │   │   │   │   │   │ ♙ │ ♔ │   │
	   ├───┼───┼───┼───┼───┼───┼───┼───┤
	2  │   │   │   │   │   │   │ ♙ │   │
	   ├───┼───┼───┼───┼───┼───┼───┼───┤
	1  │   │   │   │   │   │   │   │   │
	   └───┴───┴───┴───┴───┴───┴───┴───┘
	     a   b   c   d   e   f   g   h  


[34m[1mAux blancs de jouer.
[37m[1m🕹️  Entrez votre coup: [33m[0m
✅ Mouvement c6c7 effectué.
[0m
[37m[1m	     a   b   c   d   e   f   g   h  
	   ┌───┬───┬───┬───┬───┬───┬───┬───┐
	8  │   │   │   │ ♜ │   │   │ ♚ │   │
	   ├───┼───┼───┼───┼───┼───┼───┼───┤
	7  │   │   │ ♕ │   │   │ ♟ │ ♟ │   │
	   ├───┼───┼───┼───┼───┼───┼───┼───┤
	6  │ ♟ │   │   │ ♜ │   │ ♛ │   │ ♟ │
	   ├───┼───┼───┼───┼───┼───┼───┼───┤
	5  │   │   │ ♖ │ ♟ │ ♖ │ ♙ │   │   │
	   ├───┼───┼───┼───┼───┼───┼───┼───┤
	4  │ ♙ │   │   │ ♙ │   │   │   │ ♙ │
	   ├───┼───┼───┼───┼───┼───┼───┼───┤
	3  │   │   │   │   │   │ ♙ │ ♔ │   │
	   ├───┼───┼───┼───┼───┼───┼───┼───┤
	2  │   │   │   │   │   │   │ ♙ │   │
	   ├───┼───┼───┼───┼───┼───┼───┼───┤
	1  │   │   │   │   │   │   │   │   │
	   └───┴───┴───┴───┴───┴───┴───┴───┘
	     a   b   c   d   e   f   g   h  


[34m[1mAux noirs de jouer.
[37m[1m🕹️  Entrez votre coup: [33m[0m
✅ Mouvement d6d7 effectué.
[0m
[37m[1m	     a   b   c   d   e   f   g   h  
	   ┌───┬───┬───┬───┬───┬───┬───┬───┐
	8  │   │   │   │ ♜ │   │   │ ♚ │   │
	   ├───┼───┼───┼───┼───┼───┼───┼───┤
	7  │   │   │ ♕ │ ♜ │   │ ♟ │ ♟ │   │
	   ├───┼───┼───┼───┼───┼───┼───┼───┤
	6  │ ♟ │   │   │   │   │ ♛ │   │ ♟ │
	   ├───┼───┼───┼───┼───┼───┼───┼───┤
	5  │   │   │ ♖ │ ♟ │ ♖ │ ♙ │   │   │
	   ├───┼───┼───┼───┼───┼───┼───┼───┤
	4  │ ♙ │   │   │ ♙ │   │   │   │ ♙ │
	   ├───┼───┼───┼───┼───┼───┼───┼───┤
	3  │   │   │   │   │   │ ♙ │ ♔ │   │
	   ├───┼───┼───┼───┼───┼───┼───┼───┤
	2  │   │   │   │   │   │   │ ♙ │   │
	   ├───┼───┼───┼───┼───┼───┼───┼───┤
	1  │   │   │   │   │   │   │   │   │
	   └───┴───┴───┴───┴───┴───┴───┴───┘
	     a   b   c   d   e   f   g   h  


[34m[1mAux blancs de jouer.
[37m[1m🕹️  Entrez votre coup: [33m[0m
✅ Mouvement c7c6 effectué.
[0m
[37m[1m	     a   b   c   d   e   f   g   h  
	   ┌───┬───┬───┬───┬───┬───┬───┬───┐
	8  │   │   │   │ ♜ │   │   │ ♚ │   │
	   ├───┼───┼───┼───┼───┼───┼───┼───┤
	7  │   │   │   │ ♜ │   │ ♟ │ ♟ │   │
	   ├───┼───┼───┼───┼───┼───┼───┼───┤
	6  │ ♟ │   │ ♕ │   │   │ ♛ │   │ ♟ │
	   ├───┼───┼───┼───┼───┼───┼───┼───┤
	5  │   │   │ ♖ │ ♟ │ ♖ │ ♙ │   │   │
	   ├───┼───┼───┼───┼───┼───┼───┼───┤
	4  │ ♙ │   │   │ ♙ │   │   │   │ ♙ │
	   ├───┼───┼───┼───┼───┼───┼───┼───┤
	3  │   │   │   │   │   │ ♙ │ ♔ │   │
	   ├───┼───┼───┼───┼───┼───┼───┼───┤
	2  │   │   │   │   │   │   │ ♙ │   │
	   ├───┼───┼───┼───┼───┼───┼───┼───┤
	1  │   │   │   │   │   │   │   │   │
	   └───┴───┴───┴───┴───┴───┴───┴───┘
	     a   b   c   d   e   f   g   h  


[34m[1mAux noirs de jouer.
[37m[1m🕹️  Entrez votre coup: [33m[0m
✅ Mouvement d7d6 effectué.
[0m
[37m[1m	     a   b   c   d   e   f   g   h  
	   ┌───┬───┬───┬───┬───┬───┬───┬───┐
	8  │   │   │   │ ♜ │   │   │ ♚ │   │
	   ├───┼───┼───┼───┼───┼───┼───┼───┤
	7  │   │   │   │   │   │ ♟ │ ♟ │   │
	   ├───┼───┼───┼───┼───┼───┼───┼───┤
	6  │ ♟ │   │ ♕ │ ♜ │   │ ♛ │   │ ♟ │
	   ├───┼───┼───┼───┼───┼───┼───┼───┤
	5  │   │   │ ♖ │ ♟ │ ♖ │ ♙ │   │   │
	   ├───┼───┼───┼───┼───┼───┼───┼───┤
	4  │ ♙ │   │   │ ♙ │   │   │   │ ♙ │
	   ├───┼───┼───┼───┼───┼───┼───┼───┤
	3  │   │   │   │   │   │ ♙ │ ♔ │   │
	   ├───┼───┼───┼───┼───┼───┼───┼───┤
	2  │   │   │   │   │   │   │ ♙ │   │
	   ├───┼───┼───┼───┼───┼───┼───┼───┤
	1  │   │   │   │   │   │   │   │   │
	   └───┴───┴───┴───┴───┴───┴───┴───┘
	     a   b   c   d   e   f   g   h  


[34m[1mAux blancs de jouer.
[37m[1m🕹️  Entrez votre coup: [33m[0m
✅ Mouvement c6b7 effectué.
[0m
[37m[1m	     a   b   c   d   e   f   g   h  
	   ┌───┬───┬───┬───┬───┬───┬───┬───┐
	8  │   │   │   │ ♜ │   │   │ ♚ │   │
	   ├───┼───┼───┼───┼───┼───┼───┼───┤
	7  │   │ ♕ │   │   │   │ ♟ │ ♟ │   │
	   ├───┼───┼───┼───┼───┼───┼───┼───┤
	6  │ ♟ │   │   │ ♜ │   │ ♛ │   │ ♟ │
	   ├───┼───┼───┼───┼───┼───┼───┼───┤
	5  │   │   │ ♖ │ ♟ │ ♖ │ ♙ │   │   │
	   ├───┼───┼───┼───┼───┼───┼───┼───┤
	4  │ ♙ │   │   │ ♙ │   │   │   │ ♙ │
	   ├───┼───┼───┼───┼───┼───┼───┼───┤
	3  │   │   │   │   │   │ ♙ │ ♔ │   │
	   ├───┼───┼───┼───┼───┼───┼───┼───┤
	2  │   │   │   │   │   │   │ ♙ │   │
	   ├───┼───┼───┼───┼───┼───┼───┼───┤
	1  │   │   │   │   │   │   │   │   │
	   └───┴───┴───┴───┴───┴───┴───┴───┘
	     a   b   c   d   e   f   g   h  


[34m[1mAux noirs de jouer.
[37m[1m🕹️  Entrez votre coup: [33m[0m
✅ Mouvement d6d7 effectué.
[0m
[37m[1m	     a   b   c   d   e   f   g   h  
	   ┌───┬───┬───┬───┬───┬───┬───┬───┐
	8  │   │   │   │ ♜ │   │   │ ♚ │   │
	   ├───┼───┼───┼───┼───┼───┼───┼───┤
	7  │   │ ♕ │   │ ♜ │   │ ♟ │ ♟ │   │
	   ├───┼───┼───┼───┼───┼───┼───┼───┤
	6  │ ♟ │   │   │   │   │ ♛ │   │ ♟ │
	   ├───┼───┼───┼───┼───┼───┼───┼───┤
	5  │   │   │ ♖ │ ♟ │ ♖ │ ♙ │   │   │
	   ├───┼───┼───┼───┼───┼───┼───┼───┤
	4  │ ♙ │   │   │ ♙ │   │   │   │ ♙ │
	   ├───┼───┼───┼───┼───┼───┼───┼───┤
	3  │   │   │   │   │   │ ♙ │ ♔ │   │
	   ├───┼───┼───┼───┼───┼───┼───┼───┤
	2  │   │   │   │   │   │   │ ♙ │   │
	   ├───┼───┼───┼───┼───┼───┼───┼───┤
	1  │   │   │   │   │   │   │   │   │
	   └───┴───┴───┴───┴───┴───┴───┴───┘
	     a   b   c   d   e   f   g   h  


[34m[1mAux blancs de jouer.
[37m[1m🕹️  Entrez votre coup: [33m[0m
✅ Mouvement b7b3 effectué.
[0m
[37m[1m	     a   b   c   d   e   f   g   h  
	   ┌───┬───┬───┬───┬───┬───┬───┬───┐
	8  │   │   │   │ ♜ │   │   │ ♚ │   │
	   ├───┼───┼───┼───┼───┼───┼───┼───┤
	7  │   │   │   │ ♜ │   │ ♟ │ ♟ │   │
	   ├───┼───┼───┼───┼───┼───┼───┼───┤
	6  │ ♟ │   │   │   │   │ ♛ │   │ ♟ │
	   ├───┼───┼───┼───┼───┼───┼───┼───┤
	5  │   │   │ ♖ │ ♟ │ ♖ │ ♙ │   │   │
	   ├───┼───┼───┼───┼───┼───┼───┼───┤
	4  │ ♙ │   │   │ ♙ │   │   │   │ ♙ │
	   ├───┼───┼───┼───┼───┼───┼───┼───┤
	3  │   │ ♕ │   │   │   │ ♙ │ ♔ │   │
	   ├───┼───┼───┼───┼───┼───┼───┼───┤
	2  │   │   │   │   │   │   │ ♙ │   │
	   ├───┼───┼───┼───┼───┼───┼───┼───┤
	1  │   │   │   │   │   │   │   │   │
	   └───┴───┴───┴───┴───┴───┴───┴───┘
	     a   b   c   d   e   f   g   h  


[34m[1mAux noirs de jouer.
[37m[1m🕹️  Entrez votre coup: [33m[0m
✅ Mouvement f6d6 effectué.
[0m
[37m[1m	     a   b   c   d   e   f   g   h  
	   ┌───┬───┬───┬───┬───┬───┬───┬───┐
	8  │   │   │   │ ♜ │   │   │ ♚ │   │
	   ├───┼───┼───┼───┼───┼───┼───┼───┤
	7  │   │   │   │ ♜ │   │ ♟ │ ♟ │   │
	   ├───┼───┼───┼───┼───┼───┼───┼───┤
	6  │ ♟ │   │   │ ♛ │   │   │   │ ♟ │
	   ├───┼───┼───┼───┼───┼───┼───┼───┤
	5  │   │   │ ♖ │ ♟ │ ♖ │ ♙ │   │   │
	   ├───┼───┼───┼───┼───┼───┼───┼───┤
	4  │ ♙ │   │   │ ♙ │   │   │   │ ♙ │
	   ├───┼───┼───┼───┼───┼───┼───┼───┤
	3  │   │ ♕ │   │   │   │ ♙ │ ♔ │   │
	   ├───┼───┼───┼───┼───┼───┼───┼───┤
	2  │   │   │   │   │   │   │ ♙ │   │
	   ├───┼───┼───┼───┼───┼───┼───┼───┤
	1  │   │   │   │   │   │   │   │   │
	   └───┴───┴───┴───┴───┴───┴───┴───┘
	     a   b   c   d   e   f   g   h  


[34m[1mAux blancs de jouer.
[37m[1m🕹️  Entrez votre coup: [33m[0m
✅ Mouvement g3h3 effectué.
[0m
[37m[1m	     a   b   c   d   e   f   g   h  
	   ┌───┬───┬───┬───┬───┬───┬───┬───┐
	8  │   │   │   │ ♜ │   │   │ ♚ │   │
	   ├───┼───┼───┼───┼───┼───┼───┼───┤
	7  │   │   │   │ ♜ │   │ ♟ │ ♟ │   │
	   ├───┼───┼───┼───┼───┼───┼───┼───┤
	6  │ ♟ │   │   │ ♛ │   │   │   │ ♟ │
	   ├───┼───┼───┼───┼───┼───┼───┼───┤
	5  │   │   │ ♖ │ ♟ │ ♖ │ ♙ │   │   │
	   ├───┼───┼───┼───┼───┼───┼───┼───┤
	4  │ ♙ │   │   │ ♙ │   │   │   │ ♙ │
	   ├───┼───┼───┼───┼───┼───┼───┼───┤
	3  │   │ ♕ │   │   │   │ ♙ │   │ ♔ │
	   ├───┼───┼───┼───┼───┼───┼───┼───┤
	2  │   │   │   │   │   │   │ ♙ │   │
	   ├───┼───┼───┼───┼───┼───┼───┼───┤
	1  │   │   │   │   │   │   │   │   │
	   └───┴───┴───┴───┴───┴───┴───┴───┘
	     a   b   c   d   e   f   g   h  


[34m[1mAux noirs de jouer.
[37m[1m🕹️  Entrez votre coup: [33m[0m
✅ Mouvement g8h7 effectué.
[0m
[37m[1m	     a   b   c   d   e   f   g   h  
	   ┌───┬───┬───┬───┬───┬───┬───┬───┐
	8  │   │   │   │ ♜ │   │   │   │   │
	   ├───┼───┼───┼───┼───┼───┼───┼───┤
	7  │   │   │   │ ♜ │   │ ♟ │ ♟ │ ♚ │
	   ├───┼───┼───┼───┼───┼───┼───┼───┤
	6  │ ♟ │   │   │ ♛ │   │   │   │ ♟ │
	   ├───┼───┼───┼───┼───┼───┼───┼───┤
	5  │   │   │ ♖ │ ♟ │ ♖ │ ♙ │   │   │
	   ├───┼───┼───┼───┼───┼───┼───┼───┤
	4  │ ♙ │   │   │ ♙ │   │   │   │ ♙ │
	   ├───┼───┼───┼───┼───┼───┼───┼───┤
	3  │   │ ♕ │   │   │   │ ♙ │   │ ♔ │
	   ├───┼───┼───┼───┼───┼───┼───┼───┤
	2  │   │   │   │   │   │   │ ♙ │   │
	   ├───┼───┼───┼───┼───┼───┼───┼───┤
	1  │   │   │   │   │   │   │   │   │
	   └───┴───┴───┴───┴───┴───┴───┴───┘
	     a   b   c   d   e   f   g   h  


[34m[1mAux blancs de jouer.
[37m[1m🕹️  Entrez votre coup: [33m[0m
✅ Mouvement g2g3 effectué.
[0m
[37m[1m	     a   b   c   d   e   f   g   h  
	   ┌───┬───┬───┬───┬───┬───┬───┬───┐
	8  │   │   │   │ ♜ │   │   │   │   │
	   ├───┼───┼───┼───┼───┼───┼───┼───┤
	7  │   │   │   │ ♜ │   │ ♟ │ ♟ │ ♚ │
	   ├───┼───┼───┼───┼───┼───┼───┼───┤
	6  │ ♟ │   │   │ ♛ │   │   │   │ ♟ │
	   ├───┼───┼───┼───┼───┼───┼───┼───┤
	5  │   │   │ ♖ │ ♟ │ ♖ │ ♙ │   │   │
	   ├───┼───┼───┼───┼───┼───┼───┼───┤
	4  │ ♙ │   │   │ ♙ │   │   │   │ ♙ │
	   ├───┼───┼───┼───┼───┼───┼───┼───┤
	3  │   │ ♕ │   │   │   │ ♙ │ ♙ │ ♔ │
	   ├───┼───┼───┼───┼───┼───┼───┼───┤
	2  │   │   │   │   │   │   │   │   │
	   ├───┼───┼───┼───┼───┼───┼───┼───┤
	1  │   │   │   │   │   │   │   │   │
	   └───┴───┴───┴───┴───┴───┴───┴───┘
	     a   b   c   d   e   f   g   h  


[34m[1mAux noirs de jouer.
[37m[1m🕹️  Entrez votre coup: [33m[0m
✅ Mouvement h7g8 effectué.
[0m
[37m[1m	     a   b   c   d   e   f   g   h  
	   ┌───┬───┬───┬───┬───┬───┬───┬───┐
	8  │   │   │   │ ♜ │   │   │ ♚ │   │
	   ├───┼───┼───┼───┼───┼───┼───┼───┤
	7  │   │   │   │ ♜ │   │ ♟ │ ♟ │   │
	   ├───┼───┼───┼───┼───┼───┼───┼───┤
	6  │ ♟ │   │   │ ♛ │   │   │   │ ♟ │
	   ├───┼───┼───┼───┼───┼───┼───┼───┤
	5  │   │   │ ♖ │ ♟ │ ♖ │ ♙ │   │   │
	   ├───┼───┼───┼───┼───┼───┼───┼───┤
	4  │ ♙ │   │   │ ♙ │   │   │   │ ♙ │
	   ├───┼───┼───┼───┼───┼───┼───┼───┤
	3  │   │ ♕ │   │   │   │ ♙ │ ♙ │ ♔ │
	   ├───┼───┼───┼───┼───┼───┼───┼───┤
	2  │   │   │   │   │   │   │   │   │
	   ├───┼───┼───┼───┼───┼───┼───┼───┤
	1  │   │   │   │   │   │   │   │   │
	   └───┴───┴───┴───┴───┴───┴───┴───┘
	     a   b   c   d   e   f   g   h  


[34m[1mAux blancs de jouer.
[37m[1m🕹️  Entrez votre coup: [33m[0m
✅ Mouvement h4h5 effectué.
[0m
[37m[1m	     a   b   c   d   e   f   g   h  
	   ┌───┬───┬───┬───┬───┬───┬───┬───┐
	8  │   │   │   │ ♜ │   │   │ ♚ │   │
	   ├───┼───┼───┼───┼───┼───┼───┼───┤
	7  │   │   │   │ ♜ │   │ ♟ │ ♟ │   │
	   ├───┼───┼───┼───┼───┼───┼───┼───┤
	6  │ ♟ │   │   │ ♛ │   │   │   │ ♟ │
	   ├───┼───┼───┼───┼───┼───┼───┼───┤
	5  │   │   │ ♖ │ ♟ │ ♖ │ ♙ │   │ ♙ │
	   ├───┼───┼───┼───┼───┼───┼───┼───┤
	4  │ ♙ │   │   │ ♙ │   │   │   │   │
	   ├───┼───┼───┼───┼───┼───┼───┼───┤
	3  │   │ ♕ │   │   │   │ ♙ │ ♙ │ ♔ │
	   ├───┼───┼───┼───┼───┼───┼───┼───┤
	2  │   │   │   │   │   │   │   │   │
	   ├───┼───┼───┼───┼───┼───┼───┼───┤
	1  │   │   │   │   │   │   │   │   │
	   └───┴───┴───┴───┴───┴───┴───┴───┘
	     a   b   c   d   e   f   g   h  


[34m[1mAux noirs de jouer.
[37m[1m🕹️  Entrez votre coup: [33m[0m
✅ Mouvement g8h8 effectué.
[0m
[37m[1m	     a   b   c   d   e   f   g   h  
	   ┌───┬───┬───┬───┬───┬───┬───┬───┐
	8  │   │   │   │ ♜ │   │   │   │ ♚ │
	   ├───┼───┼───┼───┼───┼───┼───┼───┤
	7  │   │   │   │ ♜ │   │ ♟ │ ♟ │   │
	   ├───┼───┼───┼───┼───┼───┼───┼───┤
	6  │ ♟ │   │   │ ♛ │   │   │   │ ♟ │
	   ├───┼───┼───┼───┼───┼───┼───┼───┤
	5  │   │   │ ♖ │ ♟ │ ♖ │ ♙ │   │ ♙ │
	   ├───┼───┼───┼───┼───┼───┼───┼───┤
	4  │ ♙ │   │   │ ♙ │   │   │   │   │
	   ├───┼───┼───┼───┼───┼───┼───┼───┤
	3  │   │ ♕ │   │   │   │ ♙ │ ♙ │ ♔ │
	   ├───┼───┼───┼───┼───┼───┼───┼───┤
	2  │   │   │   │   │   │   │   │   │
	   ├───┼───┼───┼───┼───┼───┼───┼───┤
	1  │   │   │   │   │   │   │   │   │
	   └───┴───┴───┴───┴───┴───┴───┴───┘
	     a   b   c   d   e   f   g   h  


[34m[1mAux blancs de jouer.
[37m[1m🕹️  Entrez votre coup: [33m[0m
✅ Mouvement h3g2 effectué.
[0m
[37m[1m	     a   b   c   d   e   f   g   h  
	   ┌───┬───┬───┬───┬───┬───┬───┬───┐
	8  │   │   │   │ ♜ │   │   │   │ ♚ │
	   ├───┼───┼───┼───┼───┼───┼───┼───┤
	7  │   │   │   │ ♜ │   │ ♟ │ ♟ │   │
	   ├───┼───┼───┼───┼───┼───┼───┼───┤
	6  │ ♟ │   │   │ ♛ │   │   │   │ ♟ │
	   ├───┼───┼───┼───┼───┼───┼───┼───┤
	5  │   │   │ ♖ │ ♟ │ ♖ │ ♙ │   │ ♙ │
	   ├───┼───┼───┼───┼───┼───┼───┼───┤
	4  │ ♙ │   │   │ ♙ │   │   │   │   │
	   ├───┼───┼───┼───┼───┼───┼───┼───┤
	3  │   │ ♕ │   │   │   │ ♙ │ ♙ │   │
	   ├───┼───┼───┼───┼───┼───┼───┼───┤
	2  │   │   │   │   │   │   │ ♔ │   │
	   ├───┼───┼───┼───┼───┼───┼───┼───┤
	1  │   │   │   │   │   │   │   │   │
	   └───┴───┴───┴───┴───┴───┴───┴───┘
	     a   b   c   d   e   f   g   h  


[34m[1mAux noirs de jouer.
[37m[1m🕹️  Entrez votre coup: [33m[0m
✅ Mouvement h8h7 effectué.
[0m
[37m[1m	     a   b   c   d   e   f   g   h  
	   ┌───┬───┬───┬───┬───┬───┬───┬───┐
	8  │   │   │   │ ♜ │   │   │   │   │
	   ├───┼───┼───┼───┼───┼───┼───┼───┤
	7  │   │   │   │ ♜ │   │ ♟ │ ♟ │ ♚ │
	   ├───┼───┼───┼───┼───┼───┼───┼───┤
	6  │ ♟ │   │   │ ♛ │   │   │   │ ♟ │
	   ├───┼───┼───┼───┼───┼───┼───┼───┤
	5  │   │   │ ♖ │ ♟ │ ♖ │ ♙ │   │ ♙ │
	   ├───┼───┼───┼───┼───┼───┼───┼───┤
	4  │ ♙ │   │   │ ♙ │   │   │   │   │
	   ├───┼───┼───┼───┼───┼───┼───┼───┤
	3  │   │ ♕ │   │   │   │ ♙ │ ♙ │   │
	   ├───┼───┼───┼───┼───┼───┼───┼───┤
	2  │   │   │   │   │   │   │ ♔ │   │
	   ├───┼───┼───┼───┼───┼───┼───┼───┤
	1  │   │   │   │   │   │   │   │   │
	   └───┴───┴───┴───┴───┴───┴───┴───┘
	     a   b   c   d   e   f   g   h  


[34m[1mAux blancs de jouer.
[37m[1m🕹️  Entrez votre coup: [33m[0m
✅ Mouvement g2h2 effectué.
[0m
[37m[1m	     a   b   c   d   e   f   g   h  
	   ┌───┬───┬───┬───┬───┬───┬───┬───┐
	8  │   │   │   │ ♜ │   │   │   │   │
	   ├───┼───┼───┼───┼───┼───┼───┼───┤
	7  │   │   │   │ ♜ │   │ ♟ │ ♟ │ ♚ │
	   ├───┼───┼───┼───┼───┼───┼───┼───┤
	6  │ ♟ │   │   │ ♛ │   │   │   │ ♟ │
	   ├───┼───┼───┼───┼───┼───┼───┼───┤
	5  │   │   │ ♖ │ ♟ │ ♖ │ ♙ │   │ ♙ │
	   ├───┼───┼───┼───┼───┼───┼───┼───┤
	4  │ ♙ │   │   │ ♙ │   │   │   │   │
	   ├───┼───┼───┼───┼───┼───┼───┼───┤
	3  │   │ ♕ │   │   │   │ ♙ │ ♙ │   │
	   ├───┼───┼───┼───┼───┼───┼───┼───┤
	2  │   │   │   │   │   │   │   │ ♔ │
	   ├───┼───┼───┼───┼───┼───┼───┼───┤
	1  │   │   │   │   │   │   │   │   │
	   └───┴───┴───┴───┴───┴───┴───┴───┘
	     a   b   c   d   e   f   g   h  


[34m[1mAux noirs de jouer.
[37m[1m🕹️  Entrez votre coup: [33m[0m
✅ Mouvement h7g8 effectué.
[0m
[37m[1m	     a   b   c   d   e   f   g   h  
	   ┌───┬───┬───┬───┬───┬───┬───┬───┐
	8  │   │   │   │ ♜ │   │   │ ♚ │   │
	   ├───┼───┼───┼───┼───┼───┼───┼───┤
	7  │   │   │   │ ♜ │   │ ♟ │ ♟ │   │
	   ├───┼───┼───┼───┼───┼───┼───┼───┤
	6  │ ♟ │   │   │ ♛ │   │   │   │ ♟ │
	   ├───┼───┼───┼───┼───┼───┼───┼───┤
	5  │   │   │ ♖ │ ♟ │ ♖ │ ♙ │   │ ♙ │
	   ├───┼───┼───┼───┼───┼───┼───┼───┤
	4  │ ♙ │   │   │ ♙ │   │   │   │   │
	   ├───┼───┼───┼───┼───┼───┼───┼───┤
	3  │   │ ♕ │   │   │   │ ♙ │ ♙ │   │
	   ├───┼───┼───┼───┼───┼───┼───┼───┤
	2  │   │   │   │   │   │   │   │ ♔ │
	   ├───┼───┼───┼───┼───┼───┼───┼───┤
	1  │   │   │   │   │   │   │   │   │
	   └───┴───┴───┴───┴───┴───┴───┴───┘
	     a   b   c   d   e   f   g   h  


[34m[1mAux blancs de jouer.
[37m[1m🕹️  Entrez votre coup: [33m[0m
✅ Mouvement h2h3 effectué.
[0m
[37m[1m	     a   b   c   d   e   f   g   h  
	   ┌───┬───┬───┬───┬───┬───┬───┬───┐
	8  │   │   │   │ ♜ │   │   │ ♚ │   │
	   ├───┼───┼───┼───┼───┼───┼───┼───┤
	7  │   │   │   │ ♜ │   │ ♟ │ ♟ │   │
	   ├───┼───┼───┼───┼───┼───┼───┼───┤
	6  │ ♟ │   │   │ ♛ │   │   │   │ ♟ │
	   ├───┼───┼───┼───┼───┼───┼───┼───┤
	5  │   │   │ ♖ │ ♟ │ ♖ │ ♙ │   │ ♙ │
	   ├───┼───┼───┼───┼───┼───┼───┼───┤
	4  │ ♙ │   │   │ ♙ │   │   │   │   │
	   ├───┼───┼───┼───┼───┼───┼───┼───┤
	3  │   │ ♕ │   │   │   │ ♙ │ ♙ │ ♔ │
	   ├───┼───┼───┼───┼───┼───┼───┼───┤
	2  │   │   │   │   │   │   │   │   │
	   ├───┼───┼───┼───┼───┼───┼───┼───┤
	1  │   │   │   │   │   │   │   │   │
	   └───┴───┴───┴───┴───┴───┴───┴───┘
	     a   b   c   d   e   f   g   h  


[34m[1mAux noirs de jouer.
[37m[1m🕹️  Entrez votre coup: [33m[0m
✅ Mouvement g8h8 effectué.
[0m
[37m[1m	     a   b   c   d   e   f   g   h  
	   ┌───┬───┬───┬───┬───┬───┬───┬───┐
	8  │   │   │   │ ♜ │   │   │   │ ♚ │
	   ├───┼───┼───┼───┼───┼───┼───┼───┤
	7  │   │   │   │ ♜ │   │ ♟ │ ♟ │   │
	   ├───┼───┼───┼───┼───┼───┼───┼───┤
	6  │ ♟ │   │   │ ♛ │   │   │   │ ♟ │
	   ├───┼───┼───┼───┼───┼───┼───┼───┤
	5  │   │   │ ♖ │ ♟ │ ♖ │ ♙ │   │ ♙ │
	   ├───┼───┼───┼───┼───┼───┼───┼───┤
	4  │ ♙ │   │   │ ♙ │   │   │   │   │
	   ├───┼───┼───┼───┼───┼───┼───┼───┤
	3  │   │ ♕ │   │   │   │ ♙ │ ♙ │ ♔ │
	   ├───┼───┼───┼───┼───┼───┼───┼───┤
	2  │   │   │   │   │   │   │   │   │
	   ├───┼───┼───┼───┼───┼───┼───┼───┤
	1  │   │   │   │   │   │   │   │   │
	   └───┴───┴───┴───┴───┴───┴───┴───┘
	     a   b   c   d   e   f   g   h  


[34m[1mAux blancs de jouer.
[37m[1m🕹️  Entrez votre coup: [33m[0m
✅ Mouvement h3h2 effectué.
[0m
[37m[1m	     a   b   c   d   e   f   g   h  
	   ┌───┬───┬───┬───┬───┬───┬───┬───┐
	8  │   │   │   │ ♜ │   │   │   │ ♚ │
	   ├───┼───┼───┼───┼───┼───┼───┼───┤
	7  │   │   │   │ ♜ │   │ ♟ │ ♟ │   │
	   ├───┼───┼───┼───┼───┼───┼───┼───┤
	6  │ ♟ │   │   │ ♛ │   │   │   │ ♟ │
	   ├───┼───┼───┼───┼───┼───┼───┼───┤
	5  │   │   │ ♖ │ ♟ │ ♖ │ ♙ │   │ ♙ │
	   ├───┼───┼───┼───┼───┼───┼───┼───┤
	4  │ ♙ │   │   │ ♙ │   │   │   │   │
	   ├───┼───┼───┼───┼───┼───┼───┼───┤
	3  │   │ ♕ │   │   │   │ ♙ │ ♙ │   │
	   ├───┼───┼───┼───┼───┼───┼───┼───┤
	2  │   │   │   │   │   │   │   │ ♔ │
	   ├───┼───┼───┼───┼───┼───┼───┼───┤
	1  │   │   │   │   │   │   │   │   │
	   └───┴───┴───┴───┴───┴───┴───┴───┘
	     a   b   c   d   e   f   g   h  


[34m[1mAux noirs de jouer.
[37m[1m🕹️  Entrez votre coup: [33m[0m
✅ Mouvement h8g8 effectué.
[0m
[37m[1m	     a   b   c   d   e   f   g   h  
	   ┌───┬───┬───┬───┬───┬───┬───┬───┐
	8  │   │   │   │ ♜ │   │   │ ♚ │   │
	   ├───┼───┼───┼───┼───┼───┼───┼───┤
	7  │   │   │   │ ♜ │   │ ♟ │ ♟ │   │
	   ├───┼───┼───┼───┼───┼───┼───┼───┤
	6  │ ♟ │   │   │ ♛ │   │   │   │ ♟ │
	   ├───┼───┼───┼───┼───┼───┼───┼───┤
	5  │   │   │ ♖ │ ♟ │ ♖ │ ♙ │   │ ♙ │
	   ├───┼───┼───┼───┼───┼───┼───┼───┤
	4  │ ♙ │   │   │ ♙ │   │   │   │   │
	   ├───┼───┼───┼───┼───┼───┼───┼───┤
	3  │   │ ♕ │   │   │   │ ♙ │ ♙ │   │
	   ├───┼───┼───┼───┼───┼───┼───┼───┤
	2  │   │   │   │   │   │   │   │ ♔ │
	   ├───┼───┼───┼───┼───┼───┼───┼───┤
	1  │   │   │   │   │   │   │   │   │
	   └───┴───┴───┴───┴───┴───┴───┴───┘
	     a   b   c   d   e   f   g   h  


[34m[1mAux blancs de jouer.
[37m[1m🕹️  Entrez votre coup: [33m[0m
✅ Mouvement h2g2 effectué.
[0m
[37m[1m	     a   b   c   d   e   f   g   h  
	   ┌───┬───┬───┬───┬───┬───┬───┬───┐
	8  │   │   │   │ ♜ │   │   │ ♚ │   │
	   ├───┼───┼───┼───┼───┼───┼───┼───┤
	7  │   │   │   │ ♜ │   │ ♟ │ ♟ │   │
	   ├───┼───┼───┼───┼───┼───┼───┼───┤
	6  │ ♟ │   │   │ ♛ │   │   │   │ ♟ │
	   ├───┼───┼───┼───┼───┼───┼───┼───┤
	5  │   │   │ ♖ │ ♟ │ ♖ │ ♙ │   │ ♙ │
	   ├───┼───┼───┼───┼───┼───┼───┼───┤
	4  │ ♙ │   │   │ ♙ │   │   │   │   │
	   ├───┼───┼───┼───┼───┼───┼───┼───┤
	3  │   │ ♕ │   │   │   │ ♙ │ ♙ │   │
	   ├───┼───┼───┼───┼───┼───┼───┼───┤
	2  │   │   │   │   │   │   │ ♔ │   │
	   ├───┼───┼───┼───┼───┼───┼───┼───┤
	1  │   │   │   │   │   │   │   │   │
	   └───┴───┴───┴───┴───┴───┴───┴───┘
	     a   b   c   d   e   f   g   h  


[34m[1mAux noirs de jouer.
[37m[1m🕹️  Entrez votre coup: [33m[0m
✅ Mouvement g8h7 effectué.
[0m
[37m[1m	     a   b   c   d   e   f   g   h  
	   ┌───┬───┬───┬───┬───┬───┬───┬───┐
	8  │   │   │   │ ♜ │   │   │   │   │
	   ├───┼───┼───┼───┼───┼───┼───┼───┤
	7  │   │   │   │ ♜ │   │ ♟ │ ♟ │ ♚ │
	   ├───┼───┼───┼───┼───┼───┼───┼───┤
	6  │ ♟ │   │   │ ♛ │   │   │   │ ♟ │
	   ├───┼───┼───┼───┼───┼───┼───┼───┤
	5  │   │   │ ♖ │ ♟ │ ♖ │ ♙ │   │ ♙ │
	   ├───┼───┼───┼───┼───┼───┼───┼───┤
	4  │ ♙ │   │   │ ♙ │   │   │   │   │
	   ├───┼───┼───┼───┼───┼───┼───┼───┤
	3  │   │ ♕ │   │   │   │ ♙ │ ♙ │   │
	   ├───┼───┼───┼───┼───┼───┼───┼───┤
	2  │   │   │   │   │   │   │ ♔ │   │
	   ├───┼───┼───┼───┼───┼───┼───┼───┤
	1  │   │   │   │   │   │   │   │   │
	   └───┴───┴───┴───┴───┴───┴───┴───┘
	     a   b   c   d   e   f   g   h  


[34m[1mAux blancs de jouer.
[37m[1m🕹️  Entrez votre coup: [33m[0m
✅ Mouvement a4a5 effectué.
[0m
[37m[1m	     a   b   c   d   e   f   g   h  
	   ┌───┬───┬───┬───┬───┬───┬───┬───┐
	8  │   │   │   │ ♜ │   │   │   │   │
	   ├───┼───┼───┼───┼───┼───┼───┼───┤
	7  │   │   │   │ ♜ │   │ ♟ │ ♟ │ ♚ │
	   ├───┼───┼───┼───┼───┼───┼───┼───┤
	6  │ ♟ │   │   │ ♛ │   │   │   │ ♟ │
	   ├───┼───┼───┼───┼───┼───┼───┼───┤
	5  │ ♙ │   │ ♖ │ ♟ │ ♖ │ ♙ │   │ ♙ │
	   ├───┼───┼───┼───┼───┼───┼───┼───┤
	4  │   │   │   │ ♙ │   │   │   │   │
	   ├───┼───┼───┼───┼───┼───┼───┼───┤
	3  │   │ ♕ │   │   │   │ ♙ │ ♙ │   │
	   ├───┼───┼───┼───┼───┼───┼───┼───┤
	2  │   │   │   │   │   │   │ ♔ │   │
	   ├───┼───┼───┼───┼───┼───┼───┼───┤
	1  │   │   │   │   │   │   │   │   │
	   └───┴───┴───┴───┴───┴───┴───┴───┘
	     a   b   c   d   e   f   g   h  


[34m[1mAux noirs de jouer.
[37m[1m🕹️  Entrez votre coup: [33m[0m
✅ Mouvement h7g8 effectué.
[0m
[37m[1m	     a   b   c   d   e   f   g   h  
	   ┌───┬───┬───┬───┬───┬───┬───┬───┐
	8  │   │   │   │ ♜ │   │   │ ♚ │   │
	   ├───┼───┼───┼───┼───┼───┼───┼───┤
	7  │   │   │   │ ♜ │   │ ♟ │ ♟ │   │
	   ├───┼───┼───┼───┼───┼───┼───┼───┤
	6  │ ♟ │   │   │ ♛ │   │   │   │ ♟ │
	   ├───┼───┼───┼───┼───┼───┼───┼───┤
	5  │ ♙ │   │ ♖ │ ♟ │ ♖ │ ♙ │   │ ♙ │
	   ├───┼───┼───┼───┼───┼───┼───┼───┤
	4  │   │   │   │ ♙ │   │   │   │   │
	   ├───┼───┼───┼───┼───┼───┼───┼───┤
	3  │   │ ♕ │   │   │   │ ♙ │ ♙ │   │
	   ├───┼───┼───┼───┼───┼───┼───┼───┤
	2  │   │   │   │   │   │   │ ♔ │   │
	   ├───┼───┼───┼───┼───┼───┼───┼───┤
	1  │   │   │   │   │   │   │   │   │
	   └───┴───┴───┴───┴───┴───┴───┴───┘
	     a   b   c   d   e   f   g   h  


[34m[1mAux blancs de jouer.
[37m[1m🕹️  Entrez votre coup: [33m[0m
✅ Mouvement b3a2 effectué.
[0m
[37m[1m	     a   b   c   d   e   f   g   h  
	   ┌───┬───┬───┬───┬───┬───┬───┬───┐
	8  │   │   │   │ ♜ │   │   │ ♚ │   │
	   ├───┼───┼───┼───┼───┼───┼───┼───┤
	7  │   │   │   │ ♜ │   │ ♟ │ ♟ │   │
	   ├───┼───┼───┼───┼───┼───┼───┼───┤
	6  │ ♟ │   │   │ ♛ │   │   │   │ ♟ │
	   ├───┼───┼───┼───┼───┼───┼───┼───┤
	5  │ ♙ │   │ ♖ │ ♟ │ ♖ │ ♙ │   │ ♙ │
	   ├───┼───┼───┼───┼───┼───┼───┼───┤
	4  │   │   │   │ ♙ │   │   │   │   │
	   ├───┼───┼───┼───┼───┼───┼───┼───┤
	3  │   │   │   │   │   │ ♙ │ ♙ │   │
	   ├───┼───┼───┼───┼───┼───┼───┼───┤
	2  │ ♕ │   │   │   │   │   │ ♔ │   │
	   ├───┼───┼───┼───┼───┼───┼───┼───┤
	1  │   │   │   │   │   │   │   │   │
	   └───┴───┴───┴───┴───┴───┴───┴───┘
	     a   b   c   d   e   f   g   h  


[34m[1mAux noirs de jouer.
[37m[1m🕹️  Entrez votre coup: [33m[0m
✅ Mouvement g8h7 effectué.
[0m
[37m[1m	     a   b   c   d   e   f   g   h  
	   ┌───┬───┬───┬───┬───┬───┬───┬───┐
	8  │   │   │   │ ♜ │   │   │   │   │
	   ├───┼───┼───┼───┼───┼───┼───┼───┤
	7  │   │   │   │ ♜ │   │ ♟ │ ♟ │ ♚ │
	   ├───┼───┼───┼───┼───┼───┼───┼───┤
	6  │ ♟ │   │   │ ♛ │   │   │   │ ♟ │
	   ├───┼───┼───┼───┼───┼───┼───┼───┤
	5  │ ♙ │   │ ♖ │ ♟ │ ♖ │ ♙ │   │ ♙ │
	   ├───┼───┼───┼───┼───┼───┼───┼───┤
	4  │   │   │   │ ♙ │   │   │   │   │
	   ├───┼───┼───┼───┼───┼───┼───┼───┤
	3  │   │   │   │   │   │ ♙ │ ♙ │   │
	   ├───┼───┼───┼───┼───┼───┼───┼───┤
	2  │ ♕ │   │   │   │   │   │ ♔ │   │
	   ├───┼───┼───┼───┼───┼───┼───┼───┤
	1  │   │   │   │   │   │   │   │   │
	   └───┴───┴───┴───┴───┴───┴───┴───┘
	     a   b   c   d   e   f   g   h  


[34m[1mAux blancs de jouer.
[37m[1m🕹️  Entrez votre coup: [33m[0m
✅ Mouvement g2h3 effectué.
[0m
[37m[1m	     a   b   c   d   e   f   g   h  
	   ┌───┬───┬───┬───┬───┬───┬───┬───┐
	8  │   │   │   │ ♜ │   │   │   │   │
	   ├───┼───┼───┼───┼───┼───┼───┼───┤
	7  │   │   │   │ ♜ │   │ ♟ │ ♟ │ ♚ │
	   ├───┼───┼───┼───┼───┼───┼───┼───┤
	6  │ ♟ │   │   │ ♛ │   │   │   │ ♟ │
	   ├───┼───┼───┼───┼───┼───┼───┼───┤
	5  │ ♙ │   │ ♖ │ ♟ │ ♖ │ ♙ │   │ ♙ │
	   ├───┼───┼───┼───┼───┼───┼───┼───┤
	4  │   │   │   │ ♙ │   │   │   │   │
	   ├───┼───┼───┼───┼───┼───┼───┼───┤
	3  │   │   │   │   │   │ ♙ │ ♙ │ ♔ │
	   ├───┼───┼───┼───┼───┼───┼───┼───┤
	2  │ ♕ │   │   │   │   │   │   │   │
	   ├───┼───┼───┼───┼───┼───┼───┼───┤
	1  │   │   │   │   │   │   │   │   │
	   └───┴───┴───┴───┴───┴───┴───┴───┘
	     a   b   c   d   e   f   g   h  


[34m[1mAux noirs de jouer.
[37m[1m🕹️  Entrez votre coup: [33m[0m
✅ Mouvement h7g8 effectué.
[0m
[37m[1m	     a   b   c   d   e   f   g   h  
	   ┌───┬───┬───┬───┬───┬───┬───┬───┐
	8  │   │   │   │ ♜ │   │   │ ♚ │   │
	   ├───┼───┼───┼───┼───┼───┼───┼───┤
	7  │   │   │   │ ♜ │   │ ♟ │ ♟ │   │
	   ├───┼───┼───┼───┼───┼───┼───┼───┤
	6  │ ♟ │   │   │ ♛ │   │   │   │ ♟ │
	   ├───┼───┼───┼───┼───┼───┼───┼───┤
	5  │ ♙ │   │ ♖ │ ♟ │ ♖ │ ♙ │   │ ♙ │
	   ├───┼───┼───┼───┼───┼───┼───┼───┤
	4  │   │   │   │ ♙ │   │   │   │   │
	   ├───┼───┼───┼───┼───┼───┼───┼───┤
	3  │   │   │   │   │   │ ♙ │ ♙ │ ♔ │
	   ├───┼───┼───┼───┼───┼───┼───┼───┤
	2  │ ♕ │   │   │   │   │   │   │   │
	   ├───┼───┼───┼───┼───┼───┼───┼───┤
	1  │   │   │   │   │   │   │   │   │
	   └───┴───┴───┴───┴───┴───┴───┴───┘
	     a   b   c   d   e   f   g   h  


[34m[1mAux blancs de jouer.
[37m[1m🕹️  Entrez votre coup: [33m[0m
✅ Mouvement h3h2 effectué.
[0m
[37m[1m	     a   b   c   d   e   f   g   h  
	   ┌───┬───┬───┬───┬───┬───┬───┬───┐
	8  │   │   │   │ ♜ │   │   │ ♚ │   │
	   ├───┼───┼───┼───┼───┼───┼───┼───┤
	7  │   │   │   │ ♜ │   │ ♟ │ ♟ │   │
	   ├───┼───┼───┼───┼───┼───┼───┼───┤
	6  │ ♟ │   │   │ ♛ │   │   │   │ ♟ │
	   ├───┼───┼───┼───┼───┼───┼───┼───┤
	5  │ ♙ │   │ ♖ │ ♟ │ ♖ │ ♙ │   │ ♙ │
	   ├───┼───┼───┼───┼───┼───┼───┼───┤
	4  │   │   │   │ ♙ │   │   │   │   │
	   ├───┼───┼───┼───┼───┼───┼───┼───┤
	3  │   │   │   │   │   │ ♙ │ ♙ │   │
	   ├───┼───┼───┼───┼───┼───┼───┼───┤
	2  │ ♕ │   │   │   │   │   │   │ ♔ │
	   ├───┼───┼───┼───┼───┼───┼───┼───┤
	1  │   │   │   │   │   │   │   │   │
	   └───┴───┴───┴───┴───┴───┴───┴───┘
	     a   b   c   d   e   f   g   h  


[34m[1mAux noirs de jouer.
[37m[1m🕹️  Entrez votre coup: [33m[0m
✅ Mouvement g8h7 effectué.
[0m
[37m[1m	     a   b   c   d   e   f   g   h  
	   ┌───┬───┬───┬───┬───┬───┬───┬───┐
	8  │   │   │   │ ♜ │   │   │   │   │
	   ├───┼───┼───┼───┼───┼───┼───┼───┤
	7  │   │   │   │ ♜ │   │ ♟ │ ♟ │ ♚ │
	   ├───┼───┼───┼───┼───┼───┼───┼───┤
	6  │ ♟ │   │   │ ♛ │   │   │   │ ♟ │
	   ├───┼───┼───┼───┼───┼───┼───┼───┤
	5  │ ♙ │   │ ♖ │ ♟ │ ♖ │ ♙ │   │ ♙ │
	   ├───┼───┼───┼───┼───┼───┼───┼───┤
	4  │   │   │   │ ♙ │   │   │   │   │
	   ├───┼───┼───┼───┼───┼───┼───┼───┤
	3  │   │   │   │   │   │ ♙ │ ♙ │   │
	   ├───┼───┼───┼───┼───┼───┼───┼───┤
	2  │ ♕ │   │   │   │   │   │   │ ♔ │
	   ├───┼───┼───┼───┼───┼───┼───┼───┤
	1  │   │   │   │   │   │   │   │   │
	   └───┴───┴───┴───┴───┴───┴───┴───┘
	     a   b   c   d   e   f   g   h  


[34m[1mAux blancs de jouer.
[37m[1m🕹️  Entrez votre coup: [33m[0m
✅ Mouvement h2g2 effectué.
[0m
[37m[1m	     a   b   c   d   e   f   g   h  
	   ┌───┬───┬───┬───┬───┬───┬───┬───┐
	8  │   │   │   │ ♜ │   │   │   │   │
	   ├───┼───┼───┼───┼───┼───┼───┼───┤
	7  │   │   │   │ ♜ │   │ ♟ │ ♟ │ ♚ │
	   ├───┼───┼───┼───┼───┼───┼───┼───┤
	6  │ ♟ │   │   │ ♛ │   │   │   │ ♟ │
	   ├───┼───┼───┼───┼───┼───┼───┼───┤
	5  │ ♙ │   │ ♖ │ ♟ │ ♖ │ ♙ │   │ ♙ │
	   ├───┼───┼───┼───┼───┼───┼───┼───┤
	4  │   │   │   │ ♙ │   │   │   │   │
	   ├───┼───┼───┼───┼───┼───┼───┼───┤
	3  │   │   │   │   │   │ ♙ │ ♙ │   │
	   ├───┼───┼───┼───┼───┼───┼───┼───┤
	2  │ ♕ │   │   │   │   │   │ ♔ │   │
	   ├───┼───┼───┼───┼───┼───┼───┼───┤
	1  │   │   │   │   │   │   │   │   │
	   └───┴───┴───┴───┴───┴───┴───┴───┘
	     a   b   c   d   e   f   g   h  


[34m[1mAux noirs de jouer.
[37m[1m🕹️  Entrez votre coup: [33m[0m
✅ Mouvement h7g8 effectué.
[0m
[37m[1m	     a   b   c   d   e   f   g   h  
	   ┌───┬───┬───┬───┬───┬───┬───┬───┐
	8  │   │   │   │ ♜ │   │   │ ♚ │   │
	   ├───┼───┼───┼───┼───┼───┼───┼───┤
	7  │   │   │   │ ♜ │   │ ♟ │ ♟ │   │
	   ├───┼───┼───┼───┼───┼───┼───┼───┤
	6  │ ♟ │   │   │ ♛ │   │   │   │ ♟ │
	   ├───┼───┼───┼───┼───┼───┼───┼───┤
	5  │ ♙ │   │ ♖ │ ♟ │ ♖ │ ♙ │   │ ♙ │
	   ├───┼───┼───┼───┼───┼───┼───┼───┤
	4  │   │   │   │ ♙ │   │   │   │   │
	   ├───┼───┼───┼───┼───┼───┼───┼───┤
	3  │   │   │   │   │   │ ♙ │ ♙ │   │
	   ├───┼───┼───┼───┼───┼───┼───┼───┤
	2  │ ♕ │   │   │   │   │   │ ♔ │   │
	   ├───┼───┼───┼───┼───┼───┼───┼───┤
	1  │   │   │   │   │   │   │   │   │
	   └───┴───┴───┴───┴───┴───┴───┴───┘
	     a   b   c   d   e   f   g   h  


[34m[1mAux blancs de jouer.
[37m[1m🕹️  Entrez votre coup: [33m[0m
✅ Mouvement g2h2 effectué.
[0m
[37m[1m	     a   b   c   d   e   f   g   h  
	   ┌───┬───┬───┬───┬───┬───┬───┬───┐
	8  │   │   │   │ ♜ │   │   │ ♚ │   │
	   ├───┼───┼───┼───┼───┼───┼───┼───┤
	7  │   │   │   │ ♜ │   │ ♟ │ ♟ │   │
	   ├───┼───┼───┼───┼───┼───┼───┼───┤
	6  │ ♟ │   │   │ ♛ │   │   │   │ ♟ │
	   ├───┼───┼───┼───┼───┼───┼───┼───┤
	5  │ ♙ │   │ ♖ │ ♟ │ ♖ │ ♙ │   │ ♙ │
	   ├───┼───┼───┼───┼───┼───┼───┼───┤
	4  │   │   │   │ ♙ │   │   │   │   │
	   ├───┼───┼───┼───┼───┼───┼───┼───┤
	3  │   │   │   │   │   │ ♙ │ ♙ │   │
	   ├───┼───┼───┼───┼───┼───┼───┼───┤
	2  │ ♕ │   │   │   │   │   │   │ ♔ │
	   ├───┼───┼───┼───┼───┼───┼───┼───┤
	1  │   │   │   │   │   │   │   │   │
	   └───┴───┴───┴───┴───┴───┴───┴───┘
	     a   b   c   d   e   f   g   h  


[34m[1mAux noirs de jouer.
[37m[1m🕹️  Entrez votre coup: [33m[0m
✅ Mouvement g8h7 effectué.
[0m
[37m[1m	     a   b   c   d   e   f   g   h  
	   ┌───┬───┬───┬───┬───┬───┬───┬───┐
	8  │   │   │   │ ♜ │   │   │   │   │
	   ├───┼───┼───┼───┼───┼───┼───┼───┤
	7  │   │   │   │ ♜ │   │ ♟ │ ♟ │ ♚ │
	   ├───┼───┼───┼───┼───┼───┼───┼───┤
	6  │ ♟ │   │   │ ♛ │   │   │   │ ♟ │
	   ├───┼───┼───┼───┼───┼───┼───┼───┤
	5  │ ♙ │   │ ♖ │ ♟ │ ♖ │ ♙ │   │ ♙ │
	   ├───┼───┼───┼───┼───┼───┼───┼───┤
	4  │   │   │   │ ♙ │   │   │   │   │
	   ├───┼───┼───┼───┼───┼───┼───┼───┤
	3  │   │   │   │   │   │ ♙ │ ♙ │   │
	   ├───┼───┼───┼───┼───┼───┼───┼───┤
	2  │ ♕ │   │   │   │   │   │   │ ♔ │
	   ├───┼───┼───┼───┼───┼───┼───┼───┤
	1  │   │   │   │   │   │   │   │   │
	   └───┴───┴───┴───┴───┴───┴───┴───┘
	     a   b   c   d   e   f   g   h  


[34m[1mAux blancs de jouer.
[37m[1m🕹️  Entrez votre coup: [33m[0m
✅ Mouvement h2h3 effectué.
[0m
[37m[1m	     a   b   c   d   e   f   g   h  
	   ┌───┬───┬───┬───┬───┬───┬───┬───┐
	8  │   │   │   │ ♜ │   │   │   │   │
	   ├───┼───┼───┼───┼───┼───┼───┼───┤
	7  │   │   │   │ ♜ │   │ ♟ │ ♟ │ ♚ │
	   ├───┼───┼───┼───┼───┼───┼───┼───┤
	6  │ ♟ │   │   │ ♛ │   │   │   │ ♟ │
	   ├───┼───┼───┼───┼───┼───┼───┼───┤
	5  │ ♙ │   │ ♖ │ ♟ │ ♖ │ ♙ │   │ ♙ │
	   ├───┼───┼───┼───┼───┼───┼───┼───┤
	4  │   │   │   │ ♙ │   │   │   │   │
	   ├───┼───┼───┼───┼───┼───┼───┼───┤
	3  │   │   │   │   │   │ ♙ │ ♙ │ ♔ │
	   ├───┼───┼───┼───┼───┼───┼───┼───┤
	2  │ ♕ │   │   │   │   │   │   │   │
	   ├───┼───┼───┼───┼───┼───┼───┼───┤
	1  │   │   │   │   │   │   │   │   │
	   └───┴───┴───┴───┴───┴───┴───┴───┘
	     a   b   c   d   e   f   g   h  


[34m[1mAux noirs de jouer.
[37m[1m🕹️  Entrez votre coup: [33m[0m
✅ Mouvement h7g8 effectué.
[0m
[37m[1m	     a   b   c   d   e   f   g   h  
	   ┌───┬───┬───┬───┬───┬───┬───┬───┐
	8  │   │   │   │ ♜ │   │   │ ♚ │   │
	   ├───┼───┼───┼───┼───┼───┼───┼───┤
	7  │   │   │   │ ♜ │   │ ♟ │ ♟ │   │
	   ├───┼───┼───┼───┼───┼───┼───┼───┤
	6  │ ♟ │   │   │ ♛ │   │   │   │ ♟ │
	   ├───┼───┼───┼───┼───┼───┼───┼───┤
	5  │ ♙ │   │ ♖ │ ♟ │ ♖ │ ♙ │   │ ♙ │
	   ├───┼───┼───┼───┼───┼───┼───┼───┤
	4  │   │   │   │ ♙ │   │   │   │   │
	   ├───┼───┼───┼───┼───┼───┼───┼───┤
	3  │   │   │   │   │   │ ♙ │ ♙ │ ♔ │
	   ├───┼───┼───┼───┼───┼───┼───┼───┤
	2  │ ♕ │   │   │   │   │   │   │   │
	   ├───┼───┼───┼───┼───┼───┼───┼───┤
	1  │   │   │   │   │   │   │   │   │
	   └───┴───┴───┴───┴───┴───┴───┴───┘
	     a   b   c   d   e   f   g   h  


[34m[1mAux blancs de jouer.
[37m[1m🕹️  Entrez votre coup: [33m[0m
✅ Mouvement a2b3 effectué.
[0m
[37m[1m	     a   b   c   d   e   f   g   h  
	   ┌───┬───┬───┬───┬───┬───┬───┬───┐
	8  │   │   │   │ ♜ │   │   │ ♚ │   │
	   ├───┼───┼───┼───┼───┼───┼───┼───┤
	7  │   │   │   │ ♜ │   │ ♟ │ ♟ │   │
	   ├───┼───┼───┼───┼───┼───┼───┼───┤
	6  │ ♟ │   │   │ ♛ │   │   │   │ ♟ │
	   ├───┼───┼───┼───┼───┼───┼───┼───┤
	5  │ ♙ │   │ ♖ │ ♟ │ ♖ │ ♙ │   │ ♙ │
	   ├───┼───┼───┼───┼───┼───┼───┼───┤
	4  │   │   │   │ ♙ │   │   │   │   │
	   ├───┼───┼───┼───┼───┼───┼───┼───┤
	3  │   │ ♕ │   │   │   │ ♙ │ ♙ │ ♔ │
	   ├───┼───┼───┼───┼───┼───┼───┼───┤
	2  │   │   │   │   │   │   │   │   │
	   ├───┼───┼───┼───┼───┼───┼───┼───┤
	1  │   │   │   │   │   │   │   │   │
	   └───┴───┴───┴───┴───┴───┴───┴───┘
	     a   b   c   d   e   f   g   h  


[34m[1mAux noirs de jouer.
[37m[1m🕹️  Entrez votre coup: [33m[0m
✅ Mouvement g8h7 effectué.
[0m
[37m[1m	     a   b   c   d   e   f   g   h  
	   ┌───┬───┬───┬───┬───┬───┬───┬───┐
	8  │   │   │   │ ♜ │   │   │   │   │
	   ├───┼───┼───┼───┼───┼───┼───┼───┤
	7  │   │   │   │ ♜ │   │ ♟ │ ♟ │ ♚ │
	   ├───┼───┼───┼───┼───┼───┼───┼───┤
	6  │ ♟ │   │   │ ♛ │   │   │   │ ♟ │
	   ├───┼───┼───┼───┼───┼───┼───┼───┤
	5  │ ♙ │   │ ♖ │ ♟ │ ♖ │ ♙ │   │ ♙ │
	   ├───┼───┼───┼───┼───┼───┼───┼───┤
	4  │   │   │   │ ♙ │   │   │   │   │
	   ├───┼───┼───┼───┼───┼───┼───┼───┤
	3  │   │ ♕ │   │   │   │ ♙ │ ♙ │ ♔ │
	   ├───┼───┼───┼───┼───┼───┼───┼───┤
	2  │   │   │   │   │   │   │   │   │
	   ├───┼───┼───┼───┼───┼───┼───┼───┤
	1  │   │   │   │   │   │   │   │   │
	   └───┴───┴───┴───┴───┴───┴───┴───┘
	     a   b   c   d   e   f   g   h  


[34m[1mAux blancs de jouer.
[37m[1m🕹️  Entrez votre coup: [33m[0m
✅ Mouvement h3h2 effectué.
[0m
[37m[1m	     a   b   c   d   e   f   g   h  
	   ┌───┬───┬───┬───┬───┬───┬───┬───┐
	8  │   │   │   │ ♜ │   │   │   │   │
	   ├───┼───┼───┼───┼───┼───┼───┼───┤
	7  │   │   │   │ ♜ │   │ ♟ │ ♟ │ ♚ │
	   ├───┼───┼───┼───┼───┼───┼───┼───┤
	6  │ ♟ │   │   │ ♛ │   │   │   │ ♟ │
	   ├───┼───┼───┼───┼───┼───┼───┼───┤
	5  │ ♙ │   │ ♖ │ ♟ │ ♖ │ ♙ │   │ ♙ │
	   ├───┼───┼───┼───┼───┼───┼───┼───┤
	4  │   │   │   │ ♙ │   │   │   │   │
	   ├───┼───┼───┼───┼───┼───┼───┼───┤
	3  │   │ ♕ │   │   │   │ ♙ │ ♙ │   │
	   ├───┼───┼───┼───┼───┼───┼───┼───┤
	2  │   │   │   │   │   │   │   │ ♔ │
	   ├───┼───┼───┼───┼───┼───┼───┼───┤
	1  │   │   │   │   │   │   │   │   │
	   └───┴───┴───┴───┴───┴───┴───┴───┘
	     a   b   c   d   e   f   g   h  


[34m[1mAux noirs de jouer.
[37m[1m🕹️  Entrez votre coup: [33m[0m
✅ Mouvement h7g8 effectué.
[0m
[37m[1m	     a   b   c   d   e   f   g   h  
	   ┌───┬───┬───┬───┬───┬───┬───┬───┐
	8  │   │   │   │ ♜ │   │   │ ♚ │   │
	   ├───┼───┼───┼───┼───┼───┼───┼───┤
	7  │   │   │   │ ♜ │   │ ♟ │ ♟ │   │
	   ├───┼───┼───┼───┼───┼───┼───┼───┤
	6  │ ♟ │   │   │ ♛ │   │   │   │ ♟ │
	   ├───┼───┼───┼───┼───┼───┼───┼───┤
	5  │ ♙ │   │ ♖ │ ♟ │ ♖ │ ♙ │   │ ♙ │
	   ├───┼───┼───┼───┼───┼───┼───┼───┤
	4  │   │   │   │ ♙ │   │   │   │   │
	   ├───┼───┼───┼───┼───┼───┼───┼───┤
	3  │   │ ♕ │   │   │   │ ♙ │ ♙ │   │
	   ├───┼───┼───┼───┼───┼───┼───┼───┤
	2  │   │   │   │   │   │   │   │ ♔ │
	   ├───┼───┼───┼───┼───┼───┼───┼───┤
	1  │   │   │   │   │   │   │   │   │
	   └───┴───┴───┴───┴───┴───┴───┴───┘
	     a   b   c   d   e   f   g   h  


[34m[1mAux blancs de jouer.
[37m[1m🕹️  Entrez votre coup: [33m[0m
✅ Mouvement h2h3 effectué.
[0m
[37m[1m	     a   b   c   d   e   f   g   h  
	   ┌───┬───┬───┬───┬───┬───┬───┬───┐
	8  │   │   │   │ ♜ │   │   │ ♚ │   │
	   ├───┼───┼───┼───┼───┼───┼───┼───┤
	7  │   │   │   │ ♜ │   │ ♟ │ ♟ │   │
	   ├───┼───┼───┼───┼───┼───┼───┼───┤
	6  │ ♟ │   │   │ ♛ │   │   │   │ ♟ │
	   ├───┼───┼───┼───┼───┼───┼───┼───┤
	5  │ ♙ │   │ ♖ │ ♟ │ ♖ │ ♙ │   │ ♙ │
	   ├───┼───┼───┼───┼───┼───┼───┼───┤
	4  │   │   │   │ ♙ │   │   │   │   │
	   ├───┼───┼───┼───┼───┼───┼───┼───┤
	3  │   │ ♕ │   │   │   │ ♙ │ ♙ │ ♔ │
	   ├───┼───┼───┼───┼───┼───┼───┼───┤
	2  │   │   │   │   │   │   │   │   │
	   ├───┼───┼───┼───┼───┼───┼───┼───┤
	1  │   │   │   │   │   │   │   │   │
	   └───┴───┴───┴───┴───┴───┴───┴───┘
	     a   b   c   d   e   f   g   h  


[34m[1mAux noirs de jouer.
[37m[1m🕹️  Entrez votre coup: [33m[0m
✅ Mouvement d6f6 effectué.
[0m
[37m[1m	     a   b   c   d   e   f   g   h  
	   ┌───┬───┬───┬───┬───┬───┬───┬───┐
	8  │   │   │   │ ♜ │   │   │ ♚ │   │
	   ├───┼───┼───┼───┼───┼───┼───┼───┤
	7  │   │   │   │ ♜ │   │ ♟ │ ♟ │   │
	   ├───┼───┼───┼───┼───┼───┼───┼───┤
	6  │ ♟ │   │   │   │   │ ♛ │   │ ♟ │
	   ├───┼───┼───┼───┼───┼───┼───┼───┤
	5  │ ♙ │   │ ♖ │ ♟ │ ♖ │ ♙ │   │ ♙ │
	   ├───┼───┼───┼───┼───┼───┼───┼───┤
	4  │   │   │   │ ♙ │   │   │   │   │
	   ├───┼───┼───┼───┼───┼───┼───┼───┤
	3  │   │ ♕ │   │   │   │ ♙ │ ♙ │ ♔ │
	   ├───┼───┼───┼───┼───┼───┼───┼───┤
	2  │   │   │   │   │   │   │   │   │
	   ├───┼───┼───┼───┼───┼───┼───┼───┤
	1  │   │   │   │   │   │   │   │   │
	   └───┴───┴───┴───┴───┴───┴───┴───┘
	     a   b   c   d   e   f   g   h  


[34m[1mAux blancs de jouer.
[37m[1m🕹️  Entrez votre coup: [33m[0m
✅ Mouvement c5d5 effectué.
[0m
[37m[1m	     a   b   c   d   e   f   g   h  
	   ┌───┬───┬───┬───┬───┬───┬───┬───┐
	8  │   │   │   │ ♜ │   │   │ ♚ │   │
	   ├───┼───┼───┼───┼───┼───┼───┼───┤
	7  │   │   │   │ ♜ │   │ ♟ │ ♟ │   │
	   ├───┼───┼───┼───┼───┼───┼───┼───┤
	6  │ ♟ │   │   │   │   │ ♛ │   │ ♟ │
	   ├───┼───┼───┼───┼───┼───┼───┼───┤
	5  │ ♙ │   │   │ ♖ │ ♖ │ ♙ │   │ ♙ │
	   ├───┼───┼───┼───┼───┼───┼───┼───┤
	4  │   │   │   │ ♙ │   │   │   │   │
	   ├───┼───┼───┼───┼───┼───┼───┼───┤
	3  │   │ ♕ │   │   │   │ ♙ │ ♙ │ ♔ │
	   ├───┼───┼───┼───┼───┼───┼───┼───┤
	2  │   │   │   │   │   │   │   │   │
	   ├───┼───┼───┼───┼───┼───┼───┼───┤
	1  │   │   │   │   │   │   │   │   │
	   └───┴───┴───┴───┴───┴───┴───┴───┘
	     a   b   c   d   e   f   g   h  


[34m[1mAux noirs de jouer.
[37m[1m🕹️  Entrez votre coup: [33m[0m
✅ Mouvement f6c6 effectué.
[0m
[37m[1m	     a   b   c   d   e   f   g   h  
	   ┌───┬───┬───┬───┬───┬───┬───┬───┐
	8  │   │   │   │ ♜ │   │   │ ♚ │   │
	   ├───┼───┼───┼───┼───┼───┼───┼───┤
	7  │   │   │   │ ♜ │   │ ♟ │ ♟ │   │
	   ├───┼───┼───┼───┼───┼───┼───┼───┤
	6  │ ♟ │   │ ♛ │   │   │   │   │ ♟ │
	   ├───┼───┼───┼───┼───┼───┼───┼───┤
	5  │ ♙ │   │   │ ♖ │ ♖ │ ♙ │   │ ♙ │
	   ├───┼───┼───┼───┼───┼───┼───┼───┤
	4  │   │   │   │ ♙ │   │   │   │   │
	   ├───┼───┼───┼───┼───┼───┼───┼───┤
	3  │   │ ♕ │   │   │   │ ♙ │ ♙ │ ♔ │
	   ├───┼───┼───┼───┼───┼───┼───┼───┤
	2  │   │   │   │   │   │   │   │   │
	   ├───┼───┼───┼───┼───┼───┼───┼───┤
	1  │   │   │   │   │   │   │   │   │
	   └───┴───┴───┴───┴───┴───┴───┴───┘
	     a   b   c   d   e   f   g   h  


[34m[1mAux blancs de jouer.
[37m[1m🕹️  Entrez votre coup: [33m[0m
✅ Mouvement d5d7 effectué.
[0m
[37m[1m	     a   b   c   d   e   f   g   h  
	   ┌───┬───┬───┬───┬───┬───┬───┬───┐
	8  │   │   │   │ ♜ │   │   │ ♚ │   │
	   ├───┼───┼───┼───┼───┼───┼───┼───┤
	7  │   │   │   │ ♖ │   │ ♟ │ ♟ │   │
	   ├───┼───┼───┼───┼───┼───┼───┼───┤
	6  │ ♟ │   │ ♛ │   │   │   │   │ ♟ │
	   ├───┼───┼───┼───┼───┼───┼───┼───┤
	5  │ ♙ │   │   │   │ ♖ │ ♙ │   │ ♙ │
	   ├───┼───┼───┼───┼───┼───┼───┼───┤
	4  │   │   │   │ ♙ │   │   │   │   │
	   ├───┼───┼───┼───┼───┼───┼───┼───┤
	3  │   │ ♕ │   │   │   │ ♙ │ ♙ │ ♔ │
	   ├───┼───┼───┼───┼───┼───┼───┼───┤
	2  │   │   │   │   │   │   │   │   │
	   ├───┼───┼───┼───┼───┼───┼───┼───┤
	1  │   │   │   │   │   │   │   │   │
	   └───┴───┴───┴───┴───┴───┴───┴───┘
	     a   b   c   d   e   f   g   h  


[34m[1mAux noirs de jouer.
[37m[1m🕹️  Entrez votre coup: [33m[0m
✅ Mouvement c6d7 effectué.
[0m
[37m[1m	     a   b   c   d   e   f   g   h  
	   ┌───┬───┬───┬───┬───┬───┬───┬───┐
	8  │   │   │   │ ♜ │   │   │ ♚ │   │
	   ├───┼───┼───┼───┼───┼───┼───┼───┤
	7  │   │   │   │ ♛ │   │ ♟ │ ♟ │   │
	   ├───┼───┼───┼───┼───┼───┼───┼───┤
	6  │ ♟ │   │   │   │   │   │   │ ♟ │
	   ├───┼───┼───┼───┼───┼───┼───┼───┤
	5  │ ♙ │   │   │   │ ♖ │ ♙ │   │ ♙ │
	   ├───┼───┼───┼───┼───┼───┼───┼───┤
	4  │   │   │   │ ♙ │   │   │   │   │
	   ├───┼───┼───┼───┼───┼───┼───┼───┤
	3  │   │ ♕ │   │   │   │ ♙ │ ♙ │ ♔ │
	   ├───┼───┼───┼───┼───┼───┼───┼───┤
	2  │   │   │   │   │   │   │   │   │
	   ├───┼───┼───┼───┼───┼───┼───┼───┤
	1  │   │   │   │   │   │   │   │   │
	   └───┴───┴───┴───┴───┴───┴───┴───┘
	     a   b   c   d   e   f   g   h  


[34m[1mAux blancs de jouer.
[37m[1m🕹️  Entrez votre coup: [33m[0m
✅ Mouvement b3b6 effectué.
[0m
[37m[1m	     a   b   c   d   e   f   g   h  
	   ┌───┬───┬───┬───┬───┬───┬───┬───┐
	8  │   │   │   │ ♜ │   │   │ ♚ │   │
	   ├───┼───┼───┼───┼───┼───┼───┼───┤
	7  │   │   │   │ ♛ │   │ ♟ │ ♟ │   │
	   ├───┼───┼───┼───┼───┼───┼───┼───┤
	6  │ ♟ │ ♕ │   │   │   │   │   │ ♟ │
	   ├───┼───┼───┼───┼───┼───┼───┼───┤
	5  │ ♙ │   │   │   │ ♖ │ ♙ │   │ ♙ │
	   ├───┼───┼───┼───┼───┼───┼───┼───┤
	4  │   │   │   │ ♙ │   │   │   │   │
	   ├───┼───┼───┼───┼───┼───┼───┼───┤
	3  │   │   │   │   │   │ ♙ │ ♙ │ ♔ │
	   ├───┼───┼───┼───┼───┼───┼───┼───┤
	2  │   │   │   │   │   │   │   │   │
	   ├───┼───┼───┼───┼───┼───┼───┼───┤
	1  │   │   │   │   │   │   │   │   │
	   └───┴───┴───┴───┴───┴───┴───┴───┘
	     a   b   c   d   e   f   g   h  


[34m[1mAux noirs de jouer.
[37m[1m🕹️  Entrez votre coup: [33m[0m
✅ Mouvement g8h7 effectué.
[0m
[37m[1m	     a   b   c   d   e   f   g   h  
	   ┌───┬───┬───┬───┬───┬───┬───┬───┐
	8  │   │   │   │ ♜ │   │   │   │   │
	   ├───┼───┼───┼───┼───┼───┼───┼───┤
	7  │   │   │   │ ♛ │   │ ♟ │ ♟ │ ♚ │
	   ├───┼───┼───┼───┼───┼───┼───┼───┤
	6  │ ♟ │ ♕ │   │   │   │   │   │ ♟ │
	   ├───┼───┼───┼───┼───┼───┼───┼───┤
	5  │ ♙ │   │   │   │ ♖ │ ♙ │   │ ♙ │
	   ├───┼───┼───┼───┼───┼───┼───┼───┤
	4  │   │   │   │ ♙ │   │   │   │   │
	   ├───┼───┼───┼───┼───┼───┼───┼───┤
	3  │   │   │   │   │   │ ♙ │ ♙ │ ♔ │
	   ├───┼───┼───┼───┼───┼───┼───┼───┤
	2  │   │   │   │   │   │   │   │   │
	   ├───┼───┼───┼───┼───┼───┼───┼───┤
	1  │   │   │   │   │   │   │   │   │
	   └───┴───┴───┴───┴───┴───┴───┴───┘
	     a   b   c   d   e   f   g   h  


[34m[1mAux blancs de jouer.
[37m[1m🕹️  Entrez votre coup: [33m[0m
✅ Mouvement g3g4 effectué.
[0m
[37m[1m	     a   b   c   d   e   f   g   h  
	   ┌───┬───┬───┬───┬───┬───┬───┬───┐
	8  │   │   │   │ ♜ │   │   │   │   │
	   ├───┼───┼───┼───┼───┼───┼───┼───┤
	7  │   │   │   │ ♛ │   │ ♟ │ ♟ │ ♚ │
	   ├───┼───┼───┼───┼───┼───┼───┼───┤
	6  │ ♟ │ ♕ │   │   │   │   │   │ ♟ │
	   ├───┼───┼───┼───┼───┼───┼───┼───┤
	5  │ ♙ │   │   │   │ ♖ │ ♙ │   │ ♙ │
	   ├───┼───┼───┼───┼───┼───┼───┼───┤
	4  │   │   │   │ ♙ │   │   │ ♙ │   │
	   ├───┼───┼───┼───┼───┼───┼───┼───┤
	3  │   │   │   │   │   │ ♙ │   │ ♔ │
	   ├───┼───┼───┼───┼───┼───┼───┼───┤
	2  │   │   │   │   │   │   │   │   │
	   ├───┼───┼───┼───┼───┼───┼───┼───┤
	1  │   │   │   │   │   │   │   │   │
	   └───┴───┴───┴───┴───┴───┴───┴───┘
	     a   b   c   d   e   f   g   h  


[34m[1mAux noirs de jouer.
[37m[1m🕹️  Entrez votre coup: [33m[0m
✅ Mouvement f7f6 effectué.
[0m
[37m[1m	     a   b   c   d   e   f   g   h  
	   ┌───┬───┬───┬───┬───┬───┬───┬───┐
	8  │   │   │   │ ♜ │   │   │   │   │
	   ├───┼───┼───┼───┼───┼───┼───┼───┤
	7  │   │   │   │ ♛ │   │   │ ♟ │ ♚ │
	   ├───┼───┼───┼───┼───┼───┼───┼───┤
	6  │ ♟ │ ♕ │   │   │   │ ♟ │   │ ♟ │
	   ├───┼───┼───┼───┼───┼───┼───┼───┤
	5  │ ♙ │   │   │   │ ♖ │ ♙ │   │ ♙ │
	   ├───┼───┼───┼───┼───┼───┼───┼───┤
	4  │   │   │   │ ♙ │   │   │ ♙ │   │
	   ├───┼───┼───┼───┼───┼───┼───┼───┤
	3  │   │   │   │   │   │ ♙ │   │ ♔ │
	   ├───┼───┼───┼───┼───┼───┼───┼───┤
	2  │   │   │   │   │   │   │   │   │
	   ├───┼───┼───┼───┼───┼───┼───┼───┤
	1  │   │   │   │   │   │   │   │   │
	   └───┴───┴───┴───┴───┴───┴───┴───┘
	     a   b   c   d   e   f   g   h  


[34m[1mAux blancs de jouer.
[37m[1m🕹️  Entrez votre coup: [33m[0m
✅ Mouvement e5e4 effectué.
[0m
[37m[1m	     a   b   c   d   e   f   g   h  
	   ┌───┬───┬───┬───┬───┬───┬───┬───┐
	8  │   │   │   │ ♜ │   │   │   │   │
	   ├───┼───┼───┼───┼───┼───┼───┼───┤
	7  │   │   │   │ ♛ │   │   │ ♟ │ ♚ │
	   ├───┼───┼───┼───┼───┼───┼───┼───┤
	6  │ ♟ │ ♕ │   │   │   │ ♟ │   │ ♟ │
	   ├───┼───┼───┼───┼───┼───┼───┼───┤
	5  │ ♙ │   │   │   │   │ ♙ │   │ ♙ │
	   ├───┼───┼───┼───┼───┼───┼───┼───┤
	4  │   │   │   │ ♙ │ ♖ │   │ ♙ │   │
	   ├───┼───┼───┼───┼───┼───┼───┼───┤
	3  │   │   │   │   │   │ ♙ │   │ ♔ │
	   ├───┼───┼───┼───┼───┼───┼───┼───┤
	2  │   │   │   │   │   │   │   │   │
	   ├───┼───┼───┼───┼───┼───┼───┼───┤
	1  │   │   │   │   │   │   │   │   │
	   └───┴───┴───┴───┴───┴───┴───┴───┘
	     a   b   c   d   e   f   g   h  


[34m[1mAux noirs de jouer.
[37m[1m🕹️  Entrez votre coup: [33m[0m
✅ Mouvement d7c8 effectué.
[0m
[37m[1m	     a   b   c   d   e   f   g   h  
	   ┌───┬───┬───┬───┬───┬───┬───┬───┐
	8  │   │   │ ♛ │ ♜ │   │   │   │   │
	   ├───┼───┼───┼───┼───┼───┼───┼───┤
	7  │   │   │   │   │   │   │ ♟ │ ♚ │
	   ├───┼───┼───┼───┼───┼───┼───┼───┤
	6  │ ♟ │ ♕ │   │   │   │ ♟ │   │ ♟ │
	   ├───┼───┼───┼───┼───┼───┼───┼───┤
	5  │ ♙ │   │   │   │   │ ♙ │   │ ♙ │
	   ├───┼───┼───┼───┼───┼───┼───┼───┤
	4  │   │   │   │ ♙ │ ♖ │   │ ♙ │   │
	   ├───┼───┼───┼───┼───┼───┼───┼───┤
	3  │   │   │   │   │   │ ♙ │   │ ♔ │
	   ├───┼───┼───┼───┼───┼───┼───┼───┤
	2  │   │   │   │   │   │   │   │   │
	   ├───┼───┼───┼───┼───┼───┼───┼───┤
	1  │   │   │   │   │   │   │   │   │
	   └───┴───┴───┴───┴───┴───┴───┴───┘
	     a   b   c   d   e   f   g   h  


[34m[1mAux blancs de jouer.
[37m[1m🕹️  Entrez votre coup: [33m[0m
✅ Mouvement e4e7 effectué.
[0m
[37m[1m	     a   b   c   d   e   f   g   h  
	   ┌───┬───┬───┬───┬───┬───┬───┬───┐
	8  │   │   │ ♛ │ ♜ │   │   │   │   │
	   ├───┼───┼───┼───┼───┼───┼───┼───┤
	7  │   │   │   │   │ ♖ │   │ ♟ │ ♚ │
	   ├───┼───┼───┼───┼───┼───┼───┼───┤
	6  │ ♟ │ ♕ │   │   │   │ ♟ │   │ ♟ │
	   ├───┼───┼───┼───┼───┼───┼───┼───┤
	5  │ ♙ │   │   │   │   │ ♙ │   │ ♙ │
	   ├───┼───┼───┼───┼───┼───┼───┼───┤
	4  │   │   │   │ ♙ │   │   │ ♙ │   │
	   ├───┼───┼───┼───┼───┼───┼───┼───┤
	3  │   │   │   │   │   │ ♙ │   │ ♔ │
	   ├───┼───┼───┼───┼───┼───┼───┼───┤
	2  │   │   │   │   │   │   │   │   │
	   ├───┼───┼───┼───┼───┼───┼───┼───┤
	1  │   │   │   │   │   │   │   │   │
	   └───┴───┴───┴───┴───┴───┴───┴───┘
	     a   b   c   d   e   f   g   h  


[34m[1mAux noirs de jouer.
[37m[1m🕹️  Entrez votre coup: [33m[0m
✅ Mouvement c8b8 effectué.
[0m
[37m[1m	     a   b   c   d   e   f   g   h  
	   ┌───┬───┬───┬───┬───┬───┬───┬───┐
	8  │   │ ♛ │   │ ♜ │   │   │   │   │
	   ├───┼───┼───┼───┼───┼───┼───┼───┤
	7  │   │   │   │   │ ♖ │   │ ♟ │ ♚ │
	   ├───┼───┼───┼───┼───┼───┼───┼───┤
	6  │ ♟ │ ♕ │   │   │   │ ♟ │   │ ♟ │
	   ├───┼───┼───┼───┼───┼───┼───┼───┤
	5  │ ♙ │   │   │   │   │ ♙ │   │ ♙ │
	   ├───┼───┼───┼───┼───┼───┼───┼───┤
	4  │   │   │   │ ♙ │   │   │ ♙ │   │
	   ├───┼───┼───┼───┼───┼───┼───┼───┤
	3  │   │   │   │   │   │ ♙ │   │ ♔ │
	   ├───┼───┼───┼───┼───┼───┼───┼───┤
	2  │   │   │   │   │   │   │   │   │
	   ├───┼───┼───┼───┼───┼───┼───┼───┤
	1  │   │   │   │   │   │   │   │   │
	   └───┴───┴───┴───┴───┴───┴───┴───┘
	     a   b   c   d   e   f   g   h  


[34m[1mAux blancs de jouer.
[37m[1m🕹️  Entrez votre coup: [33m[0m
✅ Mouvement b6b8 effectué.
[0m
[37m[1m	     a   b   c   d   e   f   g   h  
	   ┌───┬───┬───┬───┬───┬───┬───┬───┐
	8  │   │ ♕ │   │ ♜ │   │   │   │   │
	   ├───┼───┼───┼───┼───┼───┼───┼───┤
	7  │   │   │   │   │ ♖ │   │ ♟ │ ♚ │
	   ├───┼───┼───┼───┼───┼───┼───┼───┤
	6  │ ♟ │   │   │   │   │ ♟ │   │ ♟ │
	   ├───┼───┼───┼───┼───┼───┼───┼───┤
	5  │ ♙ │   │   │   │   │ ♙ │   │ ♙ │
	   ├───┼───┼───┼───┼───┼───┼───┼───┤
	4  │   │   │   │ ♙ │   │   │ ♙ │   │
	   ├───┼───┼───┼───┼───┼───┼───┼───┤
	3  │   │   │   │   │   │ ♙ │   │ ♔ │
	   ├───┼───┼───┼───┼───┼───┼───┼───┤
	2  │   │   │   │   │   │   │   │   │
	   ├───┼───┼───┼───┼───┼───┼───┼───┤
	1  │   │   │   │   │   │   │   │   │
	   └───┴───┴───┴───┴───┴───┴───┴───┘
	     a   b   c   d   e   f   g   h  


[34m[1mAux noirs de jouer.
[37m[1m🕹️  Entrez votre coup: [33m[0m
✅ Mouvement d8d7 effectué.
[0m
[37m[1m	     a   b   c   d   e   f   g   h  
	   ┌───┬───┬───┬───┬───┬───┬───┬───┐
	8  │   │ ♕ │   │   │   │   │   │   │
	   ├───┼───┼───┼───┼───┼───┼───┼───┤
	7  │   │   │   │ ♜ │ ♖ │   │ ♟ │ ♚ │
	   ├───┼───┼───┼───┼───┼───┼───┼───┤
	6  │ ♟ │   │   │   │   │ ♟ │   │ ♟ │
	   ├───┼───┼───┼───┼───┼───┼───┼───┤
	5  │ ♙ │   │   │   │   │ ♙ │   │ ♙ │
	   ├───┼───┼───┼───┼───┼───┼───┼───┤
	4  │   │   │   │ ♙ │   │   │ ♙ │   │
	   ├───┼───┼───┼───┼───┼───┼───┼───┤
	3  │   │   │   │   │   │ ♙ │   │ ♔ │
	   ├───┼───┼───┼───┼───┼───┼───┼───┤
	2  │   │   │   │   │   │   │   │   │
	   ├───┼───┼───┼───┼───┼───┼───┼───┤
	1  │   │   │   │   │   │   │   │   │
	   └───┴───┴───┴───┴───┴───┴───┴───┘
	     a   b   c   d   e   f   g   h  


[34m[1mAux blancs de jouer.
[37m[1m🕹️  Entrez votre coup: [33m[0m
✅ Mouvement e7d7 effectué.
[0m[34m[1m💤 Pat.
[0m
[37m[1m🏁 Fin de la partie.

🤝 Match nul.

[1m[37m

		┌───────────────────┐
		│ 🚪 Quitter le jeu │
		└───────────────────┘

[0m[1m	👋 Merci d'avoir joué, à bientôt !

,,,,,,,,,,,,,,,,,,,,,wP,,wK,,,,wP,,,wP,,wP,,,,,wP,,wP,bP,,,,,bP,,bP,,,,wR,,,bP,bK,,wQ,,,,,,, 1/2-1/2
  -> [0;32mreference position: OK[0m
  -> [0;32mreference result: OK[0m
  -> [0m(exit code=0)
